Archive member included because of file (symbol)

/OPT/altera/12.1/nios2eds/bin/gnu/H-i686-pc-linux-gnu/bin/../lib/gcc/nios2-elf/4.1.2/../../../../nios2-elf/lib/mno-hw-mul/libc.a(lib_a-puts.o)
                              obj/default/hello_ucosii.o (puts)
/OPT/altera/12.1/nios2eds/bin/gnu/H-i686-pc-linux-gnu/bin/../lib/gcc/nios2-elf/4.1.2/../../../../nios2-elf/lib/mno-hw-mul/libc.a(lib_a-strlen.o)
                              /OPT/altera/12.1/nios2eds/bin/gnu/H-i686-pc-linux-gnu/bin/../lib/gcc/nios2-elf/4.1.2/../../../../nios2-elf/lib/mno-hw-mul/libc.a(lib_a-puts.o) (strlen)
/OPT/altera/12.1/nios2eds/bin/gnu/H-i686-pc-linux-gnu/bin/../lib/gcc/nios2-elf/4.1.2/../../../../nios2-elf/lib/mno-hw-mul/libc.a(lib_a-fvwrite.o)
                              /OPT/altera/12.1/nios2eds/bin/gnu/H-i686-pc-linux-gnu/bin/../lib/gcc/nios2-elf/4.1.2/../../../../nios2-elf/lib/mno-hw-mul/libc.a(lib_a-puts.o) (__sfvwrite_r)
/OPT/altera/12.1/nios2eds/bin/gnu/H-i686-pc-linux-gnu/bin/../lib/gcc/nios2-elf/4.1.2/../../../../nios2-elf/lib/mno-hw-mul/libc.a(lib_a-impure.o)
                              /OPT/altera/12.1/nios2eds/bin/gnu/H-i686-pc-linux-gnu/bin/../lib/gcc/nios2-elf/4.1.2/../../../../nios2-elf/lib/mno-hw-mul/libc.a(lib_a-puts.o) (_impure_ptr)
/OPT/altera/12.1/nios2eds/bin/gnu/H-i686-pc-linux-gnu/bin/../lib/gcc/nios2-elf/4.1.2/../../../../nios2-elf/lib/mno-hw-mul/libc.a(lib_a-mallocr.o)
                              /OPT/altera/12.1/nios2eds/bin/gnu/H-i686-pc-linux-gnu/bin/../lib/gcc/nios2-elf/4.1.2/../../../../nios2-elf/lib/mno-hw-mul/libc.a(lib_a-fvwrite.o) (_malloc_r)
/OPT/altera/12.1/nios2eds/bin/gnu/H-i686-pc-linux-gnu/bin/../lib/gcc/nios2-elf/4.1.2/../../../../nios2-elf/lib/mno-hw-mul/libc.a(lib_a-memchr.o)
                              /OPT/altera/12.1/nios2eds/bin/gnu/H-i686-pc-linux-gnu/bin/../lib/gcc/nios2-elf/4.1.2/../../../../nios2-elf/lib/mno-hw-mul/libc.a(lib_a-fvwrite.o) (memchr)
/OPT/altera/12.1/nios2eds/bin/gnu/H-i686-pc-linux-gnu/bin/../lib/gcc/nios2-elf/4.1.2/../../../../nios2-elf/lib/mno-hw-mul/libc.a(lib_a-memcpy.o)
                              /OPT/altera/12.1/nios2eds/bin/gnu/H-i686-pc-linux-gnu/bin/../lib/gcc/nios2-elf/4.1.2/../../../../nios2-elf/lib/mno-hw-mul/libc.a(lib_a-fvwrite.o) (memcpy)
/OPT/altera/12.1/nios2eds/bin/gnu/H-i686-pc-linux-gnu/bin/../lib/gcc/nios2-elf/4.1.2/../../../../nios2-elf/lib/mno-hw-mul/libc.a(lib_a-memmove.o)
                              /OPT/altera/12.1/nios2eds/bin/gnu/H-i686-pc-linux-gnu/bin/../lib/gcc/nios2-elf/4.1.2/../../../../nios2-elf/lib/mno-hw-mul/libc.a(lib_a-fvwrite.o) (memmove)
/OPT/altera/12.1/nios2eds/bin/gnu/H-i686-pc-linux-gnu/bin/../lib/gcc/nios2-elf/4.1.2/../../../../nios2-elf/lib/mno-hw-mul/libc.a(lib_a-reallocr.o)
                              /OPT/altera/12.1/nios2eds/bin/gnu/H-i686-pc-linux-gnu/bin/../lib/gcc/nios2-elf/4.1.2/../../../../nios2-elf/lib/mno-hw-mul/libc.a(lib_a-fvwrite.o) (_realloc_r)
/OPT/altera/12.1/nios2eds/bin/gnu/H-i686-pc-linux-gnu/bin/../lib/gcc/nios2-elf/4.1.2/../../../../nios2-elf/lib/mno-hw-mul/libc.a(lib_a-sbrkr.o)
                              /OPT/altera/12.1/nios2eds/bin/gnu/H-i686-pc-linux-gnu/bin/../lib/gcc/nios2-elf/4.1.2/../../../../nios2-elf/lib/mno-hw-mul/libc.a(lib_a-mallocr.o) (_sbrk_r)
/OPT/altera/12.1/nios2eds/bin/gnu/H-i686-pc-linux-gnu/bin/../lib/gcc/nios2-elf/4.1.2/../../../../nios2-elf/lib/mno-hw-mul/libc.a(lib_a-wsetup.o)
                              /OPT/altera/12.1/nios2eds/bin/gnu/H-i686-pc-linux-gnu/bin/../lib/gcc/nios2-elf/4.1.2/../../../../nios2-elf/lib/mno-hw-mul/libc.a(lib_a-fvwrite.o) (__swsetup_r)
/OPT/altera/12.1/nios2eds/bin/gnu/H-i686-pc-linux-gnu/bin/../lib/gcc/nios2-elf/4.1.2/../../../../nios2-elf/lib/mno-hw-mul/libc.a(lib_a-fflush.o)
                              /OPT/altera/12.1/nios2eds/bin/gnu/H-i686-pc-linux-gnu/bin/../lib/gcc/nios2-elf/4.1.2/../../../../nios2-elf/lib/mno-hw-mul/libc.a(lib_a-fvwrite.o) (_fflush_r)
/OPT/altera/12.1/nios2eds/bin/gnu/H-i686-pc-linux-gnu/bin/../lib/gcc/nios2-elf/4.1.2/../../../../nios2-elf/lib/mno-hw-mul/libc.a(lib_a-findfp.o)
                              /OPT/altera/12.1/nios2eds/bin/gnu/H-i686-pc-linux-gnu/bin/../lib/gcc/nios2-elf/4.1.2/../../../../nios2-elf/lib/mno-hw-mul/libc.a(lib_a-wsetup.o) (__sinit)
/OPT/altera/12.1/nios2eds/bin/gnu/H-i686-pc-linux-gnu/bin/../lib/gcc/nios2-elf/4.1.2/../../../../nios2-elf/lib/mno-hw-mul/libc.a(lib_a-freer.o)
                              /OPT/altera/12.1/nios2eds/bin/gnu/H-i686-pc-linux-gnu/bin/../lib/gcc/nios2-elf/4.1.2/../../../../nios2-elf/lib/mno-hw-mul/libc.a(lib_a-fvwrite.o) (_free_r)
/OPT/altera/12.1/nios2eds/bin/gnu/H-i686-pc-linux-gnu/bin/../lib/gcc/nios2-elf/4.1.2/../../../../nios2-elf/lib/mno-hw-mul/libc.a(lib_a-fwalk.o)
                              /OPT/altera/12.1/nios2eds/bin/gnu/H-i686-pc-linux-gnu/bin/../lib/gcc/nios2-elf/4.1.2/../../../../nios2-elf/lib/mno-hw-mul/libc.a(lib_a-fflush.o) (_fwalk_reent)
[...]
Memory Configuration

Name             Origin             Length             Attributes
sdram_0          0x00800000         0x00800000
sram_0           0x01080000         0x00080000
reset            0x01104000         0x00000020
onchip_memory2_0 0x01104020         0x00003fe0
*default*        0x00000000         0xffffffff

Linker script and memory map

LOAD ../servo_bsp//obj/HAL/src/crt0.o
LOAD obj/default/hello_ucosii.o
LOAD /OPT/altera/12.1/nios2eds/bin/gnu/H-i686-pc-linux-gnu/bin/../lib/gcc/nios2-elf/4.1.2/../../../../nios2-elf/lib/mno-hw-mul/libstdc++.a
LOAD /OPT/altera/12.1/nios2eds/bin/gnu/H-i686-pc-linux-gnu/bin/../lib/gcc/nios2-elf/4.1.2/../../../../nios2-elf/lib/mno-hw-mul/libm.a
LOAD /OPT/altera/12.1/nios2eds/bin/gnu/H-i686-pc-linux-gnu/bin/../lib/gcc/nios2-elf/4.1.2/mno-hw-mul/libgcc.a
START GROUP
LOAD /OPT/altera/12.1/nios2eds/bin/gnu/H-i686-pc-linux-gnu/bin/../lib/gcc/nios2-elf/4.1.2/../../../../nios2-elf/lib/mno-hw-mul/libc.a
LOAD /OPT/altera/12.1/nios2eds/bin/gnu/H-i686-pc-linux-gnu/bin/../lib/gcc/nios2-elf/4.1.2/mno-hw-mul/libgcc.a
LOAD ../servo_bsp//libucosii_bsp.a
END GROUP
LOAD /OPT/altera/12.1/nios2eds/bin/gnu/H-i686-pc-linux-gnu/bin/../lib/gcc/nios2-elf/4.1.2/mno-hw-mul/libgcc.a
                0x00800000                __alt_mem_sdram_0 = 0x800000
                0x01080000                __alt_mem_sram_0 = 0x1080000
                0x01104000                __alt_mem_onchip_memory2_0 = 0x1104000

.entry          0x01104000       0x20
 *(.entry)
 .entry         0x01104000       0x20 ../servo_bsp//obj/HAL/src/crt0.o
                0x01104000                __reset

.exceptions     0x01104020      0x19c load address 0x00800000
                0x01104020                PROVIDE (__ram_exceptions_start, ABSOLUTE (.))
                0x01104020                . = ALIGN (0x20)
 *(.irq)
 *(.exceptions.entry.label)
 .exceptions.entry.label
                0x01104020        0x0 ../servo_bsp//libucosii_bsp.a(alt_irq_entry.o)
                0x01104020                alt_irq_entry
 .exceptions.entry.label
                0x01104020        0x0 ../servo_bsp//libucosii_bsp.a(alt_exception_entry.o)
                0x01104020                alt_exception
 *(.exceptions.entry.user)
 *(.exceptions.entry)
 .exceptions.entry
                0x01104020       0x54 ../servo_bsp//libucosii_bsp.a(alt_exception_entry.o)
 *(.exceptions.irqtest.user)
 *(.exceptions.irqtest)
 .exceptions.irqtest
                0x01104074       0x10 ../servo_bsp//libucosii_bsp.a(alt_irq_entry.o)
 *(.exceptions.irqhandler.user)
 *(.exceptions.irqhandler)
 .exceptions.irqhandler
                0x01104084        0x4 ../servo_bsp//libucosii_bsp.a(alt_irq_entry.o)
 *(.exceptions.irqreturn.user)
 *(.exceptions.irqreturn)
 .exceptions.irqreturn
                0x01104088        0x4 ../servo_bsp//libucosii_bsp.a(alt_irq_entry.o)
 *(.exceptions.notirq.label)
 .exceptions.notirq.label
                0x0110408c        0x0 ../servo_bsp//libucosii_bsp.a(alt_irq_entry.o)
 *(.exceptions.notirq.user)
 *(.exceptions.notirq)
 .exceptions.notirq
                0x0110408c        0x8 ../servo_bsp//libucosii_bsp.a(alt_exception_entry.o)
 *(.exceptions.soft.user)
 *(.exceptions.soft)
 *(.exceptions.unknown.user)
 *(.exceptions.unknown)
 .exceptions.unknown
                0x01104094        0x4 ../servo_bsp//libucosii_bsp.a(alt_exception_entry.o)
 *(.exceptions.exit.label)
 .exceptions.exit.label
                0x01104098        0x0 ../servo_bsp//libucosii_bsp.a(alt_irq_entry.o)
 .exceptions.exit.label
                0x01104098        0x0 ../servo_bsp//libucosii_bsp.a(alt_exception_entry.o)
 *(.exceptions.exit.user)
 *(.exceptions.exit)
 .exceptions.exit
                0x01104098       0x54 ../servo_bsp//libucosii_bsp.a(alt_exception_entry.o)
 *(.exceptions)
 .exceptions    0x011040ec       0xd0 ../servo_bsp//libucosii_bsp.a(alt_irq_handler.o)
                0x011040ec                alt_irq_handler
                0x011041bc                PROVIDE (__ram_exceptions_end, ABSOLUTE (.))
                0x00800000                PROVIDE (__flash_exceptions_start, LOADADDR (.exceptions))

.text           0x0080019c     0xebe8
                0x0080019c                PROVIDE (stext, ABSOLUTE (.))
 *(.interp)
 *(.hash)
 *(.dynsym)
 *(.dynstr)
 *(.gnu.version)
 *(.gnu.version_d)
 *(.gnu.version_r)
 *(.rel.init)
 *(.rela.init)
 *(.rel.text .rel.text.* .rel.gnu.linkonce.t.*)
 *(.rela.text .rela.text.* .rela.gnu.linkonce.t.*)
 *(.rel.fini)
 *(.rela.fini)
 *(.rel.rodata .rel.rodata.* .rel.gnu.linkonce.r.*)
 *(.rela.rodata .rela.rodata.* .rela.gnu.linkonce.r.*)
 *(.rel.data .rel.data.* .rel.gnu.linkonce.d.*)
 *(.rela.data .rela.data.* .rela.gnu.linkonce.d.*)
 *(.rel.tdata .rel.tdata.* .rel.gnu.linkonce.td.*)
 *(.rela.tdata .rela.tdata.* .rela.gnu.linkonce.td.*)
 *(.rel.tbss .rel.tbss.* .rel.gnu.linkonce.tb.*)
 *(.rela.tbss .rela.tbss.* .rela.gnu.linkonce.tb.*)
 *(.rel.ctors)
 *(.rela.ctors)
 *(.rel.dtors)
 *(.rela.dtors)
 *(.rel.got)
 *(.rela.got)
 *(.rel.sdata .rel.sdata.* .rel.gnu.linkonce.s.*)
 *(.rela.sdata .rela.sdata.* .rela.gnu.linkonce.s.*)
 *(.rel.sbss .rel.sbss.* .rel.gnu.linkonce.sb.*)
 *(.rela.sbss .rela.sbss.* .rela.gnu.linkonce.sb.*)
 *(.rel.sdata2 .rel.sdata2.* .rel.gnu.linkonce.s2.*)
 *(.rela.sdata2 .rela.sdata2.* .rela.gnu.linkonce.s2.*)
 *(.rel.sbss2 .rel.sbss2.* .rel.gnu.linkonce.sb2.*)
 *(.rela.sbss2 .rela.sbss2.* .rela.gnu.linkonce.sb2.*)
 *(.rel.bss .rel.bss.* .rel.gnu.linkonce.b.*)
 *(.rela.bss .rela.bss.* .rela.gnu.linkonce.b.*)
 *(.rel.plt)
 *(.rela.plt)
 *(.rel.dyn)
 *(.init)
 *(.plt)
 *(.text .stub .text.* .gnu.linkonce.t.*)
 .text          0x0080019c       0x3c ../servo_bsp//obj/HAL/src/crt0.o
                0x0080019c                _start
 .text          0x008001d8      0x398 obj/default/hello_ucosii.o
                0x008001d8                task1
                0x00800268                task2
                0x008002ec                task3
                0x0080037c                task4
                0x00800400                main
 .text          0x00800570       0xb4 /OPT/altera/12.1/nios2eds/bin/gnu/H-i686-pc-linux-gnu/bin/../lib/gcc/nios2-elf/4.1.2/../../../../nios2-elf/lib/mno-hw-mul/libc.a(lib_a-puts.o)
                0x00800570                _puts_r
                0x00800610                puts
 .text          0x00800624       0x74 /OPT/altera/12.1/nios2eds/bin/gnu/H-i686-pc-linux-gnu/bin/../lib/gcc/nios2-elf/4.1.2/../../../../nios2-elf/lib/mno-hw-mul/libc.a(lib_a-strlen.o)
                0x00800624                strlen
 .text          0x00800698      0x49c /OPT/altera/12.1/nios2eds/bin/gnu/H-i686-pc-linux-gnu/bin/../lib/gcc/nios2-elf/4.1.2/../../../../nios2-elf/lib/mno-hw-mul/libc.a(lib_a-fvwrite.o)
                0x00800698                __sfvwrite_r
 .text          0x00800b34        0x0 /OPT/altera/12.1/nios2eds/bin/gnu/H-i686-pc-linux-gnu/bin/../lib/gcc/nios2-elf/4.1.2/../../../../nios2-elf/lib/mno-hw-mul/libc.a(lib_a-impure.o)
 .text          0x00800b34      0x740 /OPT/altera/12.1/nios2eds/bin/gnu/H-i686-pc-linux-gnu/bin/../lib/gcc/nios2-elf/4.1.2/../../../../nios2-elf/lib/mno-hw-mul/libc.a(lib_a-mallocr.o)
                0x00800b34                _malloc_r
 .text          0x00801274       0xe4 /OPT/altera/12.1/nios2eds/bin/gnu/H-i686-pc-linux-gnu/bin/../lib/gcc/nios2-elf/4.1.2/../../../../nios2-elf/lib/mno-hw-mul/libc.a(lib_a-memchr.o)
                0x00801274                memchr
 .text          0x00801358       0xa0 /OPT/altera/12.1/nios2eds/bin/gnu/H-i686-pc-linux-gnu/bin/../lib/gcc/nios2-elf/4.1.2/../../../../nios2-elf/lib/mno-hw-mul/libc.a(lib_a-memcpy.o)
                0x00801358                memcpy
 .text          0x008013f8       0xe0 /OPT/altera/12.1/nios2eds/bin/gnu/H-i686-pc-linux-gnu/bin/../lib/gcc/nios2-elf/4.1.2/../../../../nios2-elf/lib/mno-hw-mul/libc.a(lib_a-memmove.o)
                0x008013f8                memmove
 .text          0x008014d8      0x5f4 /OPT/altera/12.1/nios2eds/bin/gnu/H-i686-pc-linux-gnu/bin/../lib/gcc/nios2-elf/4.1.2/../../../../nios2-elf/lib/mno-hw-mul/libc.a(lib_a-reallocr.o)
                0x008014d8                _realloc_r
 .text          0x00801acc       0x70 /OPT/altera/12.1/nios2eds/bin/gnu/H-i686-pc-linux-gnu/bin/../lib/gcc/nios2-elf/4.1.2/../../../../nios2-elf/lib/mno-hw-mul/libc.a(lib_a-sbrkr.o)
                0x00801acc                _sbrk_r
 .text          0x00801b3c      0x13c /OPT/altera/12.1/nios2eds/bin/gnu/H-i686-pc-linux-gnu/bin/../lib/gcc/nios2-elf/4.1.2/../../../../nios2-elf/lib/mno-hw-mul/libc.a(lib_a-wsetup.o)
                0x00801b3c                __swsetup_r
 .text          0x00801c78      0x230 /OPT/altera/12.1/nios2eds/bin/gnu/H-i686-pc-linux-gnu/bin/../lib/gcc/nios2-elf/4.1.2/../../../../nios2-elf/lib/mno-hw-mul/libc.a(lib_a-fflush.o)
                0x00801c78                _fflush_r
                0x00801e74                fflush
 .text          0x00801ea8      0x2f4 /OPT/altera/12.1/nios2eds/bin/gnu/H-i686-pc-linux-gnu/bin/../lib/gcc/nios2-elf/4.1.2/../../../../nios2-elf/lib/mno-hw-mul/libc.a(lib_a-findfp.o)
                0x00801f00                __sfp_lock_acquire
                0x00801f04                __sfp_lock_release
                0x00801f08                __sinit_lock_acquire
                0x00801f0c                __sinit_lock_release
                0x00801f10                __sinit
                0x00801fc4                __fp_unlock_all
                0x00801fdc                __fp_lock_all
                0x00801ff4                _cleanup_r
                0x00802000                _cleanup
                0x00802010                __sfmoreglue
                0x008020ac                __sfp
 .text          0x0080219c      0x440 /OPT/altera/12.1/nios2eds/bin/gnu/H-i686-pc-linux-gnu/bin/../lib/gcc/nios2-elf/4.1.2/../../../../nios2-elf/lib/mno-hw-mul/libc.a(lib_a-freer.o)
                0x0080219c                _malloc_trim_r
                0x008022c8                _free_r
 .text          0x008025dc      0x180 /OPT/altera/12.1/nios2eds/bin/gnu/H-i686-pc-linux-gnu/bin/../lib/gcc/nios2-elf/4.1.2/../../../../nios2-elf/lib/mno-hw-mul/libc.a(lib_a-fwalk.o)
                0x008025dc                _fwalk_reent
                0x008026a4                _fwalk
 .text          0x0080275c        0x0 /OPT/altera/12.1/nios2eds/bin/gnu/H-i686-pc-linux-gnu/bin/../lib/gcc/nios2-elf/4.1.2/../../../../nios2-elf/lib/mno-hw-mul/libc.a(lib_a-int_errno.o)
 .text          0x0080275c      0x194 /OPT/altera/12.1/nios2eds/bin/gnu/H-i686-pc-linux-gnu/bin/../lib/gcc/nios2-elf/4.1.2/../../../../nios2-elf/lib/mno-hw-mul/libc.a(lib_a-makebuf.o)
                0x0080275c                __smakebuf_r
 .text          0x008028f0       0x98 /OPT/altera/12.1/nios2eds/bin/gnu/H-i686-pc-linux-gnu/bin/../lib/gcc/nios2-elf/4.1.2/../../../../nios2-elf/lib/mno-hw-mul/libc.a(lib_a-memset.o)
                0x008028f0                memset
 .text          0x00802988      0x14c /OPT/altera/12.1/nios2eds/bin/gnu/H-i686-pc-linux-gnu/bin/../lib/gcc/nios2-elf/4.1.2/../../../../nios2-elf/lib/mno-hw-mul/libc.a(lib_a-stdio.o)
                0x00802988                __sclose
                0x00802990                __sseek
                0x008029f8                __swrite
                0x00802a74                __sread
 .text          0x00802ad4       0x78 /OPT/altera/12.1/nios2eds/bin/gnu/H-i686-pc-linux-gnu/bin/../lib/gcc/nios2-elf/4.1.2/../../../../nios2-elf/lib/mno-hw-mul/libc.a(lib_a-writer.o)
                0x00802ad4                _write_r
 .text          0x00802b4c       0x70 /OPT/altera/12.1/nios2eds/bin/gnu/H-i686-pc-linux-gnu/bin/../lib/gcc/nios2-elf/4.1.2/../../../../nios2-elf/lib/mno-hw-mul/libc.a(lib_a-closer.o)
                0x00802b4c                _close_r
 .text          0x00802bbc      0x124 /OPT/altera/12.1/nios2eds/bin/gnu/H-i686-pc-linux-gnu/bin/../lib/gcc/nios2-elf/4.1.2/../../../../nios2-elf/lib/mno-hw-mul/libc.a(lib_a-fclose.o)
                0x00802bbc                _fclose_r
                0x00802ccc                fclose
 .text          0x00802ce0       0x74 /OPT/altera/12.1/nios2eds/bin/gnu/H-i686-pc-linux-gnu/bin/../lib/gcc/nios2-elf/4.1.2/../../../../nios2-elf/lib/mno-hw-mul/libc.a(lib_a-fstatr.o)
                0x00802ce0                _fstat_r
 .text          0x00802d54       0x70 /OPT/altera/12.1/nios2eds/bin/gnu/H-i686-pc-linux-gnu/bin/../lib/gcc/nios2-elf/4.1.2/../../../../nios2-elf/lib/mno-hw-mul/libc.a(lib_a-isattyr.o)
                0x00802d54                _isatty_r
 .text          0x00802dc4       0x78 /OPT/altera/12.1/nios2eds/bin/gnu/H-i686-pc-linux-gnu/bin/../lib/gcc/nios2-elf/4.1.2/../../../../nios2-elf/lib/mno-hw-mul/libc.a(lib_a-lseekr.o)
                0x00802dc4                _lseek_r
 .text          0x00802e3c       0x78 /OPT/altera/12.1/nios2eds/bin/gnu/H-i686-pc-linux-gnu/bin/../lib/gcc/nios2-elf/4.1.2/../../../../nios2-elf/lib/mno-hw-mul/libc.a(lib_a-readr.o)
                0x00802e3c                _read_r
 .text          0x00802eb4       0x38 /OPT/altera/12.1/nios2eds/bin/gnu/H-i686-pc-linux-gnu/bin/../lib/gcc/nios2-elf/4.1.2/mno-hw-mul/libgcc.a(lib2-mul.o)
                0x00802eb4                __mulsi3
 .text          0x00802eec      0x160 ../servo_bsp//libucosii_bsp.a(alt_close.o)
                0x00802eec                close
 .text          0x0080304c       0x2c ../servo_bsp//libucosii_bsp.a(alt_dev.o)
 .text          0x00803078        0x0 ../servo_bsp//libucosii_bsp.a(alt_errno.o)
 .text          0x00803078      0x138 ../servo_bsp//libucosii_bsp.a(alt_fstat.o)
                0x00803078                fstat
 .text          0x008031b0      0x124 ../servo_bsp//libucosii_bsp.a(alt_isatty.o)
                0x008031b0                isatty
 .text          0x008032d4       0xec ../servo_bsp//libucosii_bsp.a(alt_load.o)
                0x008032d4                alt_load
 .text          0x008033c0      0x154 ../servo_bsp//libucosii_bsp.a(alt_lseek.o)
                0x008033c0                lseek
 .text          0x00803514       0xc8 ../servo_bsp//libucosii_bsp.a(alt_main.o)
                0x00803514                alt_main
 .text          0x008035dc      0x184 ../servo_bsp//libucosii_bsp.a(alt_read.o)
                0x008035dc                read
 .text          0x00803760       0x78 ../servo_bsp//libucosii_bsp.a(alt_release_fd.o)
                0x00803760                alt_release_fd
 .text          0x008037d8       0xbc ../servo_bsp//libucosii_bsp.a(alt_sbrk.o)
                0x008037d8                sbrk
 .text          0x00803894      0x184 ../servo_bsp//libucosii_bsp.a(alt_write.o)
                0x00803894                write
 .text          0x00803a18      0x108 ../servo_bsp//libucosii_bsp.a(alt_env_lock.o)
                0x00803a18                __env_lock
                0x00803ac4                __env_unlock
 .text          0x00803b20      0x1d8 ../servo_bsp//libucosii_bsp.a(alt_malloc_lock.o)
                0x00803b20                __malloc_lock
                0x00803c28                __malloc_unlock
 .text          0x00803cf8     0x2128 ../servo_bsp//libucosii_bsp.a(os_core.o)
                0x00803cf8                OSEventNameGet
                0x00803e28                OSEventNameSet
                0x00803f6c                OSEventPendMulti
                0x00804620                OSInit
                0x00804674                OSIntEnter
                0x008046f0                OSIntExit
                0x008047f0                OSSchedLock
                0x0080487c                OSSchedUnlock
                0x00804960                OSStart
                0x008049d0                OSStatInit
                0x00804a7c                OSTimeTick
                0x00804cbc                OSVersion
                0x00804cdc                OS_Dummy
                0x00804cf8                OS_EventTaskRdy
                0x00804e8c                OS_EventTaskWait
                0x00804f9c                OS_EventTaskWaitMulti
                0x008050f0                OS_EventTaskRemove
                0x008051a8                OS_EventTaskRemoveMulti
                0x008052ac                OS_EventWaitListInit
                0x00805678                OS_MemClr
                0x008056cc                OS_MemCopy
                0x00805738                OS_Sched
                0x0080587c                OS_StrCopy
                0x008058fc                OS_StrLen
                0x00805954                OS_TaskIdle
                0x008059b0                OS_TaskStat
                0x00805a78                OS_TaskStatStkChk
                0x00805b40                OS_TCBInit
 .text          0x00805e20      0x18c ../servo_bsp//libucosii_bsp.a(os_dbg.o)
                0x00805e20                OSDebugInit
 .text          0x00805fac     0x193c ../servo_bsp//libucosii_bsp.a(os_flag.o)
                0x00805fac                OSFlagAccept
                0x008062e0                OSFlagCreate
                0x0080641c                OSFlagDel
                0x008066c4                OSFlagNameGet
                0x00806808                OSFlagNameSet
                0x0080695c                OSFlagPend
                0x00806fa0                OSFlagPendGetFlagsRdy
                0x00807008                OSFlagPost
                0x008073b0                OSFlagQuery
                0x00807648                OS_FlagInit
                0x0080783c                OS_FlagUnlink
 .text          0x008078e8      0x80c ../servo_bsp//libucosii_bsp.a(os_mem.o)
                0x008078e8                OSMemCreate
                0x00807b04                OSMemGet
                0x00807c08                OSMemNameGet
                0x00807d14                OSMemNameSet
                0x00807e34                OSMemPut
                0x00807f24                OSMemQuery
                0x00808020                OS_MemInit
 .text          0x008080f4     0x1334 ../servo_bsp//libucosii_bsp.a(os_q.o)
                0x008080f4                OSQAccept
                0x00808248                OSQCreate
                0x0080845c                OSQDel
                0x0080875c                OSQFlush
                0x00808824                OSQPend
                0x00808b44                OSQPendAbort
                0x00808cc0                OSQPost
                0x00808e40                OSQPostFront
                0x00808fc8                OSQPostOpt
                0x008091fc                OSQQuery
                0x0080937c                OS_QInit
 .text          0x00809428      0xbc8 ../servo_bsp//libucosii_bsp.a(os_sem.o)
                0x00809428                OSSemAccept
                0x008094e8                OSSemCreate
                0x008095fc                OSSemDel
                0x0080989c                OSSemPend
                0x00809b18                OSSemPendAbort
                0x00809c94                OSSemPost
                0x00809dbc                OSSemQuery
                0x00809eec                OSSemSet
 .text          0x00809ff0     0x1a40 ../servo_bsp//libucosii_bsp.a(os_task.o)
                0x00809ff0                OSTaskChangePrio
                0x0080a564                OSTaskCreate
                0x0080a738                OSTaskCreateExt
                0x0080a938                OSTaskDel
                0x0080ad44                OSTaskDelReq
                0x0080aeb4                OSTaskNameGet
                0x0080b06c                OSTaskNameSet
                0x0080b230                OSTaskResume
                0x0080b448                OSTaskStkChk
                0x0080b644                OSTaskSuspend
                0x0080b870                OSTaskQuery
                0x0080b9b4                OS_TaskStkClr
 .text          0x0080ba30      0x5b4 ../servo_bsp//libucosii_bsp.a(os_time.o)
                0x0080ba30                OSTimeDly
                0x0080bb7c                OSTimeDlyHMSM
                0x0080bd0c                OSTimeDlyResume
                0x0080bf1c                OSTimeGet
                0x0080bf80                OSTimeSet
 .text          0x0080bfe4       0xe0 ../servo_bsp//libucosii_bsp.a(alt_sys_init.o)
                0x0080bfe4                alt_irq_init
                0x0080c018                alt_sys_init
 .text          0x0080c0c4      0x148 ../servo_bsp//libucosii_bsp.a(altera_avalon_jtag_uart_fd.o)
                0x0080c0c4                altera_avalon_jtag_uart_read_fd
                0x0080c11c                altera_avalon_jtag_uart_write_fd
                0x0080c174                altera_avalon_jtag_uart_close_fd
                0x0080c1bc                altera_avalon_jtag_uart_ioctl_fd
 .text          0x0080c20c      0x584 ../servo_bsp//libucosii_bsp.a(altera_avalon_jtag_uart_init.o)
                0x0080c20c                altera_avalon_jtag_uart_init
                0x0080c71c                altera_avalon_jtag_uart_close
 .text          0x0080c790       0xf4 ../servo_bsp//libucosii_bsp.a(altera_avalon_jtag_uart_ioctl.o)
                0x0080c790                altera_avalon_jtag_uart_ioctl
 .text          0x0080c884      0x2c0 ../servo_bsp//libucosii_bsp.a(altera_avalon_jtag_uart_read.o)
                0x0080c884                altera_avalon_jtag_uart_read
 .text          0x0080cb44      0x2dc ../servo_bsp//libucosii_bsp.a(altera_avalon_jtag_uart_write.o)
                0x0080cb44                altera_avalon_jtag_uart_write
 .text          0x0080ce20      0x100 ../servo_bsp//libucosii_bsp.a(altera_avalon_timer_sc.o)
                0x0080ce90                alt_avalon_timer_sc_init
 .text          0x0080cf20      0x530 ../servo_bsp//libucosii_bsp.a(altera_up_avalon_character_lcd.o)
                0x0080cf20                get_DDRAM_addr
                0x0080cf9c                alt_up_character_lcd_send_cmd
                0x0080cfd0                alt_up_character_lcd_init
                0x0080d004                alt_up_character_lcd_open_dev
                0x0080d044                alt_up_character_lcd_write
                0x0080d0bc                alt_up_character_lcd_string
                0x0080d134                alt_up_character_lcd_write_fd
                0x0080d180                alt_up_character_lcd_set_cursor_pos
                0x0080d1f8                alt_up_character_lcd_shift_cursor
                0x0080d2a8                alt_up_character_lcd_shift_display
                0x0080d358                alt_up_character_lcd_erase_pos
                0x0080d3e8                alt_up_character_lcd_cursor_off
                0x0080d41c                alt_up_character_lcd_cursor_blink_on
 .text          0x0080d450      0x154 ../servo_bsp//libucosii_bsp.a(alt_alarm_start.o)
                0x0080d450                alt_alarm_start
 .text          0x0080d5a4       0x1c ../servo_bsp//libucosii_bsp.a(alt_dcache_flush_all.o)
                0x0080d5a4                alt_dcache_flush_all
 .text          0x0080d5c0      0x114 ../servo_bsp//libucosii_bsp.a(alt_dev_llist_insert.o)
                0x0080d5c0                alt_dev_llist_insert
 .text          0x0080d6d4       0x64 ../servo_bsp//libucosii_bsp.a(alt_do_ctors.o)
                0x0080d6d4                _do_ctors
 .text          0x0080d738       0x64 ../servo_bsp//libucosii_bsp.a(alt_do_dtors.o)
                0x0080d738                _do_dtors
 .text          0x0080d79c       0x94 ../servo_bsp//libucosii_bsp.a(alt_find_dev.o)
                0x0080d79c                alt_find_dev
 .text          0x0080d830       0x1c ../servo_bsp//libucosii_bsp.a(alt_icache_flush_all.o)
                0x0080d830                alt_icache_flush_all
 .text          0x0080d84c      0x1d4 ../servo_bsp//libucosii_bsp.a(alt_iic.o)
                0x0080d84c                alt_ic_isr_register
                0x0080d89c                alt_ic_irq_enable
                0x0080d938                alt_ic_irq_disable
                0x0080d9d8                alt_ic_irq_enabled
 .text          0x0080da20       0xf8 ../servo_bsp//libucosii_bsp.a(alt_iic_isr_register.o)
                0x0080da20                alt_iic_isr_register
 .text          0x0080db18      0x150 ../servo_bsp//libucosii_bsp.a(alt_io_redirect.o)
                0x0080dbf0                alt_io_redirect
 .text          0x0080dc68        0x0 ../servo_bsp//libucosii_bsp.a(alt_irq_entry.o)
 .text          0x0080dc68        0x0 ../servo_bsp//libucosii_bsp.a(alt_irq_handler.o)
 .text          0x0080dc68        0x0 ../servo_bsp//libucosii_bsp.a(alt_irq_vars.o)
 .text          0x0080dc68      0x2e4 ../servo_bsp//libucosii_bsp.a(alt_open.o)
                0x0080dd60                open
 .text          0x0080df4c      0x1a8 ../servo_bsp//libucosii_bsp.a(alt_tick.o)
                0x0080df4c                alt_alarm_stop
                0x0080dfe4                alt_tick
 .text          0x0080e0f4       0x20 ../servo_bsp//libucosii_bsp.a(altera_nios2_qsys_irq.o)
                0x0080e0f4                altera_nios2_qsys_irq_init
 .text          0x0080e114       0xd0 ../servo_bsp//libucosii_bsp.a(os_cpu_a.o)
                0x0080e114                OSCtxSw
                0x0080e114                OSIntCtxSw
                0x0080e1a0                OSStartHighRdy
                0x0080e1c0                OSStartTsk
 .text          0x0080e1e4      0x418 ../servo_bsp//libucosii_bsp.a(os_cpu_c.o)
                0x0080e1e4                OSTaskStkInit
                0x0080e4f4                OSTaskCreateHook
                0x0080e514                OSTaskDelHook
                0x0080e534                OSTaskSwHook
                0x0080e550                OSTaskStatHook
                0x0080e56c                OSTimeTickHook
                0x0080e588                OSInitHookBegin
                0x0080e5a4                OSInitHookEnd
                0x0080e5c0                OSTaskIdleHook
                0x0080e5dc                OSTCBInitHook
 .text          0x0080e5fc        0x0 ../servo_bsp//libucosii_bsp.a(alt_exception_entry.o)
 .text          0x0080e5fc      0x120 ../servo_bsp//libucosii_bsp.a(alt_find_file.o)
                0x0080e5fc                alt_find_file
 .text          0x0080e71c      0x104 ../servo_bsp//libucosii_bsp.a(alt_get_fd.o)
                0x0080e71c                alt_get_fd
 .text          0x0080e820       0x14 /OPT/altera/12.1/nios2eds/bin/gnu/H-i686-pc-linux-gnu/bin/../lib/gcc/nios2-elf/4.1.2/../../../../nios2-elf/lib/mno-hw-mul/libc.a(lib_a-atexit.o)
                0x0080e820                atexit
 .text          0x0080e834       0x38 /OPT/altera/12.1/nios2eds/bin/gnu/H-i686-pc-linux-gnu/bin/../lib/gcc/nios2-elf/4.1.2/../../../../nios2-elf/lib/mno-hw-mul/libc.a(lib_a-exit.o)
                0x0080e834                exit
 .text          0x0080e86c       0x74 /OPT/altera/12.1/nios2eds/bin/gnu/H-i686-pc-linux-gnu/bin/../lib/gcc/nios2-elf/4.1.2/../../../../nios2-elf/lib/mno-hw-mul/libc.a(lib_a-memcmp.o)
                0x0080e86c                memcmp
 .text          0x0080e8e0      0x134 /OPT/altera/12.1/nios2eds/bin/gnu/H-i686-pc-linux-gnu/bin/../lib/gcc/nios2-elf/4.1.2/../../../../nios2-elf/lib/mno-hw-mul/libc.a(lib_a-__atexit.o)
                0x0080e8e0                __register_exitproc
 .text          0x0080ea14      0x1b4 /OPT/altera/12.1/nios2eds/bin/gnu/H-i686-pc-linux-gnu/bin/../lib/gcc/nios2-elf/4.1.2/../../../../nios2-elf/lib/mno-hw-mul/libc.a(lib_a-__call_atexit.o)
                0x0080ea18                __call_exitprocs
 .text          0x0080ebc8      0x14c /OPT/altera/12.1/nios2eds/bin/gnu/H-i686-pc-linux-gnu/bin/../lib/gcc/nios2-elf/4.1.2/mno-hw-mul/libgcc.a(lib2-divmod.o)
                0x0080ec44                __divsi3
                0x0080eca4                __modsi3
                0x0080ed04                __udivsi3
                0x0080ed0c                __umodsi3
 .text          0x0080ed14       0x6c ../servo_bsp//libucosii_bsp.a(alt_exit.o)
                0x0080ed54                _exit
 *(.gnu.warning.*)
 *(.fini)
                0x0080ed80                PROVIDE (__etext, ABSOLUTE (.))
                0x0080ed80                PROVIDE (_etext, ABSOLUTE (.))
                0x0080ed80                PROVIDE (etext, ABSOLUTE (.))
 *(.eh_frame_hdr)
                0x0080ed80                . = ALIGN (0x4)
                0x0080ed80                PROVIDE (__preinit_array_start, ABSOLUTE (.))
 *(.preinit_array)
                0x0080ed80                PROVIDE (__preinit_array_end, ABSOLUTE (.))
                0x0080ed80                PROVIDE (__init_array_start, ABSOLUTE (.))
 *(.init_array)
                0x0080ed80                PROVIDE (__init_array_end, ABSOLUTE (.))
                0x0080ed80                PROVIDE (__fini_array_start, ABSOLUTE (.))
 *(.fini_array)
                0x0080ed80                PROVIDE (__fini_array_end, ABSOLUTE (.))
 *(.eh_frame)
 *(.gcc_except_table)
 *(.dynamic)
                0x0080ed80                PROVIDE (__CTOR_LIST__, ABSOLUTE (.))
 *(.ctors)
 *(SORT(.ctors.*))
 .ctors.65535   0x0080ed80        0x4 /OPT/altera/12.1/nios2eds/bin/gnu/H-i686-pc-linux-gnu/bin/../lib/gcc/nios2-elf/4.1.2/../../../../nios2-elf/lib/mno-hw-mul/libc.a(lib_a-__call_atexit.o)
                0x0080ed84                PROVIDE (__CTOR_END__, ABSOLUTE (.))
                0x0080ed84                PROVIDE (__DTOR_LIST__, ABSOLUTE (.))
 *(.dtors)
 *(SORT(.dtors.*))
                0x0080ed84                PROVIDE (__DTOR_END__, ABSOLUTE (.))
 *(.jcr)
                0x0080ed84                . = ALIGN (0x4)

.rodata         0x0080ed84      0x180
                0x0080ed84                PROVIDE (__ram_rodata_start, ABSOLUTE (.))
                0x0080ed84                . = ALIGN (0x4)
 *(.rodata .rodata.* .gnu.linkonce.r.*)
 .rodata        0x0080ed84        0x8 obj/default/hello_ucosii.o
 .rodata.str1.4
                0x0080ed8c        0x2 /OPT/altera/12.1/nios2eds/bin/gnu/H-i686-pc-linux-gnu/bin/../lib/gcc/nios2-elf/4.1.2/../../../../nios2-elf/lib/mno-hw-mul/libc.a(lib_a-puts.o)
                                  0x4 (size before relaxing)
 *fill*         0x0080ed8e        0x2 00
 .rodata.str1.4
                0x0080ed90        0x4 /OPT/altera/12.1/nios2eds/bin/gnu/H-i686-pc-linux-gnu/bin/../lib/gcc/nios2-elf/4.1.2/../../../../nios2-elf/lib/mno-hw-mul/libc.a(lib_a-impure.o)
 .rodata        0x0080ed94        0xc ../servo_bsp//libucosii_bsp.a(alt_dev.o)
 .rodata        0x0080eda0       0x14 ../servo_bsp//libucosii_bsp.a(alt_main.o)
 .rodata        0x0080edb4      0x120 ../servo_bsp//libucosii_bsp.a(os_core.o)
                0x0080edb4                OSUnMapTbl
 .rodata        0x0080eed4       0x2c ../servo_bsp//libucosii_bsp.a(alt_sys_init.o)
 .rodata        0x0080ef00        0x4 ../servo_bsp//libucosii_bsp.a(os_cpu_c.o)
 *(.rodata1)
                0x0080ef04                . = ALIGN (0x4)
                0x0080ef04                PROVIDE (__ram_rodata_end, ABSOLUTE (.))
                0x0080ed84                PROVIDE (__flash_rodata_start, LOADADDR (.rodata))

.rwdata         0x0080ef04     0x1afc load address 0x00810a00
                0x0080ef04                PROVIDE (__ram_rwdata_start, ABSOLUTE (.))
                0x0080ef04                . = ALIGN (0x4)
 *(.got.plt)
 *(.got)
 *(.data1)
 *(.data .data.* .gnu.linkonce.d.*)
 .data          0x0080ef04        0x0 ../servo_bsp//obj/HAL/src/crt0.o
 .data          0x0080ef04        0x0 obj/default/hello_ucosii.o
 .data          0x0080ef04        0x0 /OPT/altera/12.1/nios2eds/bin/gnu/H-i686-pc-linux-gnu/bin/../lib/gcc/nios2-elf/4.1.2/../../../../nios2-elf/lib/mno-hw-mul/libc.a(lib_a-puts.o)
 .data          0x0080ef04        0x0 /OPT/altera/12.1/nios2eds/bin/gnu/H-i686-pc-linux-gnu/bin/../lib/gcc/nios2-elf/4.1.2/../../../../nios2-elf/lib/mno-hw-mul/libc.a(lib_a-strlen.o)
 .data          0x0080ef04        0x0 /OPT/altera/12.1/nios2eds/bin/gnu/H-i686-pc-linux-gnu/bin/../lib/gcc/nios2-elf/4.1.2/../../../../nios2-elf/lib/mno-hw-mul/libc.a(lib_a-fvwrite.o)
 .data          0x0080ef04      0x400 /OPT/altera/12.1/nios2eds/bin/gnu/H-i686-pc-linux-gnu/bin/../lib/gcc/nios2-elf/4.1.2/../../../../nios2-elf/lib/mno-hw-mul/libc.a(lib_a-impure.o)
 .data          0x0080f304      0x408 /OPT/altera/12.1/nios2eds/bin/gnu/H-i686-pc-linux-gnu/bin/../lib/gcc/nios2-elf/4.1.2/../../../../nios2-elf/lib/mno-hw-mul/libc.a(lib_a-mallocr.o)
                0x0080f304                __malloc_av_
 .data          0x0080f70c        0x0 /OPT/altera/12.1/nios2eds/bin/gnu/H-i686-pc-linux-gnu/bin/../lib/gcc/nios2-elf/4.1.2/../../../../nios2-elf/lib/mno-hw-mul/libc.a(lib_a-memchr.o)
 .data          0x0080f70c        0x0 /OPT/altera/12.1/nios2eds/bin/gnu/H-i686-pc-linux-gnu/bin/../lib/gcc/nios2-elf/4.1.2/../../../../nios2-elf/lib/mno-hw-mul/libc.a(lib_a-memcpy.o)
 .data          0x0080f70c        0x0 /OPT/altera/12.1/nios2eds/bin/gnu/H-i686-pc-linux-gnu/bin/../lib/gcc/nios2-elf/4.1.2/../../../../nios2-elf/lib/mno-hw-mul/libc.a(lib_a-memmove.o)
 .data          0x0080f70c        0x0 /OPT/altera/12.1/nios2eds/bin/gnu/H-i686-pc-linux-gnu/bin/../lib/gcc/nios2-elf/4.1.2/../../../../nios2-elf/lib/mno-hw-mul/libc.a(lib_a-reallocr.o)
 .data          0x0080f70c        0x0 /OPT/altera/12.1/nios2eds/bin/gnu/H-i686-pc-linux-gnu/bin/../lib/gcc/nios2-elf/4.1.2/../../../../nios2-elf/lib/mno-hw-mul/libc.a(lib_a-sbrkr.o)
 .data          0x0080f70c        0x0 /OPT/altera/12.1/nios2eds/bin/gnu/H-i686-pc-linux-gnu/bin/../lib/gcc/nios2-elf/4.1.2/../../../../nios2-elf/lib/mno-hw-mul/libc.a(lib_a-wsetup.o)
 .data          0x0080f70c        0x0 /OPT/altera/12.1/nios2eds/bin/gnu/H-i686-pc-linux-gnu/bin/../lib/gcc/nios2-elf/4.1.2/../../../../nios2-elf/lib/mno-hw-mul/libc.a(lib_a-fflush.o)
 .data          0x0080f70c        0x0 /OPT/altera/12.1/nios2eds/bin/gnu/H-i686-pc-linux-gnu/bin/../lib/gcc/nios2-elf/4.1.2/../../../../nios2-elf/lib/mno-hw-mul/libc.a(lib_a-findfp.o)
 .data          0x0080f70c        0x0 /OPT/altera/12.1/nios2eds/bin/gnu/H-i686-pc-linux-gnu/bin/../lib/gcc/nios2-elf/4.1.2/../../../../nios2-elf/lib/mno-hw-mul/libc.a(lib_a-freer.o)
 .data          0x0080f70c        0x0 /OPT/altera/12.1/nios2eds/bin/gnu/H-i686-pc-linux-gnu/bin/../lib/gcc/nios2-elf/4.1.2/../../../../nios2-elf/lib/mno-hw-mul/libc.a(lib_a-fwalk.o)
 .data          0x0080f70c        0x0 /OPT/altera/12.1/nios2eds/bin/gnu/H-i686-pc-linux-gnu/bin/../lib/gcc/nios2-elf/4.1.2/../../../../nios2-elf/lib/mno-hw-mul/libc.a(lib_a-int_errno.o)
 .data          0x0080f70c        0x0 /OPT/altera/12.1/nios2eds/bin/gnu/H-i686-pc-linux-gnu/bin/../lib/gcc/nios2-elf/4.1.2/../../../../nios2-elf/lib/mno-hw-mul/libc.a(lib_a-makebuf.o)
 .data          0x0080f70c        0x0 /OPT/altera/12.1/nios2eds/bin/gnu/H-i686-pc-linux-gnu/bin/../lib/gcc/nios2-elf/4.1.2/../../../../nios2-elf/lib/mno-hw-mul/libc.a(lib_a-memset.o)
 .data          0x0080f70c        0x0 /OPT/altera/12.1/nios2eds/bin/gnu/H-i686-pc-linux-gnu/bin/../lib/gcc/nios2-elf/4.1.2/../../../../nios2-elf/lib/mno-hw-mul/libc.a(lib_a-stdio.o)
 .data          0x0080f70c        0x0 /OPT/altera/12.1/nios2eds/bin/gnu/H-i686-pc-linux-gnu/bin/../lib/gcc/nios2-elf/4.1.2/../../../../nios2-elf/lib/mno-hw-mul/libc.a(lib_a-writer.o)
 .data          0x0080f70c        0x0 /OPT/altera/12.1/nios2eds/bin/gnu/H-i686-pc-linux-gnu/bin/../lib/gcc/nios2-elf/4.1.2/../../../../nios2-elf/lib/mno-hw-mul/libc.a(lib_a-closer.o)
 .data          0x0080f70c        0x0 /OPT/altera/12.1/nios2eds/bin/gnu/H-i686-pc-linux-gnu/bin/../lib/gcc/nios2-elf/4.1.2/../../../../nios2-elf/lib/mno-hw-mul/libc.a(lib_a-fclose.o)
 .data          0x0080f70c        0x0 /OPT/altera/12.1/nios2eds/bin/gnu/H-i686-pc-linux-gnu/bin/../lib/gcc/nios2-elf/4.1.2/../../../../nios2-elf/lib/mno-hw-mul/libc.a(lib_a-fstatr.o)
 .data          0x0080f70c        0x0 /OPT/altera/12.1/nios2eds/bin/gnu/H-i686-pc-linux-gnu/bin/../lib/gcc/nios2-elf/4.1.2/../../../../nios2-elf/lib/mno-hw-mul/libc.a(lib_a-isattyr.o)
 .data          0x0080f70c        0x0 /OPT/altera/12.1/nios2eds/bin/gnu/H-i686-pc-linux-gnu/bin/../lib/gcc/nios2-elf/4.1.2/../../../../nios2-elf/lib/mno-hw-mul/libc.a(lib_a-lseekr.o)
 .data          0x0080f70c        0x0 /OPT/altera/12.1/nios2eds/bin/gnu/H-i686-pc-linux-gnu/bin/../lib/gcc/nios2-elf/4.1.2/../../../../nios2-elf/lib/mno-hw-mul/libc.a(lib_a-readr.o)
 .data          0x0080f70c        0x0 /OPT/altera/12.1/nios2eds/bin/gnu/H-i686-pc-linux-gnu/bin/../lib/gcc/nios2-elf/4.1.2/mno-hw-mul/libgcc.a(lib2-mul.o)
 .data          0x0080f70c        0x0 ../servo_bsp//libucosii_bsp.a(alt_close.o)
 .data          0x0080f70c      0x1a8 ../servo_bsp//libucosii_bsp.a(alt_dev.o)
                0x0080f70c                alt_dev_null
                0x0080f734                alt_fd_list
 .data          0x0080f8b4        0x0 ../servo_bsp//libucosii_bsp.a(alt_errno.o)
 .data          0x0080f8b4        0x0 ../servo_bsp//libucosii_bsp.a(alt_fstat.o)
 .data          0x0080f8b4        0x0 ../servo_bsp//libucosii_bsp.a(alt_isatty.o)
 .data          0x0080f8b4        0x0 ../servo_bsp//libucosii_bsp.a(alt_load.o)
 .data          0x0080f8b4        0x0 ../servo_bsp//libucosii_bsp.a(alt_lseek.o)
 .data          0x0080f8b4        0x0 ../servo_bsp//libucosii_bsp.a(alt_main.o)
 .data          0x0080f8b4        0x0 ../servo_bsp//libucosii_bsp.a(alt_read.o)
 .data          0x0080f8b4        0x0 ../servo_bsp//libucosii_bsp.a(alt_release_fd.o)
 .data          0x0080f8b4        0x0 ../servo_bsp//libucosii_bsp.a(alt_sbrk.o)
 .data          0x0080f8b4        0x0 ../servo_bsp//libucosii_bsp.a(alt_write.o)
 .data          0x0080f8b4        0x0 ../servo_bsp//libucosii_bsp.a(alt_env_lock.o)
 .data          0x0080f8b4        0x0 ../servo_bsp//libucosii_bsp.a(alt_malloc_lock.o)
 .data          0x0080f8b4        0x0 ../servo_bsp//libucosii_bsp.a(os_core.o)
 .data          0x0080f8b4        0x0 ../servo_bsp//libucosii_bsp.a(os_dbg.o)
 .data          0x0080f8b4        0x0 ../servo_bsp//libucosii_bsp.a(os_flag.o)
 .data          0x0080f8b4        0x0 ../servo_bsp//libucosii_bsp.a(os_mem.o)
 .data          0x0080f8b4        0x0 ../servo_bsp//libucosii_bsp.a(os_q.o)
 .data          0x0080f8b4        0x0 ../servo_bsp//libucosii_bsp.a(os_sem.o)
 .data          0x0080f8b4        0x0 ../servo_bsp//libucosii_bsp.a(os_task.o)
 .data          0x0080f8b4        0x0 ../servo_bsp//libucosii_bsp.a(os_time.o)
 .data          0x0080f8b4     0x1098 ../servo_bsp//libucosii_bsp.a(alt_sys_init.o)
 .data          0x0081094c        0x0 ../servo_bsp//libucosii_bsp.a(altera_avalon_jtag_uart_fd.o)
 .data          0x0081094c        0x0 ../servo_bsp//libucosii_bsp.a(altera_avalon_jtag_uart_init.o)
 .data          0x0081094c        0x0 ../servo_bsp//libucosii_bsp.a(altera_avalon_jtag_uart_ioctl.o)
 .data          0x0081094c        0x0 ../servo_bsp//libucosii_bsp.a(altera_avalon_jtag_uart_read.o)
 .data          0x0081094c        0x0 ../servo_bsp//libucosii_bsp.a(altera_avalon_jtag_uart_write.o)
 .data          0x0081094c        0x0 ../servo_bsp//libucosii_bsp.a(altera_avalon_timer_sc.o)
 .data          0x0081094c        0x0 ../servo_bsp//libucosii_bsp.a(altera_up_avalon_character_lcd.o)
 .data          0x0081094c        0x0 ../servo_bsp//libucosii_bsp.a(alt_alarm_start.o)
 .data          0x0081094c        0x0 ../servo_bsp//libucosii_bsp.a(alt_dcache_flush_all.o)
 .data          0x0081094c        0x0 ../servo_bsp//libucosii_bsp.a(alt_dev_llist_insert.o)
 .data          0x0081094c        0x0 ../servo_bsp//libucosii_bsp.a(alt_do_ctors.o)
 .data          0x0081094c        0x0 ../servo_bsp//libucosii_bsp.a(alt_do_dtors.o)
 .data          0x0081094c        0x0 ../servo_bsp//libucosii_bsp.a(alt_find_dev.o)
 .data          0x0081094c        0x0 ../servo_bsp//libucosii_bsp.a(alt_icache_flush_all.o)
 .data          0x0081094c        0x0 ../servo_bsp//libucosii_bsp.a(alt_iic.o)
 .data          0x0081094c        0x0 ../servo_bsp//libucosii_bsp.a(alt_iic_isr_register.o)
 .data          0x0081094c        0x0 ../servo_bsp//libucosii_bsp.a(alt_io_redirect.o)
 .data          0x0081094c        0x0 ../servo_bsp//libucosii_bsp.a(alt_irq_entry.o)
 .data          0x0081094c        0x0 ../servo_bsp//libucosii_bsp.a(alt_irq_handler.o)
 .data          0x0081094c        0x0 ../servo_bsp//libucosii_bsp.a(alt_irq_vars.o)
 .data          0x0081094c        0x0 ../servo_bsp//libucosii_bsp.a(alt_open.o)
 .data          0x0081094c        0x0 ../servo_bsp//libucosii_bsp.a(alt_tick.o)
 .data          0x0081094c        0x0 ../servo_bsp//libucosii_bsp.a(altera_nios2_qsys_irq.o)
 .data          0x0081094c        0x0 ../servo_bsp//libucosii_bsp.a(os_cpu_a.o)
 .data          0x0081094c        0x0 ../servo_bsp//libucosii_bsp.a(os_cpu_c.o)
 .data          0x0081094c        0x0 ../servo_bsp//libucosii_bsp.a(alt_exception_entry.o)
 .data          0x0081094c        0x0 ../servo_bsp//libucosii_bsp.a(alt_find_file.o)
 .data          0x0081094c        0x0 ../servo_bsp//libucosii_bsp.a(alt_get_fd.o)
 .data          0x0081094c        0x0 /OPT/altera/12.1/nios2eds/bin/gnu/H-i686-pc-linux-gnu/bin/../lib/gcc/nios2-elf/4.1.2/../../../../nios2-elf/lib/mno-hw-mul/libc.a(lib_a-atexit.o)
 .data          0x0081094c        0x0 /OPT/altera/12.1/nios2eds/bin/gnu/H-i686-pc-linux-gnu/bin/../lib/gcc/nios2-elf/4.1.2/../../../../nios2-elf/lib/mno-hw-mul/libc.a(lib_a-exit.o)
 .data          0x0081094c        0x0 /OPT/altera/12.1/nios2eds/bin/gnu/H-i686-pc-linux-gnu/bin/../lib/gcc/nios2-elf/4.1.2/../../../../nios2-elf/lib/mno-hw-mul/libc.a(lib_a-memcmp.o)
 .data          0x0081094c        0x0 /OPT/altera/12.1/nios2eds/bin/gnu/H-i686-pc-linux-gnu/bin/../lib/gcc/nios2-elf/4.1.2/../../../../nios2-elf/lib/mno-hw-mul/libc.a(lib_a-__atexit.o)
 .data          0x0081094c        0x0 /OPT/altera/12.1/nios2eds/bin/gnu/H-i686-pc-linux-gnu/bin/../lib/gcc/nios2-elf/4.1.2/../../../../nios2-elf/lib/mno-hw-mul/libc.a(lib_a-__call_atexit.o)
 .data          0x0081094c        0x0 /OPT/altera/12.1/nios2eds/bin/gnu/H-i686-pc-linux-gnu/bin/../lib/gcc/nios2-elf/4.1.2/mno-hw-mul/libgcc.a(lib2-divmod.o)
 .data          0x0081094c        0x0 ../servo_bsp//libucosii_bsp.a(alt_exit.o)
                0x0081894c                _gp = ABSOLUTE ((. + 0x8000))
                0x0081894c                PROVIDE (gp, _gp)
 *(.rwdata .rwdata.*)
 *(.sdata .sdata.* .gnu.linkonce.s.*)
 .sdata         0x0081094c        0x8 /OPT/altera/12.1/nios2eds/bin/gnu/H-i686-pc-linux-gnu/bin/../lib/gcc/nios2-elf/4.1.2/../../../../nios2-elf/lib/mno-hw-mul/libc.a(lib_a-impure.o)
                0x0081094c                _impure_ptr
                0x00810950                _global_impure_ptr
 .sdata         0x00810954        0x8 /OPT/altera/12.1/nios2eds/bin/gnu/H-i686-pc-linux-gnu/bin/../lib/gcc/nios2-elf/4.1.2/../../../../nios2-elf/lib/mno-hw-mul/libc.a(lib_a-mallocr.o)
                0x00810954                __malloc_trim_threshold
                0x00810958                __malloc_sbrk_base
 .sdata         0x0081095c       0x14 ../servo_bsp//libucosii_bsp.a(alt_dev.o)
                0x0081095c                alt_fs_list
                0x00810964                alt_dev_list
                0x0081096c                alt_max_fd
 .sdata         0x00810970        0x4 ../servo_bsp//libucosii_bsp.a(alt_errno.o)
                0x00810970                alt_errno
 .sdata         0x00810974        0x4 ../servo_bsp//libucosii_bsp.a(alt_sbrk.o)
 .sdata         0x00810978        0x4 ../servo_bsp//libucosii_bsp.a(alt_env_lock.o)
 .sdata         0x0081097c        0x4 ../servo_bsp//libucosii_bsp.a(alt_malloc_lock.o)
 .sdata         0x00810980       0x74 ../servo_bsp//libucosii_bsp.a(os_dbg.o)
                0x00810980                OSDebugEn
                0x00810984                OSEndiannessTest
                0x00810988                OSEventEn
                0x0081098a                OSEventMax
                0x0081098c                OSEventNameSize
                0x0081098e                OSEventSize
                0x00810990                OSEventTblSize
                0x00810992                OSEventMultiEn
                0x00810994                OSFlagEn
                0x00810996                OSFlagGrpSize
                0x00810998                OSFlagNodeSize
                0x0081099a                OSFlagWidth
                0x0081099c                OSFlagMax
                0x0081099e                OSFlagNameSize
                0x008109a0                OSLowestPrio
                0x008109a2                OSMboxEn
                0x008109a4                OSMemEn
                0x008109a6                OSMemMax
                0x008109a8                OSMemNameSize
                0x008109aa                OSMemSize
                0x008109ac                OSMemTblSize
                0x008109ae                OSMutexEn
                0x008109b0                OSPtrSize
                0x008109b2                OSQEn
                0x008109b4                OSQMax
                0x008109b6                OSQSize
                0x008109b8                OSRdyTblSize
                0x008109ba                OSSemEn
                0x008109bc                OSStkWidth
                0x008109be                OSTaskCreateEn
                0x008109c0                OSTaskCreateExtEn
                0x008109c2                OSTaskDelEn
                0x008109c4                OSTaskIdleStkSize
                0x008109c6                OSTaskProfileEn
                0x008109c8                OSTaskMax
                0x008109ca                OSTaskNameSize
                0x008109cc                OSTaskStatEn
                0x008109ce                OSTaskStatStkSize
                0x008109d0                OSTaskStatStkChkEn
                0x008109d2                OSTaskSwHookEn
                0x008109d4                OSTCBPrioTblMax
                0x008109d6                OSTCBSize
                0x008109d8                OSTicksPerSec
                0x008109da                OSTimeTickHookEn
                0x008109dc                OSVersionNbr
                0x008109de                OSTmrEn
                0x008109e0                OSTmrCfgMax
                0x008109e2                OSTmrCfgNameSize
                0x008109e4                OSTmrCfgWheelSize
                0x008109e6                OSTmrCfgTicksPerSec
                0x008109e8                OSTmrSize
                0x008109ea                OSTmrTblSize
                0x008109ec                OSTmrWheelSize
                0x008109ee                OSTmrWheelTblSize
                0x008109f0                OSDataSize
 .sdata         0x008109f4        0x4 ../servo_bsp//libucosii_bsp.a(alt_irq_vars.o)
                0x008109f4                alt_priority_mask
 .sdata         0x008109f8        0x8 ../servo_bsp//libucosii_bsp.a(alt_tick.o)
                0x008109f8                alt_alarm_list
 *(.sdata2 .sdata2.* .gnu.linkonce.s2.*)
                0x00810a00                . = ALIGN (0x4)
                0x00810a00                _edata = ABSOLUTE (.)
                0x00810a00                PROVIDE (edata, ABSOLUTE (.))
                0x00810a00                PROVIDE (__ram_rwdata_end, ABSOLUTE (.))
                0x00810a00                PROVIDE (__flash_rwdata_start, LOADADDR (.rwdata))

.bss            0x008124fc     0xb57c
                0x008124fc                __bss_start = ABSOLUTE (.)
                0x008124fc                PROVIDE (__sbss_start, ABSOLUTE (.))
                0x008124fc                PROVIDE (___sbss_start, ABSOLUTE (.))
 *(.dynsbss)
 *(.sbss .sbss.* .gnu.linkonce.sb.*)
 .sbss          0x008124fc       0x14 obj/default/hello_ucosii.o
                0x008124fc                servo1Queue
                0x00812500                queue1Space
                0x00812504                queue2Space
                0x00812508                err
                0x0081250c                servo2Queue
 .sbss          0x00812510        0xc /OPT/altera/12.1/nios2eds/bin/gnu/H-i686-pc-linux-gnu/bin/../lib/gcc/nios2-elf/4.1.2/../../../../nios2-elf/lib/mno-hw-mul/libc.a(lib_a-mallocr.o)
                0x00812510                __malloc_top_pad
                0x00812514                __malloc_max_sbrked_mem
                0x00812518                __malloc_max_total_mem
 .sbss          0x0081251c        0x4 /OPT/altera/12.1/nios2eds/bin/gnu/H-i686-pc-linux-gnu/bin/../lib/gcc/nios2-elf/4.1.2/../../../../nios2-elf/lib/mno-hw-mul/libc.a(lib_a-int_errno.o)
                0x0081251c                errno
 .sbss          0x00812520        0x4 ../servo_bsp//libucosii_bsp.a(alt_dev.o)
                0x00812520                alt_fd_list_lock
 .sbss          0x00812524        0xc ../servo_bsp//libucosii_bsp.a(alt_main.o)
                0x00812524                alt_argc
                0x00812528                alt_argv
                0x0081252c                alt_envp
 .sbss          0x00812530        0x8 ../servo_bsp//libucosii_bsp.a(alt_env_lock.o)
                0x00812534                alt_envsem
 .sbss          0x00812538        0x8 ../servo_bsp//libucosii_bsp.a(alt_malloc_lock.o)
                0x0081253c                alt_heapsem
 .sbss          0x00812540       0x50 ../servo_bsp//libucosii_bsp.a(os_core.o)
                0x00812540                OSLockNesting
                0x00812541                OSRunning
                0x00812544                OSIdleCtr
                0x00812548                OSPrioHighRdy
                0x00812549                OSPrioCur
                0x0081254c                OSTCBList
                0x00812550                OSTickStepState
                0x00812554                OSCtxSwCtr
                0x00812558                OSIdleCtrMax
                0x0081255c                OSTCBFreeList
                0x00812560                OSCPUUsage
                0x00812561                OSTaskCtr
                0x00812564                OSMemFreeList
                0x00812568                OSTCBHighRdy
                0x0081256c                OSQFreeList
                0x00812570                OSRdyGrp
                0x00812571                OSRdyTbl
                0x00812574                OSEventFreeList
                0x00812578                OSIntNesting
                0x0081257c                OSTCBCur
                0x00812580                OSTime
                0x00812584                OSFlagFreeList
                0x00812588                OSStatRdy
                0x0081258c                OSIdleCtrRun
 .sbss          0x00812590        0x4 ../servo_bsp//libucosii_bsp.a(alt_irq_vars.o)
                0x00812590                alt_irq_active
 .sbss          0x00812594        0x8 ../servo_bsp//libucosii_bsp.a(alt_tick.o)
                0x00812594                _alt_tick_rate
                0x00812598                _alt_nticks
 *(.sbss2 .sbss2.* .gnu.linkonce.sb2.*)
 *(.scommon)
                0x0081259c                PROVIDE (__sbss_end, ABSOLUTE (.))
                0x0081259c                PROVIDE (___sbss_end, ABSOLUTE (.))
 *(.dynbss)
 *(.bss .bss.* .gnu.linkonce.b.*)
 .bss           0x0081259c        0x0 ../servo_bsp//obj/HAL/src/crt0.o
 .bss           0x0081259c        0x0 obj/default/hello_ucosii.o
 .bss           0x0081259c        0x0 /OPT/altera/12.1/nios2eds/bin/gnu/H-i686-pc-linux-gnu/bin/../lib/gcc/nios2-elf/4.1.2/../../../../nios2-elf/lib/mno-hw-mul/libc.a(lib_a-puts.o)
 .bss           0x0081259c        0x0 /OPT/altera/12.1/nios2eds/bin/gnu/H-i686-pc-linux-gnu/bin/../lib/gcc/nios2-elf/4.1.2/../../../../nios2-elf/lib/mno-hw-mul/libc.a(lib_a-strlen.o)
 .bss           0x0081259c        0x0 /OPT/altera/12.1/nios2eds/bin/gnu/H-i686-pc-linux-gnu/bin/../lib/gcc/nios2-elf/4.1.2/../../../../nios2-elf/lib/mno-hw-mul/libc.a(lib_a-fvwrite.o)
 .bss           0x0081259c        0x0 /OPT/altera/12.1/nios2eds/bin/gnu/H-i686-pc-linux-gnu/bin/../lib/gcc/nios2-elf/4.1.2/../../../../nios2-elf/lib/mno-hw-mul/libc.a(lib_a-impure.o)
 .bss           0x0081259c       0x28 /OPT/altera/12.1/nios2eds/bin/gnu/H-i686-pc-linux-gnu/bin/../lib/gcc/nios2-elf/4.1.2/../../../../nios2-elf/lib/mno-hw-mul/libc.a(lib_a-mallocr.o)
                0x0081259c                __malloc_current_mallinfo
 .bss           0x008125c4        0x0 /OPT/altera/12.1/nios2eds/bin/gnu/H-i686-pc-linux-gnu/bin/../lib/gcc/nios2-elf/4.1.2/../../../../nios2-elf/lib/mno-hw-mul/libc.a(lib_a-memchr.o)
 .bss           0x008125c4        0x0 /OPT/altera/12.1/nios2eds/bin/gnu/H-i686-pc-linux-gnu/bin/../lib/gcc/nios2-elf/4.1.2/../../../../nios2-elf/lib/mno-hw-mul/libc.a(lib_a-memcpy.o)
 .bss           0x008125c4        0x0 /OPT/altera/12.1/nios2eds/bin/gnu/H-i686-pc-linux-gnu/bin/../lib/gcc/nios2-elf/4.1.2/../../../../nios2-elf/lib/mno-hw-mul/libc.a(lib_a-memmove.o)
 .bss           0x008125c4        0x0 /OPT/altera/12.1/nios2eds/bin/gnu/H-i686-pc-linux-gnu/bin/../lib/gcc/nios2-elf/4.1.2/../../../../nios2-elf/lib/mno-hw-mul/libc.a(lib_a-reallocr.o)
 .bss           0x008125c4        0x0 /OPT/altera/12.1/nios2eds/bin/gnu/H-i686-pc-linux-gnu/bin/../lib/gcc/nios2-elf/4.1.2/../../../../nios2-elf/lib/mno-hw-mul/libc.a(lib_a-sbrkr.o)
 .bss           0x008125c4        0x0 /OPT/altera/12.1/nios2eds/bin/gnu/H-i686-pc-linux-gnu/bin/../lib/gcc/nios2-elf/4.1.2/../../../../nios2-elf/lib/mno-hw-mul/libc.a(lib_a-wsetup.o)
 .bss           0x008125c4        0x0 /OPT/altera/12.1/nios2eds/bin/gnu/H-i686-pc-linux-gnu/bin/../lib/gcc/nios2-elf/4.1.2/../../../../nios2-elf/lib/mno-hw-mul/libc.a(lib_a-fflush.o)
 .bss           0x008125c4        0x0 /OPT/altera/12.1/nios2eds/bin/gnu/H-i686-pc-linux-gnu/bin/../lib/gcc/nios2-elf/4.1.2/../../../../nios2-elf/lib/mno-hw-mul/libc.a(lib_a-findfp.o)
 .bss           0x008125c4        0x0 /OPT/altera/12.1/nios2eds/bin/gnu/H-i686-pc-linux-gnu/bin/../lib/gcc/nios2-elf/4.1.2/../../../../nios2-elf/lib/mno-hw-mul/libc.a(lib_a-freer.o)
 .bss           0x008125c4        0x0 /OPT/altera/12.1/nios2eds/bin/gnu/H-i686-pc-linux-gnu/bin/../lib/gcc/nios2-elf/4.1.2/../../../../nios2-elf/lib/mno-hw-mul/libc.a(lib_a-fwalk.o)
 .bss           0x008125c4        0x0 /OPT/altera/12.1/nios2eds/bin/gnu/H-i686-pc-linux-gnu/bin/../lib/gcc/nios2-elf/4.1.2/../../../../nios2-elf/lib/mno-hw-mul/libc.a(lib_a-int_errno.o)
 .bss           0x008125c4        0x0 /OPT/altera/12.1/nios2eds/bin/gnu/H-i686-pc-linux-gnu/bin/../lib/gcc/nios2-elf/4.1.2/../../../../nios2-elf/lib/mno-hw-mul/libc.a(lib_a-makebuf.o)
 .bss           0x008125c4        0x0 /OPT/altera/12.1/nios2eds/bin/gnu/H-i686-pc-linux-gnu/bin/../lib/gcc/nios2-elf/4.1.2/../../../../nios2-elf/lib/mno-hw-mul/libc.a(lib_a-memset.o)
 .bss           0x008125c4        0x0 /OPT/altera/12.1/nios2eds/bin/gnu/H-i686-pc-linux-gnu/bin/../lib/gcc/nios2-elf/4.1.2/../../../../nios2-elf/lib/mno-hw-mul/libc.a(lib_a-stdio.o)
 .bss           0x008125c4        0x0 /OPT/altera/12.1/nios2eds/bin/gnu/H-i686-pc-linux-gnu/bin/../lib/gcc/nios2-elf/4.1.2/../../../../nios2-elf/lib/mno-hw-mul/libc.a(lib_a-writer.o)
 .bss           0x008125c4        0x0 /OPT/altera/12.1/nios2eds/bin/gnu/H-i686-pc-linux-gnu/bin/../lib/gcc/nios2-elf/4.1.2/../../../../nios2-elf/lib/mno-hw-mul/libc.a(lib_a-closer.o)
 .bss           0x008125c4        0x0 /OPT/altera/12.1/nios2eds/bin/gnu/H-i686-pc-linux-gnu/bin/../lib/gcc/nios2-elf/4.1.2/../../../../nios2-elf/lib/mno-hw-mul/libc.a(lib_a-fclose.o)
 .bss           0x008125c4        0x0 /OPT/altera/12.1/nios2eds/bin/gnu/H-i686-pc-linux-gnu/bin/../lib/gcc/nios2-elf/4.1.2/../../../../nios2-elf/lib/mno-hw-mul/libc.a(lib_a-fstatr.o)
 .bss           0x008125c4        0x0 /OPT/altera/12.1/nios2eds/bin/gnu/H-i686-pc-linux-gnu/bin/../lib/gcc/nios2-elf/4.1.2/../../../../nios2-elf/lib/mno-hw-mul/libc.a(lib_a-isattyr.o)
 .bss           0x008125c4        0x0 /OPT/altera/12.1/nios2eds/bin/gnu/H-i686-pc-linux-gnu/bin/../lib/gcc/nios2-elf/4.1.2/../../../../nios2-elf/lib/mno-hw-mul/libc.a(lib_a-lseekr.o)
 .bss           0x008125c4        0x0 /OPT/altera/12.1/nios2eds/bin/gnu/H-i686-pc-linux-gnu/bin/../lib/gcc/nios2-elf/4.1.2/../../../../nios2-elf/lib/mno-hw-mul/libc.a(lib_a-readr.o)
 .bss           0x008125c4        0x0 /OPT/altera/12.1/nios2eds/bin/gnu/H-i686-pc-linux-gnu/bin/../lib/gcc/nios2-elf/4.1.2/mno-hw-mul/libgcc.a(lib2-mul.o)
 .bss           0x008125c4        0x0 ../servo_bsp//libucosii_bsp.a(alt_close.o)
 .bss           0x008125c4        0x0 ../servo_bsp//libucosii_bsp.a(alt_dev.o)
 .bss           0x008125c4        0x0 ../servo_bsp//libucosii_bsp.a(alt_errno.o)
 .bss           0x008125c4        0x0 ../servo_bsp//libucosii_bsp.a(alt_fstat.o)
 .bss           0x008125c4        0x0 ../servo_bsp//libucosii_bsp.a(alt_isatty.o)
 .bss           0x008125c4        0x0 ../servo_bsp//libucosii_bsp.a(alt_load.o)
 .bss           0x008125c4        0x0 ../servo_bsp//libucosii_bsp.a(alt_lseek.o)
 .bss           0x008125c4        0x0 ../servo_bsp//libucosii_bsp.a(alt_main.o)
 .bss           0x008125c4        0x0 ../servo_bsp//libucosii_bsp.a(alt_read.o)
 .bss           0x008125c4        0x0 ../servo_bsp//libucosii_bsp.a(alt_release_fd.o)
 .bss           0x008125c4        0x0 ../servo_bsp//libucosii_bsp.a(alt_sbrk.o)
 .bss           0x008125c4        0x0 ../servo_bsp//libucosii_bsp.a(alt_write.o)
 .bss           0x008125c4        0x0 ../servo_bsp//libucosii_bsp.a(alt_env_lock.o)
 .bss           0x008125c4        0x0 ../servo_bsp//libucosii_bsp.a(alt_malloc_lock.o)
 .bss           0x008125c4        0x0 ../servo_bsp//libucosii_bsp.a(os_core.o)
 .bss           0x008125c4        0x0 ../servo_bsp//libucosii_bsp.a(os_dbg.o)
 .bss           0x008125c4        0x0 ../servo_bsp//libucosii_bsp.a(os_flag.o)
 .bss           0x008125c4        0x0 ../servo_bsp//libucosii_bsp.a(os_mem.o)
 .bss           0x008125c4        0x0 ../servo_bsp//libucosii_bsp.a(os_q.o)
 .bss           0x008125c4        0x0 ../servo_bsp//libucosii_bsp.a(os_sem.o)
 .bss           0x008125c4        0x0 ../servo_bsp//libucosii_bsp.a(os_task.o)
 .bss           0x008125c4        0x0 ../servo_bsp//libucosii_bsp.a(os_time.o)
 .bss           0x008125c4        0x0 ../servo_bsp//libucosii_bsp.a(alt_sys_init.o)
 .bss           0x008125c4        0x0 ../servo_bsp//libucosii_bsp.a(altera_avalon_jtag_uart_fd.o)
 .bss           0x008125c4        0x0 ../servo_bsp//libucosii_bsp.a(altera_avalon_jtag_uart_init.o)
 .bss           0x008125c4        0x0 ../servo_bsp//libucosii_bsp.a(altera_avalon_jtag_uart_ioctl.o)
 .bss           0x008125c4        0x0 ../servo_bsp//libucosii_bsp.a(altera_avalon_jtag_uart_read.o)
 .bss           0x008125c4        0x0 ../servo_bsp//libucosii_bsp.a(altera_avalon_jtag_uart_write.o)
 .bss           0x008125c4        0x0 ../servo_bsp//libucosii_bsp.a(altera_avalon_timer_sc.o)
 .bss           0x008125c4        0x0 ../servo_bsp//libucosii_bsp.a(altera_up_avalon_character_lcd.o)
 .bss           0x008125c4        0x0 ../servo_bsp//libucosii_bsp.a(alt_alarm_start.o)
 .bss           0x008125c4        0x0 ../servo_bsp//libucosii_bsp.a(alt_dcache_flush_all.o)
 .bss           0x008125c4        0x0 ../servo_bsp//libucosii_bsp.a(alt_dev_llist_insert.o)
 .bss           0x008125c4        0x0 ../servo_bsp//libucosii_bsp.a(alt_do_ctors.o)
 .bss           0x008125c4        0x0 ../servo_bsp//libucosii_bsp.a(alt_do_dtors.o)
 .bss           0x008125c4        0x0 ../servo_bsp//libucosii_bsp.a(alt_find_dev.o)
 .bss           0x008125c4        0x0 ../servo_bsp//libucosii_bsp.a(alt_icache_flush_all.o)
 .bss           0x008125c4        0x0 ../servo_bsp//libucosii_bsp.a(alt_iic.o)
 .bss           0x008125c4        0x0 ../servo_bsp//libucosii_bsp.a(alt_iic_isr_register.o)
 .bss           0x008125c4        0x0 ../servo_bsp//libucosii_bsp.a(alt_io_redirect.o)
 .bss           0x008125c4        0x0 ../servo_bsp//libucosii_bsp.a(alt_irq_entry.o)
 .bss           0x008125c4        0x0 ../servo_bsp//libucosii_bsp.a(alt_irq_handler.o)
 .bss           0x008125c4        0x0 ../servo_bsp//libucosii_bsp.a(alt_irq_vars.o)
 .bss           0x008125c4        0x0 ../servo_bsp//libucosii_bsp.a(alt_open.o)
 .bss           0x008125c4        0x0 ../servo_bsp//libucosii_bsp.a(alt_tick.o)
 .bss           0x008125c4        0x0 ../servo_bsp//libucosii_bsp.a(altera_nios2_qsys_irq.o)
 .bss           0x008125c4        0x0 ../servo_bsp//libucosii_bsp.a(os_cpu_a.o)
 .bss           0x008125c4        0x0 ../servo_bsp//libucosii_bsp.a(os_cpu_c.o)
 .bss           0x008125c4        0x0 ../servo_bsp//libucosii_bsp.a(alt_exception_entry.o)
 .bss           0x008125c4        0x0 ../servo_bsp//libucosii_bsp.a(alt_find_file.o)
 .bss           0x008125c4        0x0 ../servo_bsp//libucosii_bsp.a(alt_get_fd.o)
 .bss           0x008125c4        0x0 /OPT/altera/12.1/nios2eds/bin/gnu/H-i686-pc-linux-gnu/bin/../lib/gcc/nios2-elf/4.1.2/../../../../nios2-elf/lib/mno-hw-mul/libc.a(lib_a-atexit.o)
 .bss           0x008125c4        0x0 /OPT/altera/12.1/nios2eds/bin/gnu/H-i686-pc-linux-gnu/bin/../lib/gcc/nios2-elf/4.1.2/../../../../nios2-elf/lib/mno-hw-mul/libc.a(lib_a-exit.o)
 .bss           0x008125c4        0x0 /OPT/altera/12.1/nios2eds/bin/gnu/H-i686-pc-linux-gnu/bin/../lib/gcc/nios2-elf/4.1.2/../../../../nios2-elf/lib/mno-hw-mul/libc.a(lib_a-memcmp.o)
 .bss           0x008125c4        0x0 /OPT/altera/12.1/nios2eds/bin/gnu/H-i686-pc-linux-gnu/bin/../lib/gcc/nios2-elf/4.1.2/../../../../nios2-elf/lib/mno-hw-mul/libc.a(lib_a-__atexit.o)
 .bss           0x008125c4        0x0 /OPT/altera/12.1/nios2eds/bin/gnu/H-i686-pc-linux-gnu/bin/../lib/gcc/nios2-elf/4.1.2/../../../../nios2-elf/lib/mno-hw-mul/libc.a(lib_a-__call_atexit.o)
 .bss           0x008125c4        0x0 /OPT/altera/12.1/nios2eds/bin/gnu/H-i686-pc-linux-gnu/bin/../lib/gcc/nios2-elf/4.1.2/mno-hw-mul/libgcc.a(lib2-divmod.o)
 .bss           0x008125c4        0x0 ../servo_bsp//libucosii_bsp.a(alt_exit.o)
 *(COMMON)
 COMMON         0x008125c4     0x8000 obj/default/hello_ucosii.o
                0x008125c4                task1_stk
                0x008145c4                task4_stk
                0x008165c4                task2_stk
                0x008185c4                task3_stk
 COMMON         0x0081a5c4     0x3224 ../servo_bsp//libucosii_bsp.a(os_core.o)
                0x0081a5c4                OSFlagTbl
                0x0081a934                OSMemTbl
                0x0081b564                OSTaskStatStk
                0x0081bd64                OSQTbl
                0x0081bf44                OSTaskIdleStk
                0x0081c744                OSEventTbl
                0x0081d284                OSTCBTbl
                0x0081d794                OSTCBPrioTbl
 COMMON         0x0081d7e8      0x100 ../servo_bsp//libucosii_bsp.a(alt_irq_handler.o)
                0x0081d7e8                alt_irq
 COMMON         0x0081d8e8      0x190 /OPT/altera/12.1/nios2eds/bin/gnu/H-i686-pc-linux-gnu/bin/../lib/gcc/nios2-elf/4.1.2/../../../../nios2-elf/lib/mno-hw-mul/libc.a(lib_a-atexit.o)
                0x0081d8e8                _atexit0
                0x0081da78                . = ALIGN (0x4)
                0x0081da78                __bss_end = ABSOLUTE (.)

.sdram_0        0x0081da78        0x0
                0x0081da78                PROVIDE (_alt_partition_sdram_0_start, ABSOLUTE (.))
 *(.sdram_0. sdram_0.*)
                0x0081da78                . = ALIGN (0x4)
                0x0081da78                PROVIDE (_alt_partition_sdram_0_end, ABSOLUTE (.))
                0x0081da78                _end = ABSOLUTE (.)
                0x0081da78                end = ABSOLUTE (.)
                0x0081da78                __alt_stack_base = ABSOLUTE (.)
                0x0081da78                PROVIDE (_alt_partition_sdram_0_load_addr, LOADADDR (.sdram_0))

.sram_0         0x01080000        0x0 load address 0x0081da78
                0x01080000                PROVIDE (_alt_partition_sram_0_start, ABSOLUTE (.))
 *(.sram_0. sram_0.*)
                0x01080000                . = ALIGN (0x4)
                0x01080000                PROVIDE (_alt_partition_sram_0_end, ABSOLUTE (.))
                0x0081da78                PROVIDE (_alt_partition_sram_0_load_addr, LOADADDR (.sram_0))

.onchip_memory2_0
                0x011041bc        0x0 load address 0x0081da78
                0x011041bc                PROVIDE (_alt_partition_onchip_memory2_0_start, ABSOLUTE (.))
 *(.onchip_memory2_0. onchip_memory2_0.*)
                0x011041bc                . = ALIGN (0x4)
                0x011041bc                PROVIDE (_alt_partition_onchip_memory2_0_end, ABSOLUTE (.))
                0x0081da78                PROVIDE (_alt_partition_onchip_memory2_0_load_addr, LOADADDR (.onchip_memory2_0))

.stab
 *(.stab)

.stabstr
 *(.stabstr)

.stab.excl
 *(.stab.excl)

.stab.exclstr
 *(.stab.exclstr)

.stab.index
 *(.stab.index)

.stab.indexstr
 *(.stab.indexstr)

.comment        0x00000000       0x26
 *(.comment)
 .comment       0x00000000       0x26 obj/default/hello_ucosii.o
                                 0x27 (size before relaxing)
 .comment       0x00000000       0x27 /OPT/altera/12.1/nios2eds/bin/gnu/H-i686-pc-linux-gnu/bin/../lib/gcc/nios2-elf/4.1.2/../../../../nios2-elf/lib/mno-hw-mul/libc.a(lib_a-puts.o)
 .comment       0x00000000       0x27 /OPT/altera/12.1/nios2eds/bin/gnu/H-i686-pc-linux-gnu/bin/../lib/gcc/nios2-elf/4.1.2/../../../../nios2-elf/lib/mno-hw-mul/libc.a(lib_a-strlen.o)
 .comment       0x00000000       0x27 /OPT/altera/12.1/nios2eds/bin/gnu/H-i686-pc-linux-gnu/bin/../lib/gcc/nios2-elf/4.1.2/../../../../nios2-elf/lib/mno-hw-mul/libc.a(lib_a-fvwrite.o)
 .comment       0x00000000       0x27 /OPT/altera/12.1/nios2eds/bin/gnu/H-i686-pc-linux-gnu/bin/../lib/gcc/nios2-elf/4.1.2/../../../../nios2-elf/lib/mno-hw-mul/libc.a(lib_a-impure.o)
 .comment       0x00000000       0x27 /OPT/altera/12.1/nios2eds/bin/gnu/H-i686-pc-linux-gnu/bin/../lib/gcc/nios2-elf/4.1.2/../../../../nios2-elf/lib/mno-hw-mul/libc.a(lib_a-mallocr.o)
 .comment       0x00000000       0x27 /OPT/altera/12.1/nios2eds/bin/gnu/H-i686-pc-linux-gnu/bin/../lib/gcc/nios2-elf/4.1.2/../../../../nios2-elf/lib/mno-hw-mul/libc.a(lib_a-memchr.o)
 .comment       0x00000000       0x27 /OPT/altera/12.1/nios2eds/bin/gnu/H-i686-pc-linux-gnu/bin/../lib/gcc/nios2-elf/4.1.2/../../../../nios2-elf/lib/mno-hw-mul/libc.a(lib_a-memcpy.o)
 .comment       0x00000000       0x27 /OPT/altera/12.1/nios2eds/bin/gnu/H-i686-pc-linux-gnu/bin/../lib/gcc/nios2-elf/4.1.2/../../../../nios2-elf/lib/mno-hw-mul/libc.a(lib_a-memmove.o)
 .comment       0x00000000       0x27 /OPT/altera/12.1/nios2eds/bin/gnu/H-i686-pc-linux-gnu/bin/../lib/gcc/nios2-elf/4.1.2/../../../../nios2-elf/lib/mno-hw-mul/libc.a(lib_a-reallocr.o)
 .comment       0x00000000       0x27 /OPT/altera/12.1/nios2eds/bin/gnu/H-i686-pc-linux-gnu/bin/../lib/gcc/nios2-elf/4.1.2/../../../../nios2-elf/lib/mno-hw-mul/libc.a(lib_a-sbrkr.o)
 .comment       0x00000000       0x27 /OPT/altera/12.1/nios2eds/bin/gnu/H-i686-pc-linux-gnu/bin/../lib/gcc/nios2-elf/4.1.2/../../../../nios2-elf/lib/mno-hw-mul/libc.a(lib_a-wsetup.o)
 .comment       0x00000000       0x27 /OPT/altera/12.1/nios2eds/bin/gnu/H-i686-pc-linux-gnu/bin/../lib/gcc/nios2-elf/4.1.2/../../../../nios2-elf/lib/mno-hw-mul/libc.a(lib_a-fflush.o)
 .comment       0x00000000       0x27 /OPT/altera/12.1/nios2eds/bin/gnu/H-i686-pc-linux-gnu/bin/../lib/gcc/nios2-elf/4.1.2/../../../../nios2-elf/lib/mno-hw-mul/libc.a(lib_a-findfp.o)
 .comment       0x00000000       0x27 /OPT/altera/12.1/nios2eds/bin/gnu/H-i686-pc-linux-gnu/bin/../lib/gcc/nios2-elf/4.1.2/../../../../nios2-elf/lib/mno-hw-mul/libc.a(lib_a-freer.o)
 .comment       0x00000000       0x27 /OPT/altera/12.1/nios2eds/bin/gnu/H-i686-pc-linux-gnu/bin/../lib/gcc/nios2-elf/4.1.2/../../../../nios2-elf/lib/mno-hw-mul/libc.a(lib_a-fwalk.o)
 .comment       0x00000000       0x27 /OPT/altera/12.1/nios2eds/bin/gnu/H-i686-pc-linux-gnu/bin/../lib/gcc/nios2-elf/4.1.2/../../../../nios2-elf/lib/mno-hw-mul/libc.a(lib_a-int_errno.o)
 .comment       0x00000000       0x27 /OPT/altera/12.1/nios2eds/bin/gnu/H-i686-pc-linux-gnu/bin/../lib/gcc/nios2-elf/4.1.2/../../../../nios2-elf/lib/mno-hw-mul/libc.a(lib_a-makebuf.o)
 .comment       0x00000000       0x27 /OPT/altera/12.1/nios2eds/bin/gnu/H-i686-pc-linux-gnu/bin/../lib/gcc/nios2-elf/4.1.2/../../../../nios2-elf/lib/mno-hw-mul/libc.a(lib_a-memset.o)
 .comment       0x00000000       0x27 /OPT/altera/12.1/nios2eds/bin/gnu/H-i686-pc-linux-gnu/bin/../lib/gcc/nios2-elf/4.1.2/../../../../nios2-elf/lib/mno-hw-mul/libc.a(lib_a-stdio.o)
 .comment       0x00000000       0x27 /OPT/altera/12.1/nios2eds/bin/gnu/H-i686-pc-linux-gnu/bin/../lib/gcc/nios2-elf/4.1.2/../../../../nios2-elf/lib/mno-hw-mul/libc.a(lib_a-writer.o)
 .comment       0x00000000       0x27 /OPT/altera/12.1/nios2eds/bin/gnu/H-i686-pc-linux-gnu/bin/../lib/gcc/nios2-elf/4.1.2/../../../../nios2-elf/lib/mno-hw-mul/libc.a(lib_a-closer.o)
 .comment       0x00000000       0x27 /OPT/altera/12.1/nios2eds/bin/gnu/H-i686-pc-linux-gnu/bin/../lib/gcc/nios2-elf/4.1.2/../../../../nios2-elf/lib/mno-hw-mul/libc.a(lib_a-fclose.o)
 .comment       0x00000000       0x27 /OPT/altera/12.1/nios2eds/bin/gnu/H-i686-pc-linux-gnu/bin/../lib/gcc/nios2-elf/4.1.2/../../../../nios2-elf/lib/mno-hw-mul/libc.a(lib_a-fstatr.o)
 .comment       0x00000000       0x27 /OPT/altera/12.1/nios2eds/bin/gnu/H-i686-pc-linux-gnu/bin/../lib/gcc/nios2-elf/4.1.2/../../../../nios2-elf/lib/mno-hw-mul/libc.a(lib_a-isattyr.o)
 .comment       0x00000000       0x27 /OPT/altera/12.1/nios2eds/bin/gnu/H-i686-pc-linux-gnu/bin/../lib/gcc/nios2-elf/4.1.2/../../../../nios2-elf/lib/mno-hw-mul/libc.a(lib_a-lseekr.o)
 .comment       0x00000000       0x27 /OPT/altera/12.1/nios2eds/bin/gnu/H-i686-pc-linux-gnu/bin/../lib/gcc/nios2-elf/4.1.2/../../../../nios2-elf/lib/mno-hw-mul/libc.a(lib_a-readr.o)
 .comment       0x00000000       0x27 /OPT/altera/12.1/nios2eds/bin/gnu/H-i686-pc-linux-gnu/bin/../lib/gcc/nios2-elf/4.1.2/mno-hw-mul/libgcc.a(lib2-mul.o)
 .comment       0x00000000       0x27 ../servo_bsp//libucosii_bsp.a(alt_close.o)
 .comment       0x00000000       0x27 ../servo_bsp//libucosii_bsp.a(alt_dev.o)
 .comment       0x00000000       0x27 ../servo_bsp//libucosii_bsp.a(alt_errno.o)
 .comment       0x00000000       0x27 ../servo_bsp//libucosii_bsp.a(alt_fstat.o)
 .comment       0x00000000       0x27 ../servo_bsp//libucosii_bsp.a(alt_isatty.o)
 .comment       0x00000000       0x27 ../servo_bsp//libucosii_bsp.a(alt_load.o)
 .comment       0x00000000       0x27 ../servo_bsp//libucosii_bsp.a(alt_lseek.o)
 .comment       0x00000000       0x27 ../servo_bsp//libucosii_bsp.a(alt_main.o)
 .comment       0x00000000       0x27 ../servo_bsp//libucosii_bsp.a(alt_read.o)
 .comment       0x00000000       0x27 ../servo_bsp//libucosii_bsp.a(alt_release_fd.o)
 .comment       0x00000000       0x27 ../servo_bsp//libucosii_bsp.a(alt_sbrk.o)
 .comment       0x00000000       0x27 ../servo_bsp//libucosii_bsp.a(alt_write.o)
 .comment       0x00000000       0x27 ../servo_bsp//libucosii_bsp.a(alt_env_lock.o)
 .comment       0x00000000       0x27 ../servo_bsp//libucosii_bsp.a(alt_malloc_lock.o)
 .comment       0x00000000       0x27 ../servo_bsp//libucosii_bsp.a(os_core.o)
 .comment       0x00000000       0x27 ../servo_bsp//libucosii_bsp.a(os_dbg.o)
 .comment       0x00000000       0x27 ../servo_bsp//libucosii_bsp.a(os_flag.o)
 .comment       0x00000000       0x27 ../servo_bsp//libucosii_bsp.a(os_mem.o)
 .comment       0x00000000       0x27 ../servo_bsp//libucosii_bsp.a(os_q.o)
 .comment       0x00000000       0x27 ../servo_bsp//libucosii_bsp.a(os_sem.o)
 .comment       0x00000000       0x27 ../servo_bsp//libucosii_bsp.a(os_task.o)
 .comment       0x00000000       0x27 ../servo_bsp//libucosii_bsp.a(os_time.o)
 .comment       0x00000000       0x27 ../servo_bsp//libucosii_bsp.a(alt_sys_init.o)
 .comment       0x00000000       0x27 ../servo_bsp//libucosii_bsp.a(altera_avalon_jtag_uart_fd.o)
 .comment       0x00000000       0x27 ../servo_bsp//libucosii_bsp.a(altera_avalon_jtag_uart_init.o)
 .comment       0x00000000       0x27 ../servo_bsp//libucosii_bsp.a(altera_avalon_jtag_uart_ioctl.o)
 .comment       0x00000000       0x27 ../servo_bsp//libucosii_bsp.a(altera_avalon_jtag_uart_read.o)
 .comment       0x00000000       0x27 ../servo_bsp//libucosii_bsp.a(altera_avalon_jtag_uart_write.o)
 .comment       0x00000000       0x27 ../servo_bsp//libucosii_bsp.a(altera_avalon_timer_sc.o)
 .comment       0x00000000       0x27 ../servo_bsp//libucosii_bsp.a(altera_up_avalon_character_lcd.o)
 .comment       0x00000000       0x27 ../servo_bsp//libucosii_bsp.a(alt_alarm_start.o)
 .comment       0x00000000       0x27 ../servo_bsp//libucosii_bsp.a(alt_dcache_flush_all.o)
 .comment       0x00000000       0x27 ../servo_bsp//libucosii_bsp.a(alt_dev_llist_insert.o)
 .comment       0x00000000       0x27 ../servo_bsp//libucosii_bsp.a(alt_do_ctors.o)
 .comment       0x00000000       0x27 ../servo_bsp//libucosii_bsp.a(alt_do_dtors.o)
 .comment       0x00000000       0x27 ../servo_bsp//libucosii_bsp.a(alt_find_dev.o)
 .comment       0x00000000       0x27 ../servo_bsp//libucosii_bsp.a(alt_icache_flush_all.o)
 .comment       0x00000000       0x27 ../servo_bsp//libucosii_bsp.a(alt_iic.o)
 .comment       0x00000000       0x27 ../servo_bsp//libucosii_bsp.a(alt_iic_isr_register.o)
 .comment       0x00000000       0x27 ../servo_bsp//libucosii_bsp.a(alt_io_redirect.o)
 .comment       0x00000000       0x27 ../servo_bsp//libucosii_bsp.a(alt_irq_handler.o)
 .comment       0x00000000       0x27 ../servo_bsp//libucosii_bsp.a(alt_irq_vars.o)
 .comment       0x00000000       0x27 ../servo_bsp//libucosii_bsp.a(alt_open.o)
 .comment       0x00000000       0x27 ../servo_bsp//libucosii_bsp.a(alt_tick.o)
 .comment       0x00000000       0x27 ../servo_bsp//libucosii_bsp.a(altera_nios2_qsys_irq.o)
 .comment       0x00000000       0x27 ../servo_bsp//libucosii_bsp.a(os_cpu_c.o)
 .comment       0x00000000       0x27 ../servo_bsp//libucosii_bsp.a(alt_find_file.o)
 .comment       0x00000000       0x27 ../servo_bsp//libucosii_bsp.a(alt_get_fd.o)
 .comment       0x00000000       0x27 /OPT/altera/12.1/nios2eds/bin/gnu/H-i686-pc-linux-gnu/bin/../lib/gcc/nios2-elf/4.1.2/../../../../nios2-elf/lib/mno-hw-mul/libc.a(lib_a-atexit.o)
 .comment       0x00000000       0x27 /OPT/altera/12.1/nios2eds/bin/gnu/H-i686-pc-linux-gnu/bin/../lib/gcc/nios2-elf/4.1.2/../../../../nios2-elf/lib/mno-hw-mul/libc.a(lib_a-exit.o)
 .comment       0x00000000       0x27 /OPT/altera/12.1/nios2eds/bin/gnu/H-i686-pc-linux-gnu/bin/../lib/gcc/nios2-elf/4.1.2/../../../../nios2-elf/lib/mno-hw-mul/libc.a(lib_a-memcmp.o)
 .comment       0x00000000       0x27 /OPT/altera/12.1/nios2eds/bin/gnu/H-i686-pc-linux-gnu/bin/../lib/gcc/nios2-elf/4.1.2/../../../../nios2-elf/lib/mno-hw-mul/libc.a(lib_a-__atexit.o)
 .comment       0x00000000       0x27 /OPT/altera/12.1/nios2eds/bin/gnu/H-i686-pc-linux-gnu/bin/../lib/gcc/nios2-elf/4.1.2/../../../../nios2-elf/lib/mno-hw-mul/libc.a(lib_a-__call_atexit.o)
 .comment       0x00000000       0x27 /OPT/altera/12.1/nios2eds/bin/gnu/H-i686-pc-linux-gnu/bin/../lib/gcc/nios2-elf/4.1.2/mno-hw-mul/libgcc.a(lib2-divmod.o)
 .comment       0x00000000       0x27 ../servo_bsp//libucosii_bsp.a(alt_exit.o)

.debug
 *(.debug)

.line
 *(.line)

.debug_srcinfo
 *(.debug_srcinfo)

.debug_sfnames
 *(.debug_sfnames)

.debug_aranges  0x00000000      0xa98
 *(.debug_aranges)
 .debug_aranges
                0x00000000       0x28 ../servo_bsp//obj/HAL/src/crt0.o
 .debug_aranges
                0x00000028       0x20 obj/default/hello_ucosii.o
 .debug_aranges
                0x00000048       0x20 /OPT/altera/12.1/nios2eds/bin/gnu/H-i686-pc-linux-gnu/bin/../lib/gcc/nios2-elf/4.1.2/../../../../nios2-elf/lib/mno-hw-mul/libc.a(lib_a-puts.o)
 .debug_aranges
                0x00000068       0x20 /OPT/altera/12.1/nios2eds/bin/gnu/H-i686-pc-linux-gnu/bin/../lib/gcc/nios2-elf/4.1.2/../../../../nios2-elf/lib/mno-hw-mul/libc.a(lib_a-strlen.o)
 .debug_aranges
                0x00000088       0x20 /OPT/altera/12.1/nios2eds/bin/gnu/H-i686-pc-linux-gnu/bin/../lib/gcc/nios2-elf/4.1.2/../../../../nios2-elf/lib/mno-hw-mul/libc.a(lib_a-fvwrite.o)
 .debug_aranges
                0x000000a8       0x20 /OPT/altera/12.1/nios2eds/bin/gnu/H-i686-pc-linux-gnu/bin/../lib/gcc/nios2-elf/4.1.2/../../../../nios2-elf/lib/mno-hw-mul/libc.a(lib_a-mallocr.o)
 .debug_aranges
                0x000000c8       0x20 /OPT/altera/12.1/nios2eds/bin/gnu/H-i686-pc-linux-gnu/bin/../lib/gcc/nios2-elf/4.1.2/../../../../nios2-elf/lib/mno-hw-mul/libc.a(lib_a-memchr.o)
 .debug_aranges
                0x000000e8       0x20 /OPT/altera/12.1/nios2eds/bin/gnu/H-i686-pc-linux-gnu/bin/../lib/gcc/nios2-elf/4.1.2/../../../../nios2-elf/lib/mno-hw-mul/libc.a(lib_a-memcpy.o)
 .debug_aranges
                0x00000108       0x20 /OPT/altera/12.1/nios2eds/bin/gnu/H-i686-pc-linux-gnu/bin/../lib/gcc/nios2-elf/4.1.2/../../../../nios2-elf/lib/mno-hw-mul/libc.a(lib_a-memmove.o)
 .debug_aranges
                0x00000128       0x20 /OPT/altera/12.1/nios2eds/bin/gnu/H-i686-pc-linux-gnu/bin/../lib/gcc/nios2-elf/4.1.2/../../../../nios2-elf/lib/mno-hw-mul/libc.a(lib_a-reallocr.o)
 .debug_aranges
                0x00000148       0x20 /OPT/altera/12.1/nios2eds/bin/gnu/H-i686-pc-linux-gnu/bin/../lib/gcc/nios2-elf/4.1.2/../../../../nios2-elf/lib/mno-hw-mul/libc.a(lib_a-sbrkr.o)
 .debug_aranges
                0x00000168       0x20 /OPT/altera/12.1/nios2eds/bin/gnu/H-i686-pc-linux-gnu/bin/../lib/gcc/nios2-elf/4.1.2/../../../../nios2-elf/lib/mno-hw-mul/libc.a(lib_a-wsetup.o)
 .debug_aranges
                0x00000188       0x20 /OPT/altera/12.1/nios2eds/bin/gnu/H-i686-pc-linux-gnu/bin/../lib/gcc/nios2-elf/4.1.2/../../../../nios2-elf/lib/mno-hw-mul/libc.a(lib_a-fflush.o)
 .debug_aranges
                0x000001a8       0x20 /OPT/altera/12.1/nios2eds/bin/gnu/H-i686-pc-linux-gnu/bin/../lib/gcc/nios2-elf/4.1.2/../../../../nios2-elf/lib/mno-hw-mul/libc.a(lib_a-findfp.o)
 .debug_aranges
                0x000001c8       0x20 /OPT/altera/12.1/nios2eds/bin/gnu/H-i686-pc-linux-gnu/bin/../lib/gcc/nios2-elf/4.1.2/../../../../nios2-elf/lib/mno-hw-mul/libc.a(lib_a-freer.o)
 .debug_aranges
                0x000001e8       0x20 /OPT/altera/12.1/nios2eds/bin/gnu/H-i686-pc-linux-gnu/bin/../lib/gcc/nios2-elf/4.1.2/../../../../nios2-elf/lib/mno-hw-mul/libc.a(lib_a-fwalk.o)
 .debug_aranges
                0x00000208       0x20 /OPT/altera/12.1/nios2eds/bin/gnu/H-i686-pc-linux-gnu/bin/../lib/gcc/nios2-elf/4.1.2/../../../../nios2-elf/lib/mno-hw-mul/libc.a(lib_a-makebuf.o)
 .debug_aranges
                0x00000228       0x20 /OPT/altera/12.1/nios2eds/bin/gnu/H-i686-pc-linux-gnu/bin/../lib/gcc/nios2-elf/4.1.2/../../../../nios2-elf/lib/mno-hw-mul/libc.a(lib_a-memset.o)
 .debug_aranges
                0x00000248       0x20 /OPT/altera/12.1/nios2eds/bin/gnu/H-i686-pc-linux-gnu/bin/../lib/gcc/nios2-elf/4.1.2/../../../../nios2-elf/lib/mno-hw-mul/libc.a(lib_a-stdio.o)
 .debug_aranges
                0x00000268       0x20 /OPT/altera/12.1/nios2eds/bin/gnu/H-i686-pc-linux-gnu/bin/../lib/gcc/nios2-elf/4.1.2/../../../../nios2-elf/lib/mno-hw-mul/libc.a(lib_a-writer.o)
 .debug_aranges
                0x00000288       0x20 /OPT/altera/12.1/nios2eds/bin/gnu/H-i686-pc-linux-gnu/bin/../lib/gcc/nios2-elf/4.1.2/../../../../nios2-elf/lib/mno-hw-mul/libc.a(lib_a-closer.o)
 .debug_aranges
                0x000002a8       0x20 /OPT/altera/12.1/nios2eds/bin/gnu/H-i686-pc-linux-gnu/bin/../lib/gcc/nios2-elf/4.1.2/../../../../nios2-elf/lib/mno-hw-mul/libc.a(lib_a-fclose.o)
 .debug_aranges
                0x000002c8       0x20 /OPT/altera/12.1/nios2eds/bin/gnu/H-i686-pc-linux-gnu/bin/../lib/gcc/nios2-elf/4.1.2/../../../../nios2-elf/lib/mno-hw-mul/libc.a(lib_a-fstatr.o)
 .debug_aranges
                0x000002e8       0x20 /OPT/altera/12.1/nios2eds/bin/gnu/H-i686-pc-linux-gnu/bin/../lib/gcc/nios2-elf/4.1.2/../../../../nios2-elf/lib/mno-hw-mul/libc.a(lib_a-isattyr.o)
 .debug_aranges
                0x00000308       0x20 /OPT/altera/12.1/nios2eds/bin/gnu/H-i686-pc-linux-gnu/bin/../lib/gcc/nios2-elf/4.1.2/../../../../nios2-elf/lib/mno-hw-mul/libc.a(lib_a-lseekr.o)
 .debug_aranges
                0x00000328       0x20 /OPT/altera/12.1/nios2eds/bin/gnu/H-i686-pc-linux-gnu/bin/../lib/gcc/nios2-elf/4.1.2/../../../../nios2-elf/lib/mno-hw-mul/libc.a(lib_a-readr.o)
 .debug_aranges
                0x00000348       0x20 /OPT/altera/12.1/nios2eds/bin/gnu/H-i686-pc-linux-gnu/bin/../lib/gcc/nios2-elf/4.1.2/mno-hw-mul/libgcc.a(lib2-mul.o)
 .debug_aranges
                0x00000368       0x20 ../servo_bsp//libucosii_bsp.a(alt_close.o)
 .debug_aranges
                0x00000388       0x20 ../servo_bsp//libucosii_bsp.a(alt_dev.o)
 .debug_aranges
                0x000003a8       0x20 ../servo_bsp//libucosii_bsp.a(alt_fstat.o)
 .debug_aranges
                0x000003c8       0x20 ../servo_bsp//libucosii_bsp.a(alt_isatty.o)
 .debug_aranges
                0x000003e8       0x20 ../servo_bsp//libucosii_bsp.a(alt_load.o)
 .debug_aranges
                0x00000408       0x20 ../servo_bsp//libucosii_bsp.a(alt_lseek.o)
 .debug_aranges
                0x00000428       0x20 ../servo_bsp//libucosii_bsp.a(alt_main.o)
 .debug_aranges
                0x00000448       0x20 ../servo_bsp//libucosii_bsp.a(alt_read.o)
 .debug_aranges
                0x00000468       0x20 ../servo_bsp//libucosii_bsp.a(alt_release_fd.o)
 .debug_aranges
                0x00000488       0x20 ../servo_bsp//libucosii_bsp.a(alt_sbrk.o)
 .debug_aranges
                0x000004a8       0x20 ../servo_bsp//libucosii_bsp.a(alt_write.o)
 .debug_aranges
                0x000004c8       0x20 ../servo_bsp//libucosii_bsp.a(alt_env_lock.o)
 .debug_aranges
                0x000004e8       0x20 ../servo_bsp//libucosii_bsp.a(alt_malloc_lock.o)
 .debug_aranges
                0x00000508       0x20 ../servo_bsp//libucosii_bsp.a(os_core.o)
 .debug_aranges
                0x00000528       0x20 ../servo_bsp//libucosii_bsp.a(os_dbg.o)
 .debug_aranges
                0x00000548       0x20 ../servo_bsp//libucosii_bsp.a(os_flag.o)
 .debug_aranges
                0x00000568       0x20 ../servo_bsp//libucosii_bsp.a(os_mem.o)
 .debug_aranges
                0x00000588       0x20 ../servo_bsp//libucosii_bsp.a(os_q.o)
 .debug_aranges
                0x000005a8       0x20 ../servo_bsp//libucosii_bsp.a(os_sem.o)
 .debug_aranges
                0x000005c8       0x20 ../servo_bsp//libucosii_bsp.a(os_task.o)
 .debug_aranges
                0x000005e8       0x20 ../servo_bsp//libucosii_bsp.a(os_time.o)
 .debug_aranges
                0x00000608       0x20 ../servo_bsp//libucosii_bsp.a(alt_sys_init.o)
 .debug_aranges
                0x00000628       0x20 ../servo_bsp//libucosii_bsp.a(altera_avalon_jtag_uart_fd.o)
 .debug_aranges
                0x00000648       0x20 ../servo_bsp//libucosii_bsp.a(altera_avalon_jtag_uart_init.o)
 .debug_aranges
                0x00000668       0x20 ../servo_bsp//libucosii_bsp.a(altera_avalon_jtag_uart_ioctl.o)
 .debug_aranges
                0x00000688       0x20 ../servo_bsp//libucosii_bsp.a(altera_avalon_jtag_uart_read.o)
 .debug_aranges
                0x000006a8       0x20 ../servo_bsp//libucosii_bsp.a(altera_avalon_jtag_uart_write.o)
 .debug_aranges
                0x000006c8       0x20 ../servo_bsp//libucosii_bsp.a(altera_avalon_timer_sc.o)
 .debug_aranges
                0x000006e8       0x20 ../servo_bsp//libucosii_bsp.a(altera_up_avalon_character_lcd.o)
 .debug_aranges
                0x00000708       0x20 ../servo_bsp//libucosii_bsp.a(alt_alarm_start.o)
 .debug_aranges
                0x00000728       0x20 ../servo_bsp//libucosii_bsp.a(alt_dcache_flush_all.o)
 .debug_aranges
                0x00000748       0x20 ../servo_bsp//libucosii_bsp.a(alt_dev_llist_insert.o)
 .debug_aranges
                0x00000768       0x20 ../servo_bsp//libucosii_bsp.a(alt_do_ctors.o)
 .debug_aranges
                0x00000788       0x20 ../servo_bsp//libucosii_bsp.a(alt_do_dtors.o)
 .debug_aranges
                0x000007a8       0x20 ../servo_bsp//libucosii_bsp.a(alt_find_dev.o)
 .debug_aranges
                0x000007c8       0x20 ../servo_bsp//libucosii_bsp.a(alt_icache_flush_all.o)
 .debug_aranges
                0x000007e8       0x20 ../servo_bsp//libucosii_bsp.a(alt_iic.o)
 .debug_aranges
                0x00000808       0x20 ../servo_bsp//libucosii_bsp.a(alt_iic_isr_register.o)
 .debug_aranges
                0x00000828       0x20 ../servo_bsp//libucosii_bsp.a(alt_io_redirect.o)
 .debug_aranges
                0x00000848       0x30 ../servo_bsp//libucosii_bsp.a(alt_irq_entry.o)
 .debug_aranges
                0x00000878       0x28 ../servo_bsp//libucosii_bsp.a(alt_irq_handler.o)
 .debug_aranges
                0x000008a0       0x20 ../servo_bsp//libucosii_bsp.a(alt_open.o)
 .debug_aranges
                0x000008c0       0x20 ../servo_bsp//libucosii_bsp.a(alt_tick.o)
 .debug_aranges
                0x000008e0       0x20 ../servo_bsp//libucosii_bsp.a(altera_nios2_qsys_irq.o)
 .debug_aranges
                0x00000900       0x20 ../servo_bsp//libucosii_bsp.a(os_cpu_a.o)
 .debug_aranges
                0x00000920       0x20 ../servo_bsp//libucosii_bsp.a(os_cpu_c.o)
 .debug_aranges
                0x00000940       0x38 ../servo_bsp//libucosii_bsp.a(alt_exception_entry.o)
 .debug_aranges
                0x00000978       0x20 ../servo_bsp//libucosii_bsp.a(alt_find_file.o)
 .debug_aranges
                0x00000998       0x20 ../servo_bsp//libucosii_bsp.a(alt_get_fd.o)
 .debug_aranges
                0x000009b8       0x20 /OPT/altera/12.1/nios2eds/bin/gnu/H-i686-pc-linux-gnu/bin/../lib/gcc/nios2-elf/4.1.2/../../../../nios2-elf/lib/mno-hw-mul/libc.a(lib_a-atexit.o)
 .debug_aranges
                0x000009d8       0x20 /OPT/altera/12.1/nios2eds/bin/gnu/H-i686-pc-linux-gnu/bin/../lib/gcc/nios2-elf/4.1.2/../../../../nios2-elf/lib/mno-hw-mul/libc.a(lib_a-exit.o)
 .debug_aranges
                0x000009f8       0x20 /OPT/altera/12.1/nios2eds/bin/gnu/H-i686-pc-linux-gnu/bin/../lib/gcc/nios2-elf/4.1.2/../../../../nios2-elf/lib/mno-hw-mul/libc.a(lib_a-memcmp.o)
 .debug_aranges
                0x00000a18       0x20 /OPT/altera/12.1/nios2eds/bin/gnu/H-i686-pc-linux-gnu/bin/../lib/gcc/nios2-elf/4.1.2/../../../../nios2-elf/lib/mno-hw-mul/libc.a(lib_a-__atexit.o)
 .debug_aranges
                0x00000a38       0x20 /OPT/altera/12.1/nios2eds/bin/gnu/H-i686-pc-linux-gnu/bin/../lib/gcc/nios2-elf/4.1.2/../../../../nios2-elf/lib/mno-hw-mul/libc.a(lib_a-__call_atexit.o)
 .debug_aranges
                0x00000a58       0x20 /OPT/altera/12.1/nios2eds/bin/gnu/H-i686-pc-linux-gnu/bin/../lib/gcc/nios2-elf/4.1.2/mno-hw-mul/libgcc.a(lib2-divmod.o)
 .debug_aranges
                0x00000a78       0x20 ../servo_bsp//libucosii_bsp.a(alt_exit.o)

.debug_pubnames
                0x00000000     0x1cbc
 *(.debug_pubnames)
 .debug_pubnames
                0x00000000       0xc3 obj/default/hello_ucosii.o
 .debug_pubnames
                0x000000c3       0x27 /OPT/altera/12.1/nios2eds/bin/gnu/H-i686-pc-linux-gnu/bin/../lib/gcc/nios2-elf/4.1.2/../../../../nios2-elf/lib/mno-hw-mul/libc.a(lib_a-puts.o)
 .debug_pubnames
                0x000000ea       0x1d /OPT/altera/12.1/nios2eds/bin/gnu/H-i686-pc-linux-gnu/bin/../lib/gcc/nios2-elf/4.1.2/../../../../nios2-elf/lib/mno-hw-mul/libc.a(lib_a-strlen.o)
 .debug_pubnames
                0x00000107       0x23 /OPT/altera/12.1/nios2eds/bin/gnu/H-i686-pc-linux-gnu/bin/../lib/gcc/nios2-elf/4.1.2/../../../../nios2-elf/lib/mno-hw-mul/libc.a(lib_a-fvwrite.o)
 .debug_pubnames
                0x0000012a       0x39 /OPT/altera/12.1/nios2eds/bin/gnu/H-i686-pc-linux-gnu/bin/../lib/gcc/nios2-elf/4.1.2/../../../../nios2-elf/lib/mno-hw-mul/libc.a(lib_a-impure.o)
 .debug_pubnames
                0x00000163       0xce /OPT/altera/12.1/nios2eds/bin/gnu/H-i686-pc-linux-gnu/bin/../lib/gcc/nios2-elf/4.1.2/../../../../nios2-elf/lib/mno-hw-mul/libc.a(lib_a-mallocr.o)
 .debug_pubnames
                0x00000231       0x1d /OPT/altera/12.1/nios2eds/bin/gnu/H-i686-pc-linux-gnu/bin/../lib/gcc/nios2-elf/4.1.2/../../../../nios2-elf/lib/mno-hw-mul/libc.a(lib_a-memchr.o)
 .debug_pubnames
                0x0000024e       0x1d /OPT/altera/12.1/nios2eds/bin/gnu/H-i686-pc-linux-gnu/bin/../lib/gcc/nios2-elf/4.1.2/../../../../nios2-elf/lib/mno-hw-mul/libc.a(lib_a-memcpy.o)
 .debug_pubnames
                0x0000026b       0x1e /OPT/altera/12.1/nios2eds/bin/gnu/H-i686-pc-linux-gnu/bin/../lib/gcc/nios2-elf/4.1.2/../../../../nios2-elf/lib/mno-hw-mul/libc.a(lib_a-memmove.o)
 .debug_pubnames
                0x00000289       0x21 /OPT/altera/12.1/nios2eds/bin/gnu/H-i686-pc-linux-gnu/bin/../lib/gcc/nios2-elf/4.1.2/../../../../nios2-elf/lib/mno-hw-mul/libc.a(lib_a-reallocr.o)
 .debug_pubnames
                0x000002aa       0x1e /OPT/altera/12.1/nios2eds/bin/gnu/H-i686-pc-linux-gnu/bin/../lib/gcc/nios2-elf/4.1.2/../../../../nios2-elf/lib/mno-hw-mul/libc.a(lib_a-sbrkr.o)
 .debug_pubnames
                0x000002c8       0x22 /OPT/altera/12.1/nios2eds/bin/gnu/H-i686-pc-linux-gnu/bin/../lib/gcc/nios2-elf/4.1.2/../../../../nios2-elf/lib/mno-hw-mul/libc.a(lib_a-wsetup.o)
 .debug_pubnames
                0x000002ea       0x2b /OPT/altera/12.1/nios2eds/bin/gnu/H-i686-pc-linux-gnu/bin/../lib/gcc/nios2-elf/4.1.2/../../../../nios2-elf/lib/mno-hw-mul/libc.a(lib_a-fflush.o)
 .debug_pubnames
                0x00000315       0xdb /OPT/altera/12.1/nios2eds/bin/gnu/H-i686-pc-linux-gnu/bin/../lib/gcc/nios2-elf/4.1.2/../../../../nios2-elf/lib/mno-hw-mul/libc.a(lib_a-findfp.o)
 .debug_pubnames
                0x000003f0       0x31 /OPT/altera/12.1/nios2eds/bin/gnu/H-i686-pc-linux-gnu/bin/../lib/gcc/nios2-elf/4.1.2/../../../../nios2-elf/lib/mno-hw-mul/libc.a(lib_a-freer.o)
 .debug_pubnames
                0x00000421       0x2e /OPT/altera/12.1/nios2eds/bin/gnu/H-i686-pc-linux-gnu/bin/../lib/gcc/nios2-elf/4.1.2/../../../../nios2-elf/lib/mno-hw-mul/libc.a(lib_a-fwalk.o)
 .debug_pubnames
                0x0000044f       0x1c /OPT/altera/12.1/nios2eds/bin/gnu/H-i686-pc-linux-gnu/bin/../lib/gcc/nios2-elf/4.1.2/../../../../nios2-elf/lib/mno-hw-mul/libc.a(lib_a-int_errno.o)
 .debug_pubnames
                0x0000046b       0x23 /OPT/altera/12.1/nios2eds/bin/gnu/H-i686-pc-linux-gnu/bin/../lib/gcc/nios2-elf/4.1.2/../../../../nios2-elf/lib/mno-hw-mul/libc.a(lib_a-makebuf.o)
 .debug_pubnames
                0x0000048e       0x1d /OPT/altera/12.1/nios2eds/bin/gnu/H-i686-pc-linux-gnu/bin/../lib/gcc/nios2-elf/4.1.2/../../../../nios2-elf/lib/mno-hw-mul/libc.a(lib_a-memset.o)
 .debug_pubnames
                0x000004ab       0x44 /OPT/altera/12.1/nios2eds/bin/gnu/H-i686-pc-linux-gnu/bin/../lib/gcc/nios2-elf/4.1.2/../../../../nios2-elf/lib/mno-hw-mul/libc.a(lib_a-stdio.o)
 .debug_pubnames
                0x000004ef       0x1f /OPT/altera/12.1/nios2eds/bin/gnu/H-i686-pc-linux-gnu/bin/../lib/gcc/nios2-elf/4.1.2/../../../../nios2-elf/lib/mno-hw-mul/libc.a(lib_a-writer.o)
 .debug_pubnames
                0x0000050e       0x1f /OPT/altera/12.1/nios2eds/bin/gnu/H-i686-pc-linux-gnu/bin/../lib/gcc/nios2-elf/4.1.2/../../../../nios2-elf/lib/mno-hw-mul/libc.a(lib_a-closer.o)
 .debug_pubnames
                0x0000052d       0x2b /OPT/altera/12.1/nios2eds/bin/gnu/H-i686-pc-linux-gnu/bin/../lib/gcc/nios2-elf/4.1.2/../../../../nios2-elf/lib/mno-hw-mul/libc.a(lib_a-fclose.o)
 .debug_pubnames
                0x00000558       0x1f /OPT/altera/12.1/nios2eds/bin/gnu/H-i686-pc-linux-gnu/bin/../lib/gcc/nios2-elf/4.1.2/../../../../nios2-elf/lib/mno-hw-mul/libc.a(lib_a-fstatr.o)
 .debug_pubnames
                0x00000577       0x20 /OPT/altera/12.1/nios2eds/bin/gnu/H-i686-pc-linux-gnu/bin/../lib/gcc/nios2-elf/4.1.2/../../../../nios2-elf/lib/mno-hw-mul/libc.a(lib_a-isattyr.o)
 .debug_pubnames
                0x00000597       0x1f /OPT/altera/12.1/nios2eds/bin/gnu/H-i686-pc-linux-gnu/bin/../lib/gcc/nios2-elf/4.1.2/../../../../nios2-elf/lib/mno-hw-mul/libc.a(lib_a-lseekr.o)
 .debug_pubnames
                0x000005b6       0x1e /OPT/altera/12.1/nios2eds/bin/gnu/H-i686-pc-linux-gnu/bin/../lib/gcc/nios2-elf/4.1.2/../../../../nios2-elf/lib/mno-hw-mul/libc.a(lib_a-readr.o)
 .debug_pubnames
                0x000005d4       0x1f /OPT/altera/12.1/nios2eds/bin/gnu/H-i686-pc-linux-gnu/bin/../lib/gcc/nios2-elf/4.1.2/mno-hw-mul/libgcc.a(lib2-mul.o)
 .debug_pubnames
                0x000005f3       0x1c ../servo_bsp//libucosii_bsp.a(alt_close.o)
 .debug_pubnames
                0x0000060f       0x78 ../servo_bsp//libucosii_bsp.a(alt_dev.o)
 .debug_pubnames
                0x00000687       0x20 ../servo_bsp//libucosii_bsp.a(alt_errno.o)
 .debug_pubnames
                0x000006a7       0x1c ../servo_bsp//libucosii_bsp.a(alt_fstat.o)
 .debug_pubnames
                0x000006c3       0x1d ../servo_bsp//libucosii_bsp.a(alt_isatty.o)
 .debug_pubnames
                0x000006e0       0x1f ../servo_bsp//libucosii_bsp.a(alt_load.o)
 .debug_pubnames
                0x000006ff       0x1c ../servo_bsp//libucosii_bsp.a(alt_lseek.o)
 .debug_pubnames
                0x0000071b       0x46 ../servo_bsp//libucosii_bsp.a(alt_main.o)
 .debug_pubnames
                0x00000761       0x1b ../servo_bsp//libucosii_bsp.a(alt_read.o)
 .debug_pubnames
                0x0000077c       0x25 ../servo_bsp//libucosii_bsp.a(alt_release_fd.o)
 .debug_pubnames
                0x000007a1       0x1b ../servo_bsp//libucosii_bsp.a(alt_sbrk.o)
 .debug_pubnames
                0x000007bc       0x1c ../servo_bsp//libucosii_bsp.a(alt_write.o)
 .debug_pubnames
                0x000007d8       0x41 ../servo_bsp//libucosii_bsp.a(alt_env_lock.o)
 .debug_pubnames
                0x00000819       0x48 ../servo_bsp//libucosii_bsp.a(alt_malloc_lock.o)
 .debug_pubnames
                0x00000861      0x3f8 ../servo_bsp//libucosii_bsp.a(os_core.o)
 .debug_pubnames
                0x00000c59      0x3c5 ../servo_bsp//libucosii_bsp.a(os_dbg.o)
 .debug_pubnames
                0x0000101e       0xd0 ../servo_bsp//libucosii_bsp.a(os_flag.o)
 .debug_pubnames
                0x000010ee       0x7c ../servo_bsp//libucosii_bsp.a(os_mem.o)
 .debug_pubnames
                0x0000116a       0xa9 ../servo_bsp//libucosii_bsp.a(os_q.o)
 .debug_pubnames
                0x00001213       0x8a ../servo_bsp//libucosii_bsp.a(os_sem.o)
 .debug_pubnames
                0x0000129d       0xe5 ../servo_bsp//libucosii_bsp.a(os_task.o)
 .debug_pubnames
                0x00001382       0x62 ../servo_bsp//libucosii_bsp.a(os_time.o)
 .debug_pubnames
                0x000013e4       0x34 ../servo_bsp//libucosii_bsp.a(alt_sys_init.o)
 .debug_pubnames
                0x00001418       0xa5 ../servo_bsp//libucosii_bsp.a(altera_avalon_jtag_uart_fd.o)
 .debug_pubnames
                0x000014bd       0x55 ../servo_bsp//libucosii_bsp.a(altera_avalon_jtag_uart_init.o)
 .debug_pubnames
                0x00001512       0x34 ../servo_bsp//libucosii_bsp.a(altera_avalon_jtag_uart_ioctl.o)
 .debug_pubnames
                0x00001546       0x33 ../servo_bsp//libucosii_bsp.a(altera_avalon_jtag_uart_read.o)
 .debug_pubnames