Archive member included because of file (symbol)

/OPT/altera/12.1/nios2eds/bin/gnu/H-i686-pc-linux-gnu/bin/../lib/gcc/nios2-elf/4.1.2/mno-hw-mul/libgcc.a(lib2-divmod.o)
                              obj/default/hello_ucosii.o (__modsi3)
/OPT/altera/12.1/nios2eds/bin/gnu/H-i686-pc-linux-gnu/bin/../lib/gcc/nios2-elf/4.1.2/../../../../nios2-elf/lib/mno-hw-mul/libc.a(lib_a-printf.o)
                              obj/default/hello_ucosii.o (printf)
/OPT/altera/12.1/nios2eds/bin/gnu/H-i686-pc-linux-gnu/bin/../lib/gcc/nios2-elf/4.1.2/../../../../nios2-elf/lib/mno-hw-mul/libc.a(lib_a-puts.o)
                              obj/default/hello_ucosii.o (puts)
/OPT/altera/12.1/nios2eds/bin/gnu/H-i686-pc-linux-gnu/bin/../lib/gcc/nios2-elf/4.1.2/../../../../nios2-elf/lib/mno-hw-mul/libc.a(lib_a-strlen.o)
                              /OPT/altera/12.1/nios2eds/bin/gnu/H-i686-pc-linux-gnu/bin/../lib/gcc/nios2-elf/4.1.2/../../../../nios2-elf/lib/mno-hw-mul/libc.a(lib_a-puts.o) (strlen)
/OPT/altera/12.1/nios2eds/bin/gnu/H-i686-pc-linux-gnu/bin/../lib/gcc/nios2-elf/4.1.2/../../../../nios2-elf/lib/mno-hw-mul/libc.a(lib_a-vfprintf.o)
                              /OPT/altera/12.1/nios2eds/bin/gnu/H-i686-pc-linux-gnu/bin/../lib/gcc/nios2-elf/4.1.2/../../../../nios2-elf/lib/mno-hw-mul/libc.a(lib_a-printf.o) (___vfprintf_internal_r)
/OPT/altera/12.1/nios2eds/bin/gnu/H-i686-pc-linux-gnu/bin/../lib/gcc/nios2-elf/4.1.2/../../../../nios2-elf/lib/mno-hw-mul/libc.a(lib_a-wsetup.o)
                              /OPT/altera/12.1/nios2eds/bin/gnu/H-i686-pc-linux-gnu/bin/../lib/gcc/nios2-elf/4.1.2/../../../../nios2-elf/lib/mno-hw-mul/libc.a(lib_a-vfprintf.o) (__swsetup_r)
/OPT/altera/12.1/nios2eds/bin/gnu/H-i686-pc-linux-gnu/bin/../lib/gcc/nios2-elf/4.1.2/../../../../nios2-elf/lib/mno-hw-mul/libc.a(lib_a-dtoa.o)
                              /OPT/altera/12.1/nios2eds/bin/gnu/H-i686-pc-linux-gnu/bin/../lib/gcc/nios2-elf/4.1.2/../../../../nios2-elf/lib/mno-hw-mul/libc.a(lib_a-vfprintf.o) (_dtoa_r)
/OPT/altera/12.1/nios2eds/bin/gnu/H-i686-pc-linux-gnu/bin/../lib/gcc/nios2-elf/4.1.2/../../../../nios2-elf/lib/mno-hw-mul/libc.a(lib_a-fflush.o)
                              /OPT/altera/12.1/nios2eds/bin/gnu/H-i686-pc-linux-gnu/bin/../lib/gcc/nios2-elf/4.1.2/../../../../nios2-elf/lib/mno-hw-mul/libc.a(lib_a-vfprintf.o) (_fflush_r)
/OPT/altera/12.1/nios2eds/bin/gnu/H-i686-pc-linux-gnu/bin/../lib/gcc/nios2-elf/4.1.2/../../../../nios2-elf/lib/mno-hw-mul/libc.a(lib_a-findfp.o)
                              /OPT/altera/12.1/nios2eds/bin/gnu/H-i686-pc-linux-gnu/bin/../lib/gcc/nios2-elf/4.1.2/../../../../nios2-elf/lib/mno-hw-mul/libc.a(lib_a-vfprintf.o) (__sinit)
/OPT/altera/12.1/nios2eds/bin/gnu/H-i686-pc-linux-gnu/bin/../lib/gcc/nios2-elf/4.1.2/../../../../nios2-elf/lib/mno-hw-mul/libc.a(lib_a-freer.o)
                              /OPT/altera/12.1/nios2eds/bin/gnu/H-i686-pc-linux-gnu/bin/../lib/gcc/nios2-elf/4.1.2/../../../../nios2-elf/lib/mno-hw-mul/libc.a(lib_a-wsetup.o) (_free_r)
/OPT/altera/12.1/nios2eds/bin/gnu/H-i686-pc-linux-gnu/bin/../lib/gcc/nios2-elf/4.1.2/../../../../nios2-elf/lib/mno-hw-mul/libc.a(lib_a-fvwrite.o)
                              /OPT/altera/12.1/nios2eds/bin/gnu/H-i686-pc-linux-gnu/bin/../lib/gcc/nios2-elf/4.1.2/../../../../nios2-elf/lib/mno-hw-mul/libc.a(lib_a-puts.o) (__sfvwrite_r)
/OPT/altera/12.1/nios2eds/bin/gnu/H-i686-pc-linux-gnu/bin/../lib/gcc/nios2-elf/4.1.2/../../../../nios2-elf/lib/mno-hw-mul/libc.a(lib_a-fwalk.o)
                              /OPT/altera/12.1/nios2eds/bin/gnu/H-i686-pc-linux-gnu/bin/../lib/gcc/nios2-elf/4.1.2/../../../../nios2-elf/lib/mno-hw-mul/libc.a(lib_a-fflush.o) (_fwalk_reent)
/OPT/altera/12.1/nios2eds/bin/gnu/H-i686-pc-linux-gnu/bin/../lib/gcc/nios2-elf/4.1.2/../../../../nios2-elf/lib/mno-hw-mul/libc.a(lib_a-impure.o)
                              /OPT/altera/12.1/nios2eds/bin/gnu/H-i686-pc-linux-gnu/bin/../lib/gcc/nios2-elf/4.1.2/../../../../nios2-elf/lib/mno-hw-mul/libc.a(lib_a-printf.o) (_impure_ptr)
/OPT/altera/12.1/nios2eds/bin/gnu/H-i686-pc-linux-gnu/bin/../lib/gcc/nios2-elf/4.1.2/../../../../nios2-elf/lib/mno-hw-mul/libc.a(lib_a-locale.o)
                              /OPT/altera/12.1/nios2eds/bin/gnu/H-i686-pc-linux-gnu/bin/../lib/gcc/nios2-elf/4.1.2/../../../../nios2-elf/lib/mno-hw-mul/libc.a(lib_a-vfprintf.o) (_localeconv_r)
/OPT/altera/12.1/nios2eds/bin/gnu/H-i686-pc-linux-gnu/bin/../lib/gcc/nios2-elf/4.1.2/../../../../nios2-elf/lib/mno-hw-mul/libc.a(lib_a-makebuf.o)
                              /OPT/altera/12.1/nios2eds/bin/gnu/H-i686-pc-linux-gnu/bin/../lib/gcc/nios2-elf/4.1.2/../../../../nios2-elf/lib/mno-hw-mul/libc.a(lib_a-wsetup.o) (__smakebuf_r)
/OPT/altera/12.1/nios2eds/bin/gnu/H-i686-pc-linux-gnu/bin/../lib/gcc/nios2-elf/4.1.2/../../../../nios2-elf/lib/mno-hw-mul/libc.a(lib_a-mallocr.o)
                              /OPT/altera/12.1/nios2eds/bin/gnu/H-i686-pc-linux-gnu/bin/../lib/gcc/nios2-elf/4.1.2/../../../../nios2-elf/lib/mno-hw-mul/libc.a(lib_a-findfp.o) (_malloc_r)
[...]
Memory Configuration

Name             Origin             Length             Attributes
sdram_0          0x00800000         0x00800000
sram_0           0x01080000         0x00080000
reset            0x01104000         0x00000020
onchip_memory2_0 0x01104020         0x00003fe0
*default*        0x00000000         0xffffffff

Linker script and memory map

LOAD ../servo_bsp//obj/HAL/src/crt0.o
LOAD obj/default/hello_ucosii.o
LOAD /OPT/altera/12.1/nios2eds/bin/gnu/H-i686-pc-linux-gnu/bin/../lib/gcc/nios2-elf/4.1.2/../../../../nios2-elf/lib/mno-hw-mul/libstdc++.a
LOAD /OPT/altera/12.1/nios2eds/bin/gnu/H-i686-pc-linux-gnu/bin/../lib/gcc/nios2-elf/4.1.2/../../../../nios2-elf/lib/mno-hw-mul/libm.a
LOAD /OPT/altera/12.1/nios2eds/bin/gnu/H-i686-pc-linux-gnu/bin/../lib/gcc/nios2-elf/4.1.2/mno-hw-mul/libgcc.a
START GROUP
LOAD /OPT/altera/12.1/nios2eds/bin/gnu/H-i686-pc-linux-gnu/bin/../lib/gcc/nios2-elf/4.1.2/../../../../nios2-elf/lib/mno-hw-mul/libc.a
LOAD /OPT/altera/12.1/nios2eds/bin/gnu/H-i686-pc-linux-gnu/bin/../lib/gcc/nios2-elf/4.1.2/mno-hw-mul/libgcc.a
LOAD ../servo_bsp//libucosii_bsp.a
END GROUP
LOAD /OPT/altera/12.1/nios2eds/bin/gnu/H-i686-pc-linux-gnu/bin/../lib/gcc/nios2-elf/4.1.2/mno-hw-mul/libgcc.a
                0x00800000                __alt_mem_sdram_0 = 0x800000
                0x01080000                __alt_mem_sram_0 = 0x1080000
                0x01104000                __alt_mem_onchip_memory2_0 = 0x1104000

.entry          0x01104000       0x20
 *(.entry)
 .entry         0x01104000       0x20 ../servo_bsp//obj/HAL/src/crt0.o
                0x01104000                __reset

.exceptions     0x01104020      0x1a0 load address 0x00800000
                0x01104020                PROVIDE (__ram_exceptions_start, ABSOLUTE (.))
                0x01104020                . = ALIGN (0x20)
 *(.irq)
 *(.exceptions.entry.label)
 .exceptions.entry.label
                0x01104020        0x0 ../servo_bsp//libucosii_bsp.a(alt_irq_entry.o)
                0x01104020                alt_irq_entry
 .exceptions.entry.label
                0x01104020        0x0 ../servo_bsp//libucosii_bsp.a(alt_exception_entry.o)
                0x01104020                alt_exception
 *(.exceptions.entry.user)
 *(.exceptions.entry)
 .exceptions.entry
                0x01104020       0x54 ../servo_bsp//libucosii_bsp.a(alt_exception_entry.o)
 *(.exceptions.irqtest.user)
 *(.exceptions.irqtest)
 .exceptions.irqtest
                0x01104074       0x10 ../servo_bsp//libucosii_bsp.a(alt_irq_entry.o)
 *(.exceptions.irqhandler.user)
 *(.exceptions.irqhandler)
 .exceptions.irqhandler
                0x01104084        0x4 ../servo_bsp//libucosii_bsp.a(alt_irq_entry.o)
 *(.exceptions.irqreturn.user)
 *(.exceptions.irqreturn)
 .exceptions.irqreturn
                0x01104088        0x4 ../servo_bsp//libucosii_bsp.a(alt_irq_entry.o)
 *(.exceptions.notirq.label)
 .exceptions.notirq.label
                0x0110408c        0x0 ../servo_bsp//libucosii_bsp.a(alt_irq_entry.o)
 *(.exceptions.notirq.user)
 *(.exceptions.notirq)
 .exceptions.notirq
                0x0110408c        0x8 ../servo_bsp//libucosii_bsp.a(alt_exception_entry.o)
 *(.exceptions.soft.user)
 *(.exceptions.soft)
 *(.exceptions.unknown.user)
 *(.exceptions.unknown)
 .exceptions.unknown
                0x01104094        0x4 ../servo_bsp//libucosii_bsp.a(alt_exception_entry.o)
 *(.exceptions.exit.label)
 .exceptions.exit.label
                0x01104098        0x0 ../servo_bsp//libucosii_bsp.a(alt_irq_entry.o)
 .exceptions.exit.label
                0x01104098        0x0 ../servo_bsp//libucosii_bsp.a(alt_exception_entry.o)
 *(.exceptions.exit.user)
 *(.exceptions.exit)
 .exceptions.exit
                0x01104098       0x54 ../servo_bsp//libucosii_bsp.a(alt_exception_entry.o)
 *(.exceptions)
 .exceptions    0x011040ec       0xd4 ../servo_bsp//libucosii_bsp.a(alt_irq_handler.o)
                0x011040ec                alt_irq_handler
                0x011041c0                PROVIDE (__ram_exceptions_end, ABSOLUTE (.))
                0x00800000                PROVIDE (__flash_exceptions_start, LOADADDR (.exceptions))

.text           0x008001a0    0x15e34
                0x008001a0                PROVIDE (stext, ABSOLUTE (.))
 *(.interp)
 *(.hash)
 *(.dynsym)
 *(.dynstr)
 *(.gnu.version)
 *(.gnu.version_d)
 *(.gnu.version_r)
 *(.rel.init)
 *(.rela.init)
 *(.rel.text .rel.text.* .rel.gnu.linkonce.t.*)
 *(.rela.text .rela.text.* .rela.gnu.linkonce.t.*)
 *(.rel.fini)
 *(.rela.fini)
 *(.rel.rodata .rel.rodata.* .rel.gnu.linkonce.r.*)
 *(.rela.rodata .rela.rodata.* .rela.gnu.linkonce.r.*)
 *(.rel.data .rel.data.* .rel.gnu.linkonce.d.*)
 *(.rela.data .rela.data.* .rela.gnu.linkonce.d.*)
 *(.rel.tdata .rel.tdata.* .rel.gnu.linkonce.td.*)
 *(.rela.tdata .rela.tdata.* .rela.gnu.linkonce.td.*)
 *(.rel.tbss .rel.tbss.* .rel.gnu.linkonce.tb.*)
 *(.rela.tbss .rela.tbss.* .rela.gnu.linkonce.tb.*)
 *(.rel.ctors)
 *(.rela.ctors)
 *(.rel.dtors)
 *(.rela.dtors)
 *(.rel.got)
 *(.rela.got)
 *(.rel.sdata .rel.sdata.* .rel.gnu.linkonce.s.*)
 *(.rela.sdata .rela.sdata.* .rela.gnu.linkonce.s.*)
 *(.rel.sbss .rel.sbss.* .rel.gnu.linkonce.sb.*)
 *(.rela.sbss .rela.sbss.* .rela.gnu.linkonce.sb.*)
 *(.rel.sdata2 .rel.sdata2.* .rel.gnu.linkonce.s2.*)
 *(.rela.sdata2 .rela.sdata2.* .rela.gnu.linkonce.s2.*)
 *(.rel.sbss2 .rel.sbss2.* .rel.gnu.linkonce.sb2.*)
 *(.rela.sbss2 .rela.sbss2.* .rela.gnu.linkonce.sb2.*)
 *(.rel.bss .rel.bss.* .rel.gnu.linkonce.b.*)
 *(.rela.bss .rela.bss.* .rela.gnu.linkonce.b.*)
 *(.rel.plt)
 *(.rela.plt)
 *(.rel.dyn)
 *(.init)
 *(.plt)
 *(.text .stub .text.* .gnu.linkonce.t.*)
 .text          0x008001a0       0x3c ../servo_bsp//obj/HAL/src/crt0.o
                0x008001a0                _start
 .text          0x008001dc      0x3b0 obj/default/hello_ucosii.o
                0x008001dc                task1
                0x00800318                task2
                0x008003cc                task3
                0x00800424                main
 .text          0x0080058c      0x14c /OPT/altera/12.1/nios2eds/bin/gnu/H-i686-pc-linux-gnu/bin/../lib/gcc/nios2-elf/4.1.2/mno-hw-mul/libgcc.a(lib2-divmod.o)
                0x00800608                __divsi3
                0x00800668                __modsi3
                0x008006c8                __udivsi3
                0x008006d0                __umodsi3
 .text          0x008006d8       0x78 /OPT/altera/12.1/nios2eds/bin/gnu/H-i686-pc-linux-gnu/bin/../lib/gcc/nios2-elf/4.1.2/../../../../nios2-elf/lib/mno-hw-mul/libc.a(lib_a-printf.o)
                0x008006d8                printf
                0x0080071c                _printf_r
 .text          0x00800750       0xb4 /OPT/altera/12.1/nios2eds/bin/gnu/H-i686-pc-linux-gnu/bin/../lib/gcc/nios2-elf/4.1.2/../../../../nios2-elf/lib/mno-hw-mul/libc.a(lib_a-puts.o)
                0x00800750                _puts_r
                0x008007f0                puts
 .text          0x00800804       0x74 /OPT/altera/12.1/nios2eds/bin/gnu/H-i686-pc-linux-gnu/bin/../lib/gcc/nios2-elf/4.1.2/../../../../nios2-elf/lib/mno-hw-mul/libc.a(lib_a-strlen.o)
                0x00800804                strlen
 .text          0x00800878     0x1f40 /OPT/altera/12.1/nios2eds/bin/gnu/H-i686-pc-linux-gnu/bin/../lib/gcc/nios2-elf/4.1.2/../../../../nios2-elf/lib/mno-hw-mul/libc.a(lib_a-vfprintf.o)
                0x008008d0                ___vfprintf_internal_r
                0x00802794                __vfprintf_internal
 .text          0x008027b8      0x13c /OPT/altera/12.1/nios2eds/bin/gnu/H-i686-pc-linux-gnu/bin/../lib/gcc/nios2-elf/4.1.2/../../../../nios2-elf/lib/mno-hw-mul/libc.a(lib_a-wsetup.o)
                0x008027b8                __swsetup_r
 .text          0x008028f4     0x17f8 /OPT/altera/12.1/nios2eds/bin/gnu/H-i686-pc-linux-gnu/bin/../lib/gcc/nios2-elf/4.1.2/../../../../nios2-elf/lib/mno-hw-mul/libc.a(lib_a-dtoa.o)
                0x00802b38                _dtoa_r
 .text          0x008040ec      0x230 /OPT/altera/12.1/nios2eds/bin/gnu/H-i686-pc-linux-gnu/bin/../lib/gcc/nios2-elf/4.1.2/../../../../nios2-elf/lib/mno-hw-mul/libc.a(lib_a-fflush.o)
                0x008040ec                _fflush_r
                0x008042e8                fflush
 .text          0x0080431c      0x2f4 /OPT/altera/12.1/nios2eds/bin/gnu/H-i686-pc-linux-gnu/bin/../lib/gcc/nios2-elf/4.1.2/../../../../nios2-elf/lib/mno-hw-mul/libc.a(lib_a-findfp.o)
                0x00804374                __sfp_lock_acquire
                0x00804378                __sfp_lock_release
                0x0080437c                __sinit_lock_acquire
                0x00804380                __sinit_lock_release
                0x00804384                __sinit
                0x00804438                __fp_unlock_all
                0x00804450                __fp_lock_all
                0x00804468                _cleanup_r
                0x00804474                _cleanup
                0x00804484                __sfmoreglue
                0x00804520                __sfp
 .text          0x00804610      0x440 /OPT/altera/12.1/nios2eds/bin/gnu/H-i686-pc-linux-gnu/bin/../lib/gcc/nios2-elf/4.1.2/../../../../nios2-elf/lib/mno-hw-mul/libc.a(lib_a-freer.o)
                0x00804610                _malloc_trim_r
                0x0080473c                _free_r
 .text          0x00804a50      0x49c /OPT/altera/12.1/nios2eds/bin/gnu/H-i686-pc-linux-gnu/bin/../lib/gcc/nios2-elf/4.1.2/../../../../nios2-elf/lib/mno-hw-mul/libc.a(lib_a-fvwrite.o)
                0x00804a50                __sfvwrite_r
 .text          0x00804eec      0x180 /OPT/altera/12.1/nios2eds/bin/gnu/H-i686-pc-linux-gnu/bin/../lib/gcc/nios2-elf/4.1.2/../../../../nios2-elf/lib/mno-hw-mul/libc.a(lib_a-fwalk.o)
                0x00804eec                _fwalk_reent
                0x00804fb4                _fwalk
 .text          0x0080506c        0x0 /OPT/altera/12.1/nios2eds/bin/gnu/H-i686-pc-linux-gnu/bin/../lib/gcc/nios2-elf/4.1.2/../../../../nios2-elf/lib/mno-hw-mul/libc.a(lib_a-impure.o)
 .text          0x0080506c       0xc4 /OPT/altera/12.1/nios2eds/bin/gnu/H-i686-pc-linux-gnu/bin/../lib/gcc/nios2-elf/4.1.2/../../../../nios2-elf/lib/mno-hw-mul/libc.a(lib_a-locale.o)
                0x0080506c                __locale_charset
                0x00805074                _localeconv_r
                0x00805080                localeconv
                0x00805090                _setlocale_r
                0x00805114                setlocale
 .text          0x00805130      0x194 /OPT/altera/12.1/nios2eds/bin/gnu/H-i686-pc-linux-gnu/bin/../lib/gcc/nios2-elf/4.1.2/../../../../nios2-elf/lib/mno-hw-mul/libc.a(lib_a-makebuf.o)
                0x00805130                __smakebuf_r
 .text          0x008052c4      0x740 /OPT/altera/12.1/nios2eds/bin/gnu/H-i686-pc-linux-gnu/bin/../lib/gcc/nios2-elf/4.1.2/../../../../nios2-elf/lib/mno-hw-mul/libc.a(lib_a-mallocr.o)
                0x008052c4                _malloc_r
 .text          0x00805a04       0xe4 /OPT/altera/12.1/nios2eds/bin/gnu/H-i686-pc-linux-gnu/bin/../lib/gcc/nios2-elf/4.1.2/../../../../nios2-elf/lib/mno-hw-mul/libc.a(lib_a-memchr.o)
                0x00805a04                memchr
 .text          0x00805ae8       0xa0 /OPT/altera/12.1/nios2eds/bin/gnu/H-i686-pc-linux-gnu/bin/../lib/gcc/nios2-elf/4.1.2/../../../../nios2-elf/lib/mno-hw-mul/libc.a(lib_a-memcpy.o)
                0x00805ae8                memcpy
 .text          0x00805b88       0xe0 /OPT/altera/12.1/nios2eds/bin/gnu/H-i686-pc-linux-gnu/bin/../lib/gcc/nios2-elf/4.1.2/../../../../nios2-elf/lib/mno-hw-mul/libc.a(lib_a-memmove.o)
                0x00805b88                memmove
 .text          0x00805c68       0x98 /OPT/altera/12.1/nios2eds/bin/gnu/H-i686-pc-linux-gnu/bin/../lib/gcc/nios2-elf/4.1.2/../../../../nios2-elf/lib/mno-hw-mul/libc.a(lib_a-memset.o)
                0x00805c68                memset
 .text          0x00805d00     0x108c /OPT/altera/12.1/nios2eds/bin/gnu/H-i686-pc-linux-gnu/bin/../lib/gcc/nios2-elf/4.1.2/../../../../nios2-elf/lib/mno-hw-mul/libc.a(lib_a-mprec.o)
                0x00805d00                _Bfree
                0x00805d28                __hi0bits
                0x00805d98                __lo0bits
                0x00805e5c                __mcmp
                0x00805ebc                __ulp
                0x00805f3c                __b2d
                0x0080605c                __ratio
                0x0080610c                _mprec_log10
                0x008061a0                __copybits
                0x008061f8                __any_on
                0x00806280                _Balloc
                0x0080633c                __d2b
                0x008064b8                __mdiff
                0x00806644                __lshift
                0x00806790                __multiply
                0x008069e4                __i2b
                0x00806a20                __multadd
                0x00806b4c                __pow5mult
                0x00806c6c                __s2b
 .text          0x00806d8c      0x5f4 /OPT/altera/12.1/nios2eds/bin/gnu/H-i686-pc-linux-gnu/bin/../lib/gcc/nios2-elf/4.1.2/../../../../nios2-elf/lib/mno-hw-mul/libc.a(lib_a-reallocr.o)
                0x00806d8c                _realloc_r
 .text          0x00807380       0x40 /OPT/altera/12.1/nios2eds/bin/gnu/H-i686-pc-linux-gnu/bin/../lib/gcc/nios2-elf/4.1.2/../../../../nios2-elf/lib/mno-hw-mul/libc.a(lib_a-s_isinfd.o)
                0x00807380                __isinfd
 .text          0x008073c0       0x30 /OPT/altera/12.1/nios2eds/bin/gnu/H-i686-pc-linux-gnu/bin/../lib/gcc/nios2-elf/4.1.2/../../../../nios2-elf/lib/mno-hw-mul/libc.a(lib_a-s_isnand.o)
                0x008073c0                __isnand
 .text          0x008073f0       0x70 /OPT/altera/12.1/nios2eds/bin/gnu/H-i686-pc-linux-gnu/bin/../lib/gcc/nios2-elf/4.1.2/../../../../nios2-elf/lib/mno-hw-mul/libc.a(lib_a-sbrkr.o)
                0x008073f0                _sbrk_r
 .text          0x00807460      0x14c /OPT/altera/12.1/nios2eds/bin/gnu/H-i686-pc-linux-gnu/bin/../lib/gcc/nios2-elf/4.1.2/../../../../nios2-elf/lib/mno-hw-mul/libc.a(lib_a-stdio.o)
                0x00807460                __sclose
                0x00807468                __sseek
                0x008074d0                __swrite
                0x0080754c                __sread
 .text          0x008075ac       0xbc /OPT/altera/12.1/nios2eds/bin/gnu/H-i686-pc-linux-gnu/bin/../lib/gcc/nios2-elf/4.1.2/../../../../nios2-elf/lib/mno-hw-mul/libc.a(lib_a-strcmp.o)
                0x008075ac                strcmp
 .text          0x00807668       0x78 /OPT/altera/12.1/nios2eds/bin/gnu/H-i686-pc-linux-gnu/bin/../lib/gcc/nios2-elf/4.1.2/../../../../nios2-elf/lib/mno-hw-mul/libc.a(lib_a-writer.o)
                0x00807668                _write_r
 .text          0x008076e0       0xc8 /OPT/altera/12.1/nios2eds/bin/gnu/H-i686-pc-linux-gnu/bin/../lib/gcc/nios2-elf/4.1.2/../../../../nios2-elf/lib/mno-hw-mul/libc.a(lib_a-callocr.o)
                0x008076e0                _calloc_r
 .text          0x008077a8       0x70 /OPT/altera/12.1/nios2eds/bin/gnu/H-i686-pc-linux-gnu/bin/../lib/gcc/nios2-elf/4.1.2/../../../../nios2-elf/lib/mno-hw-mul/libc.a(lib_a-closer.o)
                0x008077a8                _close_r
 .text          0x00807818      0x124 /OPT/altera/12.1/nios2eds/bin/gnu/H-i686-pc-linux-gnu/bin/../lib/gcc/nios2-elf/4.1.2/../../../../nios2-elf/lib/mno-hw-mul/libc.a(lib_a-fclose.o)
                0x00807818                _fclose_r
                0x00807928                fclose
 .text          0x0080793c       0x74 /OPT/altera/12.1/nios2eds/bin/gnu/H-i686-pc-linux-gnu/bin/../lib/gcc/nios2-elf/4.1.2/../../../../nios2-elf/lib/mno-hw-mul/libc.a(lib_a-fstatr.o)
                0x0080793c                _fstat_r
 .text          0x008079b0        0x0 /OPT/altera/12.1/nios2eds/bin/gnu/H-i686-pc-linux-gnu/bin/../lib/gcc/nios2-elf/4.1.2/../../../../nios2-elf/lib/mno-hw-mul/libc.a(lib_a-int_errno.o)
 .text          0x008079b0       0x70 /OPT/altera/12.1/nios2eds/bin/gnu/H-i686-pc-linux-gnu/bin/../lib/gcc/nios2-elf/4.1.2/../../../../nios2-elf/lib/mno-hw-mul/libc.a(lib_a-isattyr.o)
                0x008079b0                _isatty_r
 .text          0x00807a20       0x78 /OPT/altera/12.1/nios2eds/bin/gnu/H-i686-pc-linux-gnu/bin/../lib/gcc/nios2-elf/4.1.2/../../../../nios2-elf/lib/mno-hw-mul/libc.a(lib_a-lseekr.o)
                0x00807a20                _lseek_r
 .text          0x00807a98       0x78 /OPT/altera/12.1/nios2eds/bin/gnu/H-i686-pc-linux-gnu/bin/../lib/gcc/nios2-elf/4.1.2/../../../../nios2-elf/lib/mno-hw-mul/libc.a(lib_a-readr.o)
                0x00807a98                _read_r
 .text          0x00807b10      0x66c /OPT/altera/12.1/nios2eds/bin/gnu/H-i686-pc-linux-gnu/bin/../lib/gcc/nios2-elf/4.1.2/mno-hw-mul/libgcc.a(_udivdi3.o)
                0x00807b10                __udivdi3
 .text          0x0080817c      0x660 /OPT/altera/12.1/nios2eds/bin/gnu/H-i686-pc-linux-gnu/bin/../lib/gcc/nios2-elf/4.1.2/mno-hw-mul/libgcc.a(_umoddi3.o)
                0x0080817c                __umoddi3
 .text          0x008087dc      0x504 /OPT/altera/12.1/nios2eds/bin/gnu/H-i686-pc-linux-gnu/bin/../lib/gcc/nios2-elf/4.1.2/mno-hw-mul/libgcc.a(_addsub_df.o)
                0x00808bec                __subdf3
                0x00808c6c                __adddf3
 .text          0x00808ce0      0x3c4 /OPT/altera/12.1/nios2eds/bin/gnu/H-i686-pc-linux-gnu/bin/../lib/gcc/nios2-elf/4.1.2/mno-hw-mul/libgcc.a(_mul_df.o)
                0x00808ce0                __muldf3
 .text          0x008090a4      0x258 /OPT/altera/12.1/nios2eds/bin/gnu/H-i686-pc-linux-gnu/bin/../lib/gcc/nios2-elf/4.1.2/mno-hw-mul/libgcc.a(_div_df.o)
                0x008090a4                __divdf3
 .text          0x008092fc       0x88 /OPT/altera/12.1/nios2eds/bin/gnu/H-i686-pc-linux-gnu/bin/../lib/gcc/nios2-elf/4.1.2/mno-hw-mul/libgcc.a(_eq_df.o)
                0x008092fc                __eqdf2
 .text          0x00809384       0x88 /OPT/altera/12.1/nios2eds/bin/gnu/H-i686-pc-linux-gnu/bin/../lib/gcc/nios2-elf/4.1.2/mno-hw-mul/libgcc.a(_ne_df.o)
                0x00809384                __nedf2
 .text          0x0080940c       0x88 /OPT/altera/12.1/nios2eds/bin/gnu/H-i686-pc-linux-gnu/bin/../lib/gcc/nios2-elf/4.1.2/mno-hw-mul/libgcc.a(_gt_df.o)
                0x0080940c                __gtdf2
 .text          0x00809494       0x88 /OPT/altera/12.1/nios2eds/bin/gnu/H-i686-pc-linux-gnu/bin/../lib/gcc/nios2-elf/4.1.2/mno-hw-mul/libgcc.a(_ge_df.o)
                0x00809494                __gedf2
 .text          0x0080951c       0x88 /OPT/altera/12.1/nios2eds/bin/gnu/H-i686-pc-linux-gnu/bin/../lib/gcc/nios2-elf/4.1.2/mno-hw-mul/libgcc.a(_lt_df.o)
                0x0080951c                __ltdf2
 .text          0x008095a4       0xf8 /OPT/altera/12.1/nios2eds/bin/gnu/H-i686-pc-linux-gnu/bin/../lib/gcc/nios2-elf/4.1.2/mno-hw-mul/libgcc.a(_si_to_df.o)
                0x008095a4                __floatsidf
 .text          0x0080969c       0xd8 /OPT/altera/12.1/nios2eds/bin/gnu/H-i686-pc-linux-gnu/bin/../lib/gcc/nios2-elf/4.1.2/mno-hw-mul/libgcc.a(_df_to_si.o)
                0x0080969c                __fixdfsi
 .text          0x00809774        0x0 /OPT/altera/12.1/nios2eds/bin/gnu/H-i686-pc-linux-gnu/bin/../lib/gcc/nios2-elf/4.1.2/mno-hw-mul/libgcc.a(_thenan_df.o)
 .text          0x00809774      0x194 /OPT/altera/12.1/nios2eds/bin/gnu/H-i686-pc-linux-gnu/bin/../lib/gcc/nios2-elf/4.1.2/mno-hw-mul/libgcc.a(_usi_to_df.o)
                0x00809774                __floatunsidf
 .text          0x00809908       0x38 /OPT/altera/12.1/nios2eds/bin/gnu/H-i686-pc-linux-gnu/bin/../lib/gcc/nios2-elf/4.1.2/mno-hw-mul/libgcc.a(lib2-mul.o)
                0x00809908                __mulsi3
 .text          0x00809940      0x124 /OPT/altera/12.1/nios2eds/bin/gnu/H-i686-pc-linux-gnu/bin/../lib/gcc/nios2-elf/4.1.2/mno-hw-mul/libgcc.a(_muldi3.o)
                0x00809940                __muldi3
 .text          0x00809a64        0x0 /OPT/altera/12.1/nios2eds/bin/gnu/H-i686-pc-linux-gnu/bin/../lib/gcc/nios2-elf/4.1.2/mno-hw-mul/libgcc.a(_clz.o)
 .text          0x00809a64       0x80 /OPT/altera/12.1/nios2eds/bin/gnu/H-i686-pc-linux-gnu/bin/../lib/gcc/nios2-elf/4.1.2/mno-hw-mul/libgcc.a(_clzsi2.o)
                0x00809a64                __clzsi2
 .text          0x00809ae4      0x314 /OPT/altera/12.1/nios2eds/bin/gnu/H-i686-pc-linux-gnu/bin/../lib/gcc/nios2-elf/4.1.2/mno-hw-mul/libgcc.a(_pack_df.o)
                0x00809ae4                __pack_d
 .text          0x00809df8      0x138 /OPT/altera/12.1/nios2eds/bin/gnu/H-i686-pc-linux-gnu/bin/../lib/gcc/nios2-elf/4.1.2/mno-hw-mul/libgcc.a(_unpack_df.o)
                0x00809df8                __unpack_d
 .text          0x00809f30       0xc8 /OPT/altera/12.1/nios2eds/bin/gnu/H-i686-pc-linux-gnu/bin/../lib/gcc/nios2-elf/4.1.2/mno-hw-mul/libgcc.a(_fpcmp_parts_df.o)
                0x00809f30                __fpcmp_parts_d
 .text          0x00809ff8      0x160 ../servo_bsp//libucosii_bsp.a(alt_close.o)
                0x00809ff8                close
 .text          0x0080a158       0x2c ../servo_bsp//libucosii_bsp.a(alt_dev.o)
 .text          0x0080a184        0x0 ../servo_bsp//libucosii_bsp.a(alt_errno.o)
 .text          0x0080a184      0x138 ../servo_bsp//libucosii_bsp.a(alt_fstat.o)
                0x0080a184                fstat
 .text          0x0080a2bc      0x124 ../servo_bsp//libucosii_bsp.a(alt_isatty.o)
                0x0080a2bc                isatty
 .text          0x0080a3e0       0xec ../servo_bsp//libucosii_bsp.a(alt_load.o)
                0x0080a3e0                alt_load
 .text          0x0080a4cc      0x154 ../servo_bsp//libucosii_bsp.a(alt_lseek.o)
                0x0080a4cc                lseek
 .text          0x0080a620       0xc8 ../servo_bsp//libucosii_bsp.a(alt_main.o)
                0x0080a620                alt_main
 .text          0x0080a6e8      0x184 ../servo_bsp//libucosii_bsp.a(alt_read.o)
                0x0080a6e8                read
 .text          0x0080a86c       0x78 ../servo_bsp//libucosii_bsp.a(alt_release_fd.o)
                0x0080a86c                alt_release_fd
 .text          0x0080a8e4       0xbc ../servo_bsp//libucosii_bsp.a(alt_sbrk.o)
                0x0080a8e4                sbrk
 .text          0x0080a9a0      0x184 ../servo_bsp//libucosii_bsp.a(alt_write.o)
                0x0080a9a0                write
 .text          0x0080ab24      0x108 ../servo_bsp//libucosii_bsp.a(alt_env_lock.o)
                0x0080ab24                __env_lock
                0x0080abd0                __env_unlock
 .text          0x0080ac2c      0x1d8 ../servo_bsp//libucosii_bsp.a(alt_malloc_lock.o)
                0x0080ac2c                __malloc_lock
                0x0080ad34                __malloc_unlock
 .text          0x0080ae04     0x2128 ../servo_bsp//libucosii_bsp.a(os_core.o)
                0x0080ae04                OSEventNameGet
                0x0080af34                OSEventNameSet
                0x0080b078                OSEventPendMulti
                0x0080b72c                OSInit
                0x0080b780                OSIntEnter
                0x0080b7fc                OSIntExit
                0x0080b8fc                OSSchedLock
                0x0080b988                OSSchedUnlock
                0x0080ba6c                OSStart
                0x0080badc                OSStatInit
                0x0080bb88                OSTimeTick
                0x0080bdc8                OSVersion
                0x0080bde8                OS_Dummy
                0x0080be04                OS_EventTaskRdy
                0x0080bf98                OS_EventTaskWait
                0x0080c0a8                OS_EventTaskWaitMulti
                0x0080c1fc                OS_EventTaskRemove
                0x0080c2b4                OS_EventTaskRemoveMulti
                0x0080c3b8                OS_EventWaitListInit
                0x0080c784                OS_MemClr
                0x0080c7d8                OS_MemCopy
                0x0080c844                OS_Sched
                0x0080c988                OS_StrCopy
                0x0080ca08                OS_StrLen
                0x0080ca60                OS_TaskIdle
                0x0080cabc                OS_TaskStat
                0x0080cb84                OS_TaskStatStkChk
                0x0080cc4c                OS_TCBInit
 .text          0x0080cf2c      0x18c ../servo_bsp//libucosii_bsp.a(os_dbg.o)
                0x0080cf2c                OSDebugInit
 .text          0x0080d0b8     0x193c ../servo_bsp//libucosii_bsp.a(os_flag.o)
                0x0080d0b8                OSFlagAccept
                0x0080d3ec                OSFlagCreate
                0x0080d528                OSFlagDel
                0x0080d7d0                OSFlagNameGet
                0x0080d914                OSFlagNameSet
                0x0080da68                OSFlagPend
                0x0080e0ac                OSFlagPendGetFlagsRdy
                0x0080e114                OSFlagPost
                0x0080e4bc                OSFlagQuery
                0x0080e754                OS_FlagInit
                0x0080e948                OS_FlagUnlink
 .text          0x0080e9f4      0x80c ../servo_bsp//libucosii_bsp.a(os_mem.o)
                0x0080e9f4                OSMemCreate
                0x0080ec10                OSMemGet
                0x0080ed14                OSMemNameGet
                0x0080ee20                OSMemNameSet
                0x0080ef40                OSMemPut
                0x0080f030                OSMemQuery
                0x0080f12c                OS_MemInit
 .text          0x0080f200     0x1334 ../servo_bsp//libucosii_bsp.a(os_q.o)
                0x0080f200                OSQAccept
                0x0080f354                OSQCreate
                0x0080f568                OSQDel
                0x0080f868                OSQFlush
                0x0080f930                OSQPend
                0x0080fc50                OSQPendAbort
                0x0080fdcc                OSQPost
                0x0080ff4c                OSQPostFront
                0x008100d4                OSQPostOpt
                0x00810308                OSQQuery
                0x00810488                OS_QInit
 .text          0x00810534      0xbc8 ../servo_bsp//libucosii_bsp.a(os_sem.o)
                0x00810534                OSSemAccept
                0x008105f4                OSSemCreate
                0x00810708                OSSemDel
                0x008109a8                OSSemPend
                0x00810c24                OSSemPendAbort
                0x00810da0                OSSemPost
                0x00810ec8                OSSemQuery
                0x00810ff8                OSSemSet
 .text          0x008110fc     0x1a40 ../servo_bsp//libucosii_bsp.a(os_task.o)
                0x008110fc                OSTaskChangePrio
                0x00811670                OSTaskCreate
                0x00811844                OSTaskCreateExt
                0x00811a44                OSTaskDel
                0x00811e50                OSTaskDelReq
                0x00811fc0                OSTaskNameGet
                0x00812178                OSTaskNameSet
                0x0081233c                OSTaskResume
                0x00812554                OSTaskStkChk
                0x00812750                OSTaskSuspend
                0x0081297c                OSTaskQuery
                0x00812ac0                OS_TaskStkClr
 .text          0x00812b3c      0x5b4 ../servo_bsp//libucosii_bsp.a(os_time.o)
                0x00812b3c                OSTimeDly
                0x00812c88                OSTimeDlyHMSM
                0x00812e18                OSTimeDlyResume
                0x00813028                OSTimeGet
                0x0081308c                OSTimeSet
 .text          0x008130f0       0xec ../servo_bsp//libucosii_bsp.a(alt_sys_init.o)
                0x008130f0                alt_irq_init
                0x00813124                alt_sys_init
 .text          0x008131dc      0x148 ../servo_bsp//libucosii_bsp.a(altera_avalon_jtag_uart_fd.o)
                0x008131dc                altera_avalon_jtag_uart_read_fd
                0x00813234                altera_avalon_jtag_uart_write_fd
                0x0081328c                altera_avalon_jtag_uart_close_fd
                0x008132d4                altera_avalon_jtag_uart_ioctl_fd
 .text          0x00813324      0x580 ../servo_bsp//libucosii_bsp.a(altera_avalon_jtag_uart_init.o)
                0x00813324                altera_avalon_jtag_uart_init
                0x00813830                altera_avalon_jtag_uart_close
 .text          0x008138a4       0xf4 ../servo_bsp//libucosii_bsp.a(altera_avalon_jtag_uart_ioctl.o)
                0x008138a4                altera_avalon_jtag_uart_ioctl
 .text          0x00813998      0x2c0 ../servo_bsp//libucosii_bsp.a(altera_avalon_jtag_uart_read.o)
                0x00813998                altera_avalon_jtag_uart_read
 .text          0x00813c58      0x2dc ../servo_bsp//libucosii_bsp.a(altera_avalon_jtag_uart_write.o)
                0x00813c58                altera_avalon_jtag_uart_write
 .text          0x00813f34       0xfc ../servo_bsp//libucosii_bsp.a(altera_avalon_timer_sc.o)
                0x00813fa8                alt_avalon_timer_sc_init
 .text          0x00814030      0x530 ../servo_bsp//libucosii_bsp.a(altera_up_avalon_character_lcd.o)
                0x00814030                get_DDRAM_addr
                0x008140ac                alt_up_character_lcd_send_cmd
                0x008140e0                alt_up_character_lcd_init
                0x00814114                alt_up_character_lcd_open_dev
                0x00814154                alt_up_character_lcd_write
                0x008141cc                alt_up_character_lcd_string
                0x00814244                alt_up_character_lcd_write_fd
                0x00814290                alt_up_character_lcd_set_cursor_pos
                0x00814308                alt_up_character_lcd_shift_cursor
                0x008143b8                alt_up_character_lcd_shift_display
                0x00814468                alt_up_character_lcd_erase_pos
                0x008144f8                alt_up_character_lcd_cursor_off
                0x0081452c                alt_up_character_lcd_cursor_blink_on
 .text          0x00814560      0x398 ../servo_bsp//libucosii_bsp.a(altera_up_avalon_rs232.o)
                0x00814560                alt_up_rs232_enable_read_interrupt
                0x008145b4                alt_up_rs232_disable_read_interrupt
                0x0081460c                alt_up_rs232_get_used_space_in_read_FIFO
                0x00814648                alt_up_rs232_get_available_space_in_write_FIFO
                0x00814688                alt_up_rs232_check_parity
                0x008146d8                alt_up_rs232_write_data
                0x00814720                alt_up_rs232_read_data
                0x00814794                alt_up_rs232_read_fd
                0x00814824                alt_up_rs232_write_fd
                0x008148b8                alt_up_rs232_open_dev
 .text          0x008148f8      0x154 ../servo_bsp//libucosii_bsp.a(alt_alarm_start.o)
                0x008148f8                alt_alarm_start
 .text          0x00814a4c       0x1c ../servo_bsp//libucosii_bsp.a(alt_dcache_flush_all.o)
                0x00814a4c                alt_dcache_flush_all
 .text          0x00814a68      0x114 ../servo_bsp//libucosii_bsp.a(alt_dev_llist_insert.o)
                0x00814a68                alt_dev_llist_insert
 .text          0x00814b7c       0x64 ../servo_bsp//libucosii_bsp.a(alt_do_ctors.o)
                0x00814b7c                _do_ctors
 .text          0x00814be0       0x64 ../servo_bsp//libucosii_bsp.a(alt_do_dtors.o)
                0x00814be0                _do_dtors
 .text          0x00814c44       0x94 ../servo_bsp//libucosii_bsp.a(alt_find_dev.o)
                0x00814c44                alt_find_dev
 .text          0x00814cd8       0x1c ../servo_bsp//libucosii_bsp.a(alt_icache_flush_all.o)
                0x00814cd8                alt_icache_flush_all
 .text          0x00814cf4      0x150 ../servo_bsp//libucosii_bsp.a(alt_io_redirect.o)
                0x00814dcc                alt_io_redirect
 .text          0x00814e44      0x1c0 ../servo_bsp//libucosii_bsp.a(alt_irq_register.o)
                0x00814e44                alt_irq_register
 .text          0x00815004        0x0 ../servo_bsp//libucosii_bsp.a(alt_irq_vars.o)
 .text          0x00815004      0x2e4 ../servo_bsp//libucosii_bsp.a(alt_open.o)
                0x008150fc                open
 .text          0x008152e8      0x1a8 ../servo_bsp//libucosii_bsp.a(alt_tick.o)
                0x008152e8                alt_alarm_stop
                0x00815380                alt_tick
 .text          0x00815490       0x20 ../servo_bsp//libucosii_bsp.a(altera_nios2_qsys_irq.o)
                0x00815490                altera_nios2_qsys_irq_init
 .text          0x008154b0       0xd0 ../servo_bsp//libucosii_bsp.a(os_cpu_a.o)
                0x008154b0                OSCtxSw
                0x008154b0                OSIntCtxSw
                0x0081553c                OSStartHighRdy
                0x0081555c                OSStartTsk
 .text          0x00815580      0x418 ../servo_bsp//libucosii_bsp.a(os_cpu_c.o)
                0x00815580                OSTaskStkInit
                0x00815890                OSTaskCreateHook
                0x008158b0                OSTaskDelHook
                0x008158d0                OSTaskSwHook
                0x008158ec                OSTaskStatHook
                0x00815908                OSTimeTickHook
                0x00815924                OSInitHookBegin
                0x00815940                OSInitHookEnd
                0x0081595c                OSTaskIdleHook
                0x00815978                OSTCBInitHook
 .text          0x00815998      0x120 ../servo_bsp//libucosii_bsp.a(alt_find_file.o)
                0x00815998                alt_find_file
 .text          0x00815ab8      0x104 ../servo_bsp//libucosii_bsp.a(alt_get_fd.o)
                0x00815ab8                alt_get_fd
 .text          0x00815bbc        0x0 ../servo_bsp//libucosii_bsp.a(alt_irq_entry.o)
 .text          0x00815bbc        0x0 ../servo_bsp//libucosii_bsp.a(alt_irq_handler.o)
 .text          0x00815bbc        0x0 ../servo_bsp//libucosii_bsp.a(alt_exception_entry.o)
 .text          0x00815bbc       0x14 /OPT/altera/12.1/nios2eds/bin/gnu/H-i686-pc-linux-gnu/bin/../lib/gcc/nios2-elf/4.1.2/../../../../nios2-elf/lib/mno-hw-mul/libc.a(lib_a-atexit.o)
                0x00815bbc                atexit
 .text          0x00815bd0       0x38 /OPT/altera/12.1/nios2eds/bin/gnu/H-i686-pc-linux-gnu/bin/../lib/gcc/nios2-elf/4.1.2/../../../../nios2-elf/lib/mno-hw-mul/libc.a(lib_a-exit.o)
                0x00815bd0                exit
 .text          0x00815c08       0x74 /OPT/altera/12.1/nios2eds/bin/gnu/H-i686-pc-linux-gnu/bin/../lib/gcc/nios2-elf/4.1.2/../../../../nios2-elf/lib/mno-hw-mul/libc.a(lib_a-memcmp.o)
                0x00815c08                memcmp
 .text          0x00815c7c      0x134 /OPT/altera/12.1/nios2eds/bin/gnu/H-i686-pc-linux-gnu/bin/../lib/gcc/nios2-elf/4.1.2/../../../../nios2-elf/lib/mno-hw-mul/libc.a(lib_a-__atexit.o)
                0x00815c7c                __register_exitproc
 .text          0x00815db0      0x1b4 /OPT/altera/12.1/nios2eds/bin/gnu/H-i686-pc-linux-gnu/bin/../lib/gcc/nios2-elf/4.1.2/../../../../nios2-elf/lib/mno-hw-mul/libc.a(lib_a-__call_atexit.o)
                0x00815db4                __call_exitprocs
 .text          0x00815f64       0x6c ../servo_bsp//libucosii_bsp.a(alt_exit.o)
                0x00815fa4                _exit
 *(.gnu.warning.*)
 *(.fini)
                0x00815fd0                PROVIDE (__etext, ABSOLUTE (.))
                0x00815fd0                PROVIDE (_etext, ABSOLUTE (.))
                0x00815fd0                PROVIDE (etext, ABSOLUTE (.))
 *(.eh_frame_hdr)
                0x00815fd0                . = ALIGN (0x4)
                0x00815fd0                PROVIDE (__preinit_array_start, ABSOLUTE (.))
 *(.preinit_array)
                0x00815fd0                PROVIDE (__preinit_array_end, ABSOLUTE (.))
                0x00815fd0                PROVIDE (__init_array_start, ABSOLUTE (.))
 *(.init_array)
                0x00815fd0                PROVIDE (__init_array_end, ABSOLUTE (.))
                0x00815fd0                PROVIDE (__fini_array_start, ABSOLUTE (.))
 *(.fini_array)
                0x00815fd0                PROVIDE (__fini_array_end, ABSOLUTE (.))
 *(.eh_frame)
 *(.gcc_except_table)
 *(.dynamic)
                0x00815fd0                PROVIDE (__CTOR_LIST__, ABSOLUTE (.))
 *(.ctors)
 *(SORT(.ctors.*))
 .ctors.65535   0x00815fd0        0x4 /OPT/altera/12.1/nios2eds/bin/gnu/H-i686-pc-linux-gnu/bin/../lib/gcc/nios2-elf/4.1.2/../../../../nios2-elf/lib/mno-hw-mul/libc.a(lib_a-__call_atexit.o)
                0x00815fd4                PROVIDE (__CTOR_END__, ABSOLUTE (.))
                0x00815fd4                PROVIDE (__DTOR_LIST__, ABSOLUTE (.))
 *(.dtors)
 *(SORT(.dtors.*))
                0x00815fd4                PROVIDE (__DTOR_END__, ABSOLUTE (.))
 *(.jcr)
                0x00815fd4                . = ALIGN (0x4)

.rodata         0x00815fd4      0x4cc
                0x00815fd4                PROVIDE (__ram_rodata_start, ABSOLUTE (.))
                0x00815fd4                . = ALIGN (0x4)
 *(.rodata .rodata.* .gnu.linkonce.r.*)
 .rodata        0x00815fd4       0x3c obj/default/hello_ucosii.o
 .rodata.str1.4
                0x00816010        0x2 /OPT/altera/12.1/nios2eds/bin/gnu/H-i686-pc-linux-gnu/bin/../lib/gcc/nios2-elf/4.1.2/../../../../nios2-elf/lib/mno-hw-mul/libc.a(lib_a-puts.o)
                                  0x4 (size before relaxing)
 *fill*         0x00816012        0x2 00
 .rodata.str1.4
                0x00816014       0x5e /OPT/altera/12.1/nios2eds/bin/gnu/H-i686-pc-linux-gnu/bin/../lib/gcc/nios2-elf/4.1.2/../../../../nios2-elf/lib/mno-hw-mul/libc.a(lib_a-vfprintf.o)
                                 0x60 (size before relaxing)
 .rodata        0x00816072       0x20 /OPT/altera/12.1/nios2eds/bin/gnu/H-i686-pc-linux-gnu/bin/../lib/gcc/nios2-elf/4.1.2/../../../../nios2-elf/lib/mno-hw-mul/libc.a(lib_a-vfprintf.o)
 *fill*         0x00816092        0x2 00
 .rodata.str1.4
                0x00816094       0x10 /OPT/altera/12.1/nios2eds/bin/gnu/H-i686-pc-linux-gnu/bin/../lib/gcc/nios2-elf/4.1.2/../../../../nios2-elf/lib/mno-hw-mul/libc.a(lib_a-dtoa.o)
                                 0x14 (size before relaxing)
 .rodata.str1.4
                0x008160a4        0x2 /OPT/altera/12.1/nios2eds/bin/gnu/H-i686-pc-linux-gnu/bin/../lib/gcc/nios2-elf/4.1.2/../../../../nios2-elf/lib/mno-hw-mul/libc.a(lib_a-impure.o)
                                  0x4 (size before relaxing)
 *fill*         0x008160a6        0x2 00
 .rodata.str1.4
                0x008160a8       0x10 /OPT/altera/12.1/nios2eds/bin/gnu/H-i686-pc-linux-gnu/bin/../lib/gcc/nios2-elf/4.1.2/../../../../nios2-elf/lib/mno-hw-mul/libc.a(lib_a-locale.o)
                                 0x18 (size before relaxing)
 .rodata        0x008160b8       0x30 /OPT/altera/12.1/nios2eds/bin/gnu/H-i686-pc-linux-gnu/bin/../lib/gcc/nios2-elf/4.1.2/../../../../nios2-elf/lib/mno-hw-mul/libc.a(lib_a-locale.o)
 .rodata        0x008160e8      0x124 /OPT/altera/12.1/nios2eds/bin/gnu/H-i686-pc-linux-gnu/bin/../lib/gcc/nios2-elf/4.1.2/../../../../nios2-elf/lib/mno-hw-mul/libc.a(lib_a-mprec.o)
                0x008160e8                __mprec_tens
                0x008161b0                __mprec_bigtens
                0x008161d8                __mprec_tinytens
 .rodata        0x0081620c       0x14 /OPT/altera/12.1/nios2eds/bin/gnu/H-i686-pc-linux-gnu/bin/../lib/gcc/nios2-elf/4.1.2/mno-hw-mul/libgcc.a(_thenan_df.o)
                0x0081620c                __thenan_df
 .rodata        0x00816220      0x100 /OPT/altera/12.1/nios2eds/bin/gnu/H-i686-pc-linux-gnu/bin/../lib/gcc/nios2-elf/4.1.2/mno-hw-mul/libgcc.a(_clz.o)
                0x00816220                __clz_tab
 .rodata        0x00816320        0xc ../servo_bsp//libucosii_bsp.a(alt_dev.o)
 .rodata        0x0081632c       0x14 ../servo_bsp//libucosii_bsp.a(alt_main.o)
 .rodata        0x00816340      0x120 ../servo_bsp//libucosii_bsp.a(os_core.o)
                0x00816340                OSUnMapTbl
 .rodata        0x00816460       0x3c ../servo_bsp//libucosii_bsp.a(alt_sys_init.o)
 .rodata        0x0081649c        0x4 ../servo_bsp//libucosii_bsp.a(os_cpu_c.o)
 *(.rodata1)
                0x008164a0                . = ALIGN (0x4)
                0x008164a0                PROVIDE (__ram_rodata_end, ABSOLUTE (.))
                0x00815fd4                PROVIDE (__flash_rodata_start, LOADADDR (.rodata))

.rwdata         0x008164a0     0x1b3c load address 0x00817fdc
                0x008164a0                PROVIDE (__ram_rwdata_start, ABSOLUTE (.))
                0x008164a0                . = ALIGN (0x4)
 *(.got.plt)
 *(.got)
 *(.data1)
 *(.data .data.* .gnu.linkonce.d.*)
 .data          0x008164a0        0x0 ../servo_bsp//obj/HAL/src/crt0.o
 .data          0x008164a0        0x0 obj/default/hello_ucosii.o
 .data          0x008164a0        0x0 /OPT/altera/12.1/nios2eds/bin/gnu/H-i686-pc-linux-gnu/bin/../lib/gcc/nios2-elf/4.1.2/mno-hw-mul/libgcc.a(lib2-divmod.o)
 .data          0x008164a0        0x0 /OPT/altera/12.1/nios2eds/bin/gnu/H-i686-pc-linux-gnu/bin/../lib/gcc/nios2-elf/4.1.2/../../../../nios2-elf/lib/mno-hw-mul/libc.a(lib_a-printf.o)
 .data          0x008164a0        0x0 /OPT/altera/12.1/nios2eds/bin/gnu/H-i686-pc-linux-gnu/bin/../lib/gcc/nios2-elf/4.1.2/../../../../nios2-elf/lib/mno-hw-mul/libc.a(lib_a-puts.o)
 .data          0x008164a0        0x0 /OPT/altera/12.1/nios2eds/bin/gnu/H-i686-pc-linux-gnu/bin/../lib/gcc/nios2-elf/4.1.2/../../../../nios2-elf/lib/mno-hw-mul/libc.a(lib_a-strlen.o)
 .data          0x008164a0        0x0 /OPT/altera/12.1/nios2eds/bin/gnu/H-i686-pc-linux-gnu/bin/../lib/gcc/nios2-elf/4.1.2/../../../../nios2-elf/lib/mno-hw-mul/libc.a(lib_a-vfprintf.o)
 .data          0x008164a0        0x0 /OPT/altera/12.1/nios2eds/bin/gnu/H-i686-pc-linux-gnu/bin/../lib/gcc/nios2-elf/4.1.2/../../../../nios2-elf/lib/mno-hw-mul/libc.a(lib_a-wsetup.o)
 .data          0x008164a0        0x0 /OPT/altera/12.1/nios2eds/bin/gnu/H-i686-pc-linux-gnu/bin/../lib/gcc/nios2-elf/4.1.2/../../../../nios2-elf/lib/mno-hw-mul/libc.a(lib_a-dtoa.o)
 .data          0x008164a0        0x0 /OPT/altera/12.1/nios2eds/bin/gnu/H-i686-pc-linux-gnu/bin/../lib/gcc/nios2-elf/4.1.2/../../../../nios2-elf/lib/mno-hw-mul/libc.a(lib_a-fflush.o)
 .data          0x008164a0        0x0 /OPT/altera/12.1/nios2eds/bin/gnu/H-i686-pc-linux-gnu/bin/../lib/gcc/nios2-elf/4.1.2/../../../../nios2-elf/lib/mno-hw-mul/libc.a(lib_a-findfp.o)
 .data          0x008164a0        0x0 /OPT/altera/12.1/nios2eds/bin/gnu/H-i686-pc-linux-gnu/bin/../lib/gcc/nios2-elf/4.1.2/../../../../nios2-elf/lib/mno-hw-mul/libc.a(lib_a-freer.o)
 .data          0x008164a0        0x0 /OPT/altera/12.1/nios2eds/bin/gnu/H-i686-pc-linux-gnu/bin/../lib/gcc/nios2-elf/4.1.2/../../../../nios2-elf/lib/mno-hw-mul/libc.a(lib_a-fvwrite.o)
 .data          0x008164a0        0x0 /OPT/altera/12.1/nios2eds/bin/gnu/H-i686-pc-linux-gnu/bin/../lib/gcc/nios2-elf/4.1.2/../../../../nios2-elf/lib/mno-hw-mul/libc.a(lib_a-fwalk.o)
 .data          0x008164a0      0x400 /OPT/altera/12.1/nios2eds/bin/gnu/H-i686-pc-linux-gnu/bin/../lib/gcc/nios2-elf/4.1.2/../../../../nios2-elf/lib/mno-hw-mul/libc.a(lib_a-impure.o)
 .data          0x008168a0        0xc /OPT/altera/12.1/nios2eds/bin/gnu/H-i686-pc-linux-gnu/bin/../lib/gcc/nios2-elf/4.1.2/../../../../nios2-elf/lib/mno-hw-mul/libc.a(lib_a-locale.o)
                0x008168a0                __lc_ctype
 .data          0x008168ac        0x0 /OPT/altera/12.1/nios2eds/bin/gnu/H-i686-pc-linux-gnu/bin/../lib/gcc/nios2-elf/4.1.2/../../../../nios2-elf/lib/mno-hw-mul/libc.a(lib_a-makebuf.o)
 .data          0x008168ac      0x408 /OPT/altera/12.1/nios2eds/bin/gnu/H-i686-pc-linux-gnu/bin/../lib/gcc/nios2-elf/4.1.2/../../../../nios2-elf/lib/mno-hw-mul/libc.a(lib_a-mallocr.o)
                0x008168ac                __malloc_av_
 .data          0x00816cb4        0x0 /OPT/altera/12.1/nios2eds/bin/gnu/H-i686-pc-linux-gnu/bin/../lib/gcc/nios2-elf/4.1.2/../../../../nios2-elf/lib/mno-hw-mul/libc.a(lib_a-memchr.o)
 .data          0x00816cb4        0x0 /OPT/altera/12.1/nios2eds/bin/gnu/H-i686-pc-linux-gnu/bin/../lib/gcc/nios2-elf/4.1.2/../../../../nios2-elf/lib/mno-hw-mul/libc.a(lib_a-memcpy.o)
 .data          0x00816cb4        0x0 /OPT/altera/12.1/nios2eds/bin/gnu/H-i686-pc-linux-gnu/bin/../lib/gcc/nios2-elf/4.1.2/../../../../nios2-elf/lib/mno-hw-mul/libc.a(lib_a-memmove.o)
 .data          0x00816cb4        0x0 /OPT/altera/12.1/nios2eds/bin/gnu/H-i686-pc-linux-gnu/bin/../lib/gcc/nios2-elf/4.1.2/../../../../nios2-elf/lib/mno-hw-mul/libc.a(lib_a-memset.o)
 .data          0x00816cb4        0x0 /OPT/altera/12.1/nios2eds/bin/gnu/H-i686-pc-linux-gnu/bin/../lib/gcc/nios2-elf/4.1.2/../../../../nios2-elf/lib/mno-hw-mul/libc.a(lib_a-mprec.o)
 .data          0x00816cb4        0x0 /OPT/altera/12.1/nios2eds/bin/gnu/H-i686-pc-linux-gnu/bin/../lib/gcc/nios2-elf/4.1.2/../../../../nios2-elf/lib/mno-hw-mul/libc.a(lib_a-reallocr.o)
 .data          0x00816cb4        0x0 /OPT/altera/12.1/nios2eds/bin/gnu/H-i686-pc-linux-gnu/bin/../lib/gcc/nios2-elf/4.1.2/../../../../nios2-elf/lib/mno-hw-mul/libc.a(lib_a-s_isinfd.o)
 .data          0x00816cb4        0x0 /OPT/altera/12.1/nios2eds/bin/gnu/H-i686-pc-linux-gnu/bin/../lib/gcc/nios2-elf/4.1.2/../../../../nios2-elf/lib/mno-hw-mul/libc.a(lib_a-s_isnand.o)
 .data          0x00816cb4        0x0 /OPT/altera/12.1/nios2eds/bin/gnu/H-i686-pc-linux-gnu/bin/../lib/gcc/nios2-elf/4.1.2/../../../../nios2-elf/lib/mno-hw-mul/libc.a(lib_a-sbrkr.o)
 .data          0x00816cb4        0x0 /OPT/altera/12.1/nios2eds/bin/gnu/H-i686-pc-linux-gnu/bin/../lib/gcc/nios2-elf/4.1.2/../../../../nios2-elf/lib/mno-hw-mul/libc.a(lib_a-stdio.o)
 .data          0x00816cb4        0x0 /OPT/altera/12.1/nios2eds/bin/gnu/H-i686-pc-linux-gnu/bin/../lib/gcc/nios2-elf/4.1.2/../../../../nios2-elf/lib/mno-hw-mul/libc.a(lib_a-strcmp.o)
 .data          0x00816cb4        0x0 /OPT/altera/12.1/nios2eds/bin/gnu/H-i686-pc-linux-gnu/bin/../lib/gcc/nios2-elf/4.1.2/../../../../nios2-elf/lib/mno-hw-mul/libc.a(lib_a-writer.o)
 .data          0x00816cb4        0x0 /OPT/altera/12.1/nios2eds/bin/gnu/H-i686-pc-linux-gnu/bin/../lib/gcc/nios2-elf/4.1.2/../../../../nios2-elf/lib/mno-hw-mul/libc.a(lib_a-callocr.o)
 .data          0x00816cb4        0x0 /OPT/altera/12.1/nios2eds/bin/gnu/H-i686-pc-linux-gnu/bin/../lib/gcc/nios2-elf/4.1.2/../../../../nios2-elf/lib/mno-hw-mul/libc.a(lib_a-closer.o)
 .data          0x00816cb4        0x0 /OPT/altera/12.1/nios2eds/bin/gnu/H-i686-pc-linux-gnu/bin/../lib/gcc/nios2-elf/4.1.2/../../../../nios2-elf/lib/mno-hw-mul/libc.a(lib_a-fclose.o)
 .data          0x00816cb4        0x0 /OPT/altera/12.1/nios2eds/bin/gnu/H-i686-pc-linux-gnu/bin/../lib/gcc/nios2-elf/4.1.2/../../../../nios2-elf/lib/mno-hw-mul/libc.a(lib_a-fstatr.o)
 .data          0x00816cb4        0x0 /OPT/altera/12.1/nios2eds/bin/gnu/H-i686-pc-linux-gnu/bin/../lib/gcc/nios2-elf/4.1.2/../../../../nios2-elf/lib/mno-hw-mul/libc.a(lib_a-int_errno.o)
 .data          0x00816cb4        0x0 /OPT/altera/12.1/nios2eds/bin/gnu/H-i686-pc-linux-gnu/bin/../lib/gcc/nios2-elf/4.1.2/../../../../nios2-elf/lib/mno-hw-mul/libc.a(lib_a-isattyr.o)
 .data          0x00816cb4        0x0 /OPT/altera/12.1/nios2eds/bin/gnu/H-i686-pc-linux-gnu/bin/../lib/gcc/nios2-elf/4.1.2/../../../../nios2-elf/lib/mno-hw-mul/libc.a(lib_a-lseekr.o)
 .data          0x00816cb4        0x0 /OPT/altera/12.1/nios2eds/bin/gnu/H-i686-pc-linux-gnu/bin/../lib/gcc/nios2-elf/4.1.2/../../../../nios2-elf/lib/mno-hw-mul/libc.a(lib_a-readr.o)
 .data          0x00816cb4        0x0 /OPT/altera/12.1/nios2eds/bin/gnu/H-i686-pc-linux-gnu/bin/../lib/gcc/nios2-elf/4.1.2/mno-hw-mul/libgcc.a(_udivdi3.o)
 .data          0x00816cb4        0x0 /OPT/altera/12.1/nios2eds/bin/gnu/H-i686-pc-linux-gnu/bin/../lib/gcc/nios2-elf/4.1.2/mno-hw-mul/libgcc.a(_umoddi3.o)
 .data          0x00816cb4        0x0 /OPT/altera/12.1/nios2eds/bin/gnu/H-i686-pc-linux-gnu/bin/../lib/gcc/nios2-elf/4.1.2/mno-hw-mul/libgcc.a(_addsub_df.o)
 .data          0x00816cb4        0x0 /OPT/altera/12.1/nios2eds/bin/gnu/H-i686-pc-linux-gnu/bin/../lib/gcc/nios2-elf/4.1.2/mno-hw-mul/libgcc.a(_mul_df.o)
 .data          0x00816cb4        0x0 /OPT/altera/12.1/nios2eds/bin/gnu/H-i686-pc-linux-gnu/bin/../lib/gcc/nios2-elf/4.1.2/mno-hw-mul/libgcc.a(_div_df.o)
 .data          0x00816cb4        0x0 /OPT/altera/12.1/nios2eds/bin/gnu/H-i686-pc-linux-gnu/bin/../lib/gcc/nios2-elf/4.1.2/mno-hw-mul/libgcc.a(_eq_df.o)
 .data          0x00816cb4        0x0 /OPT/altera/12.1/nios2eds/bin/gnu/H-i686-pc-linux-gnu/bin/../lib/gcc/nios2-elf/4.1.2/mno-hw-mul/libgcc.a(_ne_df.o)
 .data          0x00816cb4        0x0 /OPT/altera/12.1/nios2eds/bin/gnu/H-i686-pc-linux-gnu/bin/../lib/gcc/nios2-elf/4.1.2/mno-hw-mul/libgcc.a(_gt_df.o)
 .data          0x00816cb4        0x0 /OPT/altera/12.1/nios2eds/bin/gnu/H-i686-pc-linux-gnu/bin/../lib/gcc/nios2-elf/4.1.2/mno-hw-mul/libgcc.a(_ge_df.o)
 .data          0x00816cb4        0x0 /OPT/altera/12.1/nios2eds/bin/gnu/H-i686-pc-linux-gnu/bin/../lib/gcc/nios2-elf/4.1.2/mno-hw-mul/libgcc.a(_lt_df.o)
 .data          0x00816cb4        0x0 /OPT/altera/12.1/nios2eds/bin/gnu/H-i686-pc-linux-gnu/bin/../lib/gcc/nios2-elf/4.1.2/mno-hw-mul/libgcc.a(_si_to_df.o)
 .data          0x00816cb4        0x0 /OPT/altera/12.1/nios2eds/bin/gnu/H-i686-pc-linux-gnu/bin/../lib/gcc/nios2-elf/4.1.2/mno-hw-mul/libgcc.a(_df_to_si.o)
 .data          0x00816cb4        0x0 /OPT/altera/12.1/nios2eds/bin/gnu/H-i686-pc-linux-gnu/bin/../lib/gcc/nios2-elf/4.1.2/mno-hw-mul/libgcc.a(_thenan_df.o)
 .data          0x00816cb4        0x0 /OPT/altera/12.1/nios2eds/bin/gnu/H-i686-pc-linux-gnu/bin/../lib/gcc/nios2-elf/4.1.2/mno-hw-mul/libgcc.a(_usi_to_df.o)
 .data          0x00816cb4        0x0 /OPT/altera/12.1/nios2eds/bin/gnu/H-i686-pc-linux-gnu/bin/../lib/gcc/nios2-elf/4.1.2/mno-hw-mul/libgcc.a(lib2-mul.o)
 .data          0x00816cb4        0x0 /OPT/altera/12.1/nios2eds/bin/gnu/H-i686-pc-linux-gnu/bin/../lib/gcc/nios2-elf/4.1.2/mno-hw-mul/libgcc.a(_muldi3.o)
 .data          0x00816cb4        0x0 /OPT/altera/12.1/nios2eds/bin/gnu/H-i686-pc-linux-gnu/bin/../lib/gcc/nios2-elf/4.1.2/mno-hw-mul/libgcc.a(_clz.o)
 .data          0x00816cb4        0x0 /OPT/altera/12.1/nios2eds/bin/gnu/H-i686-pc-linux-gnu/bin/../lib/gcc/nios2-elf/4.1.2/mno-hw-mul/libgcc.a(_clzsi2.o)
 .data          0x00816cb4        0x0 /OPT/altera/12.1/nios2eds/bin/gnu/H-i686-pc-linux-gnu/bin/../lib/gcc/nios2-elf/4.1.2/mno-hw-mul/libgcc.a(_pack_df.o)
 .data          0x00816cb4        0x0 /OPT/altera/12.1/nios2eds/bin/gnu/H-i686-pc-linux-gnu/bin/../lib/gcc/nios2-elf/4.1.2/mno-hw-mul/libgcc.a(_unpack_df.o)
 .data          0x00816cb4        0x0 /OPT/altera/12.1/nios2eds/bin/gnu/H-i686-pc-linux-gnu/bin/../lib/gcc/nios2-elf/4.1.2/mno-hw-mul/libgcc.a(_fpcmp_parts_df.o)
 .data          0x00816cb4        0x0 ../servo_bsp//libucosii_bsp.a(alt_close.o)
 .data          0x00816cb4      0x1a8 ../servo_bsp//libucosii_bsp.a(alt_dev.o)
                0x00816cb4                alt_dev_null
                0x00816cdc                alt_fd_list
 .data          0x00816e5c        0x0 ../servo_bsp//libucosii_bsp.a(alt_errno.o)
 .data          0x00816e5c        0x0 ../servo_bsp//libucosii_bsp.a(alt_fstat.o)
 .data          0x00816e5c        0x0 ../servo_bsp//libucosii_bsp.a(alt_isatty.o)
 .data          0x00816e5c        0x0 ../servo_bsp//libucosii_bsp.a(alt_load.o)
 .data          0x00816e5c        0x0 ../servo_bsp//libucosii_bsp.a(alt_lseek.o)
 .data          0x00816e5c        0x0 ../servo_bsp//libucosii_bsp.a(alt_main.o)
 .data          0x00816e5c        0x0 ../servo_bsp//libucosii_bsp.a(alt_read.o)
 .data          0x00816e5c        0x0 ../servo_bsp//libucosii_bsp.a(alt_release_fd.o)
 .data          0x00816e5c        0x0 ../servo_bsp//libucosii_bsp.a(alt_sbrk.o)
 .data          0x00816e5c        0x0 ../servo_bsp//libucosii_bsp.a(alt_write.o)
 .data          0x00816e5c        0x0 ../servo_bsp//libucosii_bsp.a(alt_env_lock.o)
 .data          0x00816e5c        0x0 ../servo_bsp//libucosii_bsp.a(alt_malloc_lock.o)
 .data          0x00816e5c        0x0 ../servo_bsp//libucosii_bsp.a(os_core.o)
 .data          0x00816e5c        0x0 ../servo_bsp//libucosii_bsp.a(os_dbg.o)
 .data          0x00816e5c        0x0 ../servo_bsp//libucosii_bsp.a(os_flag.o)
 .data          0x00816e5c        0x0 ../servo_bsp//libucosii_bsp.a(os_mem.o)
 .data          0x00816e5c        0x0 ../servo_bsp//libucosii_bsp.a(os_q.o)
 .data          0x00816e5c        0x0 ../servo_bsp//libucosii_bsp.a(os_sem.o)
 .data          0x00816e5c        0x0 ../servo_bsp//libucosii_bsp.a(os_task.o)
 .data          0x00816e5c        0x0 ../servo_bsp//libucosii_bsp.a(os_time.o)
 .data          0x00816e5c     0x10c4 ../servo_bsp//libucosii_bsp.a(alt_sys_init.o)
 .data          0x00817f20        0x0 ../servo_bsp//libucosii_bsp.a(altera_avalon_jtag_uart_fd.o)
 .data          0x00817f20        0x0 ../servo_bsp//libucosii_bsp.a(altera_avalon_jtag_uart_init.o)
 .data          0x00817f20        0x0 ../servo_bsp//libucosii_bsp.a(altera_avalon_jtag_uart_ioctl.o)
 .data          0x00817f20        0x0 ../servo_bsp//libucosii_bsp.a(altera_avalon_jtag_uart_read.o)
 .data          0x00817f20        0x0 ../servo_bsp//libucosii_bsp.a(altera_avalon_jtag_uart_write.o)
 .data          0x00817f20        0x0 ../servo_bsp//libucosii_bsp.a(altera_avalon_timer_sc.o)
 .data          0x00817f20        0x0 ../servo_bsp//libucosii_bsp.a(altera_up_avalon_character_lcd.o)
 .data          0x00817f20        0x0 ../servo_bsp//libucosii_bsp.a(altera_up_avalon_rs232.o)
 .data          0x00817f20        0x0 ../servo_bsp//libucosii_bsp.a(alt_alarm_start.o)
 .data          0x00817f20        0x0 ../servo_bsp//libucosii_bsp.a(alt_dcache_flush_all.o)
 .data          0x00817f20        0x0 ../servo_bsp//libucosii_bsp.a(alt_dev_llist_insert.o)
 .data          0x00817f20        0x0 ../servo_bsp//libucosii_bsp.a(alt_do_ctors.o)
 .data          0x00817f20        0x0 ../servo_bsp//libucosii_bsp.a(alt_do_dtors.o)
 .data          0x00817f20        0x0 ../servo_bsp//libucosii_bsp.a(alt_find_dev.o)
 .data          0x00817f20        0x0 ../servo_bsp//libucosii_bsp.a(alt_icache_flush_all.o)
 .data          0x00817f20        0x0 ../servo_bsp//libucosii_bsp.a(alt_io_redirect.o)
 .data          0x00817f20        0x0 ../servo_bsp//libucosii_bsp.a(alt_irq_register.o)
 .data          0x00817f20        0x0 ../servo_bsp//libucosii_bsp.a(alt_irq_vars.o)
 .data          0x00817f20        0x0 ../servo_bsp//libucosii_bsp.a(alt_open.o)
 .data          0x00817f20        0x0 ../servo_bsp//libucosii_bsp.a(alt_tick.o)
 .data          0x00817f20        0x0 ../servo_bsp//libucosii_bsp.a(altera_nios2_qsys_irq.o)
 .data          0x00817f20        0x0 ../servo_bsp//libucosii_bsp.a(os_cpu_a.o)
 .data          0x00817f20        0x0 ../servo_bsp//libucosii_bsp.a(os_cpu_c.o)
 .data          0x00817f20        0x0 ../servo_bsp//libucosii_bsp.a(alt_find_file.o)
 .data          0x00817f20        0x0 ../servo_bsp//libucosii_bsp.a(alt_get_fd.o)
 .data          0x00817f20        0x0 ../servo_bsp//libucosii_bsp.a(alt_irq_entry.o)
 .data          0x00817f20        0x0 ../servo_bsp//libucosii_bsp.a(alt_irq_handler.o)
 .data          0x00817f20        0x0 ../servo_bsp//libucosii_bsp.a(alt_exception_entry.o)
 .data          0x00817f20        0x0 /OPT/altera/12.1/nios2eds/bin/gnu/H-i686-pc-linux-gnu/bin/../lib/gcc/nios2-elf/4.1.2/../../../../nios2-elf/lib/mno-hw-mul/libc.a(lib_a-atexit.o)
 .data          0x00817f20        0x0 /OPT/altera/12.1/nios2eds/bin/gnu/H-i686-pc-linux-gnu/bin/../lib/gcc/nios2-elf/4.1.2/../../../../nios2-elf/lib/mno-hw-mul/libc.a(lib_a-exit.o)
 .data          0x00817f20        0x0 /OPT/altera/12.1/nios2eds/bin/gnu/H-i686-pc-linux-gnu/bin/../lib/gcc/nios2-elf/4.1.2/../../../../nios2-elf/lib/mno-hw-mul/libc.a(lib_a-memcmp.o)
 .data          0x00817f20        0x0 /OPT/altera/12.1/nios2eds/bin/gnu/H-i686-pc-linux-gnu/bin/../lib/gcc/nios2-elf/4.1.2/../../../../nios2-elf/lib/mno-hw-mul/libc.a(lib_a-__atexit.o)
 .data          0x00817f20        0x0 /OPT/altera/12.1/nios2eds/bin/gnu/H-i686-pc-linux-gnu/bin/../lib/gcc/nios2-elf/4.1.2/../../../../nios2-elf/lib/mno-hw-mul/libc.a(lib_a-__call_atexit.o)
 .data          0x00817f20        0x0 ../servo_bsp//libucosii_bsp.a(alt_exit.o)
                0x0081ff20                _gp = ABSOLUTE ((. + 0x8000))
                0x0081ff20                PROVIDE (gp, _gp)
 *(.rwdata .rwdata.*)
 *(.sdata .sdata.* .gnu.linkonce.s.*)
 .sdata         0x00817f20        0x8 /OPT/altera/12.1/nios2eds/bin/gnu/H-i686-pc-linux-gnu/bin/../lib/gcc/nios2-elf/4.1.2/../../../../nios2-elf/lib/mno-hw-mul/libc.a(lib_a-impure.o)
                0x00817f20                _impure_ptr
                0x00817f24                _global_impure_ptr
 .sdata         0x00817f28        0x8 /OPT/altera/12.1/nios2eds/bin/gnu/H-i686-pc-linux-gnu/bin/../lib/gcc/nios2-elf/4.1.2/../../../../nios2-elf/lib/mno-hw-mul/libc.a(lib_a-locale.o)
                0x00817f28                __mb_cur_max
 .sdata         0x00817f30        0x8 /OPT/altera/12.1/nios2eds/bin/gnu/H-i686-pc-linux-gnu/bin/../lib/gcc/nios2-elf/4.1.2/../../../../nios2-elf/lib/mno-hw-mul/libc.a(lib_a-mallocr.o)
                0x00817f30                __malloc_trim_threshold
                0x00817f34                __malloc_sbrk_base
 .sdata         0x00817f38       0x14 ../servo_bsp//libucosii_bsp.a(alt_dev.o)
                0x00817f38                alt_fs_list
                0x00817f40                alt_dev_list
                0x00817f48                alt_max_fd
 .sdata         0x00817f4c        0x4 ../servo_bsp//libucosii_bsp.a(alt_errno.o)
                0x00817f4c                alt_errno
 .sdata         0x00817f50        0x4 ../servo_bsp//libucosii_bsp.a(alt_sbrk.o)
 .sdata         0x00817f54        0x4 ../servo_bsp//libucosii_bsp.a(alt_env_lock.o)
 .sdata         0x00817f58        0x4 ../servo_bsp//libucosii_bsp.a(alt_malloc_lock.o)
 .sdata         0x00817f5c       0x74 ../servo_bsp//libucosii_bsp.a(os_dbg.o)
                0x00817f5c                OSDebugEn
                0x00817f60                OSEndiannessTest
                0x00817f64                OSEventEn
                0x00817f66                OSEventMax
                0x00817f68                OSEventNameSize
                0x00817f6a                OSEventSize
                0x00817f6c                OSEventTblSize
                0x00817f6e                OSEventMultiEn
                0x00817f70                OSFlagEn
                0x00817f72                OSFlagGrpSize
                0x00817f74                OSFlagNodeSize
                0x00817f76                OSFlagWidth
                0x00817f78                OSFlagMax
                0x00817f7a                OSFlagNameSize
                0x00817f7c                OSLowestPrio
                0x00817f7e                OSMboxEn
                0x00817f80                OSMemEn
                0x00817f82                OSMemMax
                0x00817f84                OSMemNameSize
                0x00817f86                OSMemSize
                0x00817f88                OSMemTblSize
                0x00817f8a                OSMutexEn
                0x00817f8c                OSPtrSize
                0x00817f8e                OSQEn
                0x00817f90                OSQMax
                0x00817f92                OSQSize
                0x00817f94                OSRdyTblSize
                0x00817f96                OSSemEn
                0x00817f98                OSStkWidth
                0x00817f9a                OSTaskCreateEn
                0x00817f9c                OSTaskCreateExtEn
                0x00817f9e                OSTaskDelEn
                0x00817fa0                OSTaskIdleStkSize
                0x00817fa2                OSTaskProfileEn
                0x00817fa4                OSTaskMax
                0x00817fa6                OSTaskNameSize
                0x00817fa8                OSTaskStatEn
                0x00817faa                OSTaskStatStkSize
                0x00817fac                OSTaskStatStkChkEn
                0x00817fae                OSTaskSwHookEn
                0x00817fb0                OSTCBPrioTblMax
                0x00817fb2                OSTCBSize
                0x00817fb4                OSTicksPerSec
                0x00817fb6                OSTimeTickHookEn
                0x00817fb8                OSVersionNbr
                0x00817fba                OSTmrEn
                0x00817fbc                OSTmrCfgMax
                0x00817fbe                OSTmrCfgNameSize
                0x00817fc0                OSTmrCfgWheelSize
                0x00817fc2                OSTmrCfgTicksPerSec
                0x00817fc4                OSTmrSize
                0x00817fc6                OSTmrTblSize
                0x00817fc8                OSTmrWheelSize
                0x00817fca                OSTmrWheelTblSize
                0x00817fcc                OSDataSize
 .sdata         0x00817fd0        0x4 ../servo_bsp//libucosii_bsp.a(alt_irq_vars.o)
                0x00817fd0                alt_priority_mask
 .sdata         0x00817fd4        0x8 ../servo_bsp//libucosii_bsp.a(alt_tick.o)
                0x00817fd4                alt_alarm_list
 *(.sdata2 .sdata2.* .gnu.linkonce.s2.*)
                0x00817fdc                . = ALIGN (0x4)
                0x00817fdc                _edata = ABSOLUTE (.)
                0x00817fdc                PROVIDE (edata, ABSOLUTE (.))
                0x00817fdc                PROVIDE (__ram_rwdata_end, ABSOLUTE (.))
                0x00817fdc                PROVIDE (__flash_rwdata_start, LOADADDR (.rwdata))

.bss            0x00819b18     0x9588
                0x00819b18                __bss_start = ABSOLUTE (.)
                0x00819b18                PROVIDE (__sbss_start, ABSOLUTE (.))
                0x00819b18                PROVIDE (___sbss_start, ABSOLUTE (.))
 *(.dynsbss)
 *(.sbss .sbss.* .gnu.linkonce.sb.*)
 .sbss          0x00819b18       0x14 obj/default/hello_ucosii.o
                0x00819b18                servo1Sem
                0x00819b1c                servo2Sem
                0x00819b20                err
                0x00819b24                servo2Angle
                0x00819b28                servo1Angle
 .sbss          0x00819b2c        0xc /OPT/altera/12.1/nios2eds/bin/gnu/H-i686-pc-linux-gnu/bin/../lib/gcc/nios2-elf/4.1.2/../../../../nios2-elf/lib/mno-hw-mul/libc.a(lib_a-locale.o)
                0x00819b2c                __nlocale_changed
                0x00819b30                __mlocale_changed
                0x00819b34                _PathLocale
 .sbss          0x00819b38        0xc /OPT/altera/12.1/nios2eds/bin/gnu/H-i686-pc-linux-gnu/bin/../lib/gcc/nios2-elf/4.1.2/../../../../nios2-elf/lib/mno-hw-mul/libc.a(lib_a-mallocr.o)
                0x00819b38                __malloc_top_pad
                0x00819b3c                __malloc_max_sbrked_mem
                0x00819b40                __malloc_max_total_mem
 .sbss          0x00819b44        0x4 /OPT/altera/12.1/nios2eds/bin/gnu/H-i686-pc-linux-gnu/bin/../lib/gcc/nios2-elf/4.1.2/../../../../nios2-elf/lib/mno-hw-mul/libc.a(lib_a-int_errno.o)
                0x00819b44                errno
 .sbss          0x00819b48        0x4 ../servo_bsp//libucosii_bsp.a(alt_dev.o)
                0x00819b48                alt_fd_list_lock
 .sbss          0x00819b4c        0xc ../servo_bsp//libucosii_bsp.a(alt_main.o)
                0x00819b4c                alt_argc
                0x00819b50                alt_argv
                0x00819b54                alt_envp
 .sbss          0x00819b58        0x8 ../servo_bsp//libucosii_bsp.a(alt_env_lock.o)
                0x00819b5c                alt_envsem
 .sbss          0x00819b60        0x8 ../servo_bsp//libucosii_bsp.a(alt_malloc_lock.o)
                0x00819b64                alt_heapsem
 .sbss          0x00819b68       0x50 ../servo_bsp//libucosii_bsp.a(os_core.o)
                0x00819b68                OSLockNesting
                0x00819b69                OSRunning
                0x00819b6c                OSIdleCtr
                0x00819b70                OSPrioHighRdy
                0x00819b71                OSPrioCur
                0x00819b74                OSTCBList
                0x00819b78                OSTickStepState
                0x00819b7c                OSCtxSwCtr
                0x00819b80                OSIdleCtrMax
                0x00819b84                OSTCBFreeList
                0x00819b88                OSCPUUsage
                0x00819b89                OSTaskCtr
                0x00819b8c                OSMemFreeList
                0x00819b90                OSTCBHighRdy
                0x00819b94                OSQFreeList
                0x00819b98                OSRdyGrp
                0x00819b99                OSRdyTbl
                0x00819b9c                OSEventFreeList
                0x00819ba0                OSIntNesting
                0x00819ba4                OSTCBCur
                0x00819ba8                OSTime
                0x00819bac                OSFlagFreeList
                0x00819bb0                OSStatRdy
                0x00819bb4                OSIdleCtrRun
 .sbss          0x00819bb8        0x4 ../servo_bsp//libucosii_bsp.a(alt_irq_vars.o)
                0x00819bb8                alt_irq_active
 .sbss          0x00819bbc        0x8 ../servo_bsp//libucosii_bsp.a(alt_tick.o)
                0x00819bbc                _alt_tick_rate
                0x00819bc0                _alt_nticks
 *(.sbss2 .sbss2.* .gnu.linkonce.sb2.*)
 *(.scommon)
                0x00819bc4                PROVIDE (__sbss_end, ABSOLUTE (.))
                0x00819bc4                PROVIDE (___sbss_end, ABSOLUTE (.))
 *(.dynbss)
 *(.bss .bss.* .gnu.linkonce.b.*)
 .bss           0x00819bc4        0x0 ../servo_bsp//obj/HAL/src/crt0.o
 .bss           0x00819bc4        0x0 obj/default/hello_ucosii.o
 .bss           0x00819bc4        0x0 /OPT/altera/12.1/nios2eds/bin/gnu/H-i686-pc-linux-gnu/bin/../lib/gcc/nios2-elf/4.1.2/mno-hw-mul/libgcc.a(lib2-divmod.o)
 .bss           0x00819bc4        0x0 /OPT/altera/12.1/nios2eds/bin/gnu/H-i686-pc-linux-gnu/bin/../lib/gcc/nios2-elf/4.1.2/../../../../nios2-elf/lib/mno-hw-mul/libc.a(lib_a-printf.o)
 .bss           0x00819bc4        0x0 /OPT/altera/12.1/nios2eds/bin/gnu/H-i686-pc-linux-gnu/bin/../lib/gcc/nios2-elf/4.1.2/../../../../nios2-elf/lib/mno-hw-mul/libc.a(lib_a-puts.o)
 .bss           0x00819bc4        0x0 /OPT/altera/12.1/nios2eds/bin/gnu/H-i686-pc-linux-gnu/bin/../lib/gcc/nios2-elf/4.1.2/../../../../nios2-elf/lib/mno-hw-mul/libc.a(lib_a-strlen.o)
 .bss           0x00819bc4        0x0 /OPT/altera/12.1/nios2eds/bin/gnu/H-i686-pc-linux-gnu/bin/../lib/gcc/nios2-elf/4.1.2/../../../../nios2-elf/lib/mno-hw-mul/libc.a(lib_a-vfprintf.o)
 .bss           0x00819bc4        0x0 /OPT/altera/12.1/nios2eds/bin/gnu/H-i686-pc-linux-gnu/bin/../lib/gcc/nios2-elf/4.1.2/../../../../nios2-elf/lib/mno-hw-mul/libc.a(lib_a-wsetup.o)
 .bss           0x00819bc4        0x0 /OPT/altera/12.1/nios2eds/bin/gnu/H-i686-pc-linux-gnu/bin/../lib/gcc/nios2-elf/4.1.2/../../../../nios2-elf/lib/mno-hw-mul/libc.a(lib_a-dtoa.o)
 .bss           0x00819bc4        0x0 /OPT/altera/12.1/nios2eds/bin/gnu/H-i686-pc-linux-gnu/bin/../lib/gcc/nios2-elf/4.1.2/../../../../nios2-elf/lib/mno-hw-mul/libc.a(lib_a-fflush.o)
 .bss           0x00819bc4        0x0 /OPT/altera/12.1/nios2eds/bin/gnu/H-i686-pc-linux-gnu/bin/../lib/gcc/nios2-elf/4.1.2/../../../../nios2-elf/lib/mno-hw-mul/libc.a(lib_a-findfp.o)
 .bss           0x00819bc4        0x0 /OPT/altera/12.1/nios2eds/bin/gnu/H-i686-pc-linux-gnu/bin/../lib/gcc/nios2-elf/4.1.2/../../../../nios2-elf/lib/mno-hw-mul/libc.a(lib_a-freer.o)
 .bss           0x00819bc4        0x0 /OPT/altera/12.1/nios2eds/bin/gnu/H-i686-pc-linux-gnu/bin/../lib/gcc/nios2-elf/4.1.2/../../../../nios2-elf/lib/mno-hw-mul/libc.a(lib_a-fvwrite.o)
 .bss           0x00819bc4        0x0 /OPT/altera/12.1/nios2eds/bin/gnu/H-i686-pc-linux-gnu/bin/../lib/gcc/nios2-elf/4.1.2/../../../../nios2-elf/lib/mno-hw-mul/libc.a(lib_a-fwalk.o)
 .bss           0x00819bc4        0x0 /OPT/altera/12.1/nios2eds/bin/gnu/H-i686-pc-linux-gnu/bin/../lib/gcc/nios2-elf/4.1.2/../../../../nios2-elf/lib/mno-hw-mul/libc.a(lib_a-impure.o)
 .bss           0x00819bc4        0x0 /OPT/altera/12.1/nios2eds/bin/gnu/H-i686-pc-linux-gnu/bin/../lib/gcc/nios2-elf/4.1.2/../../../../nios2-elf/lib/mno-hw-mul/libc.a(lib_a-locale.o)
 .bss           0x00819bc4        0x0 /OPT/altera/12.1/nios2eds/bin/gnu/H-i686-pc-linux-gnu/bin/../lib/gcc/nios2-elf/4.1.2/../../../../nios2-elf/lib/mno-hw-mul/libc.a(lib_a-makebuf.o)
 .bss           0x00819bc4       0x28 /OPT/altera/12.1/nios2eds/bin/gnu/H-i686-pc-linux-gnu/bin/../lib/gcc/nios2-elf/4.1.2/../../../../nios2-elf/lib/mno-hw-mul/libc.a(lib_a-mallocr.o)
                0x00819bc4                __malloc_current_mallinfo
 .bss           0x00819bec        0x0 /OPT/altera/12.1/nios2eds/bin/gnu/H-i686-pc-linux-gnu/bin/../lib/gcc/nios2-elf/4.1.2/../../../../nios2-elf/lib/mno-hw-mul/libc.a(lib_a-memchr.o)
 .bss           0x00819bec        0x0 /OPT/altera/12.1/nios2eds/bin/gnu/H-i686-pc-linux-gnu/bin/../lib/gcc/nios2-elf/4.1.2/../../../../nios2-elf/lib/mno-hw-mul/libc.a(lib_a-memcpy.o)
 .bss           0x00819bec        0x0 /OPT/altera/12.1/nios2eds/bin/gnu/H-i686-pc-linux-gnu/bin/../lib/gcc/nios2-elf/4.1.2/../../../../nios2-elf/lib/mno-hw-mul/libc.a(lib_a-memmove.o)
 .bss           0x00819bec        0x0 /OPT/altera/12.1/nios2eds/bin/gnu/H-i686-pc-linux-gnu/bin/../lib/gcc/nios2-elf/4.1.2/../../../../nios2-elf/lib/mno-hw-mul/libc.a(lib_a-memset.o)
 .bss           0x00819bec        0x0 /OPT/altera/12.1/nios2eds/bin/gnu/H-i686-pc-linux-gnu/bin/../lib/gcc/nios2-elf/4.1.2/../../../../nios2-elf/lib/mno-hw-mul/libc.a(lib_a-mprec.o)
 .bss           0x00819bec        0x0 /OPT/altera/12.1/nios2eds/bin/gnu/H-i686-pc-linux-gnu/bin/../lib/gcc/nios2-elf/4.1.2/../../../../nios2-elf/lib/mno-hw-mul/libc.a(lib_a-reallocr.o)
 .bss           0x00819bec        0x0 /OPT/altera/12.1/nios2eds/bin/gnu/H-i686-pc-linux-gnu/bin/../lib/gcc/nios2-elf/4.1.2/../../../../nios2-elf/lib/mno-hw-mul/libc.a(lib_a-s_isinfd.o)
 .bss           0x00819bec        0x0 /OPT/altera/12.1/nios2eds/bin/gnu/H-i686-pc-linux-gnu/bin/../lib/gcc/nios2-elf/4.1.2/../../../../nios2-elf/lib/mno-hw-mul/libc.a(lib_a-s_isnand.o)
 .bss           0x00819bec        0x0 /OPT/altera/12.1/nios2eds/bin/gnu/H-i686-pc-linux-gnu/bin/../lib/gcc/nios2-elf/4.1.2/../../../../nios2-elf/lib/mno-hw-mul/libc.a(lib_a-sbrkr.o)
 .bss           0x00819bec        0x0 /OPT/altera/12.1/nios2eds/bin/gnu/H-i686-pc-linux-gnu/bin/../lib/gcc/nios2-elf/4.1.2/../../../../nios2-elf/lib/mno-hw-mul/libc.a(lib_a-stdio.o)
 .bss           0x00819bec        0x0 /OPT/altera/12.1/nios2eds/bin/gnu/H-i686-pc-linux-gnu/bin/../lib/gcc/nios2-elf/4.1.2/../../../../nios2-elf/lib/mno-hw-mul/libc.a(lib_a-strcmp.o)
 .bss           0x00819bec        0x0 /OPT/altera/12.1/nios2eds/bin/gnu/H-i686-pc-linux-gnu/bin/../lib/gcc/nios2-elf/4.1.2/../../../../nios2-elf/lib/mno-hw-mul/libc.a(lib_a-writer.o)
 .bss           0x00819bec        0x0 /OPT/altera/12.1/nios2eds/bin/gnu/H-i686-pc-linux-gnu/bin/../lib/gcc/nios2-elf/4.1.2/../../../../nios2-elf/lib/mno-hw-mul/libc.a(lib_a-callocr.o)
 .bss           0x00819bec        0x0 /OPT/altera/12.1/nios2eds/bin/gnu/H-i686-pc-linux-gnu/bin/../lib/gcc/nios2-elf/4.1.2/../../../../nios2-elf/lib/mno-hw-mul/libc.a(lib_a-closer.o)
 .bss           0x00819bec        0x0 /OPT/altera/12.1/nios2eds/bin/gnu/H-i686-pc-linux-gnu/bin/../lib/gcc/nios2-elf/4.1.2/../../../../nios2-elf/lib/mno-hw-mul/libc.a(lib_a-fclose.o)
 .bss           0x00819bec        0x0 /OPT/altera/12.1/nios2eds/bin/gnu/H-i686-pc-linux-gnu/bin/../lib/gcc/nios2-elf/4.1.2/../../../../nios2-elf/lib/mno-hw-mul/libc.a(lib_a-fstatr.o)
 .bss           0x00819bec        0x0 /OPT/altera/12.1/nios2eds/bin/gnu/H-i686-pc-linux-gnu/bin/../lib/gcc/nios2-elf/4.1.2/../../../../nios2-elf/lib/mno-hw-mul/libc.a(lib_a-int_errno.o)
 .bss           0x00819bec        0x0 /OPT/altera/12.1/nios2eds/bin/gnu/H-i686-pc-linux-gnu/bin/../lib/gcc/nios2-elf/4.1.2/../../../../nios2-elf/lib/mno-hw-mul/libc.a(lib_a-isattyr.o)
 .bss           0x00819bec        0x0 /OPT/altera/12.1/nios2eds/bin/gnu/H-i686-pc-linux-gnu/bin/../lib/gcc/nios2-elf/4.1.2/../../../../nios2-elf/lib/mno-hw-mul/libc.a(lib_a-lseekr.o)
 .bss           0x00819bec        0x0 /OPT/altera/12.1/nios2eds/bin/gnu/H-i686-pc-linux-gnu/bin/../lib/gcc/nios2-elf/4.1.2/../../../../nios2-elf/lib/mno-hw-mul/libc.a(lib_a-readr.o)
 .bss           0x00819bec        0x0 /OPT/altera/12.1/nios2eds/bin/gnu/H-i686-pc-linux-gnu/bin/../lib/gcc/nios2-elf/4.1.2/mno-hw-mul/libgcc.a(_udivdi3.o)
 .bss           0x00819bec        0x0 /OPT/altera/12.1/nios2eds/bin/gnu/H-i686-pc-linux-gnu/bin/../lib/gcc/nios2-elf/4.1.2/mno-hw-mul/libgcc.a(_umoddi3.o)
 .bss           0x00819bec        0x0 /OPT/altera/12.1/nios2eds/bin/gnu/H-i686-pc-linux-gnu/bin/../lib/gcc/nios2-elf/4.1.2/mno-hw-mul/libgcc.a(_addsub_df.o)
 .bss           0x00819bec        0x0 /OPT/altera/12.1/nios2eds/bin/gnu/H-i686-pc-linux-gnu/bin/../lib/gcc/nios2-elf/4.1.2/mno-hw-mul/libgcc.a(_mul_df.o)
 .bss           0x00819bec        0x0 /OPT/altera/12.1/nios2eds/bin/gnu/H-i686-pc-linux-gnu/bin/../lib/gcc/nios2-elf/4.1.2/mno-hw-mul/libgcc.a(_div_df.o)
 .bss           0x00819bec        0x0 /OPT/altera/12.1/nios2eds/bin/gnu/H-i686-pc-linux-gnu/bin/../lib/gcc/nios2-elf/4.1.2/mno-hw-mul/libgcc.a(_eq_df.o)
 .bss           0x00819bec        0x0 /OPT/altera/12.1/nios2eds/bin/gnu/H-i686-pc-linux-gnu/bin/../lib/gcc/nios2-elf/4.1.2/mno-hw-mul/libgcc.a(_ne_df.o)
 .bss           0x00819bec        0x0 /OPT/altera/12.1/nios2eds/bin/gnu/H-i686-pc-linux-gnu/bin/../lib/gcc/nios2-elf/4.1.2/mno-hw-mul/libgcc.a(_gt_df.o)
 .bss           0x00819bec        0x0 /OPT/altera/12.1/nios2eds/bin/gnu/H-i686-pc-linux-gnu/bin/../lib/gcc/nios2-elf/4.1.2/mno-hw-mul/libgcc.a(_ge_df.o)
 .bss           0x00819bec        0x0 /OPT/altera/12.1/nios2eds/bin/gnu/H-i686-pc-linux-gnu/bin/../lib/gcc/nios2-elf/4.1.2/mno-hw-mul/libgcc.a(_lt_df.o)
 .bss           0x00819bec        0x0 /OPT/altera/12.1/nios2eds/bin/gnu/H-i686-pc-linux-gnu/bin/../lib/gcc/nios2-elf/4.1.2/mno-hw-mul/libgcc.a(_si_to_df.o)
 .bss           0x00819bec        0x0 /OPT/altera/12.1/nios2eds/bin/gnu/H-i686-pc-linux-gnu/bin/../lib/gcc/nios2-elf/4.1.2/mno-hw-mul/libgcc.a(_df_to_si.o)
 .bss           0x00819bec        0x0 /OPT/altera/12.1/nios2eds/bin/gnu/H-i686-pc-linux-gnu/bin/../lib/gcc/nios2-elf/4.1.2/mno-hw-mul/libgcc.a(_thenan_df.o)
 .bss           0x00819bec        0x0 /OPT/altera/12.1/nios2eds/bin/gnu/H-i686-pc-linux-gnu/bin/../lib/gcc/nios2-elf/4.1.2/mno-hw-mul/libgcc.a(_usi_to_df.o)
 .bss           0x00819bec        0x0 /OPT/altera/12.1/nios2eds/bin/gnu/H-i686-pc-linux-gnu/bin/../lib/gcc/nios2-elf/4.1.2/mno-hw-mul/libgcc.a(lib2-mul.o)
 .bss           0x00819bec        0x0 /OPT/altera/12.1/nios2eds/bin/gnu/H-i686-pc-linux-gnu/bin/../lib/gcc/nios2-elf/4.1.2/mno-hw-mul/libgcc.a(_muldi3.o)
 .bss           0x00819bec        0x0 /OPT/altera/12.1/nios2eds/bin/gnu/H-i686-pc-linux-gnu/bin/../lib/gcc/nios2-elf/4.1.2/mno-hw-mul/libgcc.a(_clz.o)
 .bss           0x00819bec        0x0 /OPT/altera/12.1/nios2eds/bin/gnu/H-i686-pc-linux-gnu/bin/../lib/gcc/nios2-elf/4.1.2/mno-hw-mul/libgcc.a(_clzsi2.o)
 .bss           0x00819bec        0x0 /OPT/altera/12.1/nios2eds/bin/gnu/H-i686-pc-linux-gnu/bin/../lib/gcc/nios2-elf/4.1.2/mno-hw-mul/libgcc.a(_pack_df.o)
 .bss           0x00819bec        0x0 /OPT/altera/12.1/nios2eds/bin/gnu/H-i686-pc-linux-gnu/bin/../lib/gcc/nios2-elf/4.1.2/mno-hw-mul/libgcc.a(_unpack_df.o)
 .bss           0x00819bec        0x0 /OPT/altera/12.1/nios2eds/bin/gnu/H-i686-pc-linux-gnu/bin/../lib/gcc/nios2-elf/4.1.2/mno-hw-mul/libgcc.a(_fpcmp_parts_df.o)
 .bss           0x00819bec        0x0 ../servo_bsp//libucosii_bsp.a(alt_close.o)
 .bss           0x00819bec        0x0 ../servo_bsp//libucosii_bsp.a(alt_dev.o)
 .bss           0x00819bec        0x0 ../servo_bsp//libucosii_bsp.a(alt_errno.o)
 .bss           0x00819bec        0x0 ../servo_bsp//libucosii_bsp.a(alt_fstat.o)
 .bss           0x00819bec        0x0 ../servo_bsp//libucosii_bsp.a(alt_isatty.o)
 .bss           0x00819bec        0x0 ../servo_bsp//libucosii_bsp.a(alt_load.o)
 .bss           0x00819bec        0x0 ../servo_bsp//libucosii_bsp.a(alt_lseek.o)
 .bss           0x00819bec        0x0 ../servo_bsp//libucosii_bsp.a(alt_main.o)
 .bss           0x00819bec        0x0 ../servo_bsp//libucosii_bsp.a(alt_read.o)
 .bss           0x00819bec        0x0 ../servo_bsp//libucosii_bsp.a(alt_release_fd.o)
 .bss           0x00819bec        0x0 ../servo_bsp//libucosii_bsp.a(alt_sbrk.o)
 .bss           0x00819bec        0x0 ../servo_bsp//libucosii_bsp.a(alt_write.o)
 .bss           0x00819bec        0x0 ../servo_bsp//libucosii_bsp.a(alt_env_lock.o)
 .bss           0x00819bec        0x0 ../servo_bsp//libucosii_bsp.a(alt_malloc_lock.o)
 .bss           0x00819bec        0x0 ../servo_bsp//libucosii_bsp.a(os_core.o)
 .bss           0x00819bec        0x0 ../servo_bsp//libucosii_bsp.a(os_dbg.o)
 .bss           0x00819bec        0x0 ../servo_bsp//libucosii_bsp.a(os_flag.o)
 .bss           0x00819bec        0x0 ../servo_bsp//libucosii_bsp.a(os_mem.o)
 .bss           0x00819bec        0x0 ../servo_bsp//libucosii_bsp.a(os_q.o)
 .bss           0x00819bec        0x0 ../servo_bsp//libucosii_bsp.a(os_sem.o)
 .bss           0x00819bec        0x0 ../servo_bsp//libucosii_bsp.a(os_task.o)
 .bss           0x00819bec        0x0 ../servo_bsp//libucosii_bsp.a(os_time.o)
 .bss           0x00819bec        0x0 ../servo_bsp//libucosii_bsp.a(alt_sys_init.o)
 .bss           0x00819bec        0x0 ../servo_bsp//libucosii_bsp.a(altera_avalon_jtag_uart_fd.o)
 .bss           0x00819bec        0x0 ../servo_bsp//libucosii_bsp.a(altera_avalon_jtag_uart_init.o)
 .bss           0x00819bec        0x0 ../servo_bsp//libucosii_bsp.a(altera_avalon_jtag_uart_ioctl.o)
 .bss           0x00819bec        0x0 ../servo_bsp//libucosii_bsp.a(altera_avalon_jtag_uart_read.o)
 .bss           0x00819bec        0x0 ../servo_bsp//libucosii_bsp.a(altera_avalon_jtag_uart_write.o)
 .bss           0x00819bec        0x0 ../servo_bsp//libucosii_bsp.a(altera_avalon_timer_sc.o)
 .bss           0x00819bec        0x0 ../servo_bsp//libucosii_bsp.a(altera_up_avalon_character_lcd.o)
 .bss           0x00819bec        0x0 ../servo_bsp//libucosii_bsp.a(altera_up_avalon_rs232.o)
 .bss           0x00819bec        0x0 ../servo_bsp//libucosii_bsp.a(alt_alarm_start.o)
 .bss           0x00819bec        0x0 ../servo_bsp//libucosii_bsp.a(alt_dcache_flush_all.o)
 .bss           0x00819bec        0x0 ../servo_bsp//libucosii_bsp.a(alt_dev_llist_insert.o)
 .bss           0x00819bec        0x0 ../servo_bsp//libucosii_bsp.a(alt_do_ctors.o)
 .bss           0x00819bec        0x0 ../servo_bsp//libucosii_bsp.a(alt_do_dtors.o)
 .bss           0x00819bec        0x0 ../servo_bsp//libucosii_bsp.a(alt_find_dev.o)
 .bss           0x00819bec        0x0 ../servo_bsp//libucosii_bsp.a(alt_icache_flush_all.o)
 .bss           0x00819bec        0x0 ../servo_bsp//libucosii_bsp.a(alt_io_redirect.o)
 .bss           0x00819bec        0x0 ../servo_bsp//libucosii_bsp.a(alt_irq_register.o)
 .bss           0x00819bec        0x0 ../servo_bsp//libucosii_bsp.a(alt_irq_vars.o)
 .bss           0x00819bec        0x0 ../servo_bsp//libucosii_bsp.a(alt_open.o)
 .bss           0x00819bec        0x0 ../servo_bsp//libucosii_bsp.a(alt_tick.o)
 .bss           0x00819bec        0x0 ../servo_bsp//libucosii_bsp.a(altera_nios2_qsys_irq.o)
 .bss           0x00819bec        0x0 ../servo_bsp//libucosii_bsp.a(os_cpu_a.o)
 .bss           0x00819bec        0x0 ../servo_bsp//libucosii_bsp.a(os_cpu_c.o)
 .bss           0x00819bec        0x0 ../servo_bsp//libucosii_bsp.a(alt_find_file.o)
 .bss           0x00819bec        0x0 ../servo_bsp//libucosii_bsp.a(alt_get_fd.o)
 .bss           0x00819bec        0x0 ../servo_bsp//libucosii_bsp.a(alt_irq_entry.o)
 .bss           0x00819bec        0x0 ../servo_bsp//libucosii_bsp.a(alt_irq_handler.o)
 .bss           0x00819bec        0x0 ../servo_bsp//libucosii_bsp.a(alt_exception_entry.o)
 .bss           0x00819bec        0x0 /OPT/altera/12.1/nios2eds/bin/gnu/H-i686-pc-linux-gnu/bin/../lib/gcc/nios2-elf/4.1.2/../../../../nios2-elf/lib/mno-hw-mul/libc.a(lib_a-atexit.o)
 .bss           0x00819bec        0x0 /OPT/altera/12.1/nios2eds/bin/gnu/H-i686-pc-linux-gnu/bin/../lib/gcc/nios2-elf/4.1.2/../../../../nios2-elf/lib/mno-hw-mul/libc.a(lib_a-exit.o)
 .bss           0x00819bec        0x0 /OPT/altera/12.1/nios2eds/bin/gnu/H-i686-pc-linux-gnu/bin/../lib/gcc/nios2-elf/4.1.2/../../../../nios2-elf/lib/mno-hw-mul/libc.a(lib_a-memcmp.o)
 .bss           0x00819bec        0x0 /OPT/altera/12.1/nios2eds/bin/gnu/H-i686-pc-linux-gnu/bin/../lib/gcc/nios2-elf/4.1.2/../../../../nios2-elf/lib/mno-hw-mul/libc.a(lib_a-__atexit.o)
 .bss           0x00819bec        0x0 /OPT/altera/12.1/nios2eds/bin/gnu/H-i686-pc-linux-gnu/bin/../lib/gcc/nios2-elf/4.1.2/../../../../nios2-elf/lib/mno-hw-mul/libc.a(lib_a-__call_atexit.o)
 .bss           0x00819bec        0x0 ../servo_bsp//libucosii_bsp.a(alt_exit.o)
 *(COMMON)
 COMMON         0x00819bec     0x6000 obj/default/hello_ucosii.o
                0x00819bec                task1_stk
                0x0081bbec                task2_stk
                0x0081dbec                task3_stk
 COMMON         0x0081fbec     0x3224 ../servo_bsp//libucosii_bsp.a(os_core.o)
                0x0081fbec                OSFlagTbl
                0x0081ff5c                OSMemTbl
                0x00820b8c                OSTaskStatStk
                0x0082138c                OSQTbl
                0x0082156c                OSTaskIdleStk
                0x00821d6c                OSEventTbl
                0x008228ac                OSTCBTbl
                0x00822dbc                OSTCBPrioTbl
 COMMON         0x00822e10      0x100 ../servo_bsp//libucosii_bsp.a(alt_irq_handler.o)
                0x00822e10                alt_irq
 COMMON         0x00822f10      0x190 /OPT/altera/12.1/nios2eds/bin/gnu/H-i686-pc-linux-gnu/bin/../lib/gcc/nios2-elf/4.1.2/../../../../nios2-elf/lib/mno-hw-mul/libc.a(lib_a-atexit.o)
                0x00822f10                _atexit0
                0x008230a0                . = ALIGN (0x4)
                0x008230a0                __bss_end = ABSOLUTE (.)

.sdram_0        0x008230a0        0x0
                0x008230a0                PROVIDE (_alt_partition_sdram_0_start, ABSOLUTE (.))
 *(.sdram_0. sdram_0.*)
                0x008230a0                . = ALIGN (0x4)
                0x008230a0                PROVIDE (_alt_partition_sdram_0_end, ABSOLUTE (.))
                0x008230a0                _end = ABSOLUTE (.)
                0x008230a0                end = ABSOLUTE (.)
                0x008230a0                __alt_stack_base = ABSOLUTE (.)
                0x008230a0                PROVIDE (_alt_partition_sdram_0_load_addr, LOADADDR (.sdram_0))

.sram_0         0x01080000        0x0 load address 0x008230a0
                0x01080000                PROVIDE (_alt_partition_sram_0_start, ABSOLUTE (.))
 *(.sram_0. sram_0.*)
                0x01080000                . = ALIGN (0x4)
                0x01080000                PROVIDE (_alt_partition_sram_0_end, ABSOLUTE (.))
                0x008230a0                PROVIDE (_alt_partition_sram_0_load_addr, LOADADDR (.sram_0))

.onchip_memory2_0
                0x011041c0        0x0 load address 0x008230a0
                0x011041c0                PROVIDE (_alt_partition_onchip_memory2_0_start, ABSOLUTE (.))
 *(.onchip_memory2_0. onchip_memory2_0.*)
                0x011041c0                . = ALIGN (0x4)
                0x011041c0                PROVIDE (_alt_partition_onchip_memory2_0_end, ABSOLUTE (.))
                0x008230a0                PROVIDE (_alt_partition_onchip_memory2_0_load_addr, LOADADDR (.onchip_memory2_0))

.stab
 *(.stab)

.stabstr
 *(.stabstr)

.stab.excl
 *(.stab.excl)

.stab.exclstr
 *(.stab.exclstr)

.stab.index
 *(.stab.index)

.stab.indexstr
 *(.stab.indexstr)

.comment        0x00000000       0x26
 *(.comment)
 .comment       0x00000000       0x26 obj/default/hello_ucosii.o
                                 0x27 (size before relaxing)
 .comment       0x00000000       0x27 /OPT/altera/12.1/nios2eds/bin/gnu/H-i686-pc-linux-gnu/bin/../lib/gcc/nios2-elf/4.1.2/mno-hw-mul/libgcc.a(lib2-divmod.o)
 .comment       0x00000000       0x27 /OPT/altera/12.1/nios2eds/bin/gnu/H-i686-pc-linux-gnu/bin/../lib/gcc/nios2-elf/4.1.2/../../../../nios2-elf/lib/mno-hw-mul/libc.a(lib_a-printf.o)
 .comment       0x00000000       0x27 /OPT/altera/12.1/nios2eds/bin/gnu/H-i686-pc-linux-gnu/bin/../lib/gcc/nios2-elf/4.1.2/../../../../nios2-elf/lib/mno-hw-mul/libc.a(lib_a-puts.o)
 .comment       0x00000000       0x27 /OPT/altera/12.1/nios2eds/bin/gnu/H-i686-pc-linux-gnu/bin/../lib/gcc/nios2-elf/4.1.2/../../../../nios2-elf/lib/mno-hw-mul/libc.a(lib_a-strlen.o)
 .comment       0x00000000       0x27 /OPT/altera/12.1/nios2eds/bin/gnu/H-i686-pc-linux-gnu/bin/../lib/gcc/nios2-elf/4.1.2/../../../../nios2-elf/lib/mno-hw-mul/libc.a(lib_a-vfprintf.o)
 .comment       0x00000000       0x27 /OPT/altera/12.1/nios2eds/bin/gnu/H-i686-pc-linux-gnu/bin/../lib/gcc/nios2-elf/4.1.2/../../../../nios2-elf/lib/mno-hw-mul/libc.a(lib_a-wsetup.o)
 .comment       0x00000000       0x27 /OPT/altera/12.1/nios2eds/bin/gnu/H-i686-pc-linux-gnu/bin/../lib/gcc/nios2-elf/4.1.2/../../../../nios2-elf/lib/mno-hw-mul/libc.a(lib_a-dtoa.o)
 .comment       0x00000000       0x27 /OPT/altera/12.1/nios2eds/bin/gnu/H-i686-pc-linux-gnu/bin/../lib/gcc/nios2-elf/4.1.2/../../../../nios2-elf/lib/mno-hw-mul/libc.a(lib_a-fflush.o)
 .comment       0x00000000       0x27 /OPT/altera/12.1/nios2eds/bin/gnu/H-i686-pc-linux-gnu/bin/../lib/gcc/nios2-elf/4.1.2/../../../../nios2-elf/lib/mno-hw-mul/libc.a(lib_a-findfp.o)
 .comment       0x00000000       0x27 /OPT/altera/12.1/nios2eds/bin/gnu/H-i686-pc-linux-gnu/bin/../lib/gcc/nios2-elf/4.1.2/../../../../nios2-elf/lib/mno-hw-mul/libc.a(lib_a-freer.o)
 .comment       0x00000000       0x27 /OPT/altera/12.1/nios2eds/bin/gnu/H-i686-pc-linux-gnu/bin/../lib/gcc/nios2-elf/4.1.2/../../../../nios2-elf/lib/mno-hw-mul/libc.a(lib_a-fvwrite.o)
 .comment       0x00000000       0x27 /OPT/altera/12.1/nios2eds/bin/gnu/H-i686-pc-linux-gnu/bin/../lib/gcc/nios2-elf/4.1.2/../../../../nios2-elf/lib/mno-hw-mul/libc.a(lib_a-fwalk.o)
 .comment       0x00000000       0x27 /OPT/altera/12.1/nios2eds/bin/gnu/H-i686-pc-linux-gnu/bin/../lib/gcc/nios2-elf/4.1.2/../../../../nios2-elf/lib/mno-hw-mul/libc.a(lib_a-impure.o)
 .comment       0x00000000       0x27 /OPT/altera/12.1/nios2eds/bin/gnu/H-i686-pc-linux-gnu/bin/../lib/gcc/nios2-elf/4.1.2/../../../../nios2-elf/lib/mno-hw-mul/libc.a(lib_a-locale.o)
 .comment       0x00000000       0x27 /OPT/altera/12.1/nios2eds/bin/gnu/H-i686-pc-linux-gnu/bin/../lib/gcc/nios2-elf/4.1.2/../../../../nios2-elf/lib/mno-hw-mul/libc.a(lib_a-makebuf.o)
 .comment       0x00000000       0x27 /OPT/altera/12.1/nios2eds/bin/gnu/H-i686-pc-linux-gnu/bin/../lib/gcc/nios2-elf/4.1.2/../../../../nios2-elf/lib/mno-hw-mul/libc.a(lib_a-mallocr.o)
 .comment       0x00000000       0x27 /OPT/altera/12.1/nios2eds/bin/gnu/H-i686-pc-linux-gnu/bin/../lib/gcc/nios2-elf/4.1.2/../../../../nios2-elf/lib/mno-hw-mul/libc.a(lib_a-memchr.o)
 .comment       0x00000000       0x27 /OPT/altera/12.1/nios2eds/bin/gnu/H-i686-pc-linux-gnu/bin/../lib/gcc/nios2-elf/4.1.2/../../../../nios2-elf/lib/mno-hw-mul/libc.a(lib_a-memcpy.o)
 .comment       0x00000000       0x27 /OPT/altera/12.1/nios2eds/bin/gnu/H-i686-pc-linux-gnu/bin/../lib/gcc/nios2-elf/4.1.2/../../../../nios2-elf/lib/mno-hw-mul/libc.a(lib_a-memmove.o)
 .comment       0x00000000       0x27 /OPT/altera/12.1/nios2eds/bin/gnu/H-i686-pc-linux-gnu/bin/../lib/gcc/nios2-elf/4.1.2/../../../../nios2-elf/lib/mno-hw-mul/libc.a(lib_a-memset.o)
 .comment       0x00000000       0x27 /OPT/altera/12.1/nios2eds/bin/gnu/H-i686-pc-linux-gnu/bin/../lib/gcc/nios2-elf/4.1.2/../../../../nios2-elf/lib/mno-hw-mul/libc.a(lib_a-mprec.o)
 .comment       0x00000000       0x27 /OPT/altera/12.1/nios2eds/bin/gnu/H-i686-pc-linux-gnu/bin/../lib/gcc/nios2-elf/4.1.2/../../../../nios2-elf/lib/mno-hw-mul/libc.a(lib_a-reallocr.o)
 .comment       0x00000000       0x27 /OPT/altera/12.1/nios2eds/bin/gnu/H-i686-pc-linux-gnu/bin/../lib/gcc/nios2-elf/4.1.2/../../../../nios2-elf/lib/mno-hw-mul/libc.a(lib_a-s_isinfd.o)
 .comment       0x00000000       0x27 /OPT/altera/12.1/nios2eds/bin/gnu/H-i686-pc-linux-gnu/bin/../lib/gcc/nios2-elf/4.1.2/../../../../nios2-elf/lib/mno-hw-mul/libc.a(lib_a-s_isnand.o)
 .comment       0x00000000       0x27 /OPT/altera/12.1/nios2eds/bin/gnu/H-i686-pc-linux-gnu/bin/../lib/gcc/nios2-elf/4.1.2/../../../../nios2-elf/lib/mno-hw-mul/libc.a(lib_a-sbrkr.o)
 .comment       0x00000000       0x27 /OPT/altera/12.1/nios2eds/bin/gnu/H-i686-pc-linux-gnu/bin/../lib/gcc/nios2-elf/4.1.2/../../../../nios2-elf/lib/mno-hw-mul/libc.a(lib_a-stdio.o)
 .comment       0x00000000       0x27 /OPT/altera/12.1/nios2eds/bin/gnu/H-i686-pc-linux-gnu/bin/../lib/gcc/nios2-elf/4.1.2/../../../../nios2-elf/lib/mno-hw-mul/libc.a(lib_a-strcmp.o)
 .comment       0x00000000       0x27 /OPT/altera/12.1/nios2eds/bin/gnu/H-i686-pc-linux-gnu/bin/../lib/gcc/nios2-elf/4.1.2/../../../../nios2-elf/lib/mno-hw-mul/libc.a(lib_a-writer.o)
 .comment       0x00000000       0x27 /OPT/altera/12.1/nios2eds/bin/gnu/H-i686-pc-linux-gnu/bin/../lib/gcc/nios2-elf/4.1.2/../../../../nios2-elf/lib/mno-hw-mul/libc.a(lib_a-callocr.o)
 .comment       0x00000000       0x27 /OPT/altera/12.1/nios2eds/bin/gnu/H-i686-pc-linux-gnu/bin/../lib/gcc/nios2-elf/4.1.2/../../../../nios2-elf/lib/mno-hw-mul/libc.a(lib_a-closer.o)
 .comment       0x00000000       0x27 /OPT/altera/12.1/nios2eds/bin/gnu/H-i686-pc-linux-gnu/bin/../lib/gcc/nios2-elf/4.1.2/../../../../nios2-elf/lib/mno-hw-mul/libc.a(lib_a-fclose.o)
 .comment       0x00000000       0x27 /OPT/altera/12.1/nios2eds/bin/gnu/H-i686-pc-linux-gnu/bin/../lib/gcc/nios2-elf/4.1.2/../../../../nios2-elf/lib/mno-hw-mul/libc.a(lib_a-fstatr.o)
 .comment       0x00000000       0x27 /OPT/altera/12.1/nios2eds/bin/gnu/H-i686-pc-linux-gnu/bin/../lib/gcc/nios2-elf/4.1.2/../../../../nios2-elf/lib/mno-hw-mul/libc.a(lib_a-int_errno.o)
 .comment       0x00000000       0x27 /OPT/altera/12.1/nios2eds/bin/gnu/H-i686-pc-linux-gnu/bin/../lib/gcc/nios2-elf/4.1.2/../../../../nios2-elf/lib/mno-hw-mul/libc.a(lib_a-isattyr.o)
 .comment       0x00000000       0x27 /OPT/altera/12.1/nios2eds/bin/gnu/H-i686-pc-linux-gnu/bin/../lib/gcc/nios2-elf/4.1.2/../../../../nios2-elf/lib/mno-hw-mul/libc.a(lib_a-lseekr.o)
 .comment       0x00000000       0x27 /OPT/altera/12.1/nios2eds/bin/gnu/H-i686-pc-linux-gnu/bin/../lib/gcc/nios2-elf/4.1.2/../../../../nios2-elf/lib/mno-hw-mul/libc.a(lib_a-readr.o)
 .comment       0x00000000       0x27 /OPT/altera/12.1/nios2eds/bin/gnu/H-i686-pc-linux-gnu/bin/../lib/gcc/nios2-elf/4.1.2/mno-hw-mul/libgcc.a(_udivdi3.o)
 .comment       0x00000000       0x27 /OPT/altera/12.1/nios2eds/bin/gnu/H-i686-pc-linux-gnu/bin/../lib/gcc/nios2-elf/4.1.2/mno-hw-mul/libgcc.a(_umoddi3.o)
 .comment       0x00000000       0x27 /OPT/altera/12.1/nios2eds/bin/gnu/H-i686-pc-linux-gnu/bin/../lib/gcc/nios2-elf/4.1.2/mno-hw-mul/libgcc.a(_addsub_df.o)
 .comment       0x00000000       0x27 /OPT/altera/12.1/nios2eds/bin/gnu/H-i686-pc-linux-gnu/bin/../lib/gcc/nios2-elf/4.1.2/mno-hw-mul/libgcc.a(_mul_df.o)
 .comment       0x00000000       0x27 /OPT/altera/12.1/nios2eds/bin/gnu/H-i686-pc-linux-gnu/bin/../lib/gcc/nios2-elf/4.1.2/mno-hw-mul/libgcc.a(_div_df.o)
 .comment       0x00000000       0x27 /OPT/altera/12.1/nios2eds/bin/gnu/H-i686-pc-linux-gnu/bin/../lib/gcc/nios2-elf/4.1.2/mno-hw-mul/libgcc.a(_eq_df.o)
 .comment       0x00000000       0x27 /OPT/altera/12.1/nios2eds/bin/gnu/H-i686-pc-linux-gnu/bin/../lib/gcc/nios2-elf/4.1.2/mno-hw-mul/libgcc.a(_ne_df.o)
 .comment       0x00000000       0x27 /OPT/altera/12.1/nios2eds/bin/gnu/H-i686-pc-linux-gnu/bin/../lib/gcc/nios2-elf/4.1.2/mno-hw-mul/libgcc.a(_gt_df.o)
 .comment       0x00000000       0x27 /OPT/altera/12.1/nios2eds/bin/gnu/H-i686-pc-linux-gnu/bin/../lib/gcc/nios2-elf/4.1.2/mno-hw-mul/libgcc.a(_ge_df.o)
 .comment       0x00000000       0x27 /OPT/altera/12.1/nios2eds/bin/gnu/H-i686-pc-linux-gnu/bin/../lib/gcc/nios2-elf/4.1.2/mno-hw-mul/libgcc.a(_lt_df.o)
 .comment       0x00000000       0x27 /OPT/altera/12.1/nios2eds/bin/gnu/H-i686-pc-linux-gnu/bin/../lib/gcc/nios2-elf/4.1.2/mno-hw-mul/libgcc.a(_si_to_df.o)
 .comment       0x00000000       0x27 /OPT/altera/12.1/nios2eds/bin/gnu/H-i686-pc-linux-gnu/bin/../lib/gcc/nios2-elf/4.1.2/mno-hw-mul/libgcc.a(_df_to_si.o)
 .comment       0x00000000       0x27 /OPT/altera/12.1/nios2eds/bin/gnu/H-i686-pc-linux-gnu/bin/../lib/gcc/nios2-elf/4.1.2/mno-hw-mul/libgcc.a(_thenan_df.o)
 .comment       0x00000000       0x27 /OPT/altera/12.1/nios2eds/bin/gnu/H-i686-pc-linux-gnu/bin/../lib/gcc/nios2-elf/4.1.2/mno-hw-mul/libgcc.a(_usi_to_df.o)
 .comment       0x00000000       0x27 /OPT/altera/12.1/nios2eds/bin/gnu/H-i686-pc-linux-gnu/bin/../lib/gcc/nios2-elf/4.1.2/mno-hw-mul/libgcc.a(lib2-mul.o)
 .comment       0x00000000       0x27 /OPT/altera/12.1/nios2eds/bin/gnu/H-i686-pc-linux-gnu/bin/../lib/gcc/nios2-elf/4.1.2/mno-hw-mul/libgcc.a(_muldi3.o)
 .comment       0x00000000       0x27 /OPT/altera/12.1/nios2eds/bin/gnu/H-i686-pc-linux-gnu/bin/../lib/gcc/nios2-elf/4.1.2/mno-hw-mul/libgcc.a(_clz.o)
 .comment       0x00000000       0x27 /OPT/altera/12.1/nios2eds/bin/gnu/H-i686-pc-linux-gnu/bin/../lib/gcc/nios2-elf/4.1.2/mno-hw-mul/libgcc.a(_clzsi2.o)
 .comment       0x00000000       0x27 /OPT/altera/12.1/nios2eds/bin/gnu/H-i686-pc-linux-gnu/bin/../lib/gcc/nios2-elf/4.1.2/mno-hw-mul/libgcc.a(_pack_df.o)
 .comment       0x00000000       0x27 /OPT/altera/12.1/nios2eds/bin/gnu/H-i686-pc-linux-gnu/bin/../lib/gcc/nios2-elf/4.1.2/mno-hw-mul/libgcc.a(_unpack_df.o)
 .comment       0x00000000       0x27 /OPT/altera/12.1/nios2eds/bin/gnu/H-i686-pc-linux-gnu/bin/../lib/gcc/nios2-elf/4.1.2/mno-hw-mul/libgcc.a(_fpcmp_parts_df.o)