Archive member included because of file (symbol)

/OPT/altera/12.1/nios2eds/bin/gnu/H-i686-pc-linux-gnu/bin/../lib/gcc/nios2-elf/4.1.2/../../../../nios2-elf/lib/mno-hw-mul/libc.a(lib_a-malloc.o)
                              obj/default/main.o (free)
/OPT/altera/12.1/nios2eds/bin/gnu/H-i686-pc-linux-gnu/bin/../lib/gcc/nios2-elf/4.1.2/../../../../nios2-elf/lib/mno-hw-mul/libc.a(lib_a-mallocr.o)
                              /OPT/altera/12.1/nios2eds/bin/gnu/H-i686-pc-linux-gnu/bin/../lib/gcc/nios2-elf/4.1.2/../../../../nios2-elf/lib/mno-hw-mul/libc.a(lib_a-malloc.o) (_malloc_r)
/OPT/altera/12.1/nios2eds/bin/gnu/H-i686-pc-linux-gnu/bin/../lib/gcc/nios2-elf/4.1.2/../../../../nios2-elf/lib/mno-hw-mul/libc.a(lib_a-printf.o)
                              obj/default/main.o (printf)
/OPT/altera/12.1/nios2eds/bin/gnu/H-i686-pc-linux-gnu/bin/../lib/gcc/nios2-elf/4.1.2/../../../../nios2-elf/lib/mno-hw-mul/libc.a(lib_a-putchar.o)
                              obj/default/uart.o (putchar)
/OPT/altera/12.1/nios2eds/bin/gnu/H-i686-pc-linux-gnu/bin/../lib/gcc/nios2-elf/4.1.2/../../../../nios2-elf/lib/mno-hw-mul/libc.a(lib_a-puts.o)
                              obj/default/main.o (puts)
/OPT/altera/12.1/nios2eds/bin/gnu/H-i686-pc-linux-gnu/bin/../lib/gcc/nios2-elf/4.1.2/../../../../nios2-elf/lib/mno-hw-mul/libc.a(lib_a-sbrkr.o)
                              /OPT/altera/12.1/nios2eds/bin/gnu/H-i686-pc-linux-gnu/bin/../lib/gcc/nios2-elf/4.1.2/../../../../nios2-elf/lib/mno-hw-mul/libc.a(lib_a-mallocr.o) (_sbrk_r)
/OPT/altera/12.1/nios2eds/bin/gnu/H-i686-pc-linux-gnu/bin/../lib/gcc/nios2-elf/4.1.2/../../../../nios2-elf/lib/mno-hw-mul/libc.a(lib_a-sprintf.o)
                              obj/default/main.o (sprintf)
/OPT/altera/12.1/nios2eds/bin/gnu/H-i686-pc-linux-gnu/bin/../lib/gcc/nios2-elf/4.1.2/../../../../nios2-elf/lib/mno-hw-mul/libc.a(lib_a-sscanf.o)
                              obj/default/command.o (sscanf)
/OPT/altera/12.1/nios2eds/bin/gnu/H-i686-pc-linux-gnu/bin/../lib/gcc/nios2-elf/4.1.2/../../../../nios2-elf/lib/mno-hw-mul/libc.a(lib_a-strlen.o)
                              /OPT/altera/12.1/nios2eds/bin/gnu/H-i686-pc-linux-gnu/bin/../lib/gcc/nios2-elf/4.1.2/../../../../nios2-elf/lib/mno-hw-mul/libc.a(lib_a-puts.o) (strlen)
/OPT/altera/12.1/nios2eds/bin/gnu/H-i686-pc-linux-gnu/bin/../lib/gcc/nios2-elf/4.1.2/../../../../nios2-elf/lib/mno-hw-mul/libc.a(lib_a-strncmp.o)
                              obj/default/command.o (strncmp)
/OPT/altera/12.1/nios2eds/bin/gnu/H-i686-pc-linux-gnu/bin/../lib/gcc/nios2-elf/4.1.2/../../../../nios2-elf/lib/mno-hw-mul/libc.a(lib_a-vfprintf.o)
                              /OPT/altera/12.1/nios2eds/bin/gnu/H-i686-pc-linux-gnu/bin/../lib/gcc/nios2-elf/4.1.2/../../../../nios2-elf/lib/mno-hw-mul/libc.a(lib_a-printf.o) (___vfprintf_internal_r)
/OPT/altera/12.1/nios2eds/bin/gnu/H-i686-pc-linux-gnu/bin/../lib/gcc/nios2-elf/4.1.2/../../../../nios2-elf/lib/mno-hw-mul/libc.a(lib_a-vfscanf.o)
                              /OPT/altera/12.1/nios2eds/bin/gnu/H-i686-pc-linux-gnu/bin/../lib/gcc/nios2-elf/4.1.2/../../../../nios2-elf/lib/mno-hw-mul/libc.a(lib_a-sscanf.o) (__svfscanf_r)
/OPT/altera/12.1/nios2eds/bin/gnu/H-i686-pc-linux-gnu/bin/../lib/gcc/nios2-elf/4.1.2/../../../../nios2-elf/lib/mno-hw-mul/libc.a(lib_a-wsetup.o)
                              /OPT/altera/12.1/nios2eds/bin/gnu/H-i686-pc-linux-gnu/bin/../lib/gcc/nios2-elf/4.1.2/../../../../nios2-elf/lib/mno-hw-mul/libc.a(lib_a-vfprintf.o) (__swsetup_r)
/OPT/altera/12.1/nios2eds/bin/gnu/H-i686-pc-linux-gnu/bin/../lib/gcc/nios2-elf/4.1.2/../../../../nios2-elf/lib/mno-hw-mul/libc.a(lib_a-ctype_.o)
                              /OPT/altera/12.1/nios2eds/bin/gnu/H-i686-pc-linux-gnu/bin/../lib/gcc/nios2-elf/4.1.2/../../../../nios2-elf/lib/mno-hw-mul/libc.a(lib_a-vfscanf.o) (__ctype_ptr)
/OPT/altera/12.1/nios2eds/bin/gnu/H-i686-pc-linux-gnu/bin/../lib/gcc/nios2-elf/4.1.2/../../../../nios2-elf/lib/mno-hw-mul/libc.a(lib_a-dtoa.o)
                              /OPT/altera/12.1/nios2eds/bin/gnu/H-i686-pc-linux-gnu/bin/../lib/gcc/nios2-elf/4.1.2/../../../../nios2-elf/lib/mno-hw-mul/libc.a(lib_a-vfprintf.o) (_dtoa_r)
/OPT/altera/12.1/nios2eds/bin/gnu/H-i686-pc-linux-gnu/bin/../lib/gcc/nios2-elf/4.1.2/../../../../nios2-elf/lib/mno-hw-mul/libc.a(lib_a-fflush.o)
                              /OPT/altera/12.1/nios2eds/bin/gnu/H-i686-pc-linux-gnu/bin/../lib/gcc/nios2-elf/4.1.2/../../../../nios2-elf/lib/mno-hw-mul/libc.a(lib_a-vfprintf.o) (_fflush_r)
/OPT/altera/12.1/nios2eds/bin/gnu/H-i686-pc-linux-gnu/bin/../lib/gcc/nios2-elf/4.1.2/../../../../nios2-elf/lib/mno-hw-mul/libc.a(lib_a-findfp.o)
                              /OPT/altera/12.1/nios2eds/bin/gnu/H-i686-pc-linux-gnu/bin/../lib/gcc/nios2-elf/4.1.2/../../../../nios2-elf/lib/mno-hw-mul/libc.a(lib_a-vfprintf.o) (__sinit)
/OPT/altera/12.1/nios2eds/bin/gnu/H-i686-pc-linux-gnu/bin/../lib/gcc/nios2-elf/4.1.2/../../../../nios2-elf/lib/mno-hw-mul/libc.a(lib_a-fread.o)
[...]
Memory Configuration

Name             Origin             Length             Attributes
sdram_0          0x00800000         0x00800000
sram_0           0x01080000         0x00080000
reset            0x01104000         0x00000020
onchip_memory2_0 0x01104020         0x00003fe0
*default*        0x00000000         0xffffffff

Linker script and memory map

LOAD ../TiltMazeController_bsp//obj/HAL/src/crt0.o
LOAD obj/default/command.o
LOAD obj/default/main.o
LOAD obj/default/servo.o
LOAD obj/default/uart.o
LOAD /OPT/altera/12.1/nios2eds/bin/gnu/H-i686-pc-linux-gnu/bin/../lib/gcc/nios2-elf/4.1.2/../../../../nios2-elf/lib/mno-hw-mul/libstdc++.a
LOAD /OPT/altera/12.1/nios2eds/bin/gnu/H-i686-pc-linux-gnu/bin/../lib/gcc/nios2-elf/4.1.2/../../../../nios2-elf/lib/mno-hw-mul/libm.a
LOAD /OPT/altera/12.1/nios2eds/bin/gnu/H-i686-pc-linux-gnu/bin/../lib/gcc/nios2-elf/4.1.2/mno-hw-mul/libgcc.a
START GROUP
LOAD /OPT/altera/12.1/nios2eds/bin/gnu/H-i686-pc-linux-gnu/bin/../lib/gcc/nios2-elf/4.1.2/../../../../nios2-elf/lib/mno-hw-mul/libc.a
LOAD /OPT/altera/12.1/nios2eds/bin/gnu/H-i686-pc-linux-gnu/bin/../lib/gcc/nios2-elf/4.1.2/mno-hw-mul/libgcc.a
LOAD ../TiltMazeController_bsp//libucosii_bsp.a
END GROUP
LOAD /OPT/altera/12.1/nios2eds/bin/gnu/H-i686-pc-linux-gnu/bin/../lib/gcc/nios2-elf/4.1.2/mno-hw-mul/libgcc.a
                0x00800000                __alt_mem_sdram_0 = 0x800000
                0x01080000                __alt_mem_sram_0 = 0x1080000
                0x01104000                __alt_mem_onchip_memory2_0 = 0x1104000

.entry          0x01104000       0x20
 *(.entry)
 .entry         0x01104000       0x20 ../TiltMazeController_bsp//obj/HAL/src/crt0.o
                0x01104000                __reset

.exceptions     0x01104020      0x1a0 load address 0x00800000
                0x01104020                PROVIDE (__ram_exceptions_start, ABSOLUTE (.))
                0x01104020                . = ALIGN (0x20)
 *(.irq)
 *(.exceptions.entry.label)
 .exceptions.entry.label
                0x01104020        0x0 ../TiltMazeController_bsp//libucosii_bsp.a(alt_irq_entry.o)
                0x01104020                alt_irq_entry
 .exceptions.entry.label
                0x01104020        0x0 ../TiltMazeController_bsp//libucosii_bsp.a(alt_exception_entry.o)
                0x01104020                alt_exception
 *(.exceptions.entry.user)
 *(.exceptions.entry)
 .exceptions.entry
                0x01104020       0x54 ../TiltMazeController_bsp//libucosii_bsp.a(alt_exception_entry.o)
 *(.exceptions.irqtest.user)
 *(.exceptions.irqtest)
 .exceptions.irqtest
                0x01104074       0x10 ../TiltMazeController_bsp//libucosii_bsp.a(alt_irq_entry.o)
 *(.exceptions.irqhandler.user)
 *(.exceptions.irqhandler)
 .exceptions.irqhandler
                0x01104084        0x4 ../TiltMazeController_bsp//libucosii_bsp.a(alt_irq_entry.o)
 *(.exceptions.irqreturn.user)
 *(.exceptions.irqreturn)
 .exceptions.irqreturn
                0x01104088        0x4 ../TiltMazeController_bsp//libucosii_bsp.a(alt_irq_entry.o)
 *(.exceptions.notirq.label)
 .exceptions.notirq.label
                0x0110408c        0x0 ../TiltMazeController_bsp//libucosii_bsp.a(alt_irq_entry.o)
 *(.exceptions.notirq.user)
 *(.exceptions.notirq)
 .exceptions.notirq
                0x0110408c        0x8 ../TiltMazeController_bsp//libucosii_bsp.a(alt_exception_entry.o)
 *(.exceptions.soft.user)
 *(.exceptions.soft)
 *(.exceptions.unknown.user)
 *(.exceptions.unknown)
 .exceptions.unknown
                0x01104094        0x4 ../TiltMazeController_bsp//libucosii_bsp.a(alt_exception_entry.o)
 *(.exceptions.exit.label)
 .exceptions.exit.label
                0x01104098        0x0 ../TiltMazeController_bsp//libucosii_bsp.a(alt_irq_entry.o)
 .exceptions.exit.label
                0x01104098        0x0 ../TiltMazeController_bsp//libucosii_bsp.a(alt_exception_entry.o)
 *(.exceptions.exit.user)
 *(.exceptions.exit)
 .exceptions.exit
                0x01104098       0x54 ../TiltMazeController_bsp//libucosii_bsp.a(alt_exception_entry.o)
 *(.exceptions)
 .exceptions    0x011040ec       0xd4 ../TiltMazeController_bsp//libucosii_bsp.a(alt_irq_handler.o)
                0x011040ec                alt_irq_handler
                0x011041c0                PROVIDE (__ram_exceptions_end, ABSOLUTE (.))
                0x00800000                PROVIDE (__flash_exceptions_start, LOADADDR (.exceptions))

.text           0x008001a0    0x1c0a8
                0x008001a0                PROVIDE (stext, ABSOLUTE (.))
 *(.interp)
 *(.hash)
 *(.dynsym)
 *(.dynstr)
 *(.gnu.version)
 *(.gnu.version_d)
 *(.gnu.version_r)
 *(.rel.init)
 *(.rela.init)
 *(.rel.text .rel.text.* .rel.gnu.linkonce.t.*)
 *(.rela.text .rela.text.* .rela.gnu.linkonce.t.*)
 *(.rel.fini)
 *(.rela.fini)
 *(.rel.rodata .rel.rodata.* .rel.gnu.linkonce.r.*)
 *(.rela.rodata .rela.rodata.* .rela.gnu.linkonce.r.*)
 *(.rel.data .rel.data.* .rel.gnu.linkonce.d.*)
 *(.rela.data .rela.data.* .rela.gnu.linkonce.d.*)
 *(.rel.tdata .rel.tdata.* .rel.gnu.linkonce.td.*)
 *(.rela.tdata .rela.tdata.* .rela.gnu.linkonce.td.*)
 *(.rel.tbss .rel.tbss.* .rel.gnu.linkonce.tb.*)
 *(.rela.tbss .rela.tbss.* .rela.gnu.linkonce.tb.*)
 *(.rel.ctors)
 *(.rela.ctors)
 *(.rel.dtors)
 *(.rela.dtors)
 *(.rel.got)
 *(.rela.got)
 *(.rel.sdata .rel.sdata.* .rel.gnu.linkonce.s.*)
 *(.rela.sdata .rela.sdata.* .rela.gnu.linkonce.s.*)
 *(.rel.sbss .rel.sbss.* .rel.gnu.linkonce.sb.*)
 *(.rela.sbss .rela.sbss.* .rela.gnu.linkonce.sb.*)
 *(.rel.sdata2 .rel.sdata2.* .rel.gnu.linkonce.s2.*)
 *(.rela.sdata2 .rela.sdata2.* .rela.gnu.linkonce.s2.*)
 *(.rel.sbss2 .rel.sbss2.* .rel.gnu.linkonce.sb2.*)
 *(.rela.sbss2 .rela.sbss2.* .rela.gnu.linkonce.sb2.*)
 *(.rel.bss .rel.bss.* .rel.gnu.linkonce.b.*)
 *(.rela.bss .rela.bss.* .rela.gnu.linkonce.b.*)
 *(.rel.plt)
 *(.rela.plt)
 *(.rel.dyn)
 *(.init)
 *(.plt)
 *(.text .stub .text.* .gnu.linkonce.t.*)
 .text          0x008001a0       0x3c ../TiltMazeController_bsp//obj/HAL/src/crt0.o
                0x008001a0                _start
 .text          0x008001dc      0x18c obj/default/command.o
                0x008001dc                process_cmd_buf
                0x00800320                get_arg
 .text          0x00800368      0x318 obj/default/main.o
                0x00800368                maintask
                0x00800548                main
 .text          0x00800680      0x2a0 obj/default/servo.o
                0x00800680                servo_init
                0x008006c8                servotask
                0x00800774                moveTowardsTarget
                0x008007c4                checkRotationLimits
                0x0080081c                button_read
 .text          0x00800920      0x444 obj/default/uart.o
                0x00800920                uart_init
                0x00800968                uarttask
                0x00800c58                uart_write
 .text          0x00800d64       0x28 /OPT/altera/12.1/nios2eds/bin/gnu/H-i686-pc-linux-gnu/bin/../lib/gcc/nios2-elf/4.1.2/../../../../nios2-elf/lib/mno-hw-mul/libc.a(lib_a-malloc.o)
                0x00800d64                free
                0x00800d78                malloc
 .text          0x00800d8c      0x740 /OPT/altera/12.1/nios2eds/bin/gnu/H-i686-pc-linux-gnu/bin/../lib/gcc/nios2-elf/4.1.2/../../../../nios2-elf/lib/mno-hw-mul/libc.a(lib_a-mallocr.o)
                0x00800d8c                _malloc_r
 .text          0x008014cc       0x78 /OPT/altera/12.1/nios2eds/bin/gnu/H-i686-pc-linux-gnu/bin/../lib/gcc/nios2-elf/4.1.2/../../../../nios2-elf/lib/mno-hw-mul/libc.a(lib_a-printf.o)
                0x008014cc                printf
                0x00801510                _printf_r
 .text          0x00801544       0x24 /OPT/altera/12.1/nios2eds/bin/gnu/H-i686-pc-linux-gnu/bin/../lib/gcc/nios2-elf/4.1.2/../../../../nios2-elf/lib/mno-hw-mul/libc.a(lib_a-putchar.o)
                0x00801544                putchar
                0x00801560                _putchar_r
 .text          0x00801568       0xb4 /OPT/altera/12.1/nios2eds/bin/gnu/H-i686-pc-linux-gnu/bin/../lib/gcc/nios2-elf/4.1.2/../../../../nios2-elf/lib/mno-hw-mul/libc.a(lib_a-puts.o)
                0x00801568                _puts_r
                0x00801608                puts
 .text          0x0080161c       0x70 /OPT/altera/12.1/nios2eds/bin/gnu/H-i686-pc-linux-gnu/bin/../lib/gcc/nios2-elf/4.1.2/../../../../nios2-elf/lib/mno-hw-mul/libc.a(lib_a-sbrkr.o)
                0x0080161c                _sbrk_r
 .text          0x0080168c       0xd4 /OPT/altera/12.1/nios2eds/bin/gnu/H-i686-pc-linux-gnu/bin/../lib/gcc/nios2-elf/4.1.2/../../../../nios2-elf/lib/mno-hw-mul/libc.a(lib_a-sprintf.o)
                0x0080168c                sprintf
                0x00801700                _sprintf_r
 .text          0x00801760      0x114 /OPT/altera/12.1/nios2eds/bin/gnu/H-i686-pc-linux-gnu/bin/../lib/gcc/nios2-elf/4.1.2/../../../../nios2-elf/lib/mno-hw-mul/libc.a(lib_a-sscanf.o)
                0x00801768                _sscanf_r
                0x008017f0                sscanf
 .text          0x00801874       0x74 /OPT/altera/12.1/nios2eds/bin/gnu/H-i686-pc-linux-gnu/bin/../lib/gcc/nios2-elf/4.1.2/../../../../nios2-elf/lib/mno-hw-mul/libc.a(lib_a-strlen.o)
                0x00801874                strlen
 .text          0x008018e8       0xf0 /OPT/altera/12.1/nios2eds/bin/gnu/H-i686-pc-linux-gnu/bin/../lib/gcc/nios2-elf/4.1.2/../../../../nios2-elf/lib/mno-hw-mul/libc.a(lib_a-strncmp.o)
                0x008018e8                strncmp
 .text          0x008019d8     0x1f40 /OPT/altera/12.1/nios2eds/bin/gnu/H-i686-pc-linux-gnu/bin/../lib/gcc/nios2-elf/4.1.2/../../../../nios2-elf/lib/mno-hw-mul/libc.a(lib_a-vfprintf.o)
                0x00801a30                ___vfprintf_internal_r
                0x008038f4                __vfprintf_internal
 .text          0x00803918     0x1788 /OPT/altera/12.1/nios2eds/bin/gnu/H-i686-pc-linux-gnu/bin/../lib/gcc/nios2-elf/4.1.2/../../../../nios2-elf/lib/mno-hw-mul/libc.a(lib_a-vfscanf.o)
                0x00803918                __svfscanf_r
                0x00804fa0                __svfscanf
                0x00804fc4                _vfscanf_r
                0x0080502c                vfscanf
 .text          0x008050a0      0x13c /OPT/altera/12.1/nios2eds/bin/gnu/H-i686-pc-linux-gnu/bin/../lib/gcc/nios2-elf/4.1.2/../../../../nios2-elf/lib/mno-hw-mul/libc.a(lib_a-wsetup.o)
                0x008050a0                __swsetup_r
 .text          0x008051dc        0x0 /OPT/altera/12.1/nios2eds/bin/gnu/H-i686-pc-linux-gnu/bin/../lib/gcc/nios2-elf/4.1.2/../../../../nios2-elf/lib/mno-hw-mul/libc.a(lib_a-ctype_.o)
 .text          0x008051dc     0x17f8 /OPT/altera/12.1/nios2eds/bin/gnu/H-i686-pc-linux-gnu/bin/../lib/gcc/nios2-elf/4.1.2/../../../../nios2-elf/lib/mno-hw-mul/libc.a(lib_a-dtoa.o)
                0x00805420                _dtoa_r
 .text          0x008069d4      0x230 /OPT/altera/12.1/nios2eds/bin/gnu/H-i686-pc-linux-gnu/bin/../lib/gcc/nios2-elf/4.1.2/../../../../nios2-elf/lib/mno-hw-mul/libc.a(lib_a-fflush.o)
                0x008069d4                _fflush_r
                0x00806bd0                fflush
 .text          0x00806c04      0x2f4 /OPT/altera/12.1/nios2eds/bin/gnu/H-i686-pc-linux-gnu/bin/../lib/gcc/nios2-elf/4.1.2/../../../../nios2-elf/lib/mno-hw-mul/libc.a(lib_a-findfp.o)
                0x00806c5c                __sfp_lock_acquire
                0x00806c60                __sfp_lock_release
                0x00806c64                __sinit_lock_acquire
                0x00806c68                __sinit_lock_release
                0x00806c6c                __sinit
                0x00806d20                __fp_unlock_all
                0x00806d38                __fp_lock_all
                0x00806d50                _cleanup_r
                0x00806d5c                _cleanup
                0x00806d6c                __sfmoreglue
                0x00806e08                __sfp
 .text          0x00806ef8      0x24c /OPT/altera/12.1/nios2eds/bin/gnu/H-i686-pc-linux-gnu/bin/../lib/gcc/nios2-elf/4.1.2/../../../../nios2-elf/lib/mno-hw-mul/libc.a(lib_a-fread.o)
                0x00806ef8                _fread_r
                0x00807104                fread
 .text          0x00807144      0x440 /OPT/altera/12.1/nios2eds/bin/gnu/H-i686-pc-linux-gnu/bin/../lib/gcc/nios2-elf/4.1.2/../../../../nios2-elf/lib/mno-hw-mul/libc.a(lib_a-freer.o)
                0x00807144                _malloc_trim_r
                0x00807270                _free_r
 .text          0x00807584      0x49c /OPT/altera/12.1/nios2eds/bin/gnu/H-i686-pc-linux-gnu/bin/../lib/gcc/nios2-elf/4.1.2/../../../../nios2-elf/lib/mno-hw-mul/libc.a(lib_a-fvwrite.o)
                0x00807584                __sfvwrite_r
 .text          0x00807a20      0x180 /OPT/altera/12.1/nios2eds/bin/gnu/H-i686-pc-linux-gnu/bin/../lib/gcc/nios2-elf/4.1.2/../../../../nios2-elf/lib/mno-hw-mul/libc.a(lib_a-fwalk.o)
                0x00807a20                _fwalk_reent
                0x00807ae8                _fwalk
 .text          0x00807ba0        0x0 /OPT/altera/12.1/nios2eds/bin/gnu/H-i686-pc-linux-gnu/bin/../lib/gcc/nios2-elf/4.1.2/../../../../nios2-elf/lib/mno-hw-mul/libc.a(lib_a-impure.o)
 .text          0x00807ba0        0x0 /OPT/altera/12.1/nios2eds/bin/gnu/H-i686-pc-linux-gnu/bin/../lib/gcc/nios2-elf/4.1.2/../../../../nios2-elf/lib/mno-hw-mul/libc.a(lib_a-int_errno.o)
 .text          0x00807ba0       0x2c /OPT/altera/12.1/nios2eds/bin/gnu/H-i686-pc-linux-gnu/bin/../lib/gcc/nios2-elf/4.1.2/../../../../nios2-elf/lib/mno-hw-mul/libc.a(lib_a-iswspace.o)
                0x00807ba0                iswspace
 .text          0x00807bcc       0xc4 /OPT/altera/12.1/nios2eds/bin/gnu/H-i686-pc-linux-gnu/bin/../lib/gcc/nios2-elf/4.1.2/../../../../nios2-elf/lib/mno-hw-mul/libc.a(lib_a-locale.o)
                0x00807bcc                __locale_charset
                0x00807bd4                _localeconv_r
                0x00807be0                localeconv
                0x00807bf0                _setlocale_r
                0x00807c74                setlocale
 .text          0x00807c90      0x194 /OPT/altera/12.1/nios2eds/bin/gnu/H-i686-pc-linux-gnu/bin/../lib/gcc/nios2-elf/4.1.2/../../../../nios2-elf/lib/mno-hw-mul/libc.a(lib_a-makebuf.o)
                0x00807c90                __smakebuf_r
 .text          0x00807e24       0xc0 /OPT/altera/12.1/nios2eds/bin/gnu/H-i686-pc-linux-gnu/bin/../lib/gcc/nios2-elf/4.1.2/../../../../nios2-elf/lib/mno-hw-mul/libc.a(lib_a-mbrtowc.o)
                0x00807e24                _mbrtowc_r
                0x00807ea4                mbrtowc
 .text          0x00807ee4       0x40 /OPT/altera/12.1/nios2eds/bin/gnu/H-i686-pc-linux-gnu/bin/../lib/gcc/nios2-elf/4.1.2/../../../../nios2-elf/lib/mno-hw-mul/libc.a(lib_a-mbtowc_r.o)
                0x00807ee4                _mbtowc_r
 .text          0x00807f24       0xe4 /OPT/altera/12.1/nios2eds/bin/gnu/H-i686-pc-linux-gnu/bin/../lib/gcc/nios2-elf/4.1.2/../../../../nios2-elf/lib/mno-hw-mul/libc.a(lib_a-memchr.o)
                0x00807f24                memchr
 .text          0x00808008       0xa0 /OPT/altera/12.1/nios2eds/bin/gnu/H-i686-pc-linux-gnu/bin/../lib/gcc/nios2-elf/4.1.2/../../../../nios2-elf/lib/mno-hw-mul/libc.a(lib_a-memcpy.o)
                0x00808008                memcpy
 .text          0x008080a8       0xe0 /OPT/altera/12.1/nios2eds/bin/gnu/H-i686-pc-linux-gnu/bin/../lib/gcc/nios2-elf/4.1.2/../../../../nios2-elf/lib/mno-hw-mul/libc.a(lib_a-memmove.o)
                0x008080a8                memmove
 .text          0x00808188       0x98 /OPT/altera/12.1/nios2eds/bin/gnu/H-i686-pc-linux-gnu/bin/../lib/gcc/nios2-elf/4.1.2/../../../../nios2-elf/lib/mno-hw-mul/libc.a(lib_a-memset.o)
                0x00808188                memset
 .text          0x00808220     0x108c /OPT/altera/12.1/nios2eds/bin/gnu/H-i686-pc-linux-gnu/bin/../lib/gcc/nios2-elf/4.1.2/../../../../nios2-elf/lib/mno-hw-mul/libc.a(lib_a-mprec.o)
                0x00808220                _Bfree
                0x00808248                __hi0bits
                0x008082b8                __lo0bits
                0x0080837c                __mcmp
                0x008083dc                __ulp
                0x0080845c                __b2d
                0x0080857c                __ratio
                0x0080862c                _mprec_log10
                0x008086c0                __copybits
                0x00808718                __any_on
                0x008087a0                _Balloc
                0x0080885c                __d2b
                0x008089d8                __mdiff
                0x00808b64                __lshift
                0x00808cb0                __multiply
                0x00808f04                __i2b
                0x00808f40                __multadd
                0x0080906c                __pow5mult
                0x0080918c                __s2b
 .text          0x008092ac      0x1ec /OPT/altera/12.1/nios2eds/bin/gnu/H-i686-pc-linux-gnu/bin/../lib/gcc/nios2-elf/4.1.2/../../../../nios2-elf/lib/mno-hw-mul/libc.a(lib_a-putc.o)
                0x008092ac                putc
                0x008093b0                _putc_r
 .text          0x00809498      0x5f4 /OPT/altera/12.1/nios2eds/bin/gnu/H-i686-pc-linux-gnu/bin/../lib/gcc/nios2-elf/4.1.2/../../../../nios2-elf/lib/mno-hw-mul/libc.a(lib_a-reallocr.o)
                0x00809498                _realloc_r
 .text          0x00809a8c      0x1e0 /OPT/altera/12.1/nios2eds/bin/gnu/H-i686-pc-linux-gnu/bin/../lib/gcc/nios2-elf/4.1.2/../../../../nios2-elf/lib/mno-hw-mul/libc.a(lib_a-refill.o)
                0x00809a8c                __srefill_r
 .text          0x00809c6c       0x40 /OPT/altera/12.1/nios2eds/bin/gnu/H-i686-pc-linux-gnu/bin/../lib/gcc/nios2-elf/4.1.2/../../../../nios2-elf/lib/mno-hw-mul/libc.a(lib_a-s_isinfd.o)
                0x00809c6c                __isinfd
 .text          0x00809cac       0x30 /OPT/altera/12.1/nios2eds/bin/gnu/H-i686-pc-linux-gnu/bin/../lib/gcc/nios2-elf/4.1.2/../../../../nios2-elf/lib/mno-hw-mul/libc.a(lib_a-s_isnand.o)
                0x00809cac                __isnand
 .text          0x00809cdc       0xc0 /OPT/altera/12.1/nios2eds/bin/gnu/H-i686-pc-linux-gnu/bin/../lib/gcc/nios2-elf/4.1.2/../../../../nios2-elf/lib/mno-hw-mul/libc.a(lib_a-sccl.o)
                0x00809cdc                __sccl
 .text          0x00809d9c        0x8 /OPT/altera/12.1/nios2eds/bin/gnu/H-i686-pc-linux-gnu/bin/../lib/gcc/nios2-elf/4.1.2/../../../../nios2-elf/lib/mno-hw-mul/libc.a(lib_a-sf_nan.o)
                0x00809d9c                nanf
 .text          0x00809da4      0x14c /OPT/altera/12.1/nios2eds/bin/gnu/H-i686-pc-linux-gnu/bin/../lib/gcc/nios2-elf/4.1.2/../../../../nios2-elf/lib/mno-hw-mul/libc.a(lib_a-stdio.o)
                0x00809da4                __sclose
                0x00809dac                __sseek
                0x00809e14                __swrite
                0x00809e90                __sread
 .text          0x00809ef0       0xbc /OPT/altera/12.1/nios2eds/bin/gnu/H-i686-pc-linux-gnu/bin/../lib/gcc/nios2-elf/4.1.2/../../../../nios2-elf/lib/mno-hw-mul/libc.a(lib_a-strcmp.o)
                0x00809ef0                strcmp
 .text          0x00809fac     0x1754 /OPT/altera/12.1/nios2eds/bin/gnu/H-i686-pc-linux-gnu/bin/../lib/gcc/nios2-elf/4.1.2/../../../../nios2-elf/lib/mno-hw-mul/libc.a(lib_a-strtod.o)
                0x00809ff4                _strtod_r
                0x0080b5c0                strtof
                0x0080b6e4                strtod
 .text          0x0080b700      0x274 /OPT/altera/12.1/nios2eds/bin/gnu/H-i686-pc-linux-gnu/bin/../lib/gcc/nios2-elf/4.1.2/../../../../nios2-elf/lib/mno-hw-mul/libc.a(lib_a-strtol.o)
                0x0080b700                _strtol_r
                0x0080b950                strtol
 .text          0x0080b974      0x318 /OPT/altera/12.1/nios2eds/bin/gnu/H-i686-pc-linux-gnu/bin/../lib/gcc/nios2-elf/4.1.2/../../../../nios2-elf/lib/mno-hw-mul/libc.a(lib_a-strtoll_r.o)
                0x0080b974                _strtoll_r
 .text          0x0080bc8c      0x264 /OPT/altera/12.1/nios2eds/bin/gnu/H-i686-pc-linux-gnu/bin/../lib/gcc/nios2-elf/4.1.2/../../../../nios2-elf/lib/mno-hw-mul/libc.a(lib_a-strtoul.o)
                0x0080bc8c                _strtoul_r
                0x0080becc                strtoul
 .text          0x0080bef0      0x2f0 /OPT/altera/12.1/nios2eds/bin/gnu/H-i686-pc-linux-gnu/bin/../lib/gcc/nios2-elf/4.1.2/../../../../nios2-elf/lib/mno-hw-mul/libc.a(lib_a-strtoull_r.o)
                0x0080bef0                _strtoull_r
 .text          0x0080c1e0      0x294 /OPT/altera/12.1/nios2eds/bin/gnu/H-i686-pc-linux-gnu/bin/../lib/gcc/nios2-elf/4.1.2/../../../../nios2-elf/lib/mno-hw-mul/libc.a(lib_a-ungetc.o)
                0x0080c1e0                __submore
                0x0080c2bc                _ungetc_r
                0x0080c458                ungetc
 .text          0x0080c474      0x14c /OPT/altera/12.1/nios2eds/bin/gnu/H-i686-pc-linux-gnu/bin/../lib/gcc/nios2-elf/4.1.2/../../../../nios2-elf/lib/mno-hw-mul/libc.a(lib_a-wbuf.o)
                0x0080c474                __swbuf_r
                0x0080c5a4                __swbuf
 .text          0x0080c5c0       0x78 /OPT/altera/12.1/nios2eds/bin/gnu/H-i686-pc-linux-gnu/bin/../lib/gcc/nios2-elf/4.1.2/../../../../nios2-elf/lib/mno-hw-mul/libc.a(lib_a-writer.o)
                0x0080c5c0                _write_r
 .text          0x0080c638       0xc8 /OPT/altera/12.1/nios2eds/bin/gnu/H-i686-pc-linux-gnu/bin/../lib/gcc/nios2-elf/4.1.2/../../../../nios2-elf/lib/mno-hw-mul/libc.a(lib_a-callocr.o)
                0x0080c638                _calloc_r
 .text          0x0080c700       0x70 /OPT/altera/12.1/nios2eds/bin/gnu/H-i686-pc-linux-gnu/bin/../lib/gcc/nios2-elf/4.1.2/../../../../nios2-elf/lib/mno-hw-mul/libc.a(lib_a-closer.o)
                0x0080c700                _close_r
 .text          0x0080c770      0x124 /OPT/altera/12.1/nios2eds/bin/gnu/H-i686-pc-linux-gnu/bin/../lib/gcc/nios2-elf/4.1.2/../../../../nios2-elf/lib/mno-hw-mul/libc.a(lib_a-fclose.o)
                0x0080c770                _fclose_r
                0x0080c880                fclose
 .text          0x0080c894       0x74 /OPT/altera/12.1/nios2eds/bin/gnu/H-i686-pc-linux-gnu/bin/../lib/gcc/nios2-elf/4.1.2/../../../../nios2-elf/lib/mno-hw-mul/libc.a(lib_a-fstatr.o)
                0x0080c894                _fstat_r
 .text          0x0080c908      0x938 /OPT/altera/12.1/nios2eds/bin/gnu/H-i686-pc-linux-gnu/bin/../lib/gcc/nios2-elf/4.1.2/../../../../nios2-elf/lib/mno-hw-mul/libc.a(lib_a-gdtoa-gethex.o)
                0x0080c92c                __hexdig_init
                0x0080ca44                __gethex
 .text          0x0080d240      0x294 /OPT/altera/12.1/nios2eds/bin/gnu/H-i686-pc-linux-gnu/bin/../lib/gcc/nios2-elf/4.1.2/../../../../nios2-elf/lib/mno-hw-mul/libc.a(lib_a-gdtoa-hexnan.o)
                0x0080d28c                __hexnan
 .text          0x0080d4d4       0x70 /OPT/altera/12.1/nios2eds/bin/gnu/H-i686-pc-linux-gnu/bin/../lib/gcc/nios2-elf/4.1.2/../../../../nios2-elf/lib/mno-hw-mul/libc.a(lib_a-isattyr.o)
                0x0080d4d4                _isatty_r
 .text          0x0080d544       0x78 /OPT/altera/12.1/nios2eds/bin/gnu/H-i686-pc-linux-gnu/bin/../lib/gcc/nios2-elf/4.1.2/../../../../nios2-elf/lib/mno-hw-mul/libc.a(lib_a-lseekr.o)
                0x0080d544                _lseek_r
 .text          0x0080d5bc       0x78 /OPT/altera/12.1/nios2eds/bin/gnu/H-i686-pc-linux-gnu/bin/../lib/gcc/nios2-elf/4.1.2/../../../../nios2-elf/lib/mno-hw-mul/libc.a(lib_a-readr.o)
                0x0080d5bc                _read_r
 .text          0x0080d634      0x124 /OPT/altera/12.1/nios2eds/bin/gnu/H-i686-pc-linux-gnu/bin/../lib/gcc/nios2-elf/4.1.2/mno-hw-mul/libgcc.a(_muldi3.o)
                0x0080d634                __muldi3
 .text          0x0080d758       0xa4 /OPT/altera/12.1/nios2eds/bin/gnu/H-i686-pc-linux-gnu/bin/../lib/gcc/nios2-elf/4.1.2/mno-hw-mul/libgcc.a(_fixunsdfsi.o)
                0x0080d758                __fixunsdfsi
 .text          0x0080d7fc      0x66c /OPT/altera/12.1/nios2eds/bin/gnu/H-i686-pc-linux-gnu/bin/../lib/gcc/nios2-elf/4.1.2/mno-hw-mul/libgcc.a(_udivdi3.o)
                0x0080d7fc                __udivdi3
 .text          0x0080de68      0x660 /OPT/altera/12.1/nios2eds/bin/gnu/H-i686-pc-linux-gnu/bin/../lib/gcc/nios2-elf/4.1.2/mno-hw-mul/libgcc.a(_umoddi3.o)
                0x0080de68                __umoddi3
 .text          0x0080e4c8       0x78 /OPT/altera/12.1/nios2eds/bin/gnu/H-i686-pc-linux-gnu/bin/../lib/gcc/nios2-elf/4.1.2/mno-hw-mul/libgcc.a(_ne_sf.o)
                0x0080e4c8                __nesf2
 .text          0x0080e540       0x78 /OPT/altera/12.1/nios2eds/bin/gnu/H-i686-pc-linux-gnu/bin/../lib/gcc/nios2-elf/4.1.2/mno-hw-mul/libgcc.a(_gt_sf.o)
                0x0080e540                __gtsf2
 .text          0x0080e5b8       0x78 /OPT/altera/12.1/nios2eds/bin/gnu/H-i686-pc-linux-gnu/bin/../lib/gcc/nios2-elf/4.1.2/mno-hw-mul/libgcc.a(_lt_sf.o)
                0x0080e5b8                __ltsf2
 .text          0x0080e630      0x504 /OPT/altera/12.1/nios2eds/bin/gnu/H-i686-pc-linux-gnu/bin/../lib/gcc/nios2-elf/4.1.2/mno-hw-mul/libgcc.a(_addsub_df.o)
                0x0080ea40                __subdf3
                0x0080eac0                __adddf3
 .text          0x0080eb34      0x3c4 /OPT/altera/12.1/nios2eds/bin/gnu/H-i686-pc-linux-gnu/bin/../lib/gcc/nios2-elf/4.1.2/mno-hw-mul/libgcc.a(_mul_df.o)
                0x0080eb34                __muldf3
 .text          0x0080eef8      0x258 /OPT/altera/12.1/nios2eds/bin/gnu/H-i686-pc-linux-gnu/bin/../lib/gcc/nios2-elf/4.1.2/mno-hw-mul/libgcc.a(_div_df.o)
                0x0080eef8                __divdf3
 .text          0x0080f150       0x88 /OPT/altera/12.1/nios2eds/bin/gnu/H-i686-pc-linux-gnu/bin/../lib/gcc/nios2-elf/4.1.2/mno-hw-mul/libgcc.a(_eq_df.o)
                0x0080f150                __eqdf2
 .text          0x0080f1d8       0x88 /OPT/altera/12.1/nios2eds/bin/gnu/H-i686-pc-linux-gnu/bin/../lib/gcc/nios2-elf/4.1.2/mno-hw-mul/libgcc.a(_ne_df.o)
                0x0080f1d8                __nedf2
 .text          0x0080f260       0x88 /OPT/altera/12.1/nios2eds/bin/gnu/H-i686-pc-linux-gnu/bin/../lib/gcc/nios2-elf/4.1.2/mno-hw-mul/libgcc.a(_gt_df.o)
                0x0080f260                __gtdf2
 .text          0x0080f2e8       0x88 /OPT/altera/12.1/nios2eds/bin/gnu/H-i686-pc-linux-gnu/bin/../lib/gcc/nios2-elf/4.1.2/mno-hw-mul/libgcc.a(_ge_df.o)
                0x0080f2e8                __gedf2
 .text          0x0080f370       0x88 /OPT/altera/12.1/nios2eds/bin/gnu/H-i686-pc-linux-gnu/bin/../lib/gcc/nios2-elf/4.1.2/mno-hw-mul/libgcc.a(_lt_df.o)
                0x0080f370                __ltdf2
 .text          0x0080f3f8       0x88 /OPT/altera/12.1/nios2eds/bin/gnu/H-i686-pc-linux-gnu/bin/../lib/gcc/nios2-elf/4.1.2/mno-hw-mul/libgcc.a(_le_df.o)
                0x0080f3f8                __ledf2
 .text          0x0080f480       0xf8 /OPT/altera/12.1/nios2eds/bin/gnu/H-i686-pc-linux-gnu/bin/../lib/gcc/nios2-elf/4.1.2/mno-hw-mul/libgcc.a(_si_to_df.o)
                0x0080f480                __floatsidf
 .text          0x0080f578       0xd8 /OPT/altera/12.1/nios2eds/bin/gnu/H-i686-pc-linux-gnu/bin/../lib/gcc/nios2-elf/4.1.2/mno-hw-mul/libgcc.a(_df_to_si.o)
                0x0080f578                __fixdfsi
 .text          0x0080f650       0x74 /OPT/altera/12.1/nios2eds/bin/gnu/H-i686-pc-linux-gnu/bin/../lib/gcc/nios2-elf/4.1.2/mno-hw-mul/libgcc.a(_df_to_sf.o)
                0x0080f650                __truncdfsf2
 .text          0x0080f6c4        0x0 /OPT/altera/12.1/nios2eds/bin/gnu/H-i686-pc-linux-gnu/bin/../lib/gcc/nios2-elf/4.1.2/mno-hw-mul/libgcc.a(_thenan_df.o)
 .text          0x0080f6c4      0x194 /OPT/altera/12.1/nios2eds/bin/gnu/H-i686-pc-linux-gnu/bin/../lib/gcc/nios2-elf/4.1.2/mno-hw-mul/libgcc.a(_usi_to_df.o)
                0x0080f6c4                __floatunsidf
 .text          0x0080f858      0x14c /OPT/altera/12.1/nios2eds/bin/gnu/H-i686-pc-linux-gnu/bin/../lib/gcc/nios2-elf/4.1.2/mno-hw-mul/libgcc.a(lib2-divmod.o)
                0x0080f8d4                __divsi3
                0x0080f934                __modsi3
                0x0080f994                __udivsi3
                0x0080f99c                __umodsi3
 .text          0x0080f9a4       0x38 /OPT/altera/12.1/nios2eds/bin/gnu/H-i686-pc-linux-gnu/bin/../lib/gcc/nios2-elf/4.1.2/mno-hw-mul/libgcc.a(lib2-mul.o)
                0x0080f9a4                __mulsi3
 .text          0x0080f9dc        0x0 /OPT/altera/12.1/nios2eds/bin/gnu/H-i686-pc-linux-gnu/bin/../lib/gcc/nios2-elf/4.1.2/mno-hw-mul/libgcc.a(_clz.o)
 .text          0x0080f9dc       0x80 /OPT/altera/12.1/nios2eds/bin/gnu/H-i686-pc-linux-gnu/bin/../lib/gcc/nios2-elf/4.1.2/mno-hw-mul/libgcc.a(_clzsi2.o)
                0x0080f9dc                __clzsi2
 .text          0x0080fa5c       0xc8 /OPT/altera/12.1/nios2eds/bin/gnu/H-i686-pc-linux-gnu/bin/../lib/gcc/nios2-elf/4.1.2/mno-hw-mul/libgcc.a(_unpack_sf.o)
                0x0080fa5c                __unpack_f
 .text          0x0080fb24       0xa8 /OPT/altera/12.1/nios2eds/bin/gnu/H-i686-pc-linux-gnu/bin/../lib/gcc/nios2-elf/4.1.2/mno-hw-mul/libgcc.a(_fpcmp_parts_sf.o)
                0x0080fb24                __fpcmp_parts_f
 .text          0x0080fbcc       0x2c /OPT/altera/12.1/nios2eds/bin/gnu/H-i686-pc-linux-gnu/bin/../lib/gcc/nios2-elf/4.1.2/mno-hw-mul/libgcc.a(_make_sf.o)
                0x0080fbcc                __make_fp
 .text          0x0080fbf8      0x314 /OPT/altera/12.1/nios2eds/bin/gnu/H-i686-pc-linux-gnu/bin/../lib/gcc/nios2-elf/4.1.2/mno-hw-mul/libgcc.a(_pack_df.o)
                0x0080fbf8                __pack_d
 .text          0x0080ff0c      0x138 /OPT/altera/12.1/nios2eds/bin/gnu/H-i686-pc-linux-gnu/bin/../lib/gcc/nios2-elf/4.1.2/mno-hw-mul/libgcc.a(_unpack_df.o)
                0x0080ff0c                __unpack_d
 .text          0x00810044       0xc8 /OPT/altera/12.1/nios2eds/bin/gnu/H-i686-pc-linux-gnu/bin/../lib/gcc/nios2-elf/4.1.2/mno-hw-mul/libgcc.a(_fpcmp_parts_df.o)
                0x00810044                __fpcmp_parts_d
 .text          0x0081010c      0x160 /OPT/altera/12.1/nios2eds/bin/gnu/H-i686-pc-linux-gnu/bin/../lib/gcc/nios2-elf/4.1.2/mno-hw-mul/libgcc.a(_pack_sf.o)
                0x0081010c                __pack_f
 .text          0x0081026c      0x160 ../TiltMazeController_bsp//libucosii_bsp.a(alt_close.o)
                0x0081026c                close
 .text          0x008103cc       0x2c ../TiltMazeController_bsp//libucosii_bsp.a(alt_dev.o)
 .text          0x008103f8        0x0 ../TiltMazeController_bsp//libucosii_bsp.a(alt_errno.o)
 .text          0x008103f8      0x138 ../TiltMazeController_bsp//libucosii_bsp.a(alt_fstat.o)
                0x008103f8                fstat
 .text          0x00810530      0x124 ../TiltMazeController_bsp//libucosii_bsp.a(alt_isatty.o)
                0x00810530                isatty
 .text          0x00810654       0xec ../TiltMazeController_bsp//libucosii_bsp.a(alt_load.o)
                0x00810654                alt_load
 .text          0x00810740      0x154 ../TiltMazeController_bsp//libucosii_bsp.a(alt_lseek.o)
                0x00810740                lseek
 .text          0x00810894       0xc8 ../TiltMazeController_bsp//libucosii_bsp.a(alt_main.o)
                0x00810894                alt_main
 .text          0x0081095c      0x184 ../TiltMazeController_bsp//libucosii_bsp.a(alt_read.o)
                0x0081095c                read
 .text          0x00810ae0       0x78 ../TiltMazeController_bsp//libucosii_bsp.a(alt_release_fd.o)
                0x00810ae0                alt_release_fd
 .text          0x00810b58       0xbc ../TiltMazeController_bsp//libucosii_bsp.a(alt_sbrk.o)
                0x00810b58                sbrk
 .text          0x00810c14      0x184 ../TiltMazeController_bsp//libucosii_bsp.a(alt_write.o)
                0x00810c14                write
 .text          0x00810d98      0x108 ../TiltMazeController_bsp//libucosii_bsp.a(alt_env_lock.o)
                0x00810d98                __env_lock
                0x00810e44                __env_unlock
 .text          0x00810ea0      0x1d8 ../TiltMazeController_bsp//libucosii_bsp.a(alt_malloc_lock.o)
                0x00810ea0                __malloc_lock
                0x00810fa8                __malloc_unlock
 .text          0x00811078     0x2128 ../TiltMazeController_bsp//libucosii_bsp.a(os_core.o)
                0x00811078                OSEventNameGet
                0x008111a8                OSEventNameSet
                0x008112ec                OSEventPendMulti
                0x008119a0                OSInit
                0x008119f4                OSIntEnter
                0x00811a70                OSIntExit
                0x00811b70                OSSchedLock
                0x00811bfc                OSSchedUnlock
                0x00811ce0                OSStart
                0x00811d50                OSStatInit
                0x00811dfc                OSTimeTick
                0x0081203c                OSVersion
                0x0081205c                OS_Dummy
                0x00812078                OS_EventTaskRdy
                0x0081220c                OS_EventTaskWait
                0x0081231c                OS_EventTaskWaitMulti
                0x00812470                OS_EventTaskRemove
                0x00812528                OS_EventTaskRemoveMulti
                0x0081262c                OS_EventWaitListInit
                0x008129f8                OS_MemClr
                0x00812a4c                OS_MemCopy
                0x00812ab8                OS_Sched
                0x00812bfc                OS_StrCopy
                0x00812c7c                OS_StrLen
                0x00812cd4                OS_TaskIdle
                0x00812d30                OS_TaskStat
                0x00812df8                OS_TaskStatStkChk
                0x00812ec0                OS_TCBInit
 .text          0x008131a0      0x18c ../TiltMazeController_bsp//libucosii_bsp.a(os_dbg.o)
                0x008131a0                OSDebugInit
 .text          0x0081332c     0x193c ../TiltMazeController_bsp//libucosii_bsp.a(os_flag.o)
                0x0081332c                OSFlagAccept
                0x00813660                OSFlagCreate
                0x0081379c                OSFlagDel
                0x00813a44                OSFlagNameGet
                0x00813b88                OSFlagNameSet
                0x00813cdc                OSFlagPend
                0x00814320                OSFlagPendGetFlagsRdy
                0x00814388                OSFlagPost
                0x00814730                OSFlagQuery
                0x008149c8                OS_FlagInit
                0x00814bbc                OS_FlagUnlink
 .text          0x00814c68      0x80c ../TiltMazeController_bsp//libucosii_bsp.a(os_mem.o)
                0x00814c68                OSMemCreate
                0x00814e84                OSMemGet
                0x00814f88                OSMemNameGet
                0x00815094                OSMemNameSet
                0x008151b4                OSMemPut
                0x008152a4                OSMemQuery
                0x008153a0                OS_MemInit
 .text          0x00815474     0x1334 ../TiltMazeController_bsp//libucosii_bsp.a(os_q.o)
                0x00815474                OSQAccept
                0x008155c8                OSQCreate
                0x008157dc                OSQDel
                0x00815adc                OSQFlush
                0x00815ba4                OSQPend
                0x00815ec4                OSQPendAbort
                0x00816040                OSQPost
                0x008161c0                OSQPostFront
                0x00816348                OSQPostOpt
                0x0081657c                OSQQuery
                0x008166fc                OS_QInit
 .text          0x008167a8      0xbc8 ../TiltMazeController_bsp//libucosii_bsp.a(os_sem.o)
                0x008167a8                OSSemAccept
                0x00816868                OSSemCreate
                0x0081697c                OSSemDel
                0x00816c1c                OSSemPend
                0x00816e98                OSSemPendAbort
                0x00817014                OSSemPost
                0x0081713c                OSSemQuery
                0x0081726c                OSSemSet
 .text          0x00817370     0x1a40 ../TiltMazeController_bsp//libucosii_bsp.a(os_task.o)
                0x00817370                OSTaskChangePrio
                0x008178e4                OSTaskCreate
                0x00817ab8                OSTaskCreateExt
                0x00817cb8                OSTaskDel
                0x008180c4                OSTaskDelReq
                0x00818234                OSTaskNameGet
                0x008183ec                OSTaskNameSet
                0x008185b0                OSTaskResume
                0x008187c8                OSTaskStkChk
                0x008189c4                OSTaskSuspend
                0x00818bf0                OSTaskQuery
                0x00818d34                OS_TaskStkClr
 .text          0x00818db0      0x5b4 ../TiltMazeController_bsp//libucosii_bsp.a(os_time.o)
                0x00818db0                OSTimeDly
                0x00818efc                OSTimeDlyHMSM
                0x0081908c                OSTimeDlyResume
                0x0081929c                OSTimeGet
                0x00819300                OSTimeSet
 .text          0x00819364       0xec ../TiltMazeController_bsp//libucosii_bsp.a(alt_sys_init.o)
                0x00819364                alt_irq_init
                0x00819398                alt_sys_init
 .text          0x00819450      0x148 ../TiltMazeController_bsp//libucosii_bsp.a(altera_avalon_jtag_uart_fd.o)
                0x00819450                altera_avalon_jtag_uart_read_fd
                0x008194a8                altera_avalon_jtag_uart_write_fd
                0x00819500                altera_avalon_jtag_uart_close_fd
                0x00819548                altera_avalon_jtag_uart_ioctl_fd
 .text          0x00819598      0x580 ../TiltMazeController_bsp//libucosii_bsp.a(altera_avalon_jtag_uart_init.o)
                0x00819598                altera_avalon_jtag_uart_init
                0x00819aa4                altera_avalon_jtag_uart_close
 .text          0x00819b18       0xf4 ../TiltMazeController_bsp//libucosii_bsp.a(altera_avalon_jtag_uart_ioctl.o)
                0x00819b18                altera_avalon_jtag_uart_ioctl
 .text          0x00819c0c      0x2c0 ../TiltMazeController_bsp//libucosii_bsp.a(altera_avalon_jtag_uart_read.o)
                0x00819c0c                altera_avalon_jtag_uart_read
 .text          0x00819ecc      0x2dc ../TiltMazeController_bsp//libucosii_bsp.a(altera_avalon_jtag_uart_write.o)
                0x00819ecc                altera_avalon_jtag_uart_write
 .text          0x0081a1a8       0xfc ../TiltMazeController_bsp//libucosii_bsp.a(altera_avalon_timer_sc.o)
                0x0081a21c                alt_avalon_timer_sc_init
 .text          0x0081a2a4      0x530 ../TiltMazeController_bsp//libucosii_bsp.a(altera_up_avalon_character_lcd.o)
                0x0081a2a4                get_DDRAM_addr
                0x0081a320                alt_up_character_lcd_send_cmd
                0x0081a354                alt_up_character_lcd_init
                0x0081a388                alt_up_character_lcd_open_dev
                0x0081a3c8                alt_up_character_lcd_write
                0x0081a440                alt_up_character_lcd_string
                0x0081a4b8                alt_up_character_lcd_write_fd
                0x0081a504                alt_up_character_lcd_set_cursor_pos
                0x0081a57c                alt_up_character_lcd_shift_cursor
                0x0081a62c                alt_up_character_lcd_shift_display
                0x0081a6dc                alt_up_character_lcd_erase_pos
                0x0081a76c                alt_up_character_lcd_cursor_off
                0x0081a7a0                alt_up_character_lcd_cursor_blink_on
 .text          0x0081a7d4      0x398 ../TiltMazeController_bsp//libucosii_bsp.a(altera_up_avalon_rs232.o)
                0x0081a7d4                alt_up_rs232_enable_read_interrupt
                0x0081a828                alt_up_rs232_disable_read_interrupt
                0x0081a880                alt_up_rs232_get_used_space_in_read_FIFO
                0x0081a8bc                alt_up_rs232_get_available_space_in_write_FIFO
                0x0081a8fc                alt_up_rs232_check_parity
                0x0081a94c                alt_up_rs232_write_data
                0x0081a994                alt_up_rs232_read_data
                0x0081aa08                alt_up_rs232_read_fd
                0x0081aa98                alt_up_rs232_write_fd
                0x0081ab2c                alt_up_rs232_open_dev
 .text          0x0081ab6c      0x154 ../TiltMazeController_bsp//libucosii_bsp.a(alt_alarm_start.o)
                0x0081ab6c                alt_alarm_start
 .text          0x0081acc0       0x1c ../TiltMazeController_bsp//libucosii_bsp.a(alt_dcache_flush_all.o)
                0x0081acc0                alt_dcache_flush_all
 .text          0x0081acdc      0x114 ../TiltMazeController_bsp//libucosii_bsp.a(alt_dev_llist_insert.o)
                0x0081acdc                alt_dev_llist_insert
 .text          0x0081adf0       0x64 ../TiltMazeController_bsp//libucosii_bsp.a(alt_do_ctors.o)
                0x0081adf0                _do_ctors
 .text          0x0081ae54       0x64 ../TiltMazeController_bsp//libucosii_bsp.a(alt_do_dtors.o)
                0x0081ae54                _do_dtors
 .text          0x0081aeb8       0x94 ../TiltMazeController_bsp//libucosii_bsp.a(alt_find_dev.o)
                0x0081aeb8                alt_find_dev
 .text          0x0081af4c       0x1c ../TiltMazeController_bsp//libucosii_bsp.a(alt_icache_flush_all.o)
                0x0081af4c                alt_icache_flush_all
 .text          0x0081af68      0x150 ../TiltMazeController_bsp//libucosii_bsp.a(alt_io_redirect.o)
                0x0081b040                alt_io_redirect
 .text          0x0081b0b8      0x1c0 ../TiltMazeController_bsp//libucosii_bsp.a(alt_irq_register.o)
                0x0081b0b8                alt_irq_register
 .text          0x0081b278        0x0 ../TiltMazeController_bsp//libucosii_bsp.a(alt_irq_vars.o)
 .text          0x0081b278      0x2e4 ../TiltMazeController_bsp//libucosii_bsp.a(alt_open.o)
                0x0081b370                open
 .text          0x0081b55c      0x1a8 ../TiltMazeController_bsp//libucosii_bsp.a(alt_tick.o)
                0x0081b55c                alt_alarm_stop
                0x0081b5f4                alt_tick
 .text          0x0081b704       0x20 ../TiltMazeController_bsp//libucosii_bsp.a(altera_nios2_qsys_irq.o)
                0x0081b704                altera_nios2_qsys_irq_init
 .text          0x0081b724       0xd0 ../TiltMazeController_bsp//libucosii_bsp.a(os_cpu_a.o)
                0x0081b724                OSCtxSw
                0x0081b724                OSIntCtxSw
                0x0081b7b0                OSStartHighRdy
                0x0081b7d0                OSStartTsk
 .text          0x0081b7f4      0x418 ../TiltMazeController_bsp//libucosii_bsp.a(os_cpu_c.o)
                0x0081b7f4                OSTaskStkInit
                0x0081bb04                OSTaskCreateHook
                0x0081bb24                OSTaskDelHook
                0x0081bb44                OSTaskSwHook
                0x0081bb60                OSTaskStatHook
                0x0081bb7c                OSTimeTickHook
                0x0081bb98                OSInitHookBegin
                0x0081bbb4                OSInitHookEnd
                0x0081bbd0                OSTaskIdleHook
                0x0081bbec                OSTCBInitHook
 .text          0x0081bc0c      0x120 ../TiltMazeController_bsp//libucosii_bsp.a(alt_find_file.o)
                0x0081bc0c                alt_find_file
 .text          0x0081bd2c      0x104 ../TiltMazeController_bsp//libucosii_bsp.a(alt_get_fd.o)
                0x0081bd2c                alt_get_fd
 .text          0x0081be30        0x0 ../TiltMazeController_bsp//libucosii_bsp.a(alt_irq_entry.o)
 .text          0x0081be30        0x0 ../TiltMazeController_bsp//libucosii_bsp.a(alt_irq_handler.o)
 .text          0x0081be30        0x0 ../TiltMazeController_bsp//libucosii_bsp.a(alt_exception_entry.o)
 .text          0x0081be30       0x14 /OPT/altera/12.1/nios2eds/bin/gnu/H-i686-pc-linux-gnu/bin/../lib/gcc/nios2-elf/4.1.2/../../../../nios2-elf/lib/mno-hw-mul/libc.a(lib_a-atexit.o)
                0x0081be30                atexit
 .text          0x0081be44       0x38 /OPT/altera/12.1/nios2eds/bin/gnu/H-i686-pc-linux-gnu/bin/../lib/gcc/nios2-elf/4.1.2/../../../../nios2-elf/lib/mno-hw-mul/libc.a(lib_a-exit.o)
                0x0081be44                exit
 .text          0x0081be7c       0x74 /OPT/altera/12.1/nios2eds/bin/gnu/H-i686-pc-linux-gnu/bin/../lib/gcc/nios2-elf/4.1.2/../../../../nios2-elf/lib/mno-hw-mul/libc.a(lib_a-memcmp.o)
                0x0081be7c                memcmp
 .text          0x0081bef0      0x134 /OPT/altera/12.1/nios2eds/bin/gnu/H-i686-pc-linux-gnu/bin/../lib/gcc/nios2-elf/4.1.2/../../../../nios2-elf/lib/mno-hw-mul/libc.a(lib_a-__atexit.o)
                0x0081bef0                __register_exitproc
 .text          0x0081c024      0x1b4 /OPT/altera/12.1/nios2eds/bin/gnu/H-i686-pc-linux-gnu/bin/../lib/gcc/nios2-elf/4.1.2/../../../../nios2-elf/lib/mno-hw-mul/libc.a(lib_a-__call_atexit.o)
                0x0081c028                __call_exitprocs
 .text          0x0081c1d8       0x6c ../TiltMazeController_bsp//libucosii_bsp.a(alt_exit.o)
                0x0081c218                _exit
 *(.gnu.warning.*)
 *(.fini)
                0x0081c244                PROVIDE (__etext, ABSOLUTE (.))
                0x0081c244                PROVIDE (_etext, ABSOLUTE (.))
                0x0081c244                PROVIDE (etext, ABSOLUTE (.))
 *(.eh_frame_hdr)
                0x0081c244                . = ALIGN (0x4)
                0x0081c244                PROVIDE (__preinit_array_start, ABSOLUTE (.))
 *(.preinit_array)
                0x0081c244                PROVIDE (__preinit_array_end, ABSOLUTE (.))
                0x0081c244                PROVIDE (__init_array_start, ABSOLUTE (.))
 *(.init_array)
                0x0081c244                PROVIDE (__init_array_end, ABSOLUTE (.))
                0x0081c244                PROVIDE (__fini_array_start, ABSOLUTE (.))
 *(.fini_array)
                0x0081c244                PROVIDE (__fini_array_end, ABSOLUTE (.))
 *(.eh_frame)
 *(.gcc_except_table)
 *(.dynamic)
                0x0081c244                PROVIDE (__CTOR_LIST__, ABSOLUTE (.))
 *(.ctors)
 *(SORT(.ctors.*))
 .ctors.65535   0x0081c244        0x4 /OPT/altera/12.1/nios2eds/bin/gnu/H-i686-pc-linux-gnu/bin/../lib/gcc/nios2-elf/4.1.2/../../../../nios2-elf/lib/mno-hw-mul/libc.a(lib_a-__call_atexit.o)
                0x0081c248                PROVIDE (__CTOR_END__, ABSOLUTE (.))
                0x0081c248                PROVIDE (__DTOR_LIST__, ABSOLUTE (.))
 *(.dtors)
 *(SORT(.dtors.*))
                0x0081c248                PROVIDE (__DTOR_END__, ABSOLUTE (.))
 *(.jcr)
                0x0081c248                . = ALIGN (0x4)

.rodata         0x0081c248      0x8ec
                0x0081c248                PROVIDE (__ram_rodata_start, ABSOLUTE (.))
                0x0081c248                . = ALIGN (0x4)
 *(.rodata .rodata.* .gnu.linkonce.r.*)
 .rodata        0x0081c248       0x18 obj/default/command.o
 .rodata        0x0081c260       0xd0 obj/default/main.o
 .rodata        0x0081c330       0x18 obj/default/servo.o
 .rodata        0x0081c348       0x5c obj/default/uart.o
 .rodata.str1.4
                0x0081c3a4        0x2 /OPT/altera/12.1/nios2eds/bin/gnu/H-i686-pc-linux-gnu/bin/../lib/gcc/nios2-elf/4.1.2/../../../../nios2-elf/lib/mno-hw-mul/libc.a(lib_a-puts.o)
                                  0x4 (size before relaxing)
 *fill*         0x0081c3a6        0x2 00
 .rodata.str1.4
                0x0081c3a8       0x5e /OPT/altera/12.1/nios2eds/bin/gnu/H-i686-pc-linux-gnu/bin/../lib/gcc/nios2-elf/4.1.2/../../../../nios2-elf/lib/mno-hw-mul/libc.a(lib_a-vfprintf.o)
                                 0x60 (size before relaxing)
 .rodata        0x0081c406       0x20 /OPT/altera/12.1/nios2eds/bin/gnu/H-i686-pc-linux-gnu/bin/../lib/gcc/nios2-elf/4.1.2/../../../../nios2-elf/lib/mno-hw-mul/libc.a(lib_a-vfprintf.o)
 *fill*         0x0081c426        0x2 00
 .rodata.str1.4
                0x0081c428        0x5 /OPT/altera/12.1/nios2eds/bin/gnu/H-i686-pc-linux-gnu/bin/../lib/gcc/nios2-elf/4.1.2/../../../../nios2-elf/lib/mno-hw-mul/libc.a(lib_a-vfscanf.o)
                                  0x8 (size before relaxing)
 *fill*         0x0081c42d        0x1 00
 .rodata        0x0081c42e       0x22 /OPT/altera/12.1/nios2eds/bin/gnu/H-i686-pc-linux-gnu/bin/../lib/gcc/nios2-elf/4.1.2/../../../../nios2-elf/lib/mno-hw-mul/libc.a(lib_a-vfscanf.o)
 .rodata        0x0081c450      0x281 /OPT/altera/12.1/nios2eds/bin/gnu/H-i686-pc-linux-gnu/bin/../lib/gcc/nios2-elf/4.1.2/../../../../nios2-elf/lib/mno-hw-mul/libc.a(lib_a-ctype_.o)
                0x0081c450                _ctype_
 *fill*         0x0081c6d1        0x3 00
 .rodata.str1.4
                0x0081c6d4       0x10 /OPT/altera/12.1/nios2eds/bin/gnu/H-i686-pc-linux-gnu/bin/../lib/gcc/nios2-elf/4.1.2/../../../../nios2-elf/lib/mno-hw-mul/libc.a(lib_a-dtoa.o)
                                 0x14 (size before relaxing)
 .rodata.str1.4
                0x0081c6e4        0x2 /OPT/altera/12.1/nios2eds/bin/gnu/H-i686-pc-linux-gnu/bin/../lib/gcc/nios2-elf/4.1.2/../../../../nios2-elf/lib/mno-hw-mul/libc.a(lib_a-impure.o)
                                  0x4 (size before relaxing)
 *fill*         0x0081c6e6        0x2 00
 .rodata.str1.4
                0x0081c6e8        0xf /OPT/altera/12.1/nios2eds/bin/gnu/H-i686-pc-linux-gnu/bin/../lib/gcc/nios2-elf/4.1.2/../../../../nios2-elf/lib/mno-hw-mul/libc.a(lib_a-locale.o)
                                 0x18 (size before relaxing)
 *fill*         0x0081c6f7        0x1 00
 .rodata        0x0081c6f8       0x30 /OPT/altera/12.1/nios2eds/bin/gnu/H-i686-pc-linux-gnu/bin/../lib/gcc/nios2-elf/4.1.2/../../../../nios2-elf/lib/mno-hw-mul/libc.a(lib_a-locale.o)
 .rodata.str1.4
                0x00000000        0x4 /OPT/altera/12.1/nios2eds/bin/gnu/H-i686-pc-linux-gnu/bin/../lib/gcc/nios2-elf/4.1.2/../../../../nios2-elf/lib/mno-hw-mul/libc.a(lib_a-mbrtowc.o)
 .rodata        0x0081c728      0x124 /OPT/altera/12.1/nios2eds/bin/gnu/H-i686-pc-linux-gnu/bin/../lib/gcc/nios2-elf/4.1.2/../../../../nios2-elf/lib/mno-hw-mul/libc.a(lib_a-mprec.o)
                0x0081c728                __mprec_tens
                0x0081c7f0                __mprec_bigtens
                0x0081c818                __mprec_tinytens
 .rodata.str1.4
                0x0081c84c        0xf /OPT/altera/12.1/nios2eds/bin/gnu/H-i686-pc-linux-gnu/bin/../lib/gcc/nios2-elf/4.1.2/../../../../nios2-elf/lib/mno-hw-mul/libc.a(lib_a-strtod.o)
                                 0x10 (size before relaxing)
 *fill*         0x0081c85b        0x1 00
 .rodata        0x0081c85c       0x28 /OPT/altera/12.1/nios2eds/bin/gnu/H-i686-pc-linux-gnu/bin/../lib/gcc/nios2-elf/4.1.2/../../../../nios2-elf/lib/mno-hw-mul/libc.a(lib_a-strtod.o)
 .rodata.str1.4
                0x0081c884       0x1c /OPT/altera/12.1/nios2eds/bin/gnu/H-i686-pc-linux-gnu/bin/../lib/gcc/nios2-elf/4.1.2/../../../../nios2-elf/lib/mno-hw-mul/libc.a(lib_a-gdtoa-gethex.o)
 .rodata        0x0081c8a0       0x14 /OPT/altera/12.1/nios2eds/bin/gnu/H-i686-pc-linux-gnu/bin/../lib/gcc/nios2-elf/4.1.2/mno-hw-mul/libgcc.a(_thenan_df.o)
                0x0081c8a0                __thenan_df
 .rodata        0x0081c8b4      0x100 /OPT/altera/12.1/nios2eds/bin/gnu/H-i686-pc-linux-gnu/bin/../lib/gcc/nios2-elf/4.1.2/mno-hw-mul/libgcc.a(_clz.o)
                0x0081c8b4                __clz_tab
 .rodata        0x0081c9b4        0xc ../TiltMazeController_bsp//libucosii_bsp.a(alt_dev.o)
 .rodata        0x0081c9c0       0x14 ../TiltMazeController_bsp//libucosii_bsp.a(alt_main.o)
 .rodata        0x0081c9d4      0x120 ../TiltMazeController_bsp//libucosii_bsp.a(os_core.o)
                0x0081c9d4                OSUnMapTbl
 .rodata        0x0081caf4       0x3c ../TiltMazeController_bsp//libucosii_bsp.a(alt_sys_init.o)
 .rodata        0x0081cb30        0x4 ../TiltMazeController_bsp//libucosii_bsp.a(os_cpu_c.o)
 *(.rodata1)
                0x0081cb34                . = ALIGN (0x4)
                0x0081cb34                PROVIDE (__ram_rodata_end, ABSOLUTE (.))
                0x0081c248                PROVIDE (__flash_rodata_start, LOADADDR (.rodata))

.rwdata         0x0081cb34     0x1b68 load address 0x0081e69c
                0x0081cb34                PROVIDE (__ram_rwdata_start, ABSOLUTE (.))
                0x0081cb34                . = ALIGN (0x4)
 *(.got.plt)
 *(.got)
 *(.data1)
 *(.data .data.* .gnu.linkonce.d.*)
 .data          0x0081cb34        0x0 ../TiltMazeController_bsp//obj/HAL/src/crt0.o
 .data          0x0081cb34        0x0 obj/default/command.o
 .data          0x0081cb34        0x0 obj/default/main.o
 .data          0x0081cb34        0x0 obj/default/servo.o
 .data          0x0081cb34        0x0 obj/default/uart.o
 .data          0x0081cb34        0x0 /OPT/altera/12.1/nios2eds/bin/gnu/H-i686-pc-linux-gnu/bin/../lib/gcc/nios2-elf/4.1.2/../../../../nios2-elf/lib/mno-hw-mul/libc.a(lib_a-malloc.o)
 .data          0x0081cb34      0x408 /OPT/altera/12.1/nios2eds/bin/gnu/H-i686-pc-linux-gnu/bin/../lib/gcc/nios2-elf/4.1.2/../../../../nios2-elf/lib/mno-hw-mul/libc.a(lib_a-mallocr.o)
                0x0081cb34                __malloc_av_
 .data          0x0081cf3c        0x0 /OPT/altera/12.1/nios2eds/bin/gnu/H-i686-pc-linux-gnu/bin/../lib/gcc/nios2-elf/4.1.2/../../../../nios2-elf/lib/mno-hw-mul/libc.a(lib_a-printf.o)
 .data          0x0081cf3c        0x0 /OPT/altera/12.1/nios2eds/bin/gnu/H-i686-pc-linux-gnu/bin/../lib/gcc/nios2-elf/4.1.2/../../../../nios2-elf/lib/mno-hw-mul/libc.a(lib_a-putchar.o)
 .data          0x0081cf3c        0x0 /OPT/altera/12.1/nios2eds/bin/gnu/H-i686-pc-linux-gnu/bin/../lib/gcc/nios2-elf/4.1.2/../../../../nios2-elf/lib/mno-hw-mul/libc.a(lib_a-puts.o)
 .data          0x0081cf3c        0x0 /OPT/altera/12.1/nios2eds/bin/gnu/H-i686-pc-linux-gnu/bin/../lib/gcc/nios2-elf/4.1.2/../../../../nios2-elf/lib/mno-hw-mul/libc.a(lib_a-sbrkr.o)
 .data          0x0081cf3c        0x0 /OPT/altera/12.1/nios2eds/bin/gnu/H-i686-pc-linux-gnu/bin/../lib/gcc/nios2-elf/4.1.2/../../../../nios2-elf/lib/mno-hw-mul/libc.a(lib_a-sprintf.o)
 .data          0x0081cf3c        0x0 /OPT/altera/12.1/nios2eds/bin/gnu/H-i686-pc-linux-gnu/bin/../lib/gcc/nios2-elf/4.1.2/../../../../nios2-elf/lib/mno-hw-mul/libc.a(lib_a-sscanf.o)
 .data          0x0081cf3c        0x0 /OPT/altera/12.1/nios2eds/bin/gnu/H-i686-pc-linux-gnu/bin/../lib/gcc/nios2-elf/4.1.2/../../../../nios2-elf/lib/mno-hw-mul/libc.a(lib_a-strlen.o)
 .data          0x0081cf3c        0x0 /OPT/altera/12.1/nios2eds/bin/gnu/H-i686-pc-linux-gnu/bin/../lib/gcc/nios2-elf/4.1.2/../../../../nios2-elf/lib/mno-hw-mul/libc.a(lib_a-strncmp.o)
 .data          0x0081cf3c        0x0 /OPT/altera/12.1/nios2eds/bin/gnu/H-i686-pc-linux-gnu/bin/../lib/gcc/nios2-elf/4.1.2/../../../../nios2-elf/lib/mno-hw-mul/libc.a(lib_a-vfprintf.o)
 .data          0x0081cf3c        0x0 /OPT/altera/12.1/nios2eds/bin/gnu/H-i686-pc-linux-gnu/bin/../lib/gcc/nios2-elf/4.1.2/../../../../nios2-elf/lib/mno-hw-mul/libc.a(lib_a-vfscanf.o)
 .data          0x0081cf3c        0x0 /OPT/altera/12.1/nios2eds/bin/gnu/H-i686-pc-linux-gnu/bin/../lib/gcc/nios2-elf/4.1.2/../../../../nios2-elf/lib/mno-hw-mul/libc.a(lib_a-wsetup.o)
 .data          0x0081cf3c        0x0 /OPT/altera/12.1/nios2eds/bin/gnu/H-i686-pc-linux-gnu/bin/../lib/gcc/nios2-elf/4.1.2/../../../../nios2-elf/lib/mno-hw-mul/libc.a(lib_a-ctype_.o)
 .data          0x0081cf3c        0x0 /OPT/altera/12.1/nios2eds/bin/gnu/H-i686-pc-linux-gnu/bin/../lib/gcc/nios2-elf/4.1.2/../../../../nios2-elf/lib/mno-hw-mul/libc.a(lib_a-dtoa.o)
 .data          0x0081cf3c        0x0 /OPT/altera/12.1/nios2eds/bin/gnu/H-i686-pc-linux-gnu/bin/../lib/gcc/nios2-elf/4.1.2/../../../../nios2-elf/lib/mno-hw-mul/libc.a(lib_a-fflush.o)
 .data          0x0081cf3c        0x0 /OPT/altera/12.1/nios2eds/bin/gnu/H-i686-pc-linux-gnu/bin/../lib/gcc/nios2-elf/4.1.2/../../../../nios2-elf/lib/mno-hw-mul/libc.a(lib_a-findfp.o)
 .data          0x0081cf3c        0x0 /OPT/altera/12.1/nios2eds/bin/gnu/H-i686-pc-linux-gnu/bin/../lib/gcc/nios2-elf/4.1.2/../../../../nios2-elf/lib/mno-hw-mul/libc.a(lib_a-fread.o)
 .data          0x0081cf3c        0x0 /OPT/altera/12.1/nios2eds/bin/gnu/H-i686-pc-linux-gnu/bin/../lib/gcc/nios2-elf/4.1.2/../../../../nios2-elf/lib/mno-hw-mul/libc.a(lib_a-freer.o)
 .data          0x0081cf3c        0x0 /OPT/altera/12.1/nios2eds/bin/gnu/H-i686-pc-linux-gnu/bin/../lib/gcc/nios2-elf/4.1.2/../../../../nios2-elf/lib/mno-hw-mul/libc.a(lib_a-fvwrite.o)
 .data          0x0081cf3c        0x0 /OPT/altera/12.1/nios2eds/bin/gnu/H-i686-pc-linux-gnu/bin/../lib/gcc/nios2-elf/4.1.2/../../../../nios2-elf/lib/mno-hw-mul/libc.a(lib_a-fwalk.o)
 .data          0x0081cf3c      0x400 /OPT/altera/12.1/nios2eds/bin/gnu/H-i686-pc-linux-gnu/bin/../lib/gcc/nios2-elf/4.1.2/../../../../nios2-elf/lib/mno-hw-mul/libc.a(lib_a-impure.o)
 .data          0x0081d33c        0x0 /OPT/altera/12.1/nios2eds/bin/gnu/H-i686-pc-linux-gnu/bin/../lib/gcc/nios2-elf/4.1.2/../../../../nios2-elf/lib/mno-hw-mul/libc.a(lib_a-int_errno.o)
 .data          0x0081d33c        0x0 /OPT/altera/12.1/nios2eds/bin/gnu/H-i686-pc-linux-gnu/bin/../lib/gcc/nios2-elf/4.1.2/../../../../nios2-elf/lib/mno-hw-mul/libc.a(lib_a-iswspace.o)
 .data          0x0081d33c        0xc /OPT/altera/12.1/nios2eds/bin/gnu/H-i686-pc-linux-gnu/bin/../lib/gcc/nios2-elf/4.1.2/../../../../nios2-elf/lib/mno-hw-mul/libc.a(lib_a-locale.o)
                0x0081d33c                __lc_ctype
 .data          0x0081d348        0x0 /OPT/altera/12.1/nios2eds/bin/gnu/H-i686-pc-linux-gnu/bin/../lib/gcc/nios2-elf/4.1.2/../../../../nios2-elf/lib/mno-hw-mul/libc.a(lib_a-makebuf.o)
 .data          0x0081d348        0x0 /OPT/altera/12.1/nios2eds/bin/gnu/H-i686-pc-linux-gnu/bin/../lib/gcc/nios2-elf/4.1.2/../../../../nios2-elf/lib/mno-hw-mul/libc.a(lib_a-mbrtowc.o)
 .data          0x0081d348        0x0 /OPT/altera/12.1/nios2eds/bin/gnu/H-i686-pc-linux-gnu/bin/../lib/gcc/nios2-elf/4.1.2/../../../../nios2-elf/lib/mno-hw-mul/libc.a(lib_a-mbtowc_r.o)
 .data          0x0081d348        0x0 /OPT/altera/12.1/nios2eds/bin/gnu/H-i686-pc-linux-gnu/bin/../lib/gcc/nios2-elf/4.1.2/../../../../nios2-elf/lib/mno-hw-mul/libc.a(lib_a-memchr.o)
 .data          0x0081d348        0x0 /OPT/altera/12.1/nios2eds/bin/gnu/H-i686-pc-linux-gnu/bin/../lib/gcc/nios2-elf/4.1.2/../../../../nios2-elf/lib/mno-hw-mul/libc.a(lib_a-memcpy.o)
 .data          0x0081d348        0x0 /OPT/altera/12.1/nios2eds/bin/gnu/H-i686-pc-linux-gnu/bin/../lib/gcc/nios2-elf/4.1.2/../../../../nios2-elf/lib/mno-hw-mul/libc.a(lib_a-memmove.o)
 .data          0x0081d348        0x0 /OPT/altera/12.1/nios2eds/bin/gnu/H-i686-pc-linux-gnu/bin/../lib/gcc/nios2-elf/4.1.2/../../../../nios2-elf/lib/mno-hw-mul/libc.a(lib_a-memset.o)
 .data          0x0081d348        0x0 /OPT/altera/12.1/nios2eds/bin/gnu/H-i686-pc-linux-gnu/bin/../lib/gcc/nios2-elf/4.1.2/../../../../nios2-elf/lib/mno-hw-mul/libc.a(lib_a-mprec.o)
 .data          0x0081d348        0x0 /OPT/altera/12.1/nios2eds/bin/gnu/H-i686-pc-linux-gnu/bin/../lib/gcc/nios2-elf/4.1.2/../../../../nios2-elf/lib/mno-hw-mul/libc.a(lib_a-putc.o)
 .data          0x0081d348        0x0 /OPT/altera/12.1/nios2eds/bin/gnu/H-i686-pc-linux-gnu/bin/../lib/gcc/nios2-elf/4.1.2/../../../../nios2-elf/lib/mno-hw-mul/libc.a(lib_a-reallocr.o)
 .data          0x0081d348        0x0 /OPT/altera/12.1/nios2eds/bin/gnu/H-i686-pc-linux-gnu/bin/../lib/gcc/nios2-elf/4.1.2/../../../../nios2-elf/lib/mno-hw-mul/libc.a(lib_a-refill.o)
 .data          0x0081d348        0x0 /OPT/altera/12.1/nios2eds/bin/gnu/H-i686-pc-linux-gnu/bin/../lib/gcc/nios2-elf/4.1.2/../../../../nios2-elf/lib/mno-hw-mul/libc.a(lib_a-s_isinfd.o)
 .data          0x0081d348        0x0 /OPT/altera/12.1/nios2eds/bin/gnu/H-i686-pc-linux-gnu/bin/../lib/gcc/nios2-elf/4.1.2/../../../../nios2-elf/lib/mno-hw-mul/libc.a(lib_a-s_isnand.o)
 .data          0x0081d348        0x0 /OPT/altera/12.1/nios2eds/bin/gnu/H-i686-pc-linux-gnu/bin/../lib/gcc/nios2-elf/4.1.2/../../../../nios2-elf/lib/mno-hw-mul/libc.a(lib_a-sccl.o)
 .data          0x0081d348        0x0 /OPT/altera/12.1/nios2eds/bin/gnu/H-i686-pc-linux-gnu/bin/../lib/gcc/nios2-elf/4.1.2/../../../../nios2-elf/lib/mno-hw-mul/libc.a(lib_a-sf_nan.o)
 .data          0x0081d348        0x0 /OPT/altera/12.1/nios2eds/bin/gnu/H-i686-pc-linux-gnu/bin/../lib/gcc/nios2-elf/4.1.2/../../../../nios2-elf/lib/mno-hw-mul/libc.a(lib_a-stdio.o)
 .data          0x0081d348        0x0 /OPT/altera/12.1/nios2eds/bin/gnu/H-i686-pc-linux-gnu/bin/../lib/gcc/nios2-elf/4.1.2/../../../../nios2-elf/lib/mno-hw-mul/libc.a(lib_a-strcmp.o)
 .data          0x0081d348       0x28 /OPT/altera/12.1/nios2eds/bin/gnu/H-i686-pc-linux-gnu/bin/../lib/gcc/nios2-elf/4.1.2/../../../../nios2-elf/lib/mno-hw-mul/libc.a(lib_a-strtod.o)
 .data          0x0081d370        0x0 /OPT/altera/12.1/nios2eds/bin/gnu/H-i686-pc-linux-gnu/bin/../lib/gcc/nios2-elf/4.1.2/../../../../nios2-elf/lib/mno-hw-mul/libc.a(lib_a-strtol.o)
 .data          0x0081d370        0x0 /OPT/altera/12.1/nios2eds/bin/gnu/H-i686-pc-linux-gnu/bin/../lib/gcc/nios2-elf/4.1.2/../../../../nios2-elf/lib/mno-hw-mul/libc.a(lib_a-strtoll_r.o)
 .data          0x0081d370        0x0 /OPT/altera/12.1/nios2eds/bin/gnu/H-i686-pc-linux-gnu/bin/../lib/gcc/nios2-elf/4.1.2/../../../../nios2-elf/lib/mno-hw-mul/libc.a(lib_a-strtoul.o)
 .data          0x0081d370        0x0 /OPT/altera/12.1/nios2eds/bin/gnu/H-i686-pc-linux-gnu/bin/../lib/gcc/nios2-elf/4.1.2/../../../../nios2-elf/lib/mno-hw-mul/libc.a(lib_a-strtoull_r.o)
 .data          0x0081d370        0x0 /OPT/altera/12.1/nios2eds/bin/gnu/H-i686-pc-linux-gnu/bin/../lib/gcc/nios2-elf/4.1.2/../../../../nios2-elf/lib/mno-hw-mul/libc.a(lib_a-ungetc.o)
 .data          0x0081d370        0x0 /OPT/altera/12.1/nios2eds/bin/gnu/H-i686-pc-linux-gnu/bin/../lib/gcc/nios2-elf/4.1.2/../../../../nios2-elf/lib/mno-hw-mul/libc.a(lib_a-wbuf.o)
 .data          0x0081d370        0x0 /OPT/altera/12.1/nios2eds/bin/gnu/H-i686-pc-linux-gnu/bin/../lib/gcc/nios2-elf/4.1.2/../../../../nios2-elf/lib/mno-hw-mul/libc.a(lib_a-writer.o)
 .data          0x0081d370        0x0 /OPT/altera/12.1/nios2eds/bin/gnu/H-i686-pc-linux-gnu/bin/../lib/gcc/nios2-elf/4.1.2/../../../../nios2-elf/lib/mno-hw-mul/libc.a(lib_a-callocr.o)
 .data          0x0081d370        0x0 /OPT/altera/12.1/nios2eds/bin/gnu/H-i686-pc-linux-gnu/bin/../lib/gcc/nios2-elf/4.1.2/../../../../nios2-elf/lib/mno-hw-mul/libc.a(lib_a-closer.o)
 .data          0x0081d370        0x0 /OPT/altera/12.1/nios2eds/bin/gnu/H-i686-pc-linux-gnu/bin/../lib/gcc/nios2-elf/4.1.2/../../../../nios2-elf/lib/mno-hw-mul/libc.a(lib_a-fclose.o)
 .data          0x0081d370        0x0 /OPT/altera/12.1/nios2eds/bin/gnu/H-i686-pc-linux-gnu/bin/../lib/gcc/nios2-elf/4.1.2/../../../../nios2-elf/lib/mno-hw-mul/libc.a(lib_a-fstatr.o)
 .data          0x0081d370        0x0 /OPT/altera/12.1/nios2eds/bin/gnu/H-i686-pc-linux-gnu/bin/../lib/gcc/nios2-elf/4.1.2/../../../../nios2-elf/lib/mno-hw-mul/libc.a(lib_a-gdtoa-gethex.o)
 .data          0x0081d370        0x0 /OPT/altera/12.1/nios2eds/bin/gnu/H-i686-pc-linux-gnu/bin/../lib/gcc/nios2-elf/4.1.2/../../../../nios2-elf/lib/mno-hw-mul/libc.a(lib_a-gdtoa-hexnan.o)
 .data          0x0081d370        0x0 /OPT/altera/12.1/nios2eds/bin/gnu/H-i686-pc-linux-gnu/bin/../lib/gcc/nios2-elf/4.1.2/../../../../nios2-elf/lib/mno-hw-mul/libc.a(lib_a-isattyr.o)
 .data          0x0081d370        0x0 /OPT/altera/12.1/nios2eds/bin/gnu/H-i686-pc-linux-gnu/bin/../lib/gcc/nios2-elf/4.1.2/../../../../nios2-elf/lib/mno-hw-mul/libc.a(lib_a-lseekr.o)
 .data          0x0081d370        0x0 /OPT/altera/12.1/nios2eds/bin/gnu/H-i686-pc-linux-gnu/bin/../lib/gcc/nios2-elf/4.1.2/../../../../nios2-elf/lib/mno-hw-mul/libc.a(lib_a-readr.o)
 .data          0x0081d370        0x0 /OPT/altera/12.1/nios2eds/bin/gnu/H-i686-pc-linux-gnu/bin/../lib/gcc/nios2-elf/4.1.2/mno-hw-mul/libgcc.a(_muldi3.o)
 .data          0x0081d370        0x0 /OPT/altera/12.1/nios2eds/bin/gnu/H-i686-pc-linux-gnu/bin/../lib/gcc/nios2-elf/4.1.2/mno-hw-mul/libgcc.a(_fixunsdfsi.o)
 .data          0x0081d370        0x0 /OPT/altera/12.1/nios2eds/bin/gnu/H-i686-pc-linux-gnu/bin/../lib/gcc/nios2-elf/4.1.2/mno-hw-mul/libgcc.a(_udivdi3.o)
 .data          0x0081d370        0x0 /OPT/altera/12.1/nios2eds/bin/gnu/H-i686-pc-linux-gnu/bin/../lib/gcc/nios2-elf/4.1.2/mno-hw-mul/libgcc.a(_umoddi3.o)
 .data          0x0081d370        0x0 /OPT/altera/12.1/nios2eds/bin/gnu/H-i686-pc-linux-gnu/bin/../lib/gcc/nios2-elf/4.1.2/mno-hw-mul/libgcc.a(_ne_sf.o)
 .data          0x0081d370        0x0 /OPT/altera/12.1/nios2eds/bin/gnu/H-i686-pc-linux-gnu/bin/../lib/gcc/nios2-elf/4.1.2/mno-hw-mul/libgcc.a(_gt_sf.o)
 .data          0x0081d370        0x0 /OPT/altera/12.1/nios2eds/bin/gnu/H-i686-pc-linux-gnu/bin/../lib/gcc/nios2-elf/4.1.2/mno-hw-mul/libgcc.a(_lt_sf.o)
 .data          0x0081d370        0x0 /OPT/altera/12.1/nios2eds/bin/gnu/H-i686-pc-linux-gnu/bin/../lib/gcc/nios2-elf/4.1.2/mno-hw-mul/libgcc.a(_addsub_df.o)
 .data          0x0081d370        0x0 /OPT/altera/12.1/nios2eds/bin/gnu/H-i686-pc-linux-gnu/bin/../lib/gcc/nios2-elf/4.1.2/mno-hw-mul/libgcc.a(_mul_df.o)
 .data          0x0081d370        0x0 /OPT/altera/12.1/nios2eds/bin/gnu/H-i686-pc-linux-gnu/bin/../lib/gcc/nios2-elf/4.1.2/mno-hw-mul/libgcc.a(_div_df.o)
 .data          0x0081d370        0x0 /OPT/altera/12.1/nios2eds/bin/gnu/H-i686-pc-linux-gnu/bin/../lib/gcc/nios2-elf/4.1.2/mno-hw-mul/libgcc.a(_eq_df.o)
 .data          0x0081d370        0x0 /OPT/altera/12.1/nios2eds/bin/gnu/H-i686-pc-linux-gnu/bin/../lib/gcc/nios2-elf/4.1.2/mno-hw-mul/libgcc.a(_ne_df.o)
 .data          0x0081d370        0x0 /OPT/altera/12.1/nios2eds/bin/gnu/H-i686-pc-linux-gnu/bin/../lib/gcc/nios2-elf/4.1.2/mno-hw-mul/libgcc.a(_gt_df.o)
 .data          0x0081d370        0x0 /OPT/altera/12.1/nios2eds/bin/gnu/H-i686-pc-linux-gnu/bin/../lib/gcc/nios2-elf/4.1.2/mno-hw-mul/libgcc.a(_ge_df.o)
 .data          0x0081d370        0x0 /OPT/altera/12.1/nios2eds/bin/gnu/H-i686-pc-linux-gnu/bin/../lib/gcc/nios2-elf/4.1.2/mno-hw-mul/libgcc.a(_lt_df.o)
 .data          0x0081d370        0x0 /OPT/altera/12.1/nios2eds/bin/gnu/H-i686-pc-linux-gnu/bin/../lib/gcc/nios2-elf/4.1.2/mno-hw-mul/libgcc.a(_le_df.o)
 .data          0x0081d370        0x0 /OPT/altera/12.1/nios2eds/bin/gnu/H-i686-pc-linux-gnu/bin/../lib/gcc/nios2-elf/4.1.2/mno-hw-mul/libgcc.a(_si_to_df.o)
 .data          0x0081d370        0x0 /OPT/altera/12.1/nios2eds/bin/gnu/H-i686-pc-linux-gnu/bin/../lib/gcc/nios2-elf/4.1.2/mno-hw-mul/libgcc.a(_df_to_si.o)
 .data          0x0081d370        0x0 /OPT/altera/12.1/nios2eds/bin/gnu/H-i686-pc-linux-gnu/bin/../lib/gcc/nios2-elf/4.1.2/mno-hw-mul/libgcc.a(_df_to_sf.o)
 .data          0x0081d370        0x0 /OPT/altera/12.1/nios2eds/bin/gnu/H-i686-pc-linux-gnu/bin/../lib/gcc/nios2-elf/4.1.2/mno-hw-mul/libgcc.a(_thenan_df.o)
 .data          0x0081d370        0x0 /OPT/altera/12.1/nios2eds/bin/gnu/H-i686-pc-linux-gnu/bin/../lib/gcc/nios2-elf/4.1.2/mno-hw-mul/libgcc.a(_usi_to_df.o)
 .data          0x0081d370        0x0 /OPT/altera/12.1/nios2eds/bin/gnu/H-i686-pc-linux-gnu/bin/../lib/gcc/nios2-elf/4.1.2/mno-hw-mul/libgcc.a(lib2-divmod.o)
 .data          0x0081d370        0x0 /OPT/altera/12.1/nios2eds/bin/gnu/H-i686-pc-linux-gnu/bin/../lib/gcc/nios2-elf/4.1.2/mno-hw-mul/libgcc.a(lib2-mul.o)
 .data          0x0081d370        0x0 /OPT/altera/12.1/nios2eds/bin/gnu/H-i686-pc-linux-gnu/bin/../lib/gcc/nios2-elf/4.1.2/mno-hw-mul/libgcc.a(_clz.o)
 .data          0x0081d370        0x0 /OPT/altera/12.1/nios2eds/bin/gnu/H-i686-pc-linux-gnu/bin/../lib/gcc/nios2-elf/4.1.2/mno-hw-mul/libgcc.a(_clzsi2.o)
 .data          0x0081d370        0x0 /OPT/altera/12.1/nios2eds/bin/gnu/H-i686-pc-linux-gnu/bin/../lib/gcc/nios2-elf/4.1.2/mno-hw-mul/libgcc.a(_unpack_sf.o)
 .data          0x0081d370        0x0 /OPT/altera/12.1/nios2eds/bin/gnu/H-i686-pc-linux-gnu/bin/../lib/gcc/nios2-elf/4.1.2/mno-hw-mul/libgcc.a(_fpcmp_parts_sf.o)
 .data          0x0081d370        0x0 /OPT/altera/12.1/nios2eds/bin/gnu/H-i686-pc-linux-gnu/bin/../lib/gcc/nios2-elf/4.1.2/mno-hw-mul/libgcc.a(_make_sf.o)
 .data          0x0081d370        0x0 /OPT/altera/12.1/nios2eds/bin/gnu/H-i686-pc-linux-gnu/bin/../lib/gcc/nios2-elf/4.1.2/mno-hw-mul/libgcc.a(_pack_df.o)
 .data          0x0081d370        0x0 /OPT/altera/12.1/nios2eds/bin/gnu/H-i686-pc-linux-gnu/bin/../lib/gcc/nios2-elf/4.1.2/mno-hw-mul/libgcc.a(_unpack_df.o)
 .data          0x0081d370        0x0 /OPT/altera/12.1/nios2eds/bin/gnu/H-i686-pc-linux-gnu/bin/../lib/gcc/nios2-elf/4.1.2/mno-hw-mul/libgcc.a(_fpcmp_parts_df.o)
 .data          0x0081d370        0x0 /OPT/altera/12.1/nios2eds/bin/gnu/H-i686-pc-linux-gnu/bin/../lib/gcc/nios2-elf/4.1.2/mno-hw-mul/libgcc.a(_pack_sf.o)
 .data          0x0081d370        0x0 ../TiltMazeController_bsp//libucosii_bsp.a(alt_close.o)
 .data          0x0081d370      0x1a8 ../TiltMazeController_bsp//libucosii_bsp.a(alt_dev.o)
                0x0081d370                alt_dev_null
                0x0081d398                alt_fd_list
 .data          0x0081d518        0x0 ../TiltMazeController_bsp//libucosii_bsp.a(alt_errno.o)
 .data          0x0081d518        0x0 ../TiltMazeController_bsp//libucosii_bsp.a(alt_fstat.o)
 .data          0x0081d518        0x0 ../TiltMazeController_bsp//libucosii_bsp.a(alt_isatty.o)
 .data          0x0081d518        0x0 ../TiltMazeController_bsp//libucosii_bsp.a(alt_load.o)
 .data          0x0081d518        0x0 ../TiltMazeController_bsp//libucosii_bsp.a(alt_lseek.o)
 .data          0x0081d518        0x0 ../TiltMazeController_bsp//libucosii_bsp.a(alt_main.o)
 .data          0x0081d518        0x0 ../TiltMazeController_bsp//libucosii_bsp.a(alt_read.o)
 .data          0x0081d518        0x0 ../TiltMazeController_bsp//libucosii_bsp.a(alt_release_fd.o)
 .data          0x0081d518        0x0 ../TiltMazeController_bsp//libucosii_bsp.a(alt_sbrk.o)
 .data          0x0081d518        0x0 ../TiltMazeController_bsp//libucosii_bsp.a(alt_write.o)
 .data          0x0081d518        0x0 ../TiltMazeController_bsp//libucosii_bsp.a(alt_env_lock.o)
 .data          0x0081d518        0x0 ../TiltMazeController_bsp//libucosii_bsp.a(alt_malloc_lock.o)
 .data          0x0081d518        0x0 ../TiltMazeController_bsp//libucosii_bsp.a(os_core.o)
 .data          0x0081d518        0x0 ../TiltMazeController_bsp//libucosii_bsp.a(os_dbg.o)
 .data          0x0081d518        0x0 ../TiltMazeController_bsp//libucosii_bsp.a(os_flag.o)
 .data          0x0081d518        0x0 ../TiltMazeController_bsp//libucosii_bsp.a(os_mem.o)
 .data          0x0081d518        0x0 ../TiltMazeController_bsp//libucosii_bsp.a(os_q.o)
 .data          0x0081d518        0x0 ../TiltMazeController_bsp//libucosii_bsp.a(os_sem.o)
 .data          0x0081d518        0x0 ../TiltMazeController_bsp//libucosii_bsp.a(os_task.o)
 .data          0x0081d518        0x0 ../TiltMazeController_bsp//libucosii_bsp.a(os_time.o)
 .data          0x0081d518     0x10c4 ../TiltMazeController_bsp//libucosii_bsp.a(alt_sys_init.o)
 .data          0x0081e5dc        0x0 ../TiltMazeController_bsp//libucosii_bsp.a(altera_avalon_jtag_uart_fd.o)
 .data          0x0081e5dc        0x0 ../TiltMazeController_bsp//libucosii_bsp.a(altera_avalon_jtag_uart_init.o)
 .data          0x0081e5dc        0x0 ../TiltMazeController_bsp//libucosii_bsp.a(altera_avalon_jtag_uart_ioctl.o)
 .data          0x0081e5dc        0x0 ../TiltMazeController_bsp//libucosii_bsp.a(altera_avalon_jtag_uart_read.o)
 .data          0x0081e5dc        0x0 ../TiltMazeController_bsp//libucosii_bsp.a(altera_avalon_jtag_uart_write.o)
 .data          0x0081e5dc        0x0 ../TiltMazeController_bsp//libucosii_bsp.a(altera_avalon_timer_sc.o)
 .data          0x0081e5dc        0x0 ../TiltMazeController_bsp//libucosii_bsp.a(altera_up_avalon_character_lcd.o)
 .data          0x0081e5dc        0x0 ../TiltMazeController_bsp//libucosii_bsp.a(altera_up_avalon_rs232.o)
 .data          0x0081e5dc        0x0 ../TiltMazeController_bsp//libucosii_bsp.a(alt_alarm_start.o)
 .data          0x0081e5dc        0x0 ../TiltMazeController_bsp//libucosii_bsp.a(alt_dcache_flush_all.o)
 .data          0x0081e5dc        0x0 ../TiltMazeController_bsp//libucosii_bsp.a(alt_dev_llist_insert.o)
 .data          0x0081e5dc        0x0 ../TiltMazeController_bsp//libucosii_bsp.a(alt_do_ctors.o)
 .data          0x0081e5dc        0x0 ../TiltMazeController_bsp//libucosii_bsp.a(alt_do_dtors.o)
 .data          0x0081e5dc        0x0 ../TiltMazeController_bsp//libucosii_bsp.a(alt_find_dev.o)
 .data          0x0081e5dc        0x0 ../TiltMazeController_bsp//libucosii_bsp.a(alt_icache_flush_all.o)
 .data          0x0081e5dc        0x0 ../TiltMazeController_bsp//libucosii_bsp.a(alt_io_redirect.o)
 .data          0x0081e5dc        0x0 ../TiltMazeController_bsp//libucosii_bsp.a(alt_irq_register.o)
 .data          0x0081e5dc        0x0 ../TiltMazeController_bsp//libucosii_bsp.a(alt_irq_vars.o)
 .data          0x0081e5dc        0x0 ../TiltMazeController_bsp//libucosii_bsp.a(alt_open.o)
 .data          0x0081e5dc        0x0 ../TiltMazeController_bsp//libucosii_bsp.a(alt_tick.o)
 .data          0x0081e5dc        0x0 ../TiltMazeController_bsp//libucosii_bsp.a(altera_nios2_qsys_irq.o)
 .data          0x0081e5dc        0x0 ../TiltMazeController_bsp//libucosii_bsp.a(os_cpu_a.o)
 .data          0x0081e5dc        0x0 ../TiltMazeController_bsp//libucosii_bsp.a(os_cpu_c.o)
 .data          0x0081e5dc        0x0 ../TiltMazeController_bsp//libucosii_bsp.a(alt_find_file.o)
 .data          0x0081e5dc        0x0 ../TiltMazeController_bsp//libucosii_bsp.a(alt_get_fd.o)
 .data          0x0081e5dc        0x0 ../TiltMazeController_bsp//libucosii_bsp.a(alt_irq_entry.o)
 .data          0x0081e5dc        0x0 ../TiltMazeController_bsp//libucosii_bsp.a(alt_irq_handler.o)
 .data          0x0081e5dc        0x0 ../TiltMazeController_bsp//libucosii_bsp.a(alt_exception_entry.o)
 .data          0x0081e5dc        0x0 /OPT/altera/12.1/nios2eds/bin/gnu/H-i686-pc-linux-gnu/bin/../lib/gcc/nios2-elf/4.1.2/../../../../nios2-elf/lib/mno-hw-mul/libc.a(lib_a-atexit.o)
 .data          0x0081e5dc        0x0 /OPT/altera/12.1/nios2eds/bin/gnu/H-i686-pc-linux-gnu/bin/../lib/gcc/nios2-elf/4.1.2/../../../../nios2-elf/lib/mno-hw-mul/libc.a(lib_a-exit.o)
 .data          0x0081e5dc        0x0 /OPT/altera/12.1/nios2eds/bin/gnu/H-i686-pc-linux-gnu/bin/../lib/gcc/nios2-elf/4.1.2/../../../../nios2-elf/lib/mno-hw-mul/libc.a(lib_a-memcmp.o)
 .data          0x0081e5dc        0x0 /OPT/altera/12.1/nios2eds/bin/gnu/H-i686-pc-linux-gnu/bin/../lib/gcc/nios2-elf/4.1.2/../../../../nios2-elf/lib/mno-hw-mul/libc.a(lib_a-__atexit.o)
 .data          0x0081e5dc        0x0 /OPT/altera/12.1/nios2eds/bin/gnu/H-i686-pc-linux-gnu/bin/../lib/gcc/nios2-elf/4.1.2/../../../../nios2-elf/lib/mno-hw-mul/libc.a(lib_a-__call_atexit.o)
 .data          0x0081e5dc        0x0 ../TiltMazeController_bsp//libucosii_bsp.a(alt_exit.o)
                0x008265dc                _gp = ABSOLUTE ((. + 0x8000))
                0x008265dc                PROVIDE (gp, _gp)
 *(.rwdata .rwdata.*)
 *(.sdata .sdata.* .gnu.linkonce.s.*)
 .sdata         0x0081e5dc        0x8 /OPT/altera/12.1/nios2eds/bin/gnu/H-i686-pc-linux-gnu/bin/../lib/gcc/nios2-elf/4.1.2/../../../../nios2-elf/lib/mno-hw-mul/libc.a(lib_a-mallocr.o)
                0x0081e5dc                __malloc_trim_threshold
                0x0081e5e0                __malloc_sbrk_base
 .sdata         0x0081e5e4        0x4 /OPT/altera/12.1/nios2eds/bin/gnu/H-i686-pc-linux-gnu/bin/../lib/gcc/nios2-elf/4.1.2/../../../../nios2-elf/lib/mno-hw-mul/libc.a(lib_a-ctype_.o)
                0x0081e5e4                __ctype_ptr
 .sdata         0x0081e5e8        0x8 /OPT/altera/12.1/nios2eds/bin/gnu/H-i686-pc-linux-gnu/bin/../lib/gcc/nios2-elf/4.1.2/../../../../nios2-elf/lib/mno-hw-mul/libc.a(lib_a-impure.o)
                0x0081e5e8                _impure_ptr
                0x0081e5ec                _global_impure_ptr
 .sdata         0x0081e5f0        0x8 /OPT/altera/12.1/nios2eds/bin/gnu/H-i686-pc-linux-gnu/bin/../lib/gcc/nios2-elf/4.1.2/../../../../nios2-elf/lib/mno-hw-mul/libc.a(lib_a-locale.o)
                0x0081e5f0                __mb_cur_max
 .sdata         0x0081e5f8       0x14 ../TiltMazeController_bsp//libucosii_bsp.a(alt_dev.o)
                0x0081e5f8                alt_fs_list
                0x0081e600                alt_dev_list
                0x0081e608                alt_max_fd
 .sdata         0x0081e60c        0x4 ../TiltMazeController_bsp//libucosii_bsp.a(alt_errno.o)
                0x0081e60c                alt_errno
 .sdata         0x0081e610        0x4 ../TiltMazeController_bsp//libucosii_bsp.a(alt_sbrk.o)
 .sdata         0x0081e614        0x4 ../TiltMazeController_bsp//libucosii_bsp.a(alt_env_lock.o)
 .sdata         0x0081e618        0x4 ../TiltMazeController_bsp//libucosii_bsp.a(alt_malloc_lock.o)
 .sdata         0x0081e61c       0x74 ../TiltMazeController_bsp//libucosii_bsp.a(os_dbg.o)
                0x0081e61c                OSDebugEn
                0x0081e620                OSEndiannessTest
                0x0081e624                OSEventEn
                0x0081e626                OSEventMax
                0x0081e628                OSEventNameSize
                0x0081e62a                OSEventSize
                0x0081e62c                OSEventTblSize
                0x0081e62e                OSEventMultiEn
                0x0081e630                OSFlagEn
                0x0081e632                OSFlagGrpSize
                0x0081e634                OSFlagNodeSize
                0x0081e636                OSFlagWidth
                0x0081e638                OSFlagMax
                0x0081e63a                OSFlagNameSize
                0x0081e63c                OSLowestPrio
                0x0081e63e                OSMboxEn
                0x0081e640                OSMemEn
                0x0081e642                OSMemMax
                0x0081e644                OSMemNameSize
                0x0081e646                OSMemSize
                0x0081e648                OSMemTblSize
                0x0081e64a                OSMutexEn
                0x0081e64c                OSPtrSize
                0x0081e64e                OSQEn
                0x0081e650                OSQMax
                0x0081e652                OSQSize
                0x0081e654                OSRdyTblSize
                0x0081e656                OSSemEn
                0x0081e658                OSStkWidth
                0x0081e65a                OSTaskCreateEn
                0x0081e65c                OSTaskCreateExtEn
                0x0081e65e                OSTaskDelEn
                0x0081e660                OSTaskIdleStkSize
                0x0081e662                OSTaskProfileEn
                0x0081e664                OSTaskMax
                0x0081e666                OSTaskNameSize
                0x0081e668                OSTaskStatEn
                0x0081e66a                OSTaskStatStkSize
                0x0081e66c                OSTaskStatStkChkEn
                0x0081e66e                OSTaskSwHookEn
                0x0081e670                OSTCBPrioTblMax
                0x0081e672                OSTCBSize
                0x0081e674                OSTicksPerSec
                0x0081e676                OSTimeTickHookEn
                0x0081e678                OSVersionNbr
                0x0081e67a                OSTmrEn
                0x0081e67c                OSTmrCfgMax
                0x0081e67e                OSTmrCfgNameSize
                0x0081e680                OSTmrCfgWheelSize
                0x0081e682                OSTmrCfgTicksPerSec
                0x0081e684                OSTmrSize
                0x0081e686                OSTmrTblSize
                0x0081e688                OSTmrWheelSize
                0x0081e68a                OSTmrWheelTblSize
                0x0081e68c                OSDataSize
 .sdata         0x0081e690        0x4 ../TiltMazeController_bsp//libucosii_bsp.a(alt_irq_vars.o)
                0x0081e690                alt_priority_mask
 .sdata         0x0081e694        0x8 ../TiltMazeController_bsp//libucosii_bsp.a(alt_tick.o)
                0x0081e694                alt_alarm_list
 *(.sdata2 .sdata2.* .gnu.linkonce.s2.*)
                0x0081e69c                . = ALIGN (0x4)
                0x0081e69c                _edata = ABSOLUTE (.)
                0x0081e69c                PROVIDE (edata, ABSOLUTE (.))
                0x0081e69c                PROVIDE (__ram_rwdata_end, ABSOLUTE (.))
                0x0081e69c                PROVIDE (__flash_rwdata_start, LOADADDR (.rwdata))

.bss            0x00820204     0x96d0
                0x00820204                __bss_start = ABSOLUTE (.)
                0x00820204                PROVIDE (__sbss_start, ABSOLUTE (.))
                0x00820204                PROVIDE (___sbss_start, ABSOLUTE (.))
 *(.dynsbss)
 *(.sbss .sbss.* .gnu.linkonce.sb.*)
 .sbss          0x00820204        0xc obj/default/main.o
                0x00820204                servo1Sem
                0x00820208                servo0Sem
                0x0082020c                cmdQ
 .sbss          0x00820210        0xa obj/default/servo.o
                0x00820210                servo0Angle
                0x00820212                servo1TargetAngle
                0x00820214                err
                0x00820216                servo0TargetAngle
                0x00820218                servo1Angle
 *fill*         0x0082021a        0x2 00
 .sbss          0x0082021c        0x4 obj/default/uart.o
                0x0082021c                uart
 .sbss          0x00820220        0xc /OPT/altera/12.1/nios2eds/bin/gnu/H-i686-pc-linux-gnu/bin/../lib/gcc/nios2-elf/4.1.2/../../../../nios2-elf/lib/mno-hw-mul/libc.a(lib_a-mallocr.o)
                0x00820220                __malloc_top_pad
                0x00820224                __malloc_max_sbrked_mem
                0x00820228                __malloc_max_total_mem
 .sbss          0x0082022c        0x4 /OPT/altera/12.1/nios2eds/bin/gnu/H-i686-pc-linux-gnu/bin/../lib/gcc/nios2-elf/4.1.2/../../../../nios2-elf/lib/mno-hw-mul/libc.a(lib_a-int_errno.o)
                0x0082022c                errno
 .sbss          0x00820230        0xc /OPT/altera/12.1/nios2eds/bin/gnu/H-i686-pc-linux-gnu/bin/../lib/gcc/nios2-elf/4.1.2/../../../../nios2-elf/lib/mno-hw-mul/libc.a(lib_a-locale.o)
                0x00820230                __nlocale_changed
                0x00820234                __mlocale_changed
                0x00820238                _PathLocale
 .sbss          0x0082023c        0x4 ../TiltMazeController_bsp//libucosii_bsp.a(alt_dev.o)
                0x0082023c                alt_fd_list_lock
 .sbss          0x00820240        0xc ../TiltMazeController_bsp//libucosii_bsp.a(alt_main.o)
                0x00820240                alt_argc
                0x00820244                alt_argv
                0x00820248                alt_envp
 .sbss          0x0082024c        0x8 ../TiltMazeController_bsp//libucosii_bsp.a(alt_env_lock.o)
                0x00820250                alt_envsem
 .sbss          0x00820254        0x8 ../TiltMazeController_bsp//libucosii_bsp.a(alt_malloc_lock.o)
                0x00820258                alt_heapsem
 .sbss          0x0082025c       0x50 ../TiltMazeController_bsp//libucosii_bsp.a(os_core.o)
                0x0082025c                OSLockNesting
                0x0082025d                OSRunning
                0x00820260                OSIdleCtr
                0x00820264                OSPrioHighRdy
                0x00820265                OSPrioCur
                0x00820268                OSTCBList
                0x0082026c                OSTickStepState
                0x00820270                OSCtxSwCtr
                0x00820274                OSIdleCtrMax
                0x00820278                OSTCBFreeList
                0x0082027c                OSCPUUsage
                0x0082027d                OSTaskCtr
                0x00820280                OSMemFreeList
                0x00820284                OSTCBHighRdy
                0x00820288                OSQFreeList
                0x0082028c                OSRdyGrp
                0x0082028d                OSRdyTbl
                0x00820290                OSEventFreeList
                0x00820294                OSIntNesting
                0x00820298                OSTCBCur
                0x0082029c                OSTime
                0x008202a0                OSFlagFreeList
                0x008202a4                OSStatRdy
                0x008202a8                OSIdleCtrRun
 .sbss          0x008202ac        0x4 ../TiltMazeController_bsp//libucosii_bsp.a(alt_irq_vars.o)
                0x008202ac                alt_irq_active
 .sbss          0x008202b0        0x8 ../TiltMazeController_bsp//libucosii_bsp.a(alt_tick.o)
                0x008202b0                _alt_tick_rate
                0x008202b4                _alt_nticks
 *(.sbss2 .sbss2.* .gnu.linkonce.sb2.*)
 *(.scommon)
                0x008202b8                PROVIDE (__sbss_end, ABSOLUTE (.))
                0x008202b8                PROVIDE (___sbss_end, ABSOLUTE (.))
 *(.dynbss)
 *(.bss .bss.* .gnu.linkonce.b.*)
 .bss           0x008202b8        0x0 ../TiltMazeController_bsp//obj/HAL/src/crt0.o
 .bss           0x008202b8        0x0 obj/default/command.o
 .bss           0x008202b8        0x0 obj/default/main.o
 .bss           0x008202b8        0x0 obj/default/servo.o
 .bss           0x008202b8        0x0 obj/default/uart.o
 .bss           0x008202b8        0x0 /OPT/altera/12.1/nios2eds/bin/gnu/H-i686-pc-linux-gnu/bin/../lib/gcc/nios2-elf/4.1.2/../../../../nios2-elf/lib/mno-hw-mul/libc.a(lib_a-malloc.o)
 .bss           0x008202b8       0x28 /OPT/altera/12.1/nios2eds/bin/gnu/H-i686-pc-linux-gnu/bin/../lib/gcc/nios2-elf/4.1.2/../../../../nios2-elf/lib/mno-hw-mul/libc.a(lib_a-mallocr.o)
                0x008202b8                __malloc_current_mallinfo
 .bss           0x008202e0        0x0 /OPT/altera/12.1/nios2eds/bin/gnu/H-i686-pc-linux-gnu/bin/../lib/gcc/nios2-elf/4.1.2/../../../../nios2-elf/lib/mno-hw-mul/libc.a(lib_a-printf.o)
 .bss           0x008202e0        0x0 /OPT/altera/12.1/nios2eds/bin/gnu/H-i686-pc-linux-gnu/bin/../lib/gcc/nios2-elf/4.1.2/../../../../nios2-elf/lib/mno-hw-mul/libc.a(lib_a-putchar.o)
 .bss           0x008202e0        0x0 /OPT/altera/12.1/nios2eds/bin/gnu/H-i686-pc-linux-gnu/bin/../lib/gcc/nios2-elf/4.1.2/../../../../nios2-elf/lib/mno-hw-mul/libc.a(lib_a-puts.o)
 .bss           0x008202e0        0x0 /OPT/altera/12.1/nios2eds/bin/gnu/H-i686-pc-linux-gnu/bin/../lib/gcc/nios2-elf/4.1.2/../../../../nios2-elf/lib/mno-hw-mul/libc.a(lib_a-sbrkr.o)
 .bss           0x008202e0        0x0 /OPT/altera/12.1/nios2eds/bin/gnu/H-i686-pc-linux-gnu/bin/../lib/gcc/nios2-elf/4.1.2/../../../../nios2-elf/lib/mno-hw-mul/libc.a(lib_a-sprintf.o)
 .bss           0x008202e0        0x0 /OPT/altera/12.1/nios2eds/bin/gnu/H-i686-pc-linux-gnu/bin/../lib/gcc/nios2-elf/4.1.2/../../../../nios2-elf/lib/mno-hw-mul/libc.a(lib_a-sscanf.o)
 .bss           0x008202e0        0x0 /OPT/altera/12.1/nios2eds/bin/gnu/H-i686-pc-linux-gnu/bin/../lib/gcc/nios2-elf/4.1.2/../../../../nios2-elf/lib/mno-hw-mul/libc.a(lib_a-strlen.o)
 .bss           0x008202e0        0x0 /OPT/altera/12.1/nios2eds/bin/gnu/H-i686-pc-linux-gnu/bin/../lib/gcc/nios2-elf/4.1.2/../../../../nios2-elf/lib/mno-hw-mul/libc.a(lib_a-strncmp.o)
 .bss           0x008202e0        0x0 /OPT/altera/12.1/nios2eds/bin/gnu/H-i686-pc-linux-gnu/bin/../lib/gcc/nios2-elf/4.1.2/../../../../nios2-elf/lib/mno-hw-mul/libc.a(lib_a-vfprintf.o)
 .bss           0x008202e0        0x0 /OPT/altera/12.1/nios2eds/bin/gnu/H-i686-pc-linux-gnu/bin/../lib/gcc/nios2-elf/4.1.2/../../../../nios2-elf/lib/mno-hw-mul/libc.a(lib_a-vfscanf.o)
 .bss           0x008202e0        0x0 /OPT/altera/12.1/nios2eds/bin/gnu/H-i686-pc-linux-gnu/bin/../lib/gcc/nios2-elf/4.1.2/../../../../nios2-elf/lib/mno-hw-mul/libc.a(lib_a-wsetup.o)
 .bss           0x008202e0        0x0 /OPT/altera/12.1/nios2eds/bin/gnu/H-i686-pc-linux-gnu/bin/../lib/gcc/nios2-elf/4.1.2/../../../../nios2-elf/lib/mno-hw-mul/libc.a(lib_a-ctype_.o)
 .bss           0x008202e0        0x0 /OPT/altera/12.1/nios2eds/bin/gnu/H-i686-pc-linux-gnu/bin/../lib/gcc/nios2-elf/4.1.2/../../../../nios2-elf/lib/mno-hw-mul/libc.a(lib_a-dtoa.o)
 .bss           0x008202e0        0x0 /OPT/altera/12.1/nios2eds/bin/gnu/H-i686-pc-linux-gnu/bin/../lib/gcc/nios2-elf/4.1.2/../../../../nios2-elf/lib/mno-hw-mul/libc.a(lib_a-fflush.o)
 .bss           0x008202e0        0x0 /OPT/altera/12.1/nios2eds/bin/gnu/H-i686-pc-linux-gnu/bin/../lib/gcc/nios2-elf/4.1.2/../../../../nios2-elf/lib/mno-hw-mul/libc.a(lib_a-findfp.o)
 .bss           0x008202e0        0x0 /OPT/altera/12.1/nios2eds/bin/gnu/H-i686-pc-linux-gnu/bin/../lib/gcc/nios2-elf/4.1.2/../../../../nios2-elf/lib/mno-hw-mul/libc.a(lib_a-fread.o)
 .bss           0x008202e0        0x0 /OPT/altera/12.1/nios2eds/bin/gnu/H-i686-pc-linux-gnu/bin/../lib/gcc/nios2-elf/4.1.2/../../../../nios2-elf/lib/mno-hw-mul/libc.a(lib_a-freer.o)
 .bss           0x008202e0        0x0 /OPT/altera/12.1/nios2eds/bin/gnu/H-i686-pc-linux-gnu/bin/../lib/gcc/nios2-elf/4.1.2/../../../../nios2-elf/lib/mno-hw-mul/libc.a(lib_a-fvwrite.o)
 .bss           0x008202e0        0x0 /OPT/altera/12.1/nios2eds/bin/gnu/H-i686-pc-linux-gnu/bin/../lib/gcc/nios2-elf/4.1.2/../../../../nios2-elf/lib/mno-hw-mul/libc.a(lib_a-fwalk.o)
 .bss           0x008202e0        0x0 /OPT/altera/12.1/nios2eds/bin/gnu/H-i686-pc-linux-gnu/bin/../lib/gcc/nios2-elf/4.1.2/../../../../nios2-elf/lib/mno-hw-mul/libc.a(lib_a-impure.o)
 .bss           0x008202e0        0x0 /OPT/altera/12.1/nios2eds/bin/gnu/H-i686-pc-linux-gnu/bin/../lib/gcc/nios2-elf/4.1.2/../../../../nios2-elf/lib/mno-hw-mul/libc.a(lib_a-int_errno.o)
 .bss           0x008202e0        0x0 /OPT/altera/12.1/nios2eds/bin/gnu/H-i686-pc-linux-gnu/bin/../lib/gcc/nios2-elf/4.1.2/../../../../nios2-elf/lib/mno-hw-mul/libc.a(lib_a-iswspace.o)
 .bss           0x008202e0        0x0 /OPT/altera/12.1/nios2eds/bin/gnu/H-i686-pc-linux-gnu/bin/../lib/gcc/nios2-elf/4.1.2/../../../../nios2-elf/lib/mno-hw-mul/libc.a(lib_a-locale.o)
 .bss           0x008202e0        0x0 /OPT/altera/12.1/nios2eds/bin/gnu/H-i686-pc-linux-gnu/bin/../lib/gcc/nios2-elf/4.1.2/../../../../nios2-elf/lib/mno-hw-mul/libc.a(lib_a-makebuf.o)
 .bss           0x008202e0        0x0 /OPT/altera/12.1/nios2eds/bin/gnu/H-i686-pc-linux-gnu/bin/../lib/gcc/nios2-elf/4.1.2/../../../../nios2-elf/lib/mno-hw-mul/libc.a(lib_a-mbrtowc.o)
 .bss           0x008202e0        0x0 /OPT/altera/12.1/nios2eds/bin/gnu/H-i686-pc-linux-gnu/bin/../lib/gcc/nios2-elf/4.1.2/../../../../nios2-elf/lib/mno-hw-mul/libc.a(lib_a-mbtowc_r.o)
 .bss           0x008202e0        0x0 /OPT/altera/12.1/nios2eds/bin/gnu/H-i686-pc-linux-gnu/bin/../lib/gcc/nios2-elf/4.1.2/../../../../nios2-elf/lib/mno-hw-mul/libc.a(lib_a-memchr.o)
 .bss           0x008202e0        0x0 /OPT/altera/12.1/nios2eds/bin/gnu/H-i686-pc-linux-gnu/bin/../lib/gcc/nios2-elf/4.1.2/../../../../nios2-elf/lib/mno-hw-mul/libc.a(lib_a-memcpy.o)
 .bss           0x008202e0        0x0 /OPT/altera/12.1/nios2eds/bin/gnu/H-i686-pc-linux-gnu/bin/../lib/gcc/nios2-elf/4.1.2/../../../../nios2-elf/lib/mno-hw-mul/libc.a(lib_a-memmove.o)
 .bss           0x008202e0        0x0 /OPT/altera/12.1/nios2eds/bin/gnu/H-i686-pc-linux-gnu/bin/../lib/gcc/nios2-elf/4.1.2/../../../../nios2-elf/lib/mno-hw-mul/libc.a(lib_a-memset.o)
 .bss           0x008202e0        0x0 /OPT/altera/12.1/nios2eds/bin/gnu/H-i686-pc-linux-gnu/bin/../lib/gcc/nios2-elf/4.1.2/../../../../nios2-elf/lib/mno-hw-mul/libc.a(lib_a-mprec.o)
 .bss           0x008202e0        0x0 /OPT/altera/12.1/nios2eds/bin/gnu/H-i686-pc-linux-gnu/bin/../lib/gcc/nios2-elf/4.1.2/../../../../nios2-elf/lib/mno-hw-mul/libc.a(lib_a-putc.o)
 .bss           0x008202e0        0x0 /OPT/altera/12.1/nios2eds/bin/gnu/H-i686-pc-linux-gnu/bin/../lib/gcc/nios2-elf/4.1.2/../../../../nios2-elf/lib/mno-hw-mul/libc.a(lib_a-reallocr.o)
 .bss           0x008202e0        0x0 /OPT/altera/12.1/nios2eds/bin/gnu/H-i686-pc-linux-gnu/bin/../lib/gcc/nios2-elf/4.1.2/../../../../nios2-elf/lib/mno-hw-mul/libc.a(lib_a-refill.o)
 .bss           0x008202e0        0x0 /OPT/altera/12.1/nios2eds/bin/gnu/H-i686-pc-linux-gnu/bin/../lib/gcc/nios2-elf/4.1.2/../../../../nios2-elf/lib/mno-hw-mul/libc.a(lib_a-s_isinfd.o)
 .bss           0x008202e0        0x0 /OPT/altera/12.1/nios2eds/bin/gnu/H-i686-pc-linux-gnu/bin/../lib/gcc/nios2-elf/4.1.2/../../../../nios2-elf/lib/mno-hw-mul/libc.a(lib_a-s_isnand.o)
 .bss           0x008202e0        0x0 /OPT/altera/12.1/nios2eds/bin/gnu/H-i686-pc-linux-gnu/bin/../lib/gcc/nios2-elf/4.1.2/../../../../nios2-elf/lib/mno-hw-mul/libc.a(lib_a-sccl.o)
 .bss           0x008202e0        0x0 /OPT/altera/12.1/nios2eds/bin/gnu/H-i686-pc-linux-gnu/bin/../lib/gcc/nios2-elf/4.1.2/../../../../nios2-elf/lib/mno-hw-mul/libc.a(lib_a-sf_nan.o)
 .bss           0x008202e0        0x0 /OPT/altera/12.1/nios2eds/bin/gnu/H-i686-pc-linux-gnu/bin/../lib/gcc/nios2-elf/4.1.2/../../../../nios2-elf/lib/mno-hw-mul/libc.a(lib_a-stdio.o)
 .bss           0x008202e0        0x0 /OPT/altera/12.1/nios2eds/bin/gnu/H-i686-pc-linux-gnu/bin/../lib/gcc/nios2-elf/4.1.2/../../../../nios2-elf/lib/mno-hw-mul/libc.a(lib_a-strcmp.o)
 .bss           0x008202e0        0x0 /OPT/altera/12.1/nios2eds/bin/gnu/H-i686-pc-linux-gnu/bin/../lib/gcc/nios2-elf/4.1.2/../../../../nios2-elf/lib/mno-hw-mul/libc.a(lib_a-strtod.o)
 .bss           0x008202e0        0x0 /OPT/altera/12.1/nios2eds/bin/gnu/H-i686-pc-linux-gnu/bin/../lib/gcc/nios2-elf/4.1.2/../../../../nios2-elf/lib/mno-hw-mul/libc.a(lib_a-strtol.o)
 .bss           0x008202e0        0x0 /OPT/altera/12.1/nios2eds/bin/gnu/H-i686-pc-linux-gnu/bin/../lib/gcc/nios2-elf/4.1.2/../../../../nios2-elf/lib/mno-hw-mul/libc.a(lib_a-strtoll_r.o)