Archive member included because of file (symbol)

/OPT/altera/12.1/nios2eds/bin/gnu/H-i686-pc-linux-gnu/bin/../lib/gcc/nios2-elf/4.1.2/../../../../nios2-elf/lib/mno-hw-mul/libc.a(lib_a-malloc.o)
                              obj/default/main.o (free)
/OPT/altera/12.1/nios2eds/bin/gnu/H-i686-pc-linux-gnu/bin/../lib/gcc/nios2-elf/4.1.2/../../../../nios2-elf/lib/mno-hw-mul/libc.a(lib_a-mallocr.o)
                              /OPT/altera/12.1/nios2eds/bin/gnu/H-i686-pc-linux-gnu/bin/../lib/gcc/nios2-elf/4.1.2/../../../../nios2-elf/lib/mno-hw-mul/libc.a(lib_a-malloc.o) (_malloc_r)
/OPT/altera/12.1/nios2eds/bin/gnu/H-i686-pc-linux-gnu/bin/../lib/gcc/nios2-elf/4.1.2/../../../../nios2-elf/lib/mno-hw-mul/libc.a(lib_a-printf.o)
                              obj/default/main.o (printf)
/OPT/altera/12.1/nios2eds/bin/gnu/H-i686-pc-linux-gnu/bin/../lib/gcc/nios2-elf/4.1.2/../../../../nios2-elf/lib/mno-hw-mul/libc.a(lib_a-putchar.o)
                              obj/default/uart.o (putchar)
/OPT/altera/12.1/nios2eds/bin/gnu/H-i686-pc-linux-gnu/bin/../lib/gcc/nios2-elf/4.1.2/../../../../nios2-elf/lib/mno-hw-mul/libc.a(lib_a-puts.o)
                              obj/default/main.o (puts)
/OPT/altera/12.1/nios2eds/bin/gnu/H-i686-pc-linux-gnu/bin/../lib/gcc/nios2-elf/4.1.2/../../../../nios2-elf/lib/mno-hw-mul/libc.a(lib_a-sbrkr.o)
                              /OPT/altera/12.1/nios2eds/bin/gnu/H-i686-pc-linux-gnu/bin/../lib/gcc/nios2-elf/4.1.2/../../../../nios2-elf/lib/mno-hw-mul/libc.a(lib_a-mallocr.o) (_sbrk_r)
/OPT/altera/12.1/nios2eds/bin/gnu/H-i686-pc-linux-gnu/bin/../lib/gcc/nios2-elf/4.1.2/../../../../nios2-elf/lib/mno-hw-mul/libc.a(lib_a-sprintf.o)
                              obj/default/main.o (sprintf)
/OPT/altera/12.1/nios2eds/bin/gnu/H-i686-pc-linux-gnu/bin/../lib/gcc/nios2-elf/4.1.2/../../../../nios2-elf/lib/mno-hw-mul/libc.a(lib_a-sscanf.o)
                              obj/default/command.o (sscanf)
/OPT/altera/12.1/nios2eds/bin/gnu/H-i686-pc-linux-gnu/bin/../lib/gcc/nios2-elf/4.1.2/../../../../nios2-elf/lib/mno-hw-mul/libc.a(lib_a-strlen.o)
                              /OPT/altera/12.1/nios2eds/bin/gnu/H-i686-pc-linux-gnu/bin/../lib/gcc/nios2-elf/4.1.2/../../../../nios2-elf/lib/mno-hw-mul/libc.a(lib_a-puts.o) (strlen)
/OPT/altera/12.1/nios2eds/bin/gnu/H-i686-pc-linux-gnu/bin/../lib/gcc/nios2-elf/4.1.2/../../../../nios2-elf/lib/mno-hw-mul/libc.a(lib_a-strncmp.o)
                              obj/default/command.o (strncmp)
/OPT/altera/12.1/nios2eds/bin/gnu/H-i686-pc-linux-gnu/bin/../lib/gcc/nios2-elf/4.1.2/../../../../nios2-elf/lib/mno-hw-mul/libc.a(lib_a-vfprintf.o)
                              /OPT/altera/12.1/nios2eds/bin/gnu/H-i686-pc-linux-gnu/bin/../lib/gcc/nios2-elf/4.1.2/../../../../nios2-elf/lib/mno-hw-mul/libc.a(lib_a-printf.o) (___vfprintf_internal_r)
/OPT/altera/12.1/nios2eds/bin/gnu/H-i686-pc-linux-gnu/bin/../lib/gcc/nios2-elf/4.1.2/../../../../nios2-elf/lib/mno-hw-mul/libc.a(lib_a-vfscanf.o)
                              /OPT/altera/12.1/nios2eds/bin/gnu/H-i686-pc-linux-gnu/bin/../lib/gcc/nios2-elf/4.1.2/../../../../nios2-elf/lib/mno-hw-mul/libc.a(lib_a-sscanf.o) (__svfscanf_r)
/OPT/altera/12.1/nios2eds/bin/gnu/H-i686-pc-linux-gnu/bin/../lib/gcc/nios2-elf/4.1.2/../../../../nios2-elf/lib/mno-hw-mul/libc.a(lib_a-wsetup.o)
                              /OPT/altera/12.1/nios2eds/bin/gnu/H-i686-pc-linux-gnu/bin/../lib/gcc/nios2-elf/4.1.2/../../../../nios2-elf/lib/mno-hw-mul/libc.a(lib_a-vfprintf.o) (__swsetup_r)
/OPT/altera/12.1/nios2eds/bin/gnu/H-i686-pc-linux-gnu/bin/../lib/gcc/nios2-elf/4.1.2/../../../../nios2-elf/lib/mno-hw-mul/libc.a(lib_a-ctype_.o)
                              /OPT/altera/12.1/nios2eds/bin/gnu/H-i686-pc-linux-gnu/bin/../lib/gcc/nios2-elf/4.1.2/../../../../nios2-elf/lib/mno-hw-mul/libc.a(lib_a-vfscanf.o) (__ctype_ptr)
/OPT/altera/12.1/nios2eds/bin/gnu/H-i686-pc-linux-gnu/bin/../lib/gcc/nios2-elf/4.1.2/../../../../nios2-elf/lib/mno-hw-mul/libc.a(lib_a-dtoa.o)
                              /OPT/altera/12.1/nios2eds/bin/gnu/H-i686-pc-linux-gnu/bin/../lib/gcc/nios2-elf/4.1.2/../../../../nios2-elf/lib/mno-hw-mul/libc.a(lib_a-vfprintf.o) (_dtoa_r)
/OPT/altera/12.1/nios2eds/bin/gnu/H-i686-pc-linux-gnu/bin/../lib/gcc/nios2-elf/4.1.2/../../../../nios2-elf/lib/mno-hw-mul/libc.a(lib_a-fflush.o)
                              /OPT/altera/12.1/nios2eds/bin/gnu/H-i686-pc-linux-gnu/bin/../lib/gcc/nios2-elf/4.1.2/../../../../nios2-elf/lib/mno-hw-mul/libc.a(lib_a-vfprintf.o) (_fflush_r)
/OPT/altera/12.1/nios2eds/bin/gnu/H-i686-pc-linux-gnu/bin/../lib/gcc/nios2-elf/4.1.2/../../../../nios2-elf/lib/mno-hw-mul/libc.a(lib_a-findfp.o)
                              /OPT/altera/12.1/nios2eds/bin/gnu/H-i686-pc-linux-gnu/bin/../lib/gcc/nios2-elf/4.1.2/../../../../nios2-elf/lib/mno-hw-mul/libc.a(lib_a-vfprintf.o) (__sinit)
/OPT/altera/12.1/nios2eds/bin/gnu/H-i686-pc-linux-gnu/bin/../lib/gcc/nios2-elf/4.1.2/../../../../nios2-elf/lib/mno-hw-mul/libc.a(lib_a-fread.o)
[...]
Memory Configuration

Name             Origin             Length             Attributes
sdram_0          0x00800000         0x00800000
sram_0           0x01080000         0x00080000
reset            0x01104000         0x00000020
onchip_memory2_0 0x01104020         0x00003fe0
*default*        0x00000000         0xffffffff

Linker script and memory map

LOAD ../TiltMazeController_bsp//obj/HAL/src/crt0.o
LOAD obj/default/command.o
LOAD obj/default/main.o
LOAD obj/default/servo.o
LOAD obj/default/uart.o
LOAD /OPT/altera/12.1/nios2eds/bin/gnu/H-i686-pc-linux-gnu/bin/../lib/gcc/nios2-elf/4.1.2/../../../../nios2-elf/lib/mno-hw-mul/libstdc++.a
LOAD /OPT/altera/12.1/nios2eds/bin/gnu/H-i686-pc-linux-gnu/bin/../lib/gcc/nios2-elf/4.1.2/../../../../nios2-elf/lib/mno-hw-mul/libm.a
LOAD /OPT/altera/12.1/nios2eds/bin/gnu/H-i686-pc-linux-gnu/bin/../lib/gcc/nios2-elf/4.1.2/mno-hw-mul/libgcc.a
START GROUP
LOAD /OPT/altera/12.1/nios2eds/bin/gnu/H-i686-pc-linux-gnu/bin/../lib/gcc/nios2-elf/4.1.2/../../../../nios2-elf/lib/mno-hw-mul/libc.a
LOAD /OPT/altera/12.1/nios2eds/bin/gnu/H-i686-pc-linux-gnu/bin/../lib/gcc/nios2-elf/4.1.2/mno-hw-mul/libgcc.a
LOAD ../TiltMazeController_bsp//libucosii_bsp.a
END GROUP
LOAD /OPT/altera/12.1/nios2eds/bin/gnu/H-i686-pc-linux-gnu/bin/../lib/gcc/nios2-elf/4.1.2/mno-hw-mul/libgcc.a
                0x00800000                __alt_mem_sdram_0 = 0x800000
                0x01080000                __alt_mem_sram_0 = 0x1080000
                0x01104000                __alt_mem_onchip_memory2_0 = 0x1104000

.entry          0x01104000       0x20
 *(.entry)
 .entry         0x01104000       0x20 ../TiltMazeController_bsp//obj/HAL/src/crt0.o
                0x01104000                __reset

.exceptions     0x01104020      0x1a0 load address 0x00800000
                0x01104020                PROVIDE (__ram_exceptions_start, ABSOLUTE (.))
                0x01104020                . = ALIGN (0x20)
 *(.irq)
 *(.exceptions.entry.label)
 .exceptions.entry.label
                0x01104020        0x0 ../TiltMazeController_bsp//libucosii_bsp.a(alt_irq_entry.o)
                0x01104020                alt_irq_entry
 .exceptions.entry.label
                0x01104020        0x0 ../TiltMazeController_bsp//libucosii_bsp.a(alt_exception_entry.o)
                0x01104020                alt_exception
 *(.exceptions.entry.user)
 *(.exceptions.entry)
 .exceptions.entry
                0x01104020       0x54 ../TiltMazeController_bsp//libucosii_bsp.a(alt_exception_entry.o)
 *(.exceptions.irqtest.user)
 *(.exceptions.irqtest)
 .exceptions.irqtest
                0x01104074       0x10 ../TiltMazeController_bsp//libucosii_bsp.a(alt_irq_entry.o)
 *(.exceptions.irqhandler.user)
 *(.exceptions.irqhandler)
 .exceptions.irqhandler
                0x01104084        0x4 ../TiltMazeController_bsp//libucosii_bsp.a(alt_irq_entry.o)
 *(.exceptions.irqreturn.user)
 *(.exceptions.irqreturn)
 .exceptions.irqreturn
                0x01104088        0x4 ../TiltMazeController_bsp//libucosii_bsp.a(alt_irq_entry.o)
 *(.exceptions.notirq.label)
 .exceptions.notirq.label
                0x0110408c        0x0 ../TiltMazeController_bsp//libucosii_bsp.a(alt_irq_entry.o)
 *(.exceptions.notirq.user)
 *(.exceptions.notirq)
 .exceptions.notirq
                0x0110408c        0x8 ../TiltMazeController_bsp//libucosii_bsp.a(alt_exception_entry.o)
 *(.exceptions.soft.user)
 *(.exceptions.soft)
 *(.exceptions.unknown.user)
 *(.exceptions.unknown)
 .exceptions.unknown
                0x01104094        0x4 ../TiltMazeController_bsp//libucosii_bsp.a(alt_exception_entry.o)
 *(.exceptions.exit.label)
 .exceptions.exit.label
                0x01104098        0x0 ../TiltMazeController_bsp//libucosii_bsp.a(alt_irq_entry.o)
 .exceptions.exit.label
                0x01104098        0x0 ../TiltMazeController_bsp//libucosii_bsp.a(alt_exception_entry.o)
 *(.exceptions.exit.user)
 *(.exceptions.exit)
 .exceptions.exit
                0x01104098       0x54 ../TiltMazeController_bsp//libucosii_bsp.a(alt_exception_entry.o)
 *(.exceptions)
 .exceptions    0x011040ec       0xd4 ../TiltMazeController_bsp//libucosii_bsp.a(alt_irq_handler.o)
                0x011040ec                alt_irq_handler
                0x011041c0                PROVIDE (__ram_exceptions_end, ABSOLUTE (.))
                0x00800000                PROVIDE (__flash_exceptions_start, LOADADDR (.exceptions))

.text           0x008001a0    0x1c048
                0x008001a0                PROVIDE (stext, ABSOLUTE (.))
 *(.interp)
 *(.hash)
 *(.dynsym)
 *(.dynstr)
 *(.gnu.version)
 *(.gnu.version_d)
 *(.gnu.version_r)
 *(.rel.init)
 *(.rela.init)
 *(.rel.text .rel.text.* .rel.gnu.linkonce.t.*)
 *(.rela.text .rela.text.* .rela.gnu.linkonce.t.*)
 *(.rel.fini)
 *(.rela.fini)
 *(.rel.rodata .rel.rodata.* .rel.gnu.linkonce.r.*)
 *(.rela.rodata .rela.rodata.* .rela.gnu.linkonce.r.*)
 *(.rel.data .rel.data.* .rel.gnu.linkonce.d.*)
 *(.rela.data .rela.data.* .rela.gnu.linkonce.d.*)
 *(.rel.tdata .rel.tdata.* .rel.gnu.linkonce.td.*)
 *(.rela.tdata .rela.tdata.* .rela.gnu.linkonce.td.*)
 *(.rel.tbss .rel.tbss.* .rel.gnu.linkonce.tb.*)
 *(.rela.tbss .rela.tbss.* .rela.gnu.linkonce.tb.*)
 *(.rel.ctors)
 *(.rela.ctors)
 *(.rel.dtors)
 *(.rela.dtors)
 *(.rel.got)
 *(.rela.got)
 *(.rel.sdata .rel.sdata.* .rel.gnu.linkonce.s.*)
 *(.rela.sdata .rela.sdata.* .rela.gnu.linkonce.s.*)
 *(.rel.sbss .rel.sbss.* .rel.gnu.linkonce.sb.*)
 *(.rela.sbss .rela.sbss.* .rela.gnu.linkonce.sb.*)
 *(.rel.sdata2 .rel.sdata2.* .rel.gnu.linkonce.s2.*)
 *(.rela.sdata2 .rela.sdata2.* .rela.gnu.linkonce.s2.*)
 *(.rel.sbss2 .rel.sbss2.* .rel.gnu.linkonce.sb2.*)
 *(.rela.sbss2 .rela.sbss2.* .rela.gnu.linkonce.sb2.*)
 *(.rel.bss .rel.bss.* .rel.gnu.linkonce.b.*)
 *(.rela.bss .rela.bss.* .rela.gnu.linkonce.b.*)
 *(.rel.plt)
 *(.rela.plt)
 *(.rel.dyn)
 *(.init)
 *(.plt)
 *(.text .stub .text.* .gnu.linkonce.t.*)
 .text          0x008001a0       0x3c ../TiltMazeController_bsp//obj/HAL/src/crt0.o
                0x008001a0                _start
 .text          0x008001dc      0x18c obj/default/command.o
                0x008001dc                process_cmd_buf
                0x00800320                get_arg
 .text          0x00800368      0x318 obj/default/main.o
                0x00800368                maintask
                0x00800548                main
 .text          0x00800680      0x250 obj/default/servo.o
                0x00800680                servo_init
                0x008006c8                servotask
                0x00800774                checkRotationLimits
                0x008007cc                button_read
 .text          0x008008d0      0x434 obj/default/uart.o
                0x008008d0                uart_init
                0x00800918                uarttask
                0x00800bf8                uart_write
 .text          0x00800d04       0x28 /OPT/altera/12.1/nios2eds/bin/gnu/H-i686-pc-linux-gnu/bin/../lib/gcc/nios2-elf/4.1.2/../../../../nios2-elf/lib/mno-hw-mul/libc.a(lib_a-malloc.o)
                0x00800d04                free
                0x00800d18                malloc
 .text          0x00800d2c      0x740 /OPT/altera/12.1/nios2eds/bin/gnu/H-i686-pc-linux-gnu/bin/../lib/gcc/nios2-elf/4.1.2/../../../../nios2-elf/lib/mno-hw-mul/libc.a(lib_a-mallocr.o)
                0x00800d2c                _malloc_r
 .text          0x0080146c       0x78 /OPT/altera/12.1/nios2eds/bin/gnu/H-i686-pc-linux-gnu/bin/../lib/gcc/nios2-elf/4.1.2/../../../../nios2-elf/lib/mno-hw-mul/libc.a(lib_a-printf.o)
                0x0080146c                printf
                0x008014b0                _printf_r
 .text          0x008014e4       0x24 /OPT/altera/12.1/nios2eds/bin/gnu/H-i686-pc-linux-gnu/bin/../lib/gcc/nios2-elf/4.1.2/../../../../nios2-elf/lib/mno-hw-mul/libc.a(lib_a-putchar.o)
                0x008014e4                putchar
                0x00801500                _putchar_r
 .text          0x00801508       0xb4 /OPT/altera/12.1/nios2eds/bin/gnu/H-i686-pc-linux-gnu/bin/../lib/gcc/nios2-elf/4.1.2/../../../../nios2-elf/lib/mno-hw-mul/libc.a(lib_a-puts.o)
                0x00801508                _puts_r
                0x008015a8                puts
 .text          0x008015bc       0x70 /OPT/altera/12.1/nios2eds/bin/gnu/H-i686-pc-linux-gnu/bin/../lib/gcc/nios2-elf/4.1.2/../../../../nios2-elf/lib/mno-hw-mul/libc.a(lib_a-sbrkr.o)
                0x008015bc                _sbrk_r
 .text          0x0080162c       0xd4 /OPT/altera/12.1/nios2eds/bin/gnu/H-i686-pc-linux-gnu/bin/../lib/gcc/nios2-elf/4.1.2/../../../../nios2-elf/lib/mno-hw-mul/libc.a(lib_a-sprintf.o)
                0x0080162c                sprintf
                0x008016a0                _sprintf_r
 .text          0x00801700      0x114 /OPT/altera/12.1/nios2eds/bin/gnu/H-i686-pc-linux-gnu/bin/../lib/gcc/nios2-elf/4.1.2/../../../../nios2-elf/lib/mno-hw-mul/libc.a(lib_a-sscanf.o)
                0x00801708                _sscanf_r
                0x00801790                sscanf
 .text          0x00801814       0x74 /OPT/altera/12.1/nios2eds/bin/gnu/H-i686-pc-linux-gnu/bin/../lib/gcc/nios2-elf/4.1.2/../../../../nios2-elf/lib/mno-hw-mul/libc.a(lib_a-strlen.o)
                0x00801814                strlen
 .text          0x00801888       0xf0 /OPT/altera/12.1/nios2eds/bin/gnu/H-i686-pc-linux-gnu/bin/../lib/gcc/nios2-elf/4.1.2/../../../../nios2-elf/lib/mno-hw-mul/libc.a(lib_a-strncmp.o)
                0x00801888                strncmp
 .text          0x00801978     0x1f40 /OPT/altera/12.1/nios2eds/bin/gnu/H-i686-pc-linux-gnu/bin/../lib/gcc/nios2-elf/4.1.2/../../../../nios2-elf/lib/mno-hw-mul/libc.a(lib_a-vfprintf.o)
                0x008019d0                ___vfprintf_internal_r
                0x00803894                __vfprintf_internal
 .text          0x008038b8     0x1788 /OPT/altera/12.1/nios2eds/bin/gnu/H-i686-pc-linux-gnu/bin/../lib/gcc/nios2-elf/4.1.2/../../../../nios2-elf/lib/mno-hw-mul/libc.a(lib_a-vfscanf.o)
                0x008038b8                __svfscanf_r
                0x00804f40                __svfscanf
                0x00804f64                _vfscanf_r
                0x00804fcc                vfscanf
 .text          0x00805040      0x13c /OPT/altera/12.1/nios2eds/bin/gnu/H-i686-pc-linux-gnu/bin/../lib/gcc/nios2-elf/4.1.2/../../../../nios2-elf/lib/mno-hw-mul/libc.a(lib_a-wsetup.o)
                0x00805040                __swsetup_r
 .text          0x0080517c        0x0 /OPT/altera/12.1/nios2eds/bin/gnu/H-i686-pc-linux-gnu/bin/../lib/gcc/nios2-elf/4.1.2/../../../../nios2-elf/lib/mno-hw-mul/libc.a(lib_a-ctype_.o)
 .text          0x0080517c     0x17f8 /OPT/altera/12.1/nios2eds/bin/gnu/H-i686-pc-linux-gnu/bin/../lib/gcc/nios2-elf/4.1.2/../../../../nios2-elf/lib/mno-hw-mul/libc.a(lib_a-dtoa.o)
                0x008053c0                _dtoa_r
 .text          0x00806974      0x230 /OPT/altera/12.1/nios2eds/bin/gnu/H-i686-pc-linux-gnu/bin/../lib/gcc/nios2-elf/4.1.2/../../../../nios2-elf/lib/mno-hw-mul/libc.a(lib_a-fflush.o)
                0x00806974                _fflush_r
                0x00806b70                fflush
 .text          0x00806ba4      0x2f4 /OPT/altera/12.1/nios2eds/bin/gnu/H-i686-pc-linux-gnu/bin/../lib/gcc/nios2-elf/4.1.2/../../../../nios2-elf/lib/mno-hw-mul/libc.a(lib_a-findfp.o)
                0x00806bfc                __sfp_lock_acquire
                0x00806c00                __sfp_lock_release
                0x00806c04                __sinit_lock_acquire
                0x00806c08                __sinit_lock_release
                0x00806c0c                __sinit
                0x00806cc0                __fp_unlock_all
                0x00806cd8                __fp_lock_all
                0x00806cf0                _cleanup_r
                0x00806cfc                _cleanup
                0x00806d0c                __sfmoreglue
                0x00806da8                __sfp
 .text          0x00806e98      0x24c /OPT/altera/12.1/nios2eds/bin/gnu/H-i686-pc-linux-gnu/bin/../lib/gcc/nios2-elf/4.1.2/../../../../nios2-elf/lib/mno-hw-mul/libc.a(lib_a-fread.o)
                0x00806e98                _fread_r
                0x008070a4                fread
 .text          0x008070e4      0x440 /OPT/altera/12.1/nios2eds/bin/gnu/H-i686-pc-linux-gnu/bin/../lib/gcc/nios2-elf/4.1.2/../../../../nios2-elf/lib/mno-hw-mul/libc.a(lib_a-freer.o)
                0x008070e4                _malloc_trim_r
                0x00807210                _free_r
 .text          0x00807524      0x49c /OPT/altera/12.1/nios2eds/bin/gnu/H-i686-pc-linux-gnu/bin/../lib/gcc/nios2-elf/4.1.2/../../../../nios2-elf/lib/mno-hw-mul/libc.a(lib_a-fvwrite.o)
                0x00807524                __sfvwrite_r
 .text          0x008079c0      0x180 /OPT/altera/12.1/nios2eds/bin/gnu/H-i686-pc-linux-gnu/bin/../lib/gcc/nios2-elf/4.1.2/../../../../nios2-elf/lib/mno-hw-mul/libc.a(lib_a-fwalk.o)
                0x008079c0                _fwalk_reent
                0x00807a88                _fwalk
 .text          0x00807b40        0x0 /OPT/altera/12.1/nios2eds/bin/gnu/H-i686-pc-linux-gnu/bin/../lib/gcc/nios2-elf/4.1.2/../../../../nios2-elf/lib/mno-hw-mul/libc.a(lib_a-impure.o)
 .text          0x00807b40        0x0 /OPT/altera/12.1/nios2eds/bin/gnu/H-i686-pc-linux-gnu/bin/../lib/gcc/nios2-elf/4.1.2/../../../../nios2-elf/lib/mno-hw-mul/libc.a(lib_a-int_errno.o)
 .text          0x00807b40       0x2c /OPT/altera/12.1/nios2eds/bin/gnu/H-i686-pc-linux-gnu/bin/../lib/gcc/nios2-elf/4.1.2/../../../../nios2-elf/lib/mno-hw-mul/libc.a(lib_a-iswspace.o)
                0x00807b40                iswspace
 .text          0x00807b6c       0xc4 /OPT/altera/12.1/nios2eds/bin/gnu/H-i686-pc-linux-gnu/bin/../lib/gcc/nios2-elf/4.1.2/../../../../nios2-elf/lib/mno-hw-mul/libc.a(lib_a-locale.o)
                0x00807b6c                __locale_charset
                0x00807b74                _localeconv_r
                0x00807b80                localeconv
                0x00807b90                _setlocale_r
                0x00807c14                setlocale
 .text          0x00807c30      0x194 /OPT/altera/12.1/nios2eds/bin/gnu/H-i686-pc-linux-gnu/bin/../lib/gcc/nios2-elf/4.1.2/../../../../nios2-elf/lib/mno-hw-mul/libc.a(lib_a-makebuf.o)
                0x00807c30                __smakebuf_r
 .text          0x00807dc4       0xc0 /OPT/altera/12.1/nios2eds/bin/gnu/H-i686-pc-linux-gnu/bin/../lib/gcc/nios2-elf/4.1.2/../../../../nios2-elf/lib/mno-hw-mul/libc.a(lib_a-mbrtowc.o)
                0x00807dc4                _mbrtowc_r
                0x00807e44                mbrtowc
 .text          0x00807e84       0x40 /OPT/altera/12.1/nios2eds/bin/gnu/H-i686-pc-linux-gnu/bin/../lib/gcc/nios2-elf/4.1.2/../../../../nios2-elf/lib/mno-hw-mul/libc.a(lib_a-mbtowc_r.o)
                0x00807e84                _mbtowc_r
 .text          0x00807ec4       0xe4 /OPT/altera/12.1/nios2eds/bin/gnu/H-i686-pc-linux-gnu/bin/../lib/gcc/nios2-elf/4.1.2/../../../../nios2-elf/lib/mno-hw-mul/libc.a(lib_a-memchr.o)
                0x00807ec4                memchr
 .text          0x00807fa8       0xa0 /OPT/altera/12.1/nios2eds/bin/gnu/H-i686-pc-linux-gnu/bin/../lib/gcc/nios2-elf/4.1.2/../../../../nios2-elf/lib/mno-hw-mul/libc.a(lib_a-memcpy.o)
                0x00807fa8                memcpy
 .text          0x00808048       0xe0 /OPT/altera/12.1/nios2eds/bin/gnu/H-i686-pc-linux-gnu/bin/../lib/gcc/nios2-elf/4.1.2/../../../../nios2-elf/lib/mno-hw-mul/libc.a(lib_a-memmove.o)
                0x00808048                memmove
 .text          0x00808128       0x98 /OPT/altera/12.1/nios2eds/bin/gnu/H-i686-pc-linux-gnu/bin/../lib/gcc/nios2-elf/4.1.2/../../../../nios2-elf/lib/mno-hw-mul/libc.a(lib_a-memset.o)
                0x00808128                memset
 .text          0x008081c0     0x108c /OPT/altera/12.1/nios2eds/bin/gnu/H-i686-pc-linux-gnu/bin/../lib/gcc/nios2-elf/4.1.2/../../../../nios2-elf/lib/mno-hw-mul/libc.a(lib_a-mprec.o)
                0x008081c0                _Bfree
                0x008081e8                __hi0bits
                0x00808258                __lo0bits
                0x0080831c                __mcmp
                0x0080837c                __ulp
                0x008083fc                __b2d
                0x0080851c                __ratio
                0x008085cc                _mprec_log10
                0x00808660                __copybits
                0x008086b8                __any_on
                0x00808740                _Balloc
                0x008087fc                __d2b
                0x00808978                __mdiff
                0x00808b04                __lshift
                0x00808c50                __multiply
                0x00808ea4                __i2b
                0x00808ee0                __multadd
                0x0080900c                __pow5mult
                0x0080912c                __s2b
 .text          0x0080924c      0x1ec /OPT/altera/12.1/nios2eds/bin/gnu/H-i686-pc-linux-gnu/bin/../lib/gcc/nios2-elf/4.1.2/../../../../nios2-elf/lib/mno-hw-mul/libc.a(lib_a-putc.o)
                0x0080924c                putc
                0x00809350                _putc_r
 .text          0x00809438      0x5f4 /OPT/altera/12.1/nios2eds/bin/gnu/H-i686-pc-linux-gnu/bin/../lib/gcc/nios2-elf/4.1.2/../../../../nios2-elf/lib/mno-hw-mul/libc.a(lib_a-reallocr.o)
                0x00809438                _realloc_r
 .text          0x00809a2c      0x1e0 /OPT/altera/12.1/nios2eds/bin/gnu/H-i686-pc-linux-gnu/bin/../lib/gcc/nios2-elf/4.1.2/../../../../nios2-elf/lib/mno-hw-mul/libc.a(lib_a-refill.o)
                0x00809a2c                __srefill_r
 .text          0x00809c0c       0x40 /OPT/altera/12.1/nios2eds/bin/gnu/H-i686-pc-linux-gnu/bin/../lib/gcc/nios2-elf/4.1.2/../../../../nios2-elf/lib/mno-hw-mul/libc.a(lib_a-s_isinfd.o)
                0x00809c0c                __isinfd
 .text          0x00809c4c       0x30 /OPT/altera/12.1/nios2eds/bin/gnu/H-i686-pc-linux-gnu/bin/../lib/gcc/nios2-elf/4.1.2/../../../../nios2-elf/lib/mno-hw-mul/libc.a(lib_a-s_isnand.o)
                0x00809c4c                __isnand
 .text          0x00809c7c       0xc0 /OPT/altera/12.1/nios2eds/bin/gnu/H-i686-pc-linux-gnu/bin/../lib/gcc/nios2-elf/4.1.2/../../../../nios2-elf/lib/mno-hw-mul/libc.a(lib_a-sccl.o)
                0x00809c7c                __sccl
 .text          0x00809d3c        0x8 /OPT/altera/12.1/nios2eds/bin/gnu/H-i686-pc-linux-gnu/bin/../lib/gcc/nios2-elf/4.1.2/../../../../nios2-elf/lib/mno-hw-mul/libc.a(lib_a-sf_nan.o)
                0x00809d3c                nanf
 .text          0x00809d44      0x14c /OPT/altera/12.1/nios2eds/bin/gnu/H-i686-pc-linux-gnu/bin/../lib/gcc/nios2-elf/4.1.2/../../../../nios2-elf/lib/mno-hw-mul/libc.a(lib_a-stdio.o)
                0x00809d44                __sclose
                0x00809d4c                __sseek
                0x00809db4                __swrite
                0x00809e30                __sread
 .text          0x00809e90       0xbc /OPT/altera/12.1/nios2eds/bin/gnu/H-i686-pc-linux-gnu/bin/../lib/gcc/nios2-elf/4.1.2/../../../../nios2-elf/lib/mno-hw-mul/libc.a(lib_a-strcmp.o)
                0x00809e90                strcmp
 .text          0x00809f4c     0x1754 /OPT/altera/12.1/nios2eds/bin/gnu/H-i686-pc-linux-gnu/bin/../lib/gcc/nios2-elf/4.1.2/../../../../nios2-elf/lib/mno-hw-mul/libc.a(lib_a-strtod.o)
                0x00809f94                _strtod_r
                0x0080b560                strtof
                0x0080b684                strtod
 .text          0x0080b6a0      0x274 /OPT/altera/12.1/nios2eds/bin/gnu/H-i686-pc-linux-gnu/bin/../lib/gcc/nios2-elf/4.1.2/../../../../nios2-elf/lib/mno-hw-mul/libc.a(lib_a-strtol.o)
                0x0080b6a0                _strtol_r
                0x0080b8f0                strtol
 .text          0x0080b914      0x318 /OPT/altera/12.1/nios2eds/bin/gnu/H-i686-pc-linux-gnu/bin/../lib/gcc/nios2-elf/4.1.2/../../../../nios2-elf/lib/mno-hw-mul/libc.a(lib_a-strtoll_r.o)
                0x0080b914                _strtoll_r
 .text          0x0080bc2c      0x264 /OPT/altera/12.1/nios2eds/bin/gnu/H-i686-pc-linux-gnu/bin/../lib/gcc/nios2-elf/4.1.2/../../../../nios2-elf/lib/mno-hw-mul/libc.a(lib_a-strtoul.o)
                0x0080bc2c                _strtoul_r
                0x0080be6c                strtoul
 .text          0x0080be90      0x2f0 /OPT/altera/12.1/nios2eds/bin/gnu/H-i686-pc-linux-gnu/bin/../lib/gcc/nios2-elf/4.1.2/../../../../nios2-elf/lib/mno-hw-mul/libc.a(lib_a-strtoull_r.o)
                0x0080be90                _strtoull_r
 .text          0x0080c180      0x294 /OPT/altera/12.1/nios2eds/bin/gnu/H-i686-pc-linux-gnu/bin/../lib/gcc/nios2-elf/4.1.2/../../../../nios2-elf/lib/mno-hw-mul/libc.a(lib_a-ungetc.o)
                0x0080c180                __submore
                0x0080c25c                _ungetc_r
                0x0080c3f8                ungetc
 .text          0x0080c414      0x14c /OPT/altera/12.1/nios2eds/bin/gnu/H-i686-pc-linux-gnu/bin/../lib/gcc/nios2-elf/4.1.2/../../../../nios2-elf/lib/mno-hw-mul/libc.a(lib_a-wbuf.o)
                0x0080c414                __swbuf_r
                0x0080c544                __swbuf
 .text          0x0080c560       0x78 /OPT/altera/12.1/nios2eds/bin/gnu/H-i686-pc-linux-gnu/bin/../lib/gcc/nios2-elf/4.1.2/../../../../nios2-elf/lib/mno-hw-mul/libc.a(lib_a-writer.o)
                0x0080c560                _write_r
 .text          0x0080c5d8       0xc8 /OPT/altera/12.1/nios2eds/bin/gnu/H-i686-pc-linux-gnu/bin/../lib/gcc/nios2-elf/4.1.2/../../../../nios2-elf/lib/mno-hw-mul/libc.a(lib_a-callocr.o)
                0x0080c5d8                _calloc_r
 .text          0x0080c6a0       0x70 /OPT/altera/12.1/nios2eds/bin/gnu/H-i686-pc-linux-gnu/bin/../lib/gcc/nios2-elf/4.1.2/../../../../nios2-elf/lib/mno-hw-mul/libc.a(lib_a-closer.o)
                0x0080c6a0                _close_r
 .text          0x0080c710      0x124 /OPT/altera/12.1/nios2eds/bin/gnu/H-i686-pc-linux-gnu/bin/../lib/gcc/nios2-elf/4.1.2/../../../../nios2-elf/lib/mno-hw-mul/libc.a(lib_a-fclose.o)
                0x0080c710                _fclose_r
                0x0080c820                fclose
 .text          0x0080c834       0x74 /OPT/altera/12.1/nios2eds/bin/gnu/H-i686-pc-linux-gnu/bin/../lib/gcc/nios2-elf/4.1.2/../../../../nios2-elf/lib/mno-hw-mul/libc.a(lib_a-fstatr.o)
                0x0080c834                _fstat_r
 .text          0x0080c8a8      0x938 /OPT/altera/12.1/nios2eds/bin/gnu/H-i686-pc-linux-gnu/bin/../lib/gcc/nios2-elf/4.1.2/../../../../nios2-elf/lib/mno-hw-mul/libc.a(lib_a-gdtoa-gethex.o)
                0x0080c8cc                __hexdig_init
                0x0080c9e4                __gethex
 .text          0x0080d1e0      0x294 /OPT/altera/12.1/nios2eds/bin/gnu/H-i686-pc-linux-gnu/bin/../lib/gcc/nios2-elf/4.1.2/../../../../nios2-elf/lib/mno-hw-mul/libc.a(lib_a-gdtoa-hexnan.o)
                0x0080d22c                __hexnan
 .text          0x0080d474       0x70 /OPT/altera/12.1/nios2eds/bin/gnu/H-i686-pc-linux-gnu/bin/../lib/gcc/nios2-elf/4.1.2/../../../../nios2-elf/lib/mno-hw-mul/libc.a(lib_a-isattyr.o)
                0x0080d474                _isatty_r
 .text          0x0080d4e4       0x78 /OPT/altera/12.1/nios2eds/bin/gnu/H-i686-pc-linux-gnu/bin/../lib/gcc/nios2-elf/4.1.2/../../../../nios2-elf/lib/mno-hw-mul/libc.a(lib_a-lseekr.o)
                0x0080d4e4                _lseek_r
 .text          0x0080d55c       0x78 /OPT/altera/12.1/nios2eds/bin/gnu/H-i686-pc-linux-gnu/bin/../lib/gcc/nios2-elf/4.1.2/../../../../nios2-elf/lib/mno-hw-mul/libc.a(lib_a-readr.o)
                0x0080d55c                _read_r
 .text          0x0080d5d4      0x124 /OPT/altera/12.1/nios2eds/bin/gnu/H-i686-pc-linux-gnu/bin/../lib/gcc/nios2-elf/4.1.2/mno-hw-mul/libgcc.a(_muldi3.o)
                0x0080d5d4                __muldi3
 .text          0x0080d6f8       0xa4 /OPT/altera/12.1/nios2eds/bin/gnu/H-i686-pc-linux-gnu/bin/../lib/gcc/nios2-elf/4.1.2/mno-hw-mul/libgcc.a(_fixunsdfsi.o)
                0x0080d6f8                __fixunsdfsi
 .text          0x0080d79c      0x66c /OPT/altera/12.1/nios2eds/bin/gnu/H-i686-pc-linux-gnu/bin/../lib/gcc/nios2-elf/4.1.2/mno-hw-mul/libgcc.a(_udivdi3.o)
                0x0080d79c                __udivdi3
 .text          0x0080de08      0x660 /OPT/altera/12.1/nios2eds/bin/gnu/H-i686-pc-linux-gnu/bin/../lib/gcc/nios2-elf/4.1.2/mno-hw-mul/libgcc.a(_umoddi3.o)
                0x0080de08                __umoddi3
 .text          0x0080e468       0x78 /OPT/altera/12.1/nios2eds/bin/gnu/H-i686-pc-linux-gnu/bin/../lib/gcc/nios2-elf/4.1.2/mno-hw-mul/libgcc.a(_ne_sf.o)
                0x0080e468                __nesf2
 .text          0x0080e4e0       0x78 /OPT/altera/12.1/nios2eds/bin/gnu/H-i686-pc-linux-gnu/bin/../lib/gcc/nios2-elf/4.1.2/mno-hw-mul/libgcc.a(_gt_sf.o)
                0x0080e4e0                __gtsf2
 .text          0x0080e558       0x78 /OPT/altera/12.1/nios2eds/bin/gnu/H-i686-pc-linux-gnu/bin/../lib/gcc/nios2-elf/4.1.2/mno-hw-mul/libgcc.a(_lt_sf.o)
                0x0080e558                __ltsf2
 .text          0x0080e5d0      0x504 /OPT/altera/12.1/nios2eds/bin/gnu/H-i686-pc-linux-gnu/bin/../lib/gcc/nios2-elf/4.1.2/mno-hw-mul/libgcc.a(_addsub_df.o)
                0x0080e9e0                __subdf3
                0x0080ea60                __adddf3
 .text          0x0080ead4      0x3c4 /OPT/altera/12.1/nios2eds/bin/gnu/H-i686-pc-linux-gnu/bin/../lib/gcc/nios2-elf/4.1.2/mno-hw-mul/libgcc.a(_mul_df.o)
                0x0080ead4                __muldf3
 .text          0x0080ee98      0x258 /OPT/altera/12.1/nios2eds/bin/gnu/H-i686-pc-linux-gnu/bin/../lib/gcc/nios2-elf/4.1.2/mno-hw-mul/libgcc.a(_div_df.o)
                0x0080ee98                __divdf3
 .text          0x0080f0f0       0x88 /OPT/altera/12.1/nios2eds/bin/gnu/H-i686-pc-linux-gnu/bin/../lib/gcc/nios2-elf/4.1.2/mno-hw-mul/libgcc.a(_eq_df.o)
                0x0080f0f0                __eqdf2
 .text          0x0080f178       0x88 /OPT/altera/12.1/nios2eds/bin/gnu/H-i686-pc-linux-gnu/bin/../lib/gcc/nios2-elf/4.1.2/mno-hw-mul/libgcc.a(_ne_df.o)
                0x0080f178                __nedf2
 .text          0x0080f200       0x88 /OPT/altera/12.1/nios2eds/bin/gnu/H-i686-pc-linux-gnu/bin/../lib/gcc/nios2-elf/4.1.2/mno-hw-mul/libgcc.a(_gt_df.o)
                0x0080f200                __gtdf2
 .text          0x0080f288       0x88 /OPT/altera/12.1/nios2eds/bin/gnu/H-i686-pc-linux-gnu/bin/../lib/gcc/nios2-elf/4.1.2/mno-hw-mul/libgcc.a(_ge_df.o)
                0x0080f288                __gedf2
 .text          0x0080f310       0x88 /OPT/altera/12.1/nios2eds/bin/gnu/H-i686-pc-linux-gnu/bin/../lib/gcc/nios2-elf/4.1.2/mno-hw-mul/libgcc.a(_lt_df.o)
                0x0080f310                __ltdf2
 .text          0x0080f398       0x88 /OPT/altera/12.1/nios2eds/bin/gnu/H-i686-pc-linux-gnu/bin/../lib/gcc/nios2-elf/4.1.2/mno-hw-mul/libgcc.a(_le_df.o)
                0x0080f398                __ledf2
 .text          0x0080f420       0xf8 /OPT/altera/12.1/nios2eds/bin/gnu/H-i686-pc-linux-gnu/bin/../lib/gcc/nios2-elf/4.1.2/mno-hw-mul/libgcc.a(_si_to_df.o)
                0x0080f420                __floatsidf
 .text          0x0080f518       0xd8 /OPT/altera/12.1/nios2eds/bin/gnu/H-i686-pc-linux-gnu/bin/../lib/gcc/nios2-elf/4.1.2/mno-hw-mul/libgcc.a(_df_to_si.o)
                0x0080f518                __fixdfsi
 .text          0x0080f5f0       0x74 /OPT/altera/12.1/nios2eds/bin/gnu/H-i686-pc-linux-gnu/bin/../lib/gcc/nios2-elf/4.1.2/mno-hw-mul/libgcc.a(_df_to_sf.o)
                0x0080f5f0                __truncdfsf2
 .text          0x0080f664        0x0 /OPT/altera/12.1/nios2eds/bin/gnu/H-i686-pc-linux-gnu/bin/../lib/gcc/nios2-elf/4.1.2/mno-hw-mul/libgcc.a(_thenan_df.o)
 .text          0x0080f664      0x194 /OPT/altera/12.1/nios2eds/bin/gnu/H-i686-pc-linux-gnu/bin/../lib/gcc/nios2-elf/4.1.2/mno-hw-mul/libgcc.a(_usi_to_df.o)
                0x0080f664                __floatunsidf
 .text          0x0080f7f8      0x14c /OPT/altera/12.1/nios2eds/bin/gnu/H-i686-pc-linux-gnu/bin/../lib/gcc/nios2-elf/4.1.2/mno-hw-mul/libgcc.a(lib2-divmod.o)
                0x0080f874                __divsi3
                0x0080f8d4                __modsi3
                0x0080f934                __udivsi3
                0x0080f93c                __umodsi3
 .text          0x0080f944       0x38 /OPT/altera/12.1/nios2eds/bin/gnu/H-i686-pc-linux-gnu/bin/../lib/gcc/nios2-elf/4.1.2/mno-hw-mul/libgcc.a(lib2-mul.o)
                0x0080f944                __mulsi3
 .text          0x0080f97c        0x0 /OPT/altera/12.1/nios2eds/bin/gnu/H-i686-pc-linux-gnu/bin/../lib/gcc/nios2-elf/4.1.2/mno-hw-mul/libgcc.a(_clz.o)
 .text          0x0080f97c       0x80 /OPT/altera/12.1/nios2eds/bin/gnu/H-i686-pc-linux-gnu/bin/../lib/gcc/nios2-elf/4.1.2/mno-hw-mul/libgcc.a(_clzsi2.o)
                0x0080f97c                __clzsi2
 .text          0x0080f9fc       0xc8 /OPT/altera/12.1/nios2eds/bin/gnu/H-i686-pc-linux-gnu/bin/../lib/gcc/nios2-elf/4.1.2/mno-hw-mul/libgcc.a(_unpack_sf.o)
                0x0080f9fc                __unpack_f
 .text          0x0080fac4       0xa8 /OPT/altera/12.1/nios2eds/bin/gnu/H-i686-pc-linux-gnu/bin/../lib/gcc/nios2-elf/4.1.2/mno-hw-mul/libgcc.a(_fpcmp_parts_sf.o)
                0x0080fac4                __fpcmp_parts_f
 .text          0x0080fb6c       0x2c /OPT/altera/12.1/nios2eds/bin/gnu/H-i686-pc-linux-gnu/bin/../lib/gcc/nios2-elf/4.1.2/mno-hw-mul/libgcc.a(_make_sf.o)
                0x0080fb6c                __make_fp
 .text          0x0080fb98      0x314 /OPT/altera/12.1/nios2eds/bin/gnu/H-i686-pc-linux-gnu/bin/../lib/gcc/nios2-elf/4.1.2/mno-hw-mul/libgcc.a(_pack_df.o)
                0x0080fb98                __pack_d
 .text          0x0080feac      0x138 /OPT/altera/12.1/nios2eds/bin/gnu/H-i686-pc-linux-gnu/bin/../lib/gcc/nios2-elf/4.1.2/mno-hw-mul/libgcc.a(_unpack_df.o)
                0x0080feac                __unpack_d
 .text          0x0080ffe4       0xc8 /OPT/altera/12.1/nios2eds/bin/gnu/H-i686-pc-linux-gnu/bin/../lib/gcc/nios2-elf/4.1.2/mno-hw-mul/libgcc.a(_fpcmp_parts_df.o)
                0x0080ffe4                __fpcmp_parts_d
 .text          0x008100ac      0x160 /OPT/altera/12.1/nios2eds/bin/gnu/H-i686-pc-linux-gnu/bin/../lib/gcc/nios2-elf/4.1.2/mno-hw-mul/libgcc.a(_pack_sf.o)
                0x008100ac                __pack_f
 .text          0x0081020c      0x160 ../TiltMazeController_bsp//libucosii_bsp.a(alt_close.o)
                0x0081020c                close
 .text          0x0081036c       0x2c ../TiltMazeController_bsp//libucosii_bsp.a(alt_dev.o)
 .text          0x00810398        0x0 ../TiltMazeController_bsp//libucosii_bsp.a(alt_errno.o)
 .text          0x00810398      0x138 ../TiltMazeController_bsp//libucosii_bsp.a(alt_fstat.o)
                0x00810398                fstat
 .text          0x008104d0      0x124 ../TiltMazeController_bsp//libucosii_bsp.a(alt_isatty.o)
                0x008104d0                isatty
 .text          0x008105f4       0xec ../TiltMazeController_bsp//libucosii_bsp.a(alt_load.o)
                0x008105f4                alt_load
 .text          0x008106e0      0x154 ../TiltMazeController_bsp//libucosii_bsp.a(alt_lseek.o)
                0x008106e0                lseek
 .text          0x00810834       0xc8 ../TiltMazeController_bsp//libucosii_bsp.a(alt_main.o)
                0x00810834                alt_main
 .text          0x008108fc      0x184 ../TiltMazeController_bsp//libucosii_bsp.a(alt_read.o)
                0x008108fc                read
 .text          0x00810a80       0x78 ../TiltMazeController_bsp//libucosii_bsp.a(alt_release_fd.o)
                0x00810a80                alt_release_fd
 .text          0x00810af8       0xbc ../TiltMazeController_bsp//libucosii_bsp.a(alt_sbrk.o)
                0x00810af8                sbrk
 .text          0x00810bb4      0x184 ../TiltMazeController_bsp//libucosii_bsp.a(alt_write.o)
                0x00810bb4                write
 .text          0x00810d38      0x108 ../TiltMazeController_bsp//libucosii_bsp.a(alt_env_lock.o)
                0x00810d38                __env_lock
                0x00810de4                __env_unlock
 .text          0x00810e40      0x1d8 ../TiltMazeController_bsp//libucosii_bsp.a(alt_malloc_lock.o)
                0x00810e40                __malloc_lock
                0x00810f48                __malloc_unlock
 .text          0x00811018     0x2128 ../TiltMazeController_bsp//libucosii_bsp.a(os_core.o)
                0x00811018                OSEventNameGet
                0x00811148                OSEventNameSet
                0x0081128c                OSEventPendMulti
                0x00811940                OSInit
                0x00811994                OSIntEnter
                0x00811a10                OSIntExit
                0x00811b10                OSSchedLock
                0x00811b9c                OSSchedUnlock
                0x00811c80                OSStart
                0x00811cf0                OSStatInit
                0x00811d9c                OSTimeTick
                0x00811fdc                OSVersion
                0x00811ffc                OS_Dummy
                0x00812018                OS_EventTaskRdy
                0x008121ac                OS_EventTaskWait
                0x008122bc                OS_EventTaskWaitMulti
                0x00812410                OS_EventTaskRemove
                0x008124c8                OS_EventTaskRemoveMulti
                0x008125cc                OS_EventWaitListInit
                0x00812998                OS_MemClr
                0x008129ec                OS_MemCopy
                0x00812a58                OS_Sched
                0x00812b9c                OS_StrCopy
                0x00812c1c                OS_StrLen
                0x00812c74                OS_TaskIdle
                0x00812cd0                OS_TaskStat
                0x00812d98                OS_TaskStatStkChk
                0x00812e60                OS_TCBInit
 .text          0x00813140      0x18c ../TiltMazeController_bsp//libucosii_bsp.a(os_dbg.o)
                0x00813140                OSDebugInit
 .text          0x008132cc     0x193c ../TiltMazeController_bsp//libucosii_bsp.a(os_flag.o)
                0x008132cc                OSFlagAccept
                0x00813600                OSFlagCreate
                0x0081373c                OSFlagDel
                0x008139e4                OSFlagNameGet
                0x00813b28                OSFlagNameSet
                0x00813c7c                OSFlagPend
                0x008142c0                OSFlagPendGetFlagsRdy
                0x00814328                OSFlagPost
                0x008146d0                OSFlagQuery
                0x00814968                OS_FlagInit
                0x00814b5c                OS_FlagUnlink
 .text          0x00814c08      0x80c ../TiltMazeController_bsp//libucosii_bsp.a(os_mem.o)
                0x00814c08                OSMemCreate
                0x00814e24                OSMemGet
                0x00814f28                OSMemNameGet
                0x00815034                OSMemNameSet
                0x00815154                OSMemPut
                0x00815244                OSMemQuery
                0x00815340                OS_MemInit
 .text          0x00815414     0x1334 ../TiltMazeController_bsp//libucosii_bsp.a(os_q.o)
                0x00815414                OSQAccept
                0x00815568                OSQCreate
                0x0081577c                OSQDel
                0x00815a7c                OSQFlush
                0x00815b44                OSQPend
                0x00815e64                OSQPendAbort
                0x00815fe0                OSQPost
                0x00816160                OSQPostFront
                0x008162e8                OSQPostOpt
                0x0081651c                OSQQuery
                0x0081669c                OS_QInit
 .text          0x00816748      0xbc8 ../TiltMazeController_bsp//libucosii_bsp.a(os_sem.o)
                0x00816748                OSSemAccept
                0x00816808                OSSemCreate
                0x0081691c                OSSemDel
                0x00816bbc                OSSemPend
                0x00816e38                OSSemPendAbort
                0x00816fb4                OSSemPost
                0x008170dc                OSSemQuery
                0x0081720c                OSSemSet
 .text          0x00817310     0x1a40 ../TiltMazeController_bsp//libucosii_bsp.a(os_task.o)
                0x00817310                OSTaskChangePrio
                0x00817884                OSTaskCreate
                0x00817a58                OSTaskCreateExt
                0x00817c58                OSTaskDel
                0x00818064                OSTaskDelReq
                0x008181d4                OSTaskNameGet
                0x0081838c                OSTaskNameSet
                0x00818550                OSTaskResume
                0x00818768                OSTaskStkChk
                0x00818964                OSTaskSuspend
                0x00818b90                OSTaskQuery
                0x00818cd4                OS_TaskStkClr
 .text          0x00818d50      0x5b4 ../TiltMazeController_bsp//libucosii_bsp.a(os_time.o)
                0x00818d50                OSTimeDly
                0x00818e9c                OSTimeDlyHMSM
                0x0081902c                OSTimeDlyResume
                0x0081923c                OSTimeGet
                0x008192a0                OSTimeSet
 .text          0x00819304       0xec ../TiltMazeController_bsp//libucosii_bsp.a(alt_sys_init.o)
                0x00819304                alt_irq_init
                0x00819338                alt_sys_init
 .text          0x008193f0      0x148 ../TiltMazeController_bsp//libucosii_bsp.a(altera_avalon_jtag_uart_fd.o)
                0x008193f0                altera_avalon_jtag_uart_read_fd
                0x00819448                altera_avalon_jtag_uart_write_fd
                0x008194a0                altera_avalon_jtag_uart_close_fd
                0x008194e8                altera_avalon_jtag_uart_ioctl_fd
 .text          0x00819538      0x580 ../TiltMazeController_bsp//libucosii_bsp.a(altera_avalon_jtag_uart_init.o)
                0x00819538                altera_avalon_jtag_uart_init
                0x00819a44                altera_avalon_jtag_uart_close
 .text          0x00819ab8       0xf4 ../TiltMazeController_bsp//libucosii_bsp.a(altera_avalon_jtag_uart_ioctl.o)
                0x00819ab8                altera_avalon_jtag_uart_ioctl
 .text          0x00819bac      0x2c0 ../TiltMazeController_bsp//libucosii_bsp.a(altera_avalon_jtag_uart_read.o)
                0x00819bac                altera_avalon_jtag_uart_read
 .text          0x00819e6c      0x2dc ../TiltMazeController_bsp//libucosii_bsp.a(altera_avalon_jtag_uart_write.o)
                0x00819e6c                altera_avalon_jtag_uart_write
 .text          0x0081a148       0xfc ../TiltMazeController_bsp//libucosii_bsp.a(altera_avalon_timer_sc.o)
                0x0081a1bc                alt_avalon_timer_sc_init
 .text          0x0081a244      0x530 ../TiltMazeController_bsp//libucosii_bsp.a(altera_up_avalon_character_lcd.o)
                0x0081a244                get_DDRAM_addr
                0x0081a2c0                alt_up_character_lcd_send_cmd
                0x0081a2f4                alt_up_character_lcd_init
                0x0081a328                alt_up_character_lcd_open_dev
                0x0081a368                alt_up_character_lcd_write
                0x0081a3e0                alt_up_character_lcd_string
                0x0081a458                alt_up_character_lcd_write_fd
                0x0081a4a4                alt_up_character_lcd_set_cursor_pos
                0x0081a51c                alt_up_character_lcd_shift_cursor
                0x0081a5cc                alt_up_character_lcd_shift_display
                0x0081a67c                alt_up_character_lcd_erase_pos
                0x0081a70c                alt_up_character_lcd_cursor_off
                0x0081a740                alt_up_character_lcd_cursor_blink_on
 .text          0x0081a774      0x398 ../TiltMazeController_bsp//libucosii_bsp.a(altera_up_avalon_rs232.o)
                0x0081a774                alt_up_rs232_enable_read_interrupt
                0x0081a7c8                alt_up_rs232_disable_read_interrupt
                0x0081a820                alt_up_rs232_get_used_space_in_read_FIFO
                0x0081a85c                alt_up_rs232_get_available_space_in_write_FIFO
                0x0081a89c                alt_up_rs232_check_parity
                0x0081a8ec                alt_up_rs232_write_data
                0x0081a934                alt_up_rs232_read_data
                0x0081a9a8                alt_up_rs232_read_fd
                0x0081aa38                alt_up_rs232_write_fd
                0x0081aacc                alt_up_rs232_open_dev
 .text          0x0081ab0c      0x154 ../TiltMazeController_bsp//libucosii_bsp.a(alt_alarm_start.o)
                0x0081ab0c                alt_alarm_start
 .text          0x0081ac60       0x1c ../TiltMazeController_bsp//libucosii_bsp.a(alt_dcache_flush_all.o)
                0x0081ac60                alt_dcache_flush_all
 .text          0x0081ac7c      0x114 ../TiltMazeController_bsp//libucosii_bsp.a(alt_dev_llist_insert.o)
                0x0081ac7c                alt_dev_llist_insert
 .text          0x0081ad90       0x64 ../TiltMazeController_bsp//libucosii_bsp.a(alt_do_ctors.o)
                0x0081ad90                _do_ctors
 .text          0x0081adf4       0x64 ../TiltMazeController_bsp//libucosii_bsp.a(alt_do_dtors.o)
                0x0081adf4                _do_dtors
 .text          0x0081ae58       0x94 ../TiltMazeController_bsp//libucosii_bsp.a(alt_find_dev.o)
                0x0081ae58                alt_find_dev
 .text          0x0081aeec       0x1c ../TiltMazeController_bsp//libucosii_bsp.a(alt_icache_flush_all.o)
                0x0081aeec                alt_icache_flush_all
 .text          0x0081af08      0x150 ../TiltMazeController_bsp//libucosii_bsp.a(alt_io_redirect.o)
                0x0081afe0                alt_io_redirect
 .text          0x0081b058      0x1c0 ../TiltMazeController_bsp//libucosii_bsp.a(alt_irq_register.o)
                0x0081b058                alt_irq_register
 .text          0x0081b218        0x0 ../TiltMazeController_bsp//libucosii_bsp.a(alt_irq_vars.o)
 .text          0x0081b218      0x2e4 ../TiltMazeController_bsp//libucosii_bsp.a(alt_open.o)
                0x0081b310                open
 .text          0x0081b4fc      0x1a8 ../TiltMazeController_bsp//libucosii_bsp.a(alt_tick.o)
                0x0081b4fc                alt_alarm_stop
                0x0081b594                alt_tick
 .text          0x0081b6a4       0x20 ../TiltMazeController_bsp//libucosii_bsp.a(altera_nios2_qsys_irq.o)
                0x0081b6a4                altera_nios2_qsys_irq_init
 .text          0x0081b6c4       0xd0 ../TiltMazeController_bsp//libucosii_bsp.a(os_cpu_a.o)
                0x0081b6c4                OSCtxSw
                0x0081b6c4                OSIntCtxSw
                0x0081b750                OSStartHighRdy
                0x0081b770                OSStartTsk
 .text          0x0081b794      0x418 ../TiltMazeController_bsp//libucosii_bsp.a(os_cpu_c.o)
                0x0081b794                OSTaskStkInit
                0x0081baa4                OSTaskCreateHook
                0x0081bac4                OSTaskDelHook
                0x0081bae4                OSTaskSwHook
                0x0081bb00                OSTaskStatHook
                0x0081bb1c                OSTimeTickHook
                0x0081bb38                OSInitHookBegin
                0x0081bb54                OSInitHookEnd
                0x0081bb70                OSTaskIdleHook
                0x0081bb8c                OSTCBInitHook
 .text          0x0081bbac      0x120 ../TiltMazeController_bsp//libucosii_bsp.a(alt_find_file.o)
                0x0081bbac                alt_find_file
 .text          0x0081bccc      0x104 ../TiltMazeController_bsp//libucosii_bsp.a(alt_get_fd.o)
                0x0081bccc                alt_get_fd
 .text          0x0081bdd0        0x0 ../TiltMazeController_bsp//libucosii_bsp.a(alt_irq_entry.o)
 .text          0x0081bdd0        0x0 ../TiltMazeController_bsp//libucosii_bsp.a(alt_irq_handler.o)
 .text          0x0081bdd0        0x0 ../TiltMazeController_bsp//libucosii_bsp.a(alt_exception_entry.o)
 .text          0x0081bdd0       0x14 /OPT/altera/12.1/nios2eds/bin/gnu/H-i686-pc-linux-gnu/bin/../lib/gcc/nios2-elf/4.1.2/../../../../nios2-elf/lib/mno-hw-mul/libc.a(lib_a-atexit.o)
                0x0081bdd0                atexit
 .text          0x0081bde4       0x38 /OPT/altera/12.1/nios2eds/bin/gnu/H-i686-pc-linux-gnu/bin/../lib/gcc/nios2-elf/4.1.2/../../../../nios2-elf/lib/mno-hw-mul/libc.a(lib_a-exit.o)
                0x0081bde4                exit
 .text          0x0081be1c       0x74 /OPT/altera/12.1/nios2eds/bin/gnu/H-i686-pc-linux-gnu/bin/../lib/gcc/nios2-elf/4.1.2/../../../../nios2-elf/lib/mno-hw-mul/libc.a(lib_a-memcmp.o)
                0x0081be1c                memcmp
 .text          0x0081be90      0x134 /OPT/altera/12.1/nios2eds/bin/gnu/H-i686-pc-linux-gnu/bin/../lib/gcc/nios2-elf/4.1.2/../../../../nios2-elf/lib/mno-hw-mul/libc.a(lib_a-__atexit.o)
                0x0081be90                __register_exitproc
 .text          0x0081bfc4      0x1b4 /OPT/altera/12.1/nios2eds/bin/gnu/H-i686-pc-linux-gnu/bin/../lib/gcc/nios2-elf/4.1.2/../../../../nios2-elf/lib/mno-hw-mul/libc.a(lib_a-__call_atexit.o)
                0x0081bfc8                __call_exitprocs
 .text          0x0081c178       0x6c ../TiltMazeController_bsp//libucosii_bsp.a(alt_exit.o)
                0x0081c1b8                _exit
 *(.gnu.warning.*)
 *(.fini)
                0x0081c1e4                PROVIDE (__etext, ABSOLUTE (.))
                0x0081c1e4                PROVIDE (_etext, ABSOLUTE (.))
                0x0081c1e4                PROVIDE (etext, ABSOLUTE (.))
 *(.eh_frame_hdr)
                0x0081c1e4                . = ALIGN (0x4)
                0x0081c1e4                PROVIDE (__preinit_array_start, ABSOLUTE (.))
 *(.preinit_array)
                0x0081c1e4                PROVIDE (__preinit_array_end, ABSOLUTE (.))
                0x0081c1e4                PROVIDE (__init_array_start, ABSOLUTE (.))
 *(.init_array)
                0x0081c1e4                PROVIDE (__init_array_end, ABSOLUTE (.))
                0x0081c1e4                PROVIDE (__fini_array_start, ABSOLUTE (.))
 *(.fini_array)
                0x0081c1e4                PROVIDE (__fini_array_end, ABSOLUTE (.))
 *(.eh_frame)
 *(.gcc_except_table)
 *(.dynamic)
                0x0081c1e4                PROVIDE (__CTOR_LIST__, ABSOLUTE (.))
 *(.ctors)
 *(SORT(.ctors.*))
 .ctors.65535   0x0081c1e4        0x4 /OPT/altera/12.1/nios2eds/bin/gnu/H-i686-pc-linux-gnu/bin/../lib/gcc/nios2-elf/4.1.2/../../../../nios2-elf/lib/mno-hw-mul/libc.a(lib_a-__call_atexit.o)
                0x0081c1e8                PROVIDE (__CTOR_END__, ABSOLUTE (.))
                0x0081c1e8                PROVIDE (__DTOR_LIST__, ABSOLUTE (.))
 *(.dtors)
 *(SORT(.dtors.*))
                0x0081c1e8                PROVIDE (__DTOR_END__, ABSOLUTE (.))
 *(.jcr)
                0x0081c1e8                . = ALIGN (0x4)

.rodata         0x0081c1e8      0x8ec
                0x0081c1e8                PROVIDE (__ram_rodata_start, ABSOLUTE (.))
                0x0081c1e8                . = ALIGN (0x4)
 *(.rodata .rodata.* .gnu.linkonce.r.*)
 .rodata        0x0081c1e8       0x18 obj/default/command.o
 .rodata        0x0081c200       0xd0 obj/default/main.o
 .rodata        0x0081c2d0       0x18 obj/default/servo.o
 .rodata        0x0081c2e8       0x5c obj/default/uart.o
 .rodata.str1.4
                0x0081c344        0x2 /OPT/altera/12.1/nios2eds/bin/gnu/H-i686-pc-linux-gnu/bin/../lib/gcc/nios2-elf/4.1.2/../../../../nios2-elf/lib/mno-hw-mul/libc.a(lib_a-puts.o)
                                  0x4 (size before relaxing)
 *fill*         0x0081c346        0x2 00
 .rodata.str1.4
                0x0081c348       0x5e /OPT/altera/12.1/nios2eds/bin/gnu/H-i686-pc-linux-gnu/bin/../lib/gcc/nios2-elf/4.1.2/../../../../nios2-elf/lib/mno-hw-mul/libc.a(lib_a-vfprintf.o)
                                 0x60 (size before relaxing)
 .rodata        0x0081c3a6       0x20 /OPT/altera/12.1/nios2eds/bin/gnu/H-i686-pc-linux-gnu/bin/../lib/gcc/nios2-elf/4.1.2/../../../../nios2-elf/lib/mno-hw-mul/libc.a(lib_a-vfprintf.o)
 *fill*         0x0081c3c6        0x2 00
 .rodata.str1.4
                0x0081c3c8        0x5 /OPT/altera/12.1/nios2eds/bin/gnu/H-i686-pc-linux-gnu/bin/../lib/gcc/nios2-elf/4.1.2/../../../../nios2-elf/lib/mno-hw-mul/libc.a(lib_a-vfscanf.o)
                                  0x8 (size before relaxing)
 *fill*         0x0081c3cd        0x1 00
 .rodata        0x0081c3ce       0x22 /OPT/altera/12.1/nios2eds/bin/gnu/H-i686-pc-linux-gnu/bin/../lib/gcc/nios2-elf/4.1.2/../../../../nios2-elf/lib/mno-hw-mul/libc.a(lib_a-vfscanf.o)
 .rodata        0x0081c3f0      0x281 /OPT/altera/12.1/nios2eds/bin/gnu/H-i686-pc-linux-gnu/bin/../lib/gcc/nios2-elf/4.1.2/../../../../nios2-elf/lib/mno-hw-mul/libc.a(lib_a-ctype_.o)
                0x0081c3f0                _ctype_
 *fill*         0x0081c671        0x3 00
 .rodata.str1.4
                0x0081c674       0x10 /OPT/altera/12.1/nios2eds/bin/gnu/H-i686-pc-linux-gnu/bin/../lib/gcc/nios2-elf/4.1.2/../../../../nios2-elf/lib/mno-hw-mul/libc.a(lib_a-dtoa.o)
                                 0x14 (size before relaxing)
 .rodata.str1.4
                0x0081c684        0x2 /OPT/altera/12.1/nios2eds/bin/gnu/H-i686-pc-linux-gnu/bin/../lib/gcc/nios2-elf/4.1.2/../../../../nios2-elf/lib/mno-hw-mul/libc.a(lib_a-impure.o)
                                  0x4 (size before relaxing)
 *fill*         0x0081c686        0x2 00
 .rodata.str1.4
                0x0081c688        0xf /OPT/altera/12.1/nios2eds/bin/gnu/H-i686-pc-linux-gnu/bin/../lib/gcc/nios2-elf/4.1.2/../../../../nios2-elf/lib/mno-hw-mul/libc.a(lib_a-locale.o)
                                 0x18 (size before relaxing)
 *fill*         0x0081c697        0x1 00
 .rodata        0x0081c698       0x30 /OPT/altera/12.1/nios2eds/bin/gnu/H-i686-pc-linux-gnu/bin/../lib/gcc/nios2-elf/4.1.2/../../../../nios2-elf/lib/mno-hw-mul/libc.a(lib_a-locale.o)
 .rodata.str1.4
                0x00000000        0x4 /OPT/altera/12.1/nios2eds/bin/gnu/H-i686-pc-linux-gnu/bin/../lib/gcc/nios2-elf/4.1.2/../../../../nios2-elf/lib/mno-hw-mul/libc.a(lib_a-mbrtowc.o)
 .rodata        0x0081c6c8      0x124 /OPT/altera/12.1/nios2eds/bin/gnu/H-i686-pc-linux-gnu/bin/../lib/gcc/nios2-elf/4.1.2/../../../../nios2-elf/lib/mno-hw-mul/libc.a(lib_a-mprec.o)
                0x0081c6c8                __mprec_tens
                0x0081c790                __mprec_bigtens
                0x0081c7b8                __mprec_tinytens
 .rodata.str1.4
                0x0081c7ec        0xf /OPT/altera/12.1/nios2eds/bin/gnu/H-i686-pc-linux-gnu/bin/../lib/gcc/nios2-elf/4.1.2/../../../../nios2-elf/lib/mno-hw-mul/libc.a(lib_a-strtod.o)
                                 0x10 (size before relaxing)
 *fill*         0x0081c7fb        0x1 00
 .rodata        0x0081c7fc       0x28 /OPT/altera/12.1/nios2eds/bin/gnu/H-i686-pc-linux-gnu/bin/../lib/gcc/nios2-elf/4.1.2/../../../../nios2-elf/lib/mno-hw-mul/libc.a(lib_a-strtod.o)
 .rodata.str1.4
                0x0081c824       0x1c /OPT/altera/12.1/nios2eds/bin/gnu/H-i686-pc-linux-gnu/bin/../lib/gcc/nios2-elf/4.1.2/../../../../nios2-elf/lib/mno-hw-mul/libc.a(lib_a-gdtoa-gethex.o)
 .rodata        0x0081c840       0x14 /OPT/altera/12.1/nios2eds/bin/gnu/H-i686-pc-linux-gnu/bin/../lib/gcc/nios2-elf/4.1.2/mno-hw-mul/libgcc.a(_thenan_df.o)
                0x0081c840                __thenan_df
 .rodata        0x0081c854      0x100 /OPT/altera/12.1/nios2eds/bin/gnu/H-i686-pc-linux-gnu/bin/../lib/gcc/nios2-elf/4.1.2/mno-hw-mul/libgcc.a(_clz.o)
                0x0081c854                __clz_tab
 .rodata        0x0081c954        0xc ../TiltMazeController_bsp//libucosii_bsp.a(alt_dev.o)
 .rodata        0x0081c960       0x14 ../TiltMazeController_bsp//libucosii_bsp.a(alt_main.o)
 .rodata        0x0081c974      0x120 ../TiltMazeController_bsp//libucosii_bsp.a(os_core.o)
                0x0081c974                OSUnMapTbl
 .rodata        0x0081ca94       0x3c ../TiltMazeController_bsp//libucosii_bsp.a(alt_sys_init.o)
 .rodata        0x0081cad0        0x4 ../TiltMazeController_bsp//libucosii_bsp.a(os_cpu_c.o)
 *(.rodata1)
                0x0081cad4                . = ALIGN (0x4)
                0x0081cad4                PROVIDE (__ram_rodata_end, ABSOLUTE (.))
                0x0081c1e8                PROVIDE (__flash_rodata_start, LOADADDR (.rodata))

.rwdata         0x0081cad4     0x1b68 load address 0x0081e63c
                0x0081cad4                PROVIDE (__ram_rwdata_start, ABSOLUTE (.))
                0x0081cad4                . = ALIGN (0x4)
 *(.got.plt)
 *(.got)
 *(.data1)
 *(.data .data.* .gnu.linkonce.d.*)
 .data          0x0081cad4        0x0 ../TiltMazeController_bsp//obj/HAL/src/crt0.o
 .data          0x0081cad4        0x0 obj/default/command.o
 .data          0x0081cad4        0x0 obj/default/main.o
 .data          0x0081cad4        0x0 obj/default/servo.o
 .data          0x0081cad4        0x0 obj/default/uart.o
 .data          0x0081cad4        0x0 /OPT/altera/12.1/nios2eds/bin/gnu/H-i686-pc-linux-gnu/bin/../lib/gcc/nios2-elf/4.1.2/../../../../nios2-elf/lib/mno-hw-mul/libc.a(lib_a-malloc.o)
 .data          0x0081cad4      0x408 /OPT/altera/12.1/nios2eds/bin/gnu/H-i686-pc-linux-gnu/bin/../lib/gcc/nios2-elf/4.1.2/../../../../nios2-elf/lib/mno-hw-mul/libc.a(lib_a-mallocr.o)
                0x0081cad4                __malloc_av_
 .data          0x0081cedc        0x0 /OPT/altera/12.1/nios2eds/bin/gnu/H-i686-pc-linux-gnu/bin/../lib/gcc/nios2-elf/4.1.2/../../../../nios2-elf/lib/mno-hw-mul/libc.a(lib_a-printf.o)
 .data          0x0081cedc        0x0 /OPT/altera/12.1/nios2eds/bin/gnu/H-i686-pc-linux-gnu/bin/../lib/gcc/nios2-elf/4.1.2/../../../../nios2-elf/lib/mno-hw-mul/libc.a(lib_a-putchar.o)
 .data          0x0081cedc        0x0 /OPT/altera/12.1/nios2eds/bin/gnu/H-i686-pc-linux-gnu/bin/../lib/gcc/nios2-elf/4.1.2/../../../../nios2-elf/lib/mno-hw-mul/libc.a(lib_a-puts.o)
 .data          0x0081cedc        0x0 /OPT/altera/12.1/nios2eds/bin/gnu/H-i686-pc-linux-gnu/bin/../lib/gcc/nios2-elf/4.1.2/../../../../nios2-elf/lib/mno-hw-mul/libc.a(lib_a-sbrkr.o)
 .data          0x0081cedc        0x0 /OPT/altera/12.1/nios2eds/bin/gnu/H-i686-pc-linux-gnu/bin/../lib/gcc/nios2-elf/4.1.2/../../../../nios2-elf/lib/mno-hw-mul/libc.a(lib_a-sprintf.o)
 .data          0x0081cedc        0x0 /OPT/altera/12.1/nios2eds/bin/gnu/H-i686-pc-linux-gnu/bin/../lib/gcc/nios2-elf/4.1.2/../../../../nios2-elf/lib/mno-hw-mul/libc.a(lib_a-sscanf.o)
 .data          0x0081cedc        0x0 /OPT/altera/12.1/nios2eds/bin/gnu/H-i686-pc-linux-gnu/bin/../lib/gcc/nios2-elf/4.1.2/../../../../nios2-elf/lib/mno-hw-mul/libc.a(lib_a-strlen.o)
 .data          0x0081cedc        0x0 /OPT/altera/12.1/nios2eds/bin/gnu/H-i686-pc-linux-gnu/bin/../lib/gcc/nios2-elf/4.1.2/../../../../nios2-elf/lib/mno-hw-mul/libc.a(lib_a-strncmp.o)
 .data          0x0081cedc        0x0 /OPT/altera/12.1/nios2eds/bin/gnu/H-i686-pc-linux-gnu/bin/../lib/gcc/nios2-elf/4.1.2/../../../../nios2-elf/lib/mno-hw-mul/libc.a(lib_a-vfprintf.o)
 .data          0x0081cedc        0x0 /OPT/altera/12.1/nios2eds/bin/gnu/H-i686-pc-linux-gnu/bin/../lib/gcc/nios2-elf/4.1.2/../../../../nios2-elf/lib/mno-hw-mul/libc.a(lib_a-vfscanf.o)
 .data          0x0081cedc        0x0 /OPT/altera/12.1/nios2eds/bin/gnu/H-i686-pc-linux-gnu/bin/../lib/gcc/nios2-elf/4.1.2/../../../../nios2-elf/lib/mno-hw-mul/libc.a(lib_a-wsetup.o)
 .data          0x0081cedc        0x0 /OPT/altera/12.1/nios2eds/bin/gnu/H-i686-pc-linux-gnu/bin/../lib/gcc/nios2-elf/4.1.2/../../../../nios2-elf/lib/mno-hw-mul/libc.a(lib_a-ctype_.o)
 .data          0x0081cedc        0x0 /OPT/altera/12.1/nios2eds/bin/gnu/H-i686-pc-linux-gnu/bin/../lib/gcc/nios2-elf/4.1.2/../../../../nios2-elf/lib/mno-hw-mul/libc.a(lib_a-dtoa.o)
 .data          0x0081cedc        0x0 /OPT/altera/12.1/nios2eds/bin/gnu/H-i686-pc-linux-gnu/bin/../lib/gcc/nios2-elf/4.1.2/../../../../nios2-elf/lib/mno-hw-mul/libc.a(lib_a-fflush.o)
 .data          0x0081cedc        0x0 /OPT/altera/12.1/nios2eds/bin/gnu/H-i686-pc-linux-gnu/bin/../lib/gcc/nios2-elf/4.1.2/../../../../nios2-elf/lib/mno-hw-mul/libc.a(lib_a-findfp.o)
 .data          0x0081cedc        0x0 /OPT/altera/12.1/nios2eds/bin/gnu/H-i686-pc-linux-gnu/bin/../lib/gcc/nios2-elf/4.1.2/../../../../nios2-elf/lib/mno-hw-mul/libc.a(lib_a-fread.o)
 .data          0x0081cedc        0x0 /OPT/altera/12.1/nios2eds/bin/gnu/H-i686-pc-linux-gnu/bin/../lib/gcc/nios2-elf/4.1.2/../../../../nios2-elf/lib/mno-hw-mul/libc.a(lib_a-freer.o)
 .data          0x0081cedc        0x0 /OPT/altera/12.1/nios2eds/bin/gnu/H-i686-pc-linux-gnu/bin/../lib/gcc/nios2-elf/4.1.2/../../../../nios2-elf/lib/mno-hw-mul/libc.a(lib_a-fvwrite.o)
 .data          0x0081cedc        0x0 /OPT/altera/12.1/nios2eds/bin/gnu/H-i686-pc-linux-gnu/bin/../lib/gcc/nios2-elf/4.1.2/../../../../nios2-elf/lib/mno-hw-mul/libc.a(lib_a-fwalk.o)
 .data          0x0081cedc      0x400 /OPT/altera/12.1/nios2eds/bin/gnu/H-i686-pc-linux-gnu/bin/../lib/gcc/nios2-elf/4.1.2/../../../../nios2-elf/lib/mno-hw-mul/libc.a(lib_a-impure.o)
 .data          0x0081d2dc        0x0 /OPT/altera/12.1/nios2eds/bin/gnu/H-i686-pc-linux-gnu/bin/../lib/gcc/nios2-elf/4.1.2/../../../../nios2-elf/lib/mno-hw-mul/libc.a(lib_a-int_errno.o)
 .data          0x0081d2dc        0x0 /OPT/altera/12.1/nios2eds/bin/gnu/H-i686-pc-linux-gnu/bin/../lib/gcc/nios2-elf/4.1.2/../../../../nios2-elf/lib/mno-hw-mul/libc.a(lib_a-iswspace.o)
 .data          0x0081d2dc        0xc /OPT/altera/12.1/nios2eds/bin/gnu/H-i686-pc-linux-gnu/bin/../lib/gcc/nios2-elf/4.1.2/../../../../nios2-elf/lib/mno-hw-mul/libc.a(lib_a-locale.o)
                0x0081d2dc                __lc_ctype
 .data          0x0081d2e8        0x0 /OPT/altera/12.1/nios2eds/bin/gnu/H-i686-pc-linux-gnu/bin/../lib/gcc/nios2-elf/4.1.2/../../../../nios2-elf/lib/mno-hw-mul/libc.a(lib_a-makebuf.o)
 .data          0x0081d2e8        0x0 /OPT/altera/12.1/nios2eds/bin/gnu/H-i686-pc-linux-gnu/bin/../lib/gcc/nios2-elf/4.1.2/../../../../nios2-elf/lib/mno-hw-mul/libc.a(lib_a-mbrtowc.o)
 .data          0x0081d2e8        0x0 /OPT/altera/12.1/nios2eds/bin/gnu/H-i686-pc-linux-gnu/bin/../lib/gcc/nios2-elf/4.1.2/../../../../nios2-elf/lib/mno-hw-mul/libc.a(lib_a-mbtowc_r.o)
 .data          0x0081d2e8        0x0 /OPT/altera/12.1/nios2eds/bin/gnu/H-i686-pc-linux-gnu/bin/../lib/gcc/nios2-elf/4.1.2/../../../../nios2-elf/lib/mno-hw-mul/libc.a(lib_a-memchr.o)
 .data          0x0081d2e8        0x0 /OPT/altera/12.1/nios2eds/bin/gnu/H-i686-pc-linux-gnu/bin/../lib/gcc/nios2-elf/4.1.2/../../../../nios2-elf/lib/mno-hw-mul/libc.a(lib_a-memcpy.o)
 .data          0x0081d2e8        0x0 /OPT/altera/12.1/nios2eds/bin/gnu/H-i686-pc-linux-gnu/bin/../lib/gcc/nios2-elf/4.1.2/../../../../nios2-elf/lib/mno-hw-mul/libc.a(lib_a-memmove.o)
 .data          0x0081d2e8        0x0 /OPT/altera/12.1/nios2eds/bin/gnu/H-i686-pc-linux-gnu/bin/../lib/gcc/nios2-elf/4.1.2/../../../../nios2-elf/lib/mno-hw-mul/libc.a(lib_a-memset.o)
 .data          0x0081d2e8        0x0 /OPT/altera/12.1/nios2eds/bin/gnu/H-i686-pc-linux-gnu/bin/../lib/gcc/nios2-elf/4.1.2/../../../../nios2-elf/lib/mno-hw-mul/libc.a(lib_a-mprec.o)
 .data          0x0081d2e8        0x0 /OPT/altera/12.1/nios2eds/bin/gnu/H-i686-pc-linux-gnu/bin/../lib/gcc/nios2-elf/4.1.2/../../../../nios2-elf/lib/mno-hw-mul/libc.a(lib_a-putc.o)
 .data          0x0081d2e8        0x0 /OPT/altera/12.1/nios2eds/bin/gnu/H-i686-pc-linux-gnu/bin/../lib/gcc/nios2-elf/4.1.2/../../../../nios2-elf/lib/mno-hw-mul/libc.a(lib_a-reallocr.o)
 .data          0x0081d2e8        0x0 /OPT/altera/12.1/nios2eds/bin/gnu/H-i686-pc-linux-gnu/bin/../lib/gcc/nios2-elf/4.1.2/../../../../nios2-elf/lib/mno-hw-mul/libc.a(lib_a-refill.o)
 .data          0x0081d2e8        0x0 /OPT/altera/12.1/nios2eds/bin/gnu/H-i686-pc-linux-gnu/bin/../lib/gcc/nios2-elf/4.1.2/../../../../nios2-elf/lib/mno-hw-mul/libc.a(lib_a-s_isinfd.o)
 .data          0x0081d2e8        0x0 /OPT/altera/12.1/nios2eds/bin/gnu/H-i686-pc-linux-gnu/bin/../lib/gcc/nios2-elf/4.1.2/../../../../nios2-elf/lib/mno-hw-mul/libc.a(lib_a-s_isnand.o)
 .data          0x0081d2e8        0x0 /OPT/altera/12.1/nios2eds/bin/gnu/H-i686-pc-linux-gnu/bin/../lib/gcc/nios2-elf/4.1.2/../../../../nios2-elf/lib/mno-hw-mul/libc.a(lib_a-sccl.o)
 .data          0x0081d2e8        0x0 /OPT/altera/12.1/nios2eds/bin/gnu/H-i686-pc-linux-gnu/bin/../lib/gcc/nios2-elf/4.1.2/../../../../nios2-elf/lib/mno-hw-mul/libc.a(lib_a-sf_nan.o)
 .data          0x0081d2e8        0x0 /OPT/altera/12.1/nios2eds/bin/gnu/H-i686-pc-linux-gnu/bin/../lib/gcc/nios2-elf/4.1.2/../../../../nios2-elf/lib/mno-hw-mul/libc.a(lib_a-stdio.o)
 .data          0x0081d2e8        0x0 /OPT/altera/12.1/nios2eds/bin/gnu/H-i686-pc-linux-gnu/bin/../lib/gcc/nios2-elf/4.1.2/../../../../nios2-elf/lib/mno-hw-mul/libc.a(lib_a-strcmp.o)
 .data          0x0081d2e8       0x28 /OPT/altera/12.1/nios2eds/bin/gnu/H-i686-pc-linux-gnu/bin/../lib/gcc/nios2-elf/4.1.2/../../../../nios2-elf/lib/mno-hw-mul/libc.a(lib_a-strtod.o)
 .data          0x0081d310        0x0 /OPT/altera/12.1/nios2eds/bin/gnu/H-i686-pc-linux-gnu/bin/../lib/gcc/nios2-elf/4.1.2/../../../../nios2-elf/lib/mno-hw-mul/libc.a(lib_a-strtol.o)
 .data          0x0081d310        0x0 /OPT/altera/12.1/nios2eds/bin/gnu/H-i686-pc-linux-gnu/bin/../lib/gcc/nios2-elf/4.1.2/../../../../nios2-elf/lib/mno-hw-mul/libc.a(lib_a-strtoll_r.o)
 .data          0x0081d310        0x0 /OPT/altera/12.1/nios2eds/bin/gnu/H-i686-pc-linux-gnu/bin/../lib/gcc/nios2-elf/4.1.2/../../../../nios2-elf/lib/mno-hw-mul/libc.a(lib_a-strtoul.o)
 .data          0x0081d310        0x0 /OPT/altera/12.1/nios2eds/bin/gnu/H-i686-pc-linux-gnu/bin/../lib/gcc/nios2-elf/4.1.2/../../../../nios2-elf/lib/mno-hw-mul/libc.a(lib_a-strtoull_r.o)
 .data          0x0081d310        0x0 /OPT/altera/12.1/nios2eds/bin/gnu/H-i686-pc-linux-gnu/bin/../lib/gcc/nios2-elf/4.1.2/../../../../nios2-elf/lib/mno-hw-mul/libc.a(lib_a-ungetc.o)
 .data          0x0081d310        0x0 /OPT/altera/12.1/nios2eds/bin/gnu/H-i686-pc-linux-gnu/bin/../lib/gcc/nios2-elf/4.1.2/../../../../nios2-elf/lib/mno-hw-mul/libc.a(lib_a-wbuf.o)
 .data          0x0081d310        0x0 /OPT/altera/12.1/nios2eds/bin/gnu/H-i686-pc-linux-gnu/bin/../lib/gcc/nios2-elf/4.1.2/../../../../nios2-elf/lib/mno-hw-mul/libc.a(lib_a-writer.o)
 .data          0x0081d310        0x0 /OPT/altera/12.1/nios2eds/bin/gnu/H-i686-pc-linux-gnu/bin/../lib/gcc/nios2-elf/4.1.2/../../../../nios2-elf/lib/mno-hw-mul/libc.a(lib_a-callocr.o)
 .data          0x0081d310        0x0 /OPT/altera/12.1/nios2eds/bin/gnu/H-i686-pc-linux-gnu/bin/../lib/gcc/nios2-elf/4.1.2/../../../../nios2-elf/lib/mno-hw-mul/libc.a(lib_a-closer.o)
 .data          0x0081d310        0x0 /OPT/altera/12.1/nios2eds/bin/gnu/H-i686-pc-linux-gnu/bin/../lib/gcc/nios2-elf/4.1.2/../../../../nios2-elf/lib/mno-hw-mul/libc.a(lib_a-fclose.o)
 .data          0x0081d310        0x0 /OPT/altera/12.1/nios2eds/bin/gnu/H-i686-pc-linux-gnu/bin/../lib/gcc/nios2-elf/4.1.2/../../../../nios2-elf/lib/mno-hw-mul/libc.a(lib_a-fstatr.o)
 .data          0x0081d310        0x0 /OPT/altera/12.1/nios2eds/bin/gnu/H-i686-pc-linux-gnu/bin/../lib/gcc/nios2-elf/4.1.2/../../../../nios2-elf/lib/mno-hw-mul/libc.a(lib_a-gdtoa-gethex.o)
 .data          0x0081d310        0x0 /OPT/altera/12.1/nios2eds/bin/gnu/H-i686-pc-linux-gnu/bin/../lib/gcc/nios2-elf/4.1.2/../../../../nios2-elf/lib/mno-hw-mul/libc.a(lib_a-gdtoa-hexnan.o)
 .data          0x0081d310        0x0 /OPT/altera/12.1/nios2eds/bin/gnu/H-i686-pc-linux-gnu/bin/../lib/gcc/nios2-elf/4.1.2/../../../../nios2-elf/lib/mno-hw-mul/libc.a(lib_a-isattyr.o)
 .data          0x0081d310        0x0 /OPT/altera/12.1/nios2eds/bin/gnu/H-i686-pc-linux-gnu/bin/../lib/gcc/nios2-elf/4.1.2/../../../../nios2-elf/lib/mno-hw-mul/libc.a(lib_a-lseekr.o)
 .data          0x0081d310        0x0 /OPT/altera/12.1/nios2eds/bin/gnu/H-i686-pc-linux-gnu/bin/../lib/gcc/nios2-elf/4.1.2/../../../../nios2-elf/lib/mno-hw-mul/libc.a(lib_a-readr.o)
 .data          0x0081d310        0x0 /OPT/altera/12.1/nios2eds/bin/gnu/H-i686-pc-linux-gnu/bin/../lib/gcc/nios2-elf/4.1.2/mno-hw-mul/libgcc.a(_muldi3.o)
 .data          0x0081d310        0x0 /OPT/altera/12.1/nios2eds/bin/gnu/H-i686-pc-linux-gnu/bin/../lib/gcc/nios2-elf/4.1.2/mno-hw-mul/libgcc.a(_fixunsdfsi.o)
 .data          0x0081d310        0x0 /OPT/altera/12.1/nios2eds/bin/gnu/H-i686-pc-linux-gnu/bin/../lib/gcc/nios2-elf/4.1.2/mno-hw-mul/libgcc.a(_udivdi3.o)
 .data          0x0081d310        0x0 /OPT/altera/12.1/nios2eds/bin/gnu/H-i686-pc-linux-gnu/bin/../lib/gcc/nios2-elf/4.1.2/mno-hw-mul/libgcc.a(_umoddi3.o)
 .data          0x0081d310        0x0 /OPT/altera/12.1/nios2eds/bin/gnu/H-i686-pc-linux-gnu/bin/../lib/gcc/nios2-elf/4.1.2/mno-hw-mul/libgcc.a(_ne_sf.o)
 .data          0x0081d310        0x0 /OPT/altera/12.1/nios2eds/bin/gnu/H-i686-pc-linux-gnu/bin/../lib/gcc/nios2-elf/4.1.2/mno-hw-mul/libgcc.a(_gt_sf.o)
 .data          0x0081d310        0x0 /OPT/altera/12.1/nios2eds/bin/gnu/H-i686-pc-linux-gnu/bin/../lib/gcc/nios2-elf/4.1.2/mno-hw-mul/libgcc.a(_lt_sf.o)
 .data          0x0081d310        0x0 /OPT/altera/12.1/nios2eds/bin/gnu/H-i686-pc-linux-gnu/bin/../lib/gcc/nios2-elf/4.1.2/mno-hw-mul/libgcc.a(_addsub_df.o)
 .data          0x0081d310        0x0 /OPT/altera/12.1/nios2eds/bin/gnu/H-i686-pc-linux-gnu/bin/../lib/gcc/nios2-elf/4.1.2/mno-hw-mul/libgcc.a(_mul_df.o)
 .data          0x0081d310        0x0 /OPT/altera/12.1/nios2eds/bin/gnu/H-i686-pc-linux-gnu/bin/../lib/gcc/nios2-elf/4.1.2/mno-hw-mul/libgcc.a(_div_df.o)
 .data          0x0081d310        0x0 /OPT/altera/12.1/nios2eds/bin/gnu/H-i686-pc-linux-gnu/bin/../lib/gcc/nios2-elf/4.1.2/mno-hw-mul/libgcc.a(_eq_df.o)
 .data          0x0081d310        0x0 /OPT/altera/12.1/nios2eds/bin/gnu/H-i686-pc-linux-gnu/bin/../lib/gcc/nios2-elf/4.1.2/mno-hw-mul/libgcc.a(_ne_df.o)
 .data          0x0081d310        0x0 /OPT/altera/12.1/nios2eds/bin/gnu/H-i686-pc-linux-gnu/bin/../lib/gcc/nios2-elf/4.1.2/mno-hw-mul/libgcc.a(_gt_df.o)
 .data          0x0081d310        0x0 /OPT/altera/12.1/nios2eds/bin/gnu/H-i686-pc-linux-gnu/bin/../lib/gcc/nios2-elf/4.1.2/mno-hw-mul/libgcc.a(_ge_df.o)
 .data          0x0081d310        0x0 /OPT/altera/12.1/nios2eds/bin/gnu/H-i686-pc-linux-gnu/bin/../lib/gcc/nios2-elf/4.1.2/mno-hw-mul/libgcc.a(_lt_df.o)
 .data          0x0081d310        0x0 /OPT/altera/12.1/nios2eds/bin/gnu/H-i686-pc-linux-gnu/bin/../lib/gcc/nios2-elf/4.1.2/mno-hw-mul/libgcc.a(_le_df.o)
 .data          0x0081d310        0x0 /OPT/altera/12.1/nios2eds/bin/gnu/H-i686-pc-linux-gnu/bin/../lib/gcc/nios2-elf/4.1.2/mno-hw-mul/libgcc.a(_si_to_df.o)
 .data          0x0081d310        0x0 /OPT/altera/12.1/nios2eds/bin/gnu/H-i686-pc-linux-gnu/bin/../lib/gcc/nios2-elf/4.1.2/mno-hw-mul/libgcc.a(_df_to_si.o)
 .data          0x0081d310        0x0 /OPT/altera/12.1/nios2eds/bin/gnu/H-i686-pc-linux-gnu/bin/../lib/gcc/nios2-elf/4.1.2/mno-hw-mul/libgcc.a(_df_to_sf.o)
 .data          0x0081d310        0x0 /OPT/altera/12.1/nios2eds/bin/gnu/H-i686-pc-linux-gnu/bin/../lib/gcc/nios2-elf/4.1.2/mno-hw-mul/libgcc.a(_thenan_df.o)
 .data          0x0081d310        0x0 /OPT/altera/12.1/nios2eds/bin/gnu/H-i686-pc-linux-gnu/bin/../lib/gcc/nios2-elf/4.1.2/mno-hw-mul/libgcc.a(_usi_to_df.o)
 .data          0x0081d310        0x0 /OPT/altera/12.1/nios2eds/bin/gnu/H-i686-pc-linux-gnu/bin/../lib/gcc/nios2-elf/4.1.2/mno-hw-mul/libgcc.a(lib2-divmod.o)
 .data          0x0081d310        0x0 /OPT/altera/12.1/nios2eds/bin/gnu/H-i686-pc-linux-gnu/bin/../lib/gcc/nios2-elf/4.1.2/mno-hw-mul/libgcc.a(lib2-mul.o)
 .data          0x0081d310        0x0 /OPT/altera/12.1/nios2eds/bin/gnu/H-i686-pc-linux-gnu/bin/../lib/gcc/nios2-elf/4.1.2/mno-hw-mul/libgcc.a(_clz.o)
 .data          0x0081d310        0x0 /OPT/altera/12.1/nios2eds/bin/gnu/H-i686-pc-linux-gnu/bin/../lib/gcc/nios2-elf/4.1.2/mno-hw-mul/libgcc.a(_clzsi2.o)
 .data          0x0081d310        0x0 /OPT/altera/12.1/nios2eds/bin/gnu/H-i686-pc-linux-gnu/bin/../lib/gcc/nios2-elf/4.1.2/mno-hw-mul/libgcc.a(_unpack_sf.o)
 .data          0x0081d310        0x0 /OPT/altera/12.1/nios2eds/bin/gnu/H-i686-pc-linux-gnu/bin/../lib/gcc/nios2-elf/4.1.2/mno-hw-mul/libgcc.a(_fpcmp_parts_sf.o)
 .data          0x0081d310        0x0 /OPT/altera/12.1/nios2eds/bin/gnu/H-i686-pc-linux-gnu/bin/../lib/gcc/nios2-elf/4.1.2/mno-hw-mul/libgcc.a(_make_sf.o)
 .data          0x0081d310        0x0 /OPT/altera/12.1/nios2eds/bin/gnu/H-i686-pc-linux-gnu/bin/../lib/gcc/nios2-elf/4.1.2/mno-hw-mul/libgcc.a(_pack_df.o)
 .data          0x0081d310        0x0 /OPT/altera/12.1/nios2eds/bin/gnu/H-i686-pc-linux-gnu/bin/../lib/gcc/nios2-elf/4.1.2/mno-hw-mul/libgcc.a(_unpack_df.o)
 .data          0x0081d310        0x0 /OPT/altera/12.1/nios2eds/bin/gnu/H-i686-pc-linux-gnu/bin/../lib/gcc/nios2-elf/4.1.2/mno-hw-mul/libgcc.a(_fpcmp_parts_df.o)
 .data          0x0081d310        0x0 /OPT/altera/12.1/nios2eds/bin/gnu/H-i686-pc-linux-gnu/bin/../lib/gcc/nios2-elf/4.1.2/mno-hw-mul/libgcc.a(_pack_sf.o)
 .data          0x0081d310        0x0 ../TiltMazeController_bsp//libucosii_bsp.a(alt_close.o)
 .data          0x0081d310      0x1a8 ../TiltMazeController_bsp//libucosii_bsp.a(alt_dev.o)
                0x0081d310                alt_dev_null
                0x0081d338                alt_fd_list
 .data          0x0081d4b8        0x0 ../TiltMazeController_bsp//libucosii_bsp.a(alt_errno.o)
 .data          0x0081d4b8        0x0 ../TiltMazeController_bsp//libucosii_bsp.a(alt_fstat.o)
 .data          0x0081d4b8        0x0 ../TiltMazeController_bsp//libucosii_bsp.a(alt_isatty.o)
 .data          0x0081d4b8        0x0 ../TiltMazeController_bsp//libucosii_bsp.a(alt_load.o)
 .data          0x0081d4b8        0x0 ../TiltMazeController_bsp//libucosii_bsp.a(alt_lseek.o)
 .data          0x0081d4b8        0x0 ../TiltMazeController_bsp//libucosii_bsp.a(alt_main.o)
 .data          0x0081d4b8        0x0 ../TiltMazeController_bsp//libucosii_bsp.a(alt_read.o)
 .data          0x0081d4b8        0x0 ../TiltMazeController_bsp//libucosii_bsp.a(alt_release_fd.o)
 .data          0x0081d4b8        0x0 ../TiltMazeController_bsp//libucosii_bsp.a(alt_sbrk.o)
 .data          0x0081d4b8        0x0 ../TiltMazeController_bsp//libucosii_bsp.a(alt_write.o)
 .data          0x0081d4b8        0x0 ../TiltMazeController_bsp//libucosii_bsp.a(alt_env_lock.o)
 .data          0x0081d4b8        0x0 ../TiltMazeController_bsp//libucosii_bsp.a(alt_malloc_lock.o)
 .data          0x0081d4b8        0x0 ../TiltMazeController_bsp//libucosii_bsp.a(os_core.o)
 .data          0x0081d4b8        0x0 ../TiltMazeController_bsp//libucosii_bsp.a(os_dbg.o)
 .data          0x0081d4b8        0x0 ../TiltMazeController_bsp//libucosii_bsp.a(os_flag.o)
 .data          0x0081d4b8        0x0 ../TiltMazeController_bsp//libucosii_bsp.a(os_mem.o)
 .data          0x0081d4b8        0x0 ../TiltMazeController_bsp//libucosii_bsp.a(os_q.o)
 .data          0x0081d4b8        0x0 ../TiltMazeController_bsp//libucosii_bsp.a(os_sem.o)
 .data          0x0081d4b8        0x0 ../TiltMazeController_bsp//libucosii_bsp.a(os_task.o)
 .data          0x0081d4b8        0x0 ../TiltMazeController_bsp//libucosii_bsp.a(os_time.o)
 .data          0x0081d4b8     0x10c4 ../TiltMazeController_bsp//libucosii_bsp.a(alt_sys_init.o)
 .data          0x0081e57c        0x0 ../TiltMazeController_bsp//libucosii_bsp.a(altera_avalon_jtag_uart_fd.o)
 .data          0x0081e57c        0x0 ../TiltMazeController_bsp//libucosii_bsp.a(altera_avalon_jtag_uart_init.o)
 .data          0x0081e57c        0x0 ../TiltMazeController_bsp//libucosii_bsp.a(altera_avalon_jtag_uart_ioctl.o)
 .data          0x0081e57c        0x0 ../TiltMazeController_bsp//libucosii_bsp.a(altera_avalon_jtag_uart_read.o)
 .data          0x0081e57c        0x0 ../TiltMazeController_bsp//libucosii_bsp.a(altera_avalon_jtag_uart_write.o)
 .data          0x0081e57c        0x0 ../TiltMazeController_bsp//libucosii_bsp.a(altera_avalon_timer_sc.o)
 .data          0x0081e57c        0x0 ../TiltMazeController_bsp//libucosii_bsp.a(altera_up_avalon_character_lcd.o)
 .data          0x0081e57c        0x0 ../TiltMazeController_bsp//libucosii_bsp.a(altera_up_avalon_rs232.o)
 .data          0x0081e57c        0x0 ../TiltMazeController_bsp//libucosii_bsp.a(alt_alarm_start.o)
 .data          0x0081e57c        0x0 ../TiltMazeController_bsp//libucosii_bsp.a(alt_dcache_flush_all.o)
 .data          0x0081e57c        0x0 ../TiltMazeController_bsp//libucosii_bsp.a(alt_dev_llist_insert.o)
 .data          0x0081e57c        0x0 ../TiltMazeController_bsp//libucosii_bsp.a(alt_do_ctors.o)
 .data          0x0081e57c        0x0 ../TiltMazeController_bsp//libucosii_bsp.a(alt_do_dtors.o)
 .data          0x0081e57c        0x0 ../TiltMazeController_bsp//libucosii_bsp.a(alt_find_dev.o)
 .data          0x0081e57c        0x0 ../TiltMazeController_bsp//libucosii_bsp.a(alt_icache_flush_all.o)
 .data          0x0081e57c        0x0 ../TiltMazeController_bsp//libucosii_bsp.a(alt_io_redirect.o)
 .data          0x0081e57c        0x0 ../TiltMazeController_bsp//libucosii_bsp.a(alt_irq_register.o)
 .data          0x0081e57c        0x0 ../TiltMazeController_bsp//libucosii_bsp.a(alt_irq_vars.o)
 .data          0x0081e57c        0x0 ../TiltMazeController_bsp//libucosii_bsp.a(alt_open.o)
 .data          0x0081e57c        0x0 ../TiltMazeController_bsp//libucosii_bsp.a(alt_tick.o)
 .data          0x0081e57c        0x0 ../TiltMazeController_bsp//libucosii_bsp.a(altera_nios2_qsys_irq.o)
 .data          0x0081e57c        0x0 ../TiltMazeController_bsp//libucosii_bsp.a(os_cpu_a.o)
 .data          0x0081e57c        0x0 ../TiltMazeController_bsp//libucosii_bsp.a(os_cpu_c.o)
 .data          0x0081e57c        0x0 ../TiltMazeController_bsp//libucosii_bsp.a(alt_find_file.o)
 .data          0x0081e57c        0x0 ../TiltMazeController_bsp//libucosii_bsp.a(alt_get_fd.o)
 .data          0x0081e57c        0x0 ../TiltMazeController_bsp//libucosii_bsp.a(alt_irq_entry.o)
 .data          0x0081e57c        0x0 ../TiltMazeController_bsp//libucosii_bsp.a(alt_irq_handler.o)
 .data          0x0081e57c        0x0 ../TiltMazeController_bsp//libucosii_bsp.a(alt_exception_entry.o)
 .data          0x0081e57c        0x0 /OPT/altera/12.1/nios2eds/bin/gnu/H-i686-pc-linux-gnu/bin/../lib/gcc/nios2-elf/4.1.2/../../../../nios2-elf/lib/mno-hw-mul/libc.a(lib_a-atexit.o)
 .data          0x0081e57c        0x0 /OPT/altera/12.1/nios2eds/bin/gnu/H-i686-pc-linux-gnu/bin/../lib/gcc/nios2-elf/4.1.2/../../../../nios2-elf/lib/mno-hw-mul/libc.a(lib_a-exit.o)
 .data          0x0081e57c        0x0 /OPT/altera/12.1/nios2eds/bin/gnu/H-i686-pc-linux-gnu/bin/../lib/gcc/nios2-elf/4.1.2/../../../../nios2-elf/lib/mno-hw-mul/libc.a(lib_a-memcmp.o)
 .data          0x0081e57c        0x0 /OPT/altera/12.1/nios2eds/bin/gnu/H-i686-pc-linux-gnu/bin/../lib/gcc/nios2-elf/4.1.2/../../../../nios2-elf/lib/mno-hw-mul/libc.a(lib_a-__atexit.o)
 .data          0x0081e57c        0x0 /OPT/altera/12.1/nios2eds/bin/gnu/H-i686-pc-linux-gnu/bin/../lib/gcc/nios2-elf/4.1.2/../../../../nios2-elf/lib/mno-hw-mul/libc.a(lib_a-__call_atexit.o)
 .data          0x0081e57c        0x0 ../TiltMazeController_bsp//libucosii_bsp.a(alt_exit.o)
                0x0082657c                _gp = ABSOLUTE ((. + 0x8000))
                0x0082657c                PROVIDE (gp, _gp)
 *(.rwdata .rwdata.*)
 *(.sdata .sdata.* .gnu.linkonce.s.*)
 .sdata         0x0081e57c        0x8 /OPT/altera/12.1/nios2eds/bin/gnu/H-i686-pc-linux-gnu/bin/../lib/gcc/nios2-elf/4.1.2/../../../../nios2-elf/lib/mno-hw-mul/libc.a(lib_a-mallocr.o)
                0x0081e57c                __malloc_trim_threshold
                0x0081e580                __malloc_sbrk_base
 .sdata         0x0081e584        0x4 /OPT/altera/12.1/nios2eds/bin/gnu/H-i686-pc-linux-gnu/bin/../lib/gcc/nios2-elf/4.1.2/../../../../nios2-elf/lib/mno-hw-mul/libc.a(lib_a-ctype_.o)
                0x0081e584                __ctype_ptr
 .sdata         0x0081e588        0x8 /OPT/altera/12.1/nios2eds/bin/gnu/H-i686-pc-linux-gnu/bin/../lib/gcc/nios2-elf/4.1.2/../../../../nios2-elf/lib/mno-hw-mul/libc.a(lib_a-impure.o)
                0x0081e588                _impure_ptr
                0x0081e58c                _global_impure_ptr
 .sdata         0x0081e590        0x8 /OPT/altera/12.1/nios2eds/bin/gnu/H-i686-pc-linux-gnu/bin/../lib/gcc/nios2-elf/4.1.2/../../../../nios2-elf/lib/mno-hw-mul/libc.a(lib_a-locale.o)
                0x0081e590                __mb_cur_max
 .sdata         0x0081e598       0x14 ../TiltMazeController_bsp//libucosii_bsp.a(alt_dev.o)
                0x0081e598                alt_fs_list
                0x0081e5a0                alt_dev_list
                0x0081e5a8                alt_max_fd
 .sdata         0x0081e5ac        0x4 ../TiltMazeController_bsp//libucosii_bsp.a(alt_errno.o)
                0x0081e5ac                alt_errno
 .sdata         0x0081e5b0        0x4 ../TiltMazeController_bsp//libucosii_bsp.a(alt_sbrk.o)
 .sdata         0x0081e5b4        0x4 ../TiltMazeController_bsp//libucosii_bsp.a(alt_env_lock.o)
 .sdata         0x0081e5b8        0x4 ../TiltMazeController_bsp//libucosii_bsp.a(alt_malloc_lock.o)
 .sdata         0x0081e5bc       0x74 ../TiltMazeController_bsp//libucosii_bsp.a(os_dbg.o)
                0x0081e5bc                OSDebugEn
                0x0081e5c0                OSEndiannessTest
                0x0081e5c4                OSEventEn
                0x0081e5c6                OSEventMax
                0x0081e5c8                OSEventNameSize
                0x0081e5ca                OSEventSize
                0x0081e5cc                OSEventTblSize
                0x0081e5ce                OSEventMultiEn
                0x0081e5d0                OSFlagEn
                0x0081e5d2                OSFlagGrpSize
                0x0081e5d4                OSFlagNodeSize
                0x0081e5d6                OSFlagWidth
                0x0081e5d8                OSFlagMax
                0x0081e5da                OSFlagNameSize
                0x0081e5dc                OSLowestPrio
                0x0081e5de                OSMboxEn
                0x0081e5e0                OSMemEn
                0x0081e5e2                OSMemMax
                0x0081e5e4                OSMemNameSize
                0x0081e5e6                OSMemSize
                0x0081e5e8                OSMemTblSize
                0x0081e5ea                OSMutexEn
                0x0081e5ec                OSPtrSize
                0x0081e5ee                OSQEn
                0x0081e5f0                OSQMax
                0x0081e5f2                OSQSize
                0x0081e5f4                OSRdyTblSize
                0x0081e5f6                OSSemEn
                0x0081e5f8                OSStkWidth
                0x0081e5fa                OSTaskCreateEn
                0x0081e5fc                OSTaskCreateExtEn
                0x0081e5fe                OSTaskDelEn
                0x0081e600                OSTaskIdleStkSize
                0x0081e602                OSTaskProfileEn
                0x0081e604                OSTaskMax
                0x0081e606                OSTaskNameSize
                0x0081e608                OSTaskStatEn
                0x0081e60a                OSTaskStatStkSize
                0x0081e60c                OSTaskStatStkChkEn
                0x0081e60e                OSTaskSwHookEn
                0x0081e610                OSTCBPrioTblMax
                0x0081e612                OSTCBSize
                0x0081e614                OSTicksPerSec
                0x0081e616                OSTimeTickHookEn
                0x0081e618                OSVersionNbr
                0x0081e61a                OSTmrEn
                0x0081e61c                OSTmrCfgMax
                0x0081e61e                OSTmrCfgNameSize
                0x0081e620                OSTmrCfgWheelSize
                0x0081e622                OSTmrCfgTicksPerSec
                0x0081e624                OSTmrSize
                0x0081e626                OSTmrTblSize
                0x0081e628                OSTmrWheelSize
                0x0081e62a                OSTmrWheelTblSize
                0x0081e62c                OSDataSize
 .sdata         0x0081e630        0x4 ../TiltMazeController_bsp//libucosii_bsp.a(alt_irq_vars.o)
                0x0081e630                alt_priority_mask
 .sdata         0x0081e634        0x8 ../TiltMazeController_bsp//libucosii_bsp.a(alt_tick.o)
                0x0081e634                alt_alarm_list
 *(.sdata2 .sdata2.* .gnu.linkonce.s2.*)
                0x0081e63c                . = ALIGN (0x4)
                0x0081e63c                _edata = ABSOLUTE (.)
                0x0081e63c                PROVIDE (edata, ABSOLUTE (.))
                0x0081e63c                PROVIDE (__ram_rwdata_end, ABSOLUTE (.))
                0x0081e63c                PROVIDE (__flash_rwdata_start, LOADADDR (.rwdata))

.bss            0x008201a4     0x96cc
                0x008201a4                __bss_start = ABSOLUTE (.)
                0x008201a4                PROVIDE (__sbss_start, ABSOLUTE (.))
                0x008201a4                PROVIDE (___sbss_start, ABSOLUTE (.))
 *(.dynsbss)
 *(.sbss .sbss.* .gnu.linkonce.sb.*)
 .sbss          0x008201a4        0xc obj/default/main.o
                0x008201a4                servo1Sem
                0x008201a8                servo0Sem
                0x008201ac                cmdQ
 .sbss          0x008201b0        0x6 obj/default/servo.o
                0x008201b0                servo0Angle
                0x008201b2                err
                0x008201b4                servo1Angle
 *fill*         0x008201b6        0x2 00
 .sbss          0x008201b8        0x4 obj/default/uart.o
                0x008201b8                uart
 .sbss          0x008201bc        0xc /OPT/altera/12.1/nios2eds/bin/gnu/H-i686-pc-linux-gnu/bin/../lib/gcc/nios2-elf/4.1.2/../../../../nios2-elf/lib/mno-hw-mul/libc.a(lib_a-mallocr.o)
                0x008201bc                __malloc_top_pad
                0x008201c0                __malloc_max_sbrked_mem
                0x008201c4                __malloc_max_total_mem
 .sbss          0x008201c8        0x4 /OPT/altera/12.1/nios2eds/bin/gnu/H-i686-pc-linux-gnu/bin/../lib/gcc/nios2-elf/4.1.2/../../../../nios2-elf/lib/mno-hw-mul/libc.a(lib_a-int_errno.o)
                0x008201c8                errno
 .sbss          0x008201cc        0xc /OPT/altera/12.1/nios2eds/bin/gnu/H-i686-pc-linux-gnu/bin/../lib/gcc/nios2-elf/4.1.2/../../../../nios2-elf/lib/mno-hw-mul/libc.a(lib_a-locale.o)
                0x008201cc                __nlocale_changed
                0x008201d0                __mlocale_changed
                0x008201d4                _PathLocale
 .sbss          0x008201d8        0x4 ../TiltMazeController_bsp//libucosii_bsp.a(alt_dev.o)
                0x008201d8                alt_fd_list_lock
 .sbss          0x008201dc        0xc ../TiltMazeController_bsp//libucosii_bsp.a(alt_main.o)
                0x008201dc                alt_argc
                0x008201e0                alt_argv
                0x008201e4                alt_envp
 .sbss          0x008201e8        0x8 ../TiltMazeController_bsp//libucosii_bsp.a(alt_env_lock.o)
                0x008201ec                alt_envsem
 .sbss          0x008201f0        0x8 ../TiltMazeController_bsp//libucosii_bsp.a(alt_malloc_lock.o)
                0x008201f4                alt_heapsem
 .sbss          0x008201f8       0x50 ../TiltMazeController_bsp//libucosii_bsp.a(os_core.o)
                0x008201f8                OSLockNesting
                0x008201f9                OSRunning
                0x008201fc                OSIdleCtr
                0x00820200                OSPrioHighRdy
                0x00820201                OSPrioCur
                0x00820204                OSTCBList
                0x00820208                OSTickStepState
                0x0082020c                OSCtxSwCtr
                0x00820210                OSIdleCtrMax
                0x00820214                OSTCBFreeList
                0x00820218                OSCPUUsage
                0x00820219                OSTaskCtr
                0x0082021c                OSMemFreeList
                0x00820220                OSTCBHighRdy
                0x00820224                OSQFreeList
                0x00820228                OSRdyGrp
                0x00820229                OSRdyTbl
                0x0082022c                OSEventFreeList
                0x00820230                OSIntNesting
                0x00820234                OSTCBCur
                0x00820238                OSTime
                0x0082023c                OSFlagFreeList
                0x00820240                OSStatRdy
                0x00820244                OSIdleCtrRun
 .sbss          0x00820248        0x4 ../TiltMazeController_bsp//libucosii_bsp.a(alt_irq_vars.o)
                0x00820248                alt_irq_active
 .sbss          0x0082024c        0x8 ../TiltMazeController_bsp//libucosii_bsp.a(alt_tick.o)
                0x0082024c                _alt_tick_rate
                0x00820250                _alt_nticks
 *(.sbss2 .sbss2.* .gnu.linkonce.sb2.*)
 *(.scommon)
                0x00820254                PROVIDE (__sbss_end, ABSOLUTE (.))
                0x00820254                PROVIDE (___sbss_end, ABSOLUTE (.))
 *(.dynbss)
 *(.bss .bss.* .gnu.linkonce.b.*)
 .bss           0x00820254        0x0 ../TiltMazeController_bsp//obj/HAL/src/crt0.o
 .bss           0x00820254        0x0 obj/default/command.o
 .bss           0x00820254        0x0 obj/default/main.o
 .bss           0x00820254        0x0 obj/default/servo.o
 .bss           0x00820254        0x0 obj/default/uart.o
 .bss           0x00820254        0x0 /OPT/altera/12.1/nios2eds/bin/gnu/H-i686-pc-linux-gnu/bin/../lib/gcc/nios2-elf/4.1.2/../../../../nios2-elf/lib/mno-hw-mul/libc.a(lib_a-malloc.o)
 .bss           0x00820254       0x28 /OPT/altera/12.1/nios2eds/bin/gnu/H-i686-pc-linux-gnu/bin/../lib/gcc/nios2-elf/4.1.2/../../../../nios2-elf/lib/mno-hw-mul/libc.a(lib_a-mallocr.o)
                0x00820254                __malloc_current_mallinfo
 .bss           0x0082027c        0x0 /OPT/altera/12.1/nios2eds/bin/gnu/H-i686-pc-linux-gnu/bin/../lib/gcc/nios2-elf/4.1.2/../../../../nios2-elf/lib/mno-hw-mul/libc.a(lib_a-printf.o)
 .bss           0x0082027c        0x0 /OPT/altera/12.1/nios2eds/bin/gnu/H-i686-pc-linux-gnu/bin/../lib/gcc/nios2-elf/4.1.2/../../../../nios2-elf/lib/mno-hw-mul/libc.a(lib_a-putchar.o)
 .bss           0x0082027c        0x0 /OPT/altera/12.1/nios2eds/bin/gnu/H-i686-pc-linux-gnu/bin/../lib/gcc/nios2-elf/4.1.2/../../../../nios2-elf/lib/mno-hw-mul/libc.a(lib_a-puts.o)
 .bss           0x0082027c        0x0 /OPT/altera/12.1/nios2eds/bin/gnu/H-i686-pc-linux-gnu/bin/../lib/gcc/nios2-elf/4.1.2/../../../../nios2-elf/lib/mno-hw-mul/libc.a(lib_a-sbrkr.o)
 .bss           0x0082027c        0x0 /OPT/altera/12.1/nios2eds/bin/gnu/H-i686-pc-linux-gnu/bin/../lib/gcc/nios2-elf/4.1.2/../../../../nios2-elf/lib/mno-hw-mul/libc.a(lib_a-sprintf.o)
 .bss           0x0082027c        0x0 /OPT/altera/12.1/nios2eds/bin/gnu/H-i686-pc-linux-gnu/bin/../lib/gcc/nios2-elf/4.1.2/../../../../nios2-elf/lib/mno-hw-mul/libc.a(lib_a-sscanf.o)
 .bss           0x0082027c        0x0 /OPT/altera/12.1/nios2eds/bin/gnu/H-i686-pc-linux-gnu/bin/../lib/gcc/nios2-elf/4.1.2/../../../../nios2-elf/lib/mno-hw-mul/libc.a(lib_a-strlen.o)
 .bss           0x0082027c        0x0 /OPT/altera/12.1/nios2eds/bin/gnu/H-i686-pc-linux-gnu/bin/../lib/gcc/nios2-elf/4.1.2/../../../../nios2-elf/lib/mno-hw-mul/libc.a(lib_a-strncmp.o)
 .bss           0x0082027c        0x0 /OPT/altera/12.1/nios2eds/bin/gnu/H-i686-pc-linux-gnu/bin/../lib/gcc/nios2-elf/4.1.2/../../../../nios2-elf/lib/mno-hw-mul/libc.a(lib_a-vfprintf.o)
 .bss           0x0082027c        0x0 /OPT/altera/12.1/nios2eds/bin/gnu/H-i686-pc-linux-gnu/bin/../lib/gcc/nios2-elf/4.1.2/../../../../nios2-elf/lib/mno-hw-mul/libc.a(lib_a-vfscanf.o)
 .bss           0x0082027c        0x0 /OPT/altera/12.1/nios2eds/bin/gnu/H-i686-pc-linux-gnu/bin/../lib/gcc/nios2-elf/4.1.2/../../../../nios2-elf/lib/mno-hw-mul/libc.a(lib_a-wsetup.o)
 .bss           0x0082027c        0x0 /OPT/altera/12.1/nios2eds/bin/gnu/H-i686-pc-linux-gnu/bin/../lib/gcc/nios2-elf/4.1.2/../../../../nios2-elf/lib/mno-hw-mul/libc.a(lib_a-ctype_.o)
 .bss           0x0082027c        0x0 /OPT/altera/12.1/nios2eds/bin/gnu/H-i686-pc-linux-gnu/bin/../lib/gcc/nios2-elf/4.1.2/../../../../nios2-elf/lib/mno-hw-mul/libc.a(lib_a-dtoa.o)
 .bss           0x0082027c        0x0 /OPT/altera/12.1/nios2eds/bin/gnu/H-i686-pc-linux-gnu/bin/../lib/gcc/nios2-elf/4.1.2/../../../../nios2-elf/lib/mno-hw-mul/libc.a(lib_a-fflush.o)
 .bss           0x0082027c        0x0 /OPT/altera/12.1/nios2eds/bin/gnu/H-i686-pc-linux-gnu/bin/../lib/gcc/nios2-elf/4.1.2/../../../../nios2-elf/lib/mno-hw-mul/libc.a(lib_a-findfp.o)
 .bss           0x0082027c        0x0 /OPT/altera/12.1/nios2eds/bin/gnu/H-i686-pc-linux-gnu/bin/../lib/gcc/nios2-elf/4.1.2/../../../../nios2-elf/lib/mno-hw-mul/libc.a(lib_a-fread.o)
 .bss           0x0082027c        0x0 /OPT/altera/12.1/nios2eds/bin/gnu/H-i686-pc-linux-gnu/bin/../lib/gcc/nios2-elf/4.1.2/../../../../nios2-elf/lib/mno-hw-mul/libc.a(lib_a-freer.o)
 .bss           0x0082027c        0x0 /OPT/altera/12.1/nios2eds/bin/gnu/H-i686-pc-linux-gnu/bin/../lib/gcc/nios2-elf/4.1.2/../../../../nios2-elf/lib/mno-hw-mul/libc.a(lib_a-fvwrite.o)
 .bss           0x0082027c        0x0 /OPT/altera/12.1/nios2eds/bin/gnu/H-i686-pc-linux-gnu/bin/../lib/gcc/nios2-elf/4.1.2/../../../../nios2-elf/lib/mno-hw-mul/libc.a(lib_a-fwalk.o)
 .bss           0x0082027c        0x0 /OPT/altera/12.1/nios2eds/bin/gnu/H-i686-pc-linux-gnu/bin/../lib/gcc/nios2-elf/4.1.2/../../../../nios2-elf/lib/mno-hw-mul/libc.a(lib_a-impure.o)
 .bss           0x0082027c        0x0 /OPT/altera/12.1/nios2eds/bin/gnu/H-i686-pc-linux-gnu/bin/../lib/gcc/nios2-elf/4.1.2/../../../../nios2-elf/lib/mno-hw-mul/libc.a(lib_a-int_errno.o)
 .bss           0x0082027c        0x0 /OPT/altera/12.1/nios2eds/bin/gnu/H-i686-pc-linux-gnu/bin/../lib/gcc/nios2-elf/4.1.2/../../../../nios2-elf/lib/mno-hw-mul/libc.a(lib_a-iswspace.o)
 .bss           0x0082027c        0x0 /OPT/altera/12.1/nios2eds/bin/gnu/H-i686-pc-linux-gnu/bin/../lib/gcc/nios2-elf/4.1.2/../../../../nios2-elf/lib/mno-hw-mul/libc.a(lib_a-locale.o)
 .bss           0x0082027c        0x0 /OPT/altera/12.1/nios2eds/bin/gnu/H-i686-pc-linux-gnu/bin/../lib/gcc/nios2-elf/4.1.2/../../../../nios2-elf/lib/mno-hw-mul/libc.a(lib_a-makebuf.o)
 .bss           0x0082027c        0x0 /OPT/altera/12.1/nios2eds/bin/gnu/H-i686-pc-linux-gnu/bin/../lib/gcc/nios2-elf/4.1.2/../../../../nios2-elf/lib/mno-hw-mul/libc.a(lib_a-mbrtowc.o)
 .bss           0x0082027c        0x0 /OPT/altera/12.1/nios2eds/bin/gnu/H-i686-pc-linux-gnu/bin/../lib/gcc/nios2-elf/4.1.2/../../../../nios2-elf/lib/mno-hw-mul/libc.a(lib_a-mbtowc_r.o)
 .bss           0x0082027c        0x0 /OPT/altera/12.1/nios2eds/bin/gnu/H-i686-pc-linux-gnu/bin/../lib/gcc/nios2-elf/4.1.2/../../../../nios2-elf/lib/mno-hw-mul/libc.a(lib_a-memchr.o)
 .bss           0x0082027c        0x0 /OPT/altera/12.1/nios2eds/bin/gnu/H-i686-pc-linux-gnu/bin/../lib/gcc/nios2-elf/4.1.2/../../../../nios2-elf/lib/mno-hw-mul/libc.a(lib_a-memcpy.o)
 .bss           0x0082027c        0x0 /OPT/altera/12.1/nios2eds/bin/gnu/H-i686-pc-linux-gnu/bin/../lib/gcc/nios2-elf/4.1.2/../../../../nios2-elf/lib/mno-hw-mul/libc.a(lib_a-memmove.o)
 .bss           0x0082027c        0x0 /OPT/altera/12.1/nios2eds/bin/gnu/H-i686-pc-linux-gnu/bin/../lib/gcc/nios2-elf/4.1.2/../../../../nios2-elf/lib/mno-hw-mul/libc.a(lib_a-memset.o)
 .bss           0x0082027c        0x0 /OPT/altera/12.1/nios2eds/bin/gnu/H-i686-pc-linux-gnu/bin/../lib/gcc/nios2-elf/4.1.2/../../../../nios2-elf/lib/mno-hw-mul/libc.a(lib_a-mprec.o)
 .bss           0x0082027c        0x0 /OPT/altera/12.1/nios2eds/bin/gnu/H-i686-pc-linux-gnu/bin/../lib/gcc/nios2-elf/4.1.2/../../../../nios2-elf/lib/mno-hw-mul/libc.a(lib_a-putc.o)
 .bss           0x0082027c        0x0 /OPT/altera/12.1/nios2eds/bin/gnu/H-i686-pc-linux-gnu/bin/../lib/gcc/nios2-elf/4.1.2/../../../../nios2-elf/lib/mno-hw-mul/libc.a(lib_a-reallocr.o)
 .bss           0x0082027c        0x0 /OPT/altera/12.1/nios2eds/bin/gnu/H-i686-pc-linux-gnu/bin/../lib/gcc/nios2-elf/4.1.2/../../../../nios2-elf/lib/mno-hw-mul/libc.a(lib_a-refill.o)
 .bss           0x0082027c        0x0 /OPT/altera/12.1/nios2eds/bin/gnu/H-i686-pc-linux-gnu/bin/../lib/gcc/nios2-elf/4.1.2/../../../../nios2-elf/lib/mno-hw-mul/libc.a(lib_a-s_isinfd.o)
 .bss           0x0082027c        0x0 /OPT/altera/12.1/nios2eds/bin/gnu/H-i686-pc-linux-gnu/bin/../lib/gcc/nios2-elf/4.1.2/../../../../nios2-elf/lib/mno-hw-mul/libc.a(lib_a-s_isnand.o)
 .bss           0x0082027c        0x0 /OPT/altera/12.1/nios2eds/bin/gnu/H-i686-pc-linux-gnu/bin/../lib/gcc/nios2-elf/4.1.2/../../../../nios2-elf/lib/mno-hw-mul/libc.a(lib_a-sccl.o)
 .bss           0x0082027c        0x0 /OPT/altera/12.1/nios2eds/bin/gnu/H-i686-pc-linux-gnu/bin/../lib/gcc/nios2-elf/4.1.2/../../../../nios2-elf/lib/mno-hw-mul/libc.a(lib_a-sf_nan.o)
 .bss           0x0082027c        0x0 /OPT/altera/12.1/nios2eds/bin/gnu/H-i686-pc-linux-gnu/bin/../lib/gcc/nios2-elf/4.1.2/../../../../nios2-elf/lib/mno-hw-mul/libc.a(lib_a-stdio.o)
 .bss           0x0082027c        0x0 /OPT/altera/12.1/nios2eds/bin/gnu/H-i686-pc-linux-gnu/bin/../lib/gcc/nios2-elf/4.1.2/../../../../nios2-elf/lib/mno-hw-mul/libc.a(lib_a-strcmp.o)
 .bss           0x0082027c        0x0 /OPT/altera/12.1/nios2eds/bin/gnu/H-i686-pc-linux-gnu/bin/../lib/gcc/nios2-elf/4.1.2/../../../../nios2-elf/lib/mno-hw-mul/libc.a(lib_a-strtod.o)
 .bss           0x0082027c        0x0 /OPT/altera/12.1/nios2eds/bin/gnu/H-i686-pc-linux-gnu/bin/../lib/gcc/nios2-elf/4.1.2/../../../../nios2-elf/lib/mno-hw-mul/libc.a(lib_a-strtol.o)
 .bss           0x0082027c        0x0 /OPT/altera/12.1/nios2eds/bin/gnu/H-i686-pc-linux-gnu/bin/../lib/gcc/nios2-elf/4.1.2/../../../../nios2-elf/lib/mno-hw-mul/libc.a(lib_a-strtoll_r.o)
 .bss           0x0082027c        0x0 /OPT/altera/12.1/nios2eds/bin/gnu/H-i686-pc-linux-gnu/bin/../lib/gcc/nios2-elf/4.1.2/../../../../nios2-elf/lib/mno-hw-mul/libc.a(lib_a-strtoul.o)