Archive member included because of file (symbol)

/OPT/altera/12.1/nios2eds/bin/gnu/H-i686-pc-linux-gnu/bin/../lib/gcc/nios2-elf/4.1.2/../../../../nios2-elf/lib/libc.a(lib_a-fflush.o)
                              obj/default/uart.o (fflush)
/OPT/altera/12.1/nios2eds/bin/gnu/H-i686-pc-linux-gnu/bin/../lib/gcc/nios2-elf/4.1.2/../../../../nios2-elf/lib/libc.a(lib_a-findfp.o)
                              /OPT/altera/12.1/nios2eds/bin/gnu/H-i686-pc-linux-gnu/bin/../lib/gcc/nios2-elf/4.1.2/../../../../nios2-elf/lib/libc.a(lib_a-fflush.o) (__sinit)
/OPT/altera/12.1/nios2eds/bin/gnu/H-i686-pc-linux-gnu/bin/../lib/gcc/nios2-elf/4.1.2/../../../../nios2-elf/lib/libc.a(lib_a-fopen.o)
                              obj/default/uart.o (fopen)
/OPT/altera/12.1/nios2eds/bin/gnu/H-i686-pc-linux-gnu/bin/../lib/gcc/nios2-elf/4.1.2/../../../../nios2-elf/lib/libc.a(lib_a-fseek.o)
                              /OPT/altera/12.1/nios2eds/bin/gnu/H-i686-pc-linux-gnu/bin/../lib/gcc/nios2-elf/4.1.2/../../../../nios2-elf/lib/libc.a(lib_a-fopen.o) (_fseek_r)
/OPT/altera/12.1/nios2eds/bin/gnu/H-i686-pc-linux-gnu/bin/../lib/gcc/nios2-elf/4.1.2/../../../../nios2-elf/lib/libc.a(lib_a-fstatr.o)
                              /OPT/altera/12.1/nios2eds/bin/gnu/H-i686-pc-linux-gnu/bin/../lib/gcc/nios2-elf/4.1.2/../../../../nios2-elf/lib/libc.a(lib_a-fseek.o) (_fstat_r)
/OPT/altera/12.1/nios2eds/bin/gnu/H-i686-pc-linux-gnu/bin/../lib/gcc/nios2-elf/4.1.2/../../../../nios2-elf/lib/libc.a(lib_a-fwalk.o)
                              /OPT/altera/12.1/nios2eds/bin/gnu/H-i686-pc-linux-gnu/bin/../lib/gcc/nios2-elf/4.1.2/../../../../nios2-elf/lib/libc.a(lib_a-fflush.o) (_fwalk_reent)
/OPT/altera/12.1/nios2eds/bin/gnu/H-i686-pc-linux-gnu/bin/../lib/gcc/nios2-elf/4.1.2/../../../../nios2-elf/lib/libc.a(lib_a-fwrite.o)
                              obj/default/uart.o (fwrite)
/OPT/altera/12.1/nios2eds/bin/gnu/H-i686-pc-linux-gnu/bin/../lib/gcc/nios2-elf/4.1.2/../../../../nios2-elf/lib/libc.a(lib_a-getc.o)
                              obj/default/uart.o (getc)
/OPT/altera/12.1/nios2eds/bin/gnu/H-i686-pc-linux-gnu/bin/../lib/gcc/nios2-elf/4.1.2/../../../../nios2-elf/lib/libc.a(lib_a-impure.o)
                              /OPT/altera/12.1/nios2eds/bin/gnu/H-i686-pc-linux-gnu/bin/../lib/gcc/nios2-elf/4.1.2/../../../../nios2-elf/lib/libc.a(lib_a-fflush.o) (_impure_ptr)
/OPT/altera/12.1/nios2eds/bin/gnu/H-i686-pc-linux-gnu/bin/../lib/gcc/nios2-elf/4.1.2/../../../../nios2-elf/lib/libc.a(lib_a-int_errno.o)
                              /OPT/altera/12.1/nios2eds/bin/gnu/H-i686-pc-linux-gnu/bin/../lib/gcc/nios2-elf/4.1.2/../../../../nios2-elf/lib/libc.a(lib_a-fstatr.o) (errno)
/OPT/altera/12.1/nios2eds/bin/gnu/H-i686-pc-linux-gnu/bin/../lib/gcc/nios2-elf/4.1.2/../../../../nios2-elf/lib/libc.a(lib_a-makebuf.o)
                              /OPT/altera/12.1/nios2eds/bin/gnu/H-i686-pc-linux-gnu/bin/../lib/gcc/nios2-elf/4.1.2/../../../../nios2-elf/lib/libc.a(lib_a-fseek.o) (__smakebuf_r)
/OPT/altera/12.1/nios2eds/bin/gnu/H-i686-pc-linux-gnu/bin/../lib/gcc/nios2-elf/4.1.2/../../../../nios2-elf/lib/libc.a(lib_a-malloc.o)
                              obj/default/main.o (free)
/OPT/altera/12.1/nios2eds/bin/gnu/H-i686-pc-linux-gnu/bin/../lib/gcc/nios2-elf/4.1.2/../../../../nios2-elf/lib/libc.a(lib_a-mallocr.o)
                              /OPT/altera/12.1/nios2eds/bin/gnu/H-i686-pc-linux-gnu/bin/../lib/gcc/nios2-elf/4.1.2/../../../../nios2-elf/lib/libc.a(lib_a-findfp.o) (_malloc_r)
/OPT/altera/12.1/nios2eds/bin/gnu/H-i686-pc-linux-gnu/bin/../lib/gcc/nios2-elf/4.1.2/../../../../nios2-elf/lib/libc.a(lib_a-memset.o)
                              /OPT/altera/12.1/nios2eds/bin/gnu/H-i686-pc-linux-gnu/bin/../lib/gcc/nios2-elf/4.1.2/../../../../nios2-elf/lib/libc.a(lib_a-findfp.o) (memset)
/OPT/altera/12.1/nios2eds/bin/gnu/H-i686-pc-linux-gnu/bin/../lib/gcc/nios2-elf/4.1.2/../../../../nios2-elf/lib/libc.a(lib_a-openr.o)
                              /OPT/altera/12.1/nios2eds/bin/gnu/H-i686-pc-linux-gnu/bin/../lib/gcc/nios2-elf/4.1.2/../../../../nios2-elf/lib/libc.a(lib_a-fopen.o) (_open_r)
/OPT/altera/12.1/nios2eds/bin/gnu/H-i686-pc-linux-gnu/bin/../lib/gcc/nios2-elf/4.1.2/../../../../nios2-elf/lib/libc.a(lib_a-printf.o)
                              obj/default/main.o (printf)
/OPT/altera/12.1/nios2eds/bin/gnu/H-i686-pc-linux-gnu/bin/../lib/gcc/nios2-elf/4.1.2/../../../../nios2-elf/lib/libc.a(lib_a-puts.o)
                              obj/default/main.o (puts)
/OPT/altera/12.1/nios2eds/bin/gnu/H-i686-pc-linux-gnu/bin/../lib/gcc/nios2-elf/4.1.2/../../../../nios2-elf/lib/libc.a(lib_a-refill.o)
                              /OPT/altera/12.1/nios2eds/bin/gnu/H-i686-pc-linux-gnu/bin/../lib/gcc/nios2-elf/4.1.2/../../../../nios2-elf/lib/libc.a(lib_a-fseek.o) (__srefill_r)
/OPT/altera/12.1/nios2eds/bin/gnu/H-i686-pc-linux-gnu/bin/../lib/gcc/nios2-elf/4.1.2/../../../../nios2-elf/lib/libc.a(lib_a-rget.o)
[...]
Memory Configuration

Name             Origin             Length             Attributes
sdram_0          0x00800000         0x00800000
generic_tristate_controller_0 0x01400000         0x00400000
sram_0           0x01880000         0x00080000
reset            0x01904000         0x00000020
onchip_memory2_0 0x01904020         0x00003fe0
*default*        0x00000000         0xffffffff

Linker script and memory map

LOAD ../TiltMazeController_bsp//obj/HAL/src/crt0.o
LOAD obj/default/command.o
LOAD obj/default/main.o
LOAD obj/default/servo.o
LOAD obj/default/uart.o
LOAD /OPT/altera/12.1/nios2eds/bin/gnu/H-i686-pc-linux-gnu/bin/../lib/gcc/nios2-elf/4.1.2/../../../../nios2-elf/lib/libstdc++.a
LOAD /OPT/altera/12.1/nios2eds/bin/gnu/H-i686-pc-linux-gnu/bin/../lib/gcc/nios2-elf/4.1.2/../../../../nios2-elf/lib/libm.a
LOAD /OPT/altera/12.1/nios2eds/bin/gnu/H-i686-pc-linux-gnu/bin/../lib/gcc/nios2-elf/4.1.2/libgcc.a
START GROUP
LOAD /OPT/altera/12.1/nios2eds/bin/gnu/H-i686-pc-linux-gnu/bin/../lib/gcc/nios2-elf/4.1.2/../../../../nios2-elf/lib/libc.a
LOAD /OPT/altera/12.1/nios2eds/bin/gnu/H-i686-pc-linux-gnu/bin/../lib/gcc/nios2-elf/4.1.2/libgcc.a
LOAD ../TiltMazeController_bsp//libucosii_bsp.a
END GROUP
LOAD /OPT/altera/12.1/nios2eds/bin/gnu/H-i686-pc-linux-gnu/bin/../lib/gcc/nios2-elf/4.1.2/libgcc.a
                0x00800000                __alt_mem_sdram_0 = 0x800000
                0x01400000                __alt_mem_generic_tristate_controller_0 = 0x1400000
                0x01880000                __alt_mem_sram_0 = 0x1880000
                0x01904000                __alt_mem_onchip_memory2_0 = 0x1904000

.entry          0x01904000       0x20
 *(.entry)
 .entry         0x01904000       0x20 ../TiltMazeController_bsp//obj/HAL/src/crt0.o
                0x01904000                __reset

.exceptions     0x01904020      0x19c load address 0x00800000
                0x01904020                PROVIDE (__ram_exceptions_start, ABSOLUTE (.))
                0x01904020                . = ALIGN (0x20)
 *(.irq)
 *(.exceptions.entry.label)
 .exceptions.entry.label
                0x01904020        0x0 ../TiltMazeController_bsp//libucosii_bsp.a(alt_irq_entry.o)
                0x01904020                alt_irq_entry
 .exceptions.entry.label
                0x01904020        0x0 ../TiltMazeController_bsp//libucosii_bsp.a(alt_exception_entry.o)
                0x01904020                alt_exception
 *(.exceptions.entry.user)
 *(.exceptions.entry)
 .exceptions.entry
                0x01904020       0x54 ../TiltMazeController_bsp//libucosii_bsp.a(alt_exception_entry.o)
 *(.exceptions.irqtest.user)
 *(.exceptions.irqtest)
 .exceptions.irqtest
                0x01904074       0x10 ../TiltMazeController_bsp//libucosii_bsp.a(alt_irq_entry.o)
 *(.exceptions.irqhandler.user)
 *(.exceptions.irqhandler)
 .exceptions.irqhandler
                0x01904084        0x4 ../TiltMazeController_bsp//libucosii_bsp.a(alt_irq_entry.o)
 *(.exceptions.irqreturn.user)
 *(.exceptions.irqreturn)
 .exceptions.irqreturn
                0x01904088        0x4 ../TiltMazeController_bsp//libucosii_bsp.a(alt_irq_entry.o)
 *(.exceptions.notirq.label)
 .exceptions.notirq.label
                0x0190408c        0x0 ../TiltMazeController_bsp//libucosii_bsp.a(alt_irq_entry.o)
 *(.exceptions.notirq.user)
 *(.exceptions.notirq)
 .exceptions.notirq
                0x0190408c        0x8 ../TiltMazeController_bsp//libucosii_bsp.a(alt_exception_entry.o)
 *(.exceptions.soft.user)
 *(.exceptions.soft)
 *(.exceptions.unknown.user)
 *(.exceptions.unknown)
 .exceptions.unknown
                0x01904094        0x4 ../TiltMazeController_bsp//libucosii_bsp.a(alt_exception_entry.o)
 *(.exceptions.exit.label)
 .exceptions.exit.label
                0x01904098        0x0 ../TiltMazeController_bsp//libucosii_bsp.a(alt_irq_entry.o)
 .exceptions.exit.label
                0x01904098        0x0 ../TiltMazeController_bsp//libucosii_bsp.a(alt_exception_entry.o)
 *(.exceptions.exit.user)
 *(.exceptions.exit)
 .exceptions.exit
                0x01904098       0x54 ../TiltMazeController_bsp//libucosii_bsp.a(alt_exception_entry.o)
 *(.exceptions)
 .exceptions    0x019040ec       0xd0 ../TiltMazeController_bsp//libucosii_bsp.a(alt_irq_handler.o)
                0x019040ec                alt_irq_handler
                0x019041bc                PROVIDE (__ram_exceptions_end, ABSOLUTE (.))
                0x00800000                PROVIDE (__flash_exceptions_start, LOADADDR (.exceptions))

.text           0x0080019c    0x1c260
                0x0080019c                PROVIDE (stext, ABSOLUTE (.))
 *(.interp)
 *(.hash)
 *(.dynsym)
 *(.dynstr)
 *(.gnu.version)
 *(.gnu.version_d)
 *(.gnu.version_r)
 *(.rel.init)
 *(.rela.init)
 *(.rel.text .rel.text.* .rel.gnu.linkonce.t.*)
 *(.rela.text .rela.text.* .rela.gnu.linkonce.t.*)
 *(.rel.fini)
 *(.rela.fini)
 *(.rel.rodata .rel.rodata.* .rel.gnu.linkonce.r.*)
 *(.rela.rodata .rela.rodata.* .rela.gnu.linkonce.r.*)
 *(.rel.data .rel.data.* .rel.gnu.linkonce.d.*)
 *(.rela.data .rela.data.* .rela.gnu.linkonce.d.*)
 *(.rel.tdata .rel.tdata.* .rel.gnu.linkonce.td.*)
 *(.rela.tdata .rela.tdata.* .rela.gnu.linkonce.td.*)
 *(.rel.tbss .rel.tbss.* .rel.gnu.linkonce.tb.*)
 *(.rela.tbss .rela.tbss.* .rela.gnu.linkonce.tb.*)
 *(.rel.ctors)
 *(.rela.ctors)
 *(.rel.dtors)
 *(.rela.dtors)
 *(.rel.got)
 *(.rela.got)
 *(.rel.sdata .rel.sdata.* .rel.gnu.linkonce.s.*)
 *(.rela.sdata .rela.sdata.* .rela.gnu.linkonce.s.*)
 *(.rel.sbss .rel.sbss.* .rel.gnu.linkonce.sb.*)
 *(.rela.sbss .rela.sbss.* .rela.gnu.linkonce.sb.*)
 *(.rel.sdata2 .rel.sdata2.* .rel.gnu.linkonce.s2.*)
 *(.rela.sdata2 .rela.sdata2.* .rela.gnu.linkonce.s2.*)
 *(.rel.sbss2 .rel.sbss2.* .rel.gnu.linkonce.sb2.*)
 *(.rela.sbss2 .rela.sbss2.* .rela.gnu.linkonce.sb2.*)
 *(.rel.bss .rel.bss.* .rel.gnu.linkonce.b.*)
 *(.rela.bss .rela.bss.* .rela.gnu.linkonce.b.*)
 *(.rel.plt)
 *(.rela.plt)
 *(.rel.dyn)
 *(.init)
 *(.plt)
 *(.text .stub .text.* .gnu.linkonce.t.*)
 .text          0x0080019c       0x4c ../TiltMazeController_bsp//obj/HAL/src/crt0.o
                0x0080019c                _start
 .text          0x008001e8      0x18c obj/default/command.o
                0x008001e8                process_cmd_buf
                0x0080032c                get_arg
 .text          0x00800374      0x2d8 obj/default/main.o
                0x00800374                maintask
                0x00800554                main
 .text          0x0080064c      0x318 obj/default/servo.o
                0x0080064c                servo_init
                0x00800694                servotask
                0x00800760                moveTowardsTarget
                0x00800808                checkRotationLimits
                0x00800860                button_read
 .text          0x00800964      0x3c8 obj/default/uart.o
                0x00800964                uart_init
                0x00800ca0                uart_write
 .text          0x00800d2c      0x230 /OPT/altera/12.1/nios2eds/bin/gnu/H-i686-pc-linux-gnu/bin/../lib/gcc/nios2-elf/4.1.2/../../../../nios2-elf/lib/libc.a(lib_a-fflush.o)
                0x00800d2c                _fflush_r
                0x00800f28                fflush
 .text          0x00800f5c      0x2c0 /OPT/altera/12.1/nios2eds/bin/gnu/H-i686-pc-linux-gnu/bin/../lib/gcc/nios2-elf/4.1.2/../../../../nios2-elf/lib/libc.a(lib_a-findfp.o)
                0x00800fb4                __sfp_lock_acquire
                0x00800fb8                __sfp_lock_release
                0x00800fbc                __sinit_lock_acquire
                0x00800fc0                __sinit_lock_release
                0x00800fc4                __sinit
                0x00801078                __fp_unlock_all
                0x00801090                __fp_lock_all
                0x008010a8                _cleanup_r
                0x008010b4                _cleanup
                0x008010c4                __sfmoreglue
                0x0080112c                __sfp
 .text          0x0080121c      0x110 /OPT/altera/12.1/nios2eds/bin/gnu/H-i686-pc-linux-gnu/bin/../lib/gcc/nios2-elf/4.1.2/../../../../nios2-elf/lib/libc.a(lib_a-fopen.o)
                0x0080121c                _fopen_r
                0x00801310                fopen
 .text          0x0080132c      0x460 /OPT/altera/12.1/nios2eds/bin/gnu/H-i686-pc-linux-gnu/bin/../lib/gcc/nios2-elf/4.1.2/../../../../nios2-elf/lib/libc.a(lib_a-fseek.o)
                0x0080132c                _fseek_r
                0x00801768                fseek
 .text          0x0080178c       0x74 /OPT/altera/12.1/nios2eds/bin/gnu/H-i686-pc-linux-gnu/bin/../lib/gcc/nios2-elf/4.1.2/../../../../nios2-elf/lib/libc.a(lib_a-fstatr.o)
                0x0080178c                _fstat_r
 .text          0x00801800      0x180 /OPT/altera/12.1/nios2eds/bin/gnu/H-i686-pc-linux-gnu/bin/../lib/gcc/nios2-elf/4.1.2/../../../../nios2-elf/lib/libc.a(lib_a-fwalk.o)
                0x00801800                _fwalk_reent
                0x008018c8                _fwalk
 .text          0x00801980       0xdc /OPT/altera/12.1/nios2eds/bin/gnu/H-i686-pc-linux-gnu/bin/../lib/gcc/nios2-elf/4.1.2/../../../../nios2-elf/lib/libc.a(lib_a-fwrite.o)
                0x00801980                _fwrite_r
                0x00801a1c                fwrite
 .text          0x00801a5c      0x128 /OPT/altera/12.1/nios2eds/bin/gnu/H-i686-pc-linux-gnu/bin/../lib/gcc/nios2-elf/4.1.2/../../../../nios2-elf/lib/libc.a(lib_a-getc.o)
                0x00801a5c                getc
                0x00801af4                _getc_r
 .text          0x00801b84        0x0 /OPT/altera/12.1/nios2eds/bin/gnu/H-i686-pc-linux-gnu/bin/../lib/gcc/nios2-elf/4.1.2/../../../../nios2-elf/lib/libc.a(lib_a-impure.o)
 .text          0x00801b84        0x0 /OPT/altera/12.1/nios2eds/bin/gnu/H-i686-pc-linux-gnu/bin/../lib/gcc/nios2-elf/4.1.2/../../../../nios2-elf/lib/libc.a(lib_a-int_errno.o)
 .text          0x00801b84      0x194 /OPT/altera/12.1/nios2eds/bin/gnu/H-i686-pc-linux-gnu/bin/../lib/gcc/nios2-elf/4.1.2/../../../../nios2-elf/lib/libc.a(lib_a-makebuf.o)
                0x00801b84                __smakebuf_r
 .text          0x00801d18       0x28 /OPT/altera/12.1/nios2eds/bin/gnu/H-i686-pc-linux-gnu/bin/../lib/gcc/nios2-elf/4.1.2/../../../../nios2-elf/lib/libc.a(lib_a-malloc.o)
                0x00801d18                free
                0x00801d2c                malloc
 .text          0x00801d40      0x740 /OPT/altera/12.1/nios2eds/bin/gnu/H-i686-pc-linux-gnu/bin/../lib/gcc/nios2-elf/4.1.2/../../../../nios2-elf/lib/libc.a(lib_a-mallocr.o)
                0x00801d40                _malloc_r
 .text          0x00802480       0x98 /OPT/altera/12.1/nios2eds/bin/gnu/H-i686-pc-linux-gnu/bin/../lib/gcc/nios2-elf/4.1.2/../../../../nios2-elf/lib/libc.a(lib_a-memset.o)
                0x00802480                memset
 .text          0x00802518       0x78 /OPT/altera/12.1/nios2eds/bin/gnu/H-i686-pc-linux-gnu/bin/../lib/gcc/nios2-elf/4.1.2/../../../../nios2-elf/lib/libc.a(lib_a-openr.o)
                0x00802518                _open_r
 .text          0x00802590       0x78 /OPT/altera/12.1/nios2eds/bin/gnu/H-i686-pc-linux-gnu/bin/../lib/gcc/nios2-elf/4.1.2/../../../../nios2-elf/lib/libc.a(lib_a-printf.o)
                0x00802590                printf
                0x008025d4                _printf_r
 .text          0x00802608       0xb4 /OPT/altera/12.1/nios2eds/bin/gnu/H-i686-pc-linux-gnu/bin/../lib/gcc/nios2-elf/4.1.2/../../../../nios2-elf/lib/libc.a(lib_a-puts.o)
                0x00802608                _puts_r
                0x008026a8                puts
 .text          0x008026bc      0x1e0 /OPT/altera/12.1/nios2eds/bin/gnu/H-i686-pc-linux-gnu/bin/../lib/gcc/nios2-elf/4.1.2/../../../../nios2-elf/lib/libc.a(lib_a-refill.o)
                0x008026bc                __srefill_r
 .text          0x0080289c       0x60 /OPT/altera/12.1/nios2eds/bin/gnu/H-i686-pc-linux-gnu/bin/../lib/gcc/nios2-elf/4.1.2/../../../../nios2-elf/lib/libc.a(lib_a-rget.o)
                0x0080289c                __srget_r
                0x008028e8                __srget
 .text          0x008028fc       0x70 /OPT/altera/12.1/nios2eds/bin/gnu/H-i686-pc-linux-gnu/bin/../lib/gcc/nios2-elf/4.1.2/../../../../nios2-elf/lib/libc.a(lib_a-sbrkr.o)
                0x008028fc                _sbrk_r
 .text          0x0080296c       0xd4 /OPT/altera/12.1/nios2eds/bin/gnu/H-i686-pc-linux-gnu/bin/../lib/gcc/nios2-elf/4.1.2/../../../../nios2-elf/lib/libc.a(lib_a-sprintf.o)
                0x0080296c                sprintf
                0x008029e0                _sprintf_r
 .text          0x00802a40      0x114 /OPT/altera/12.1/nios2eds/bin/gnu/H-i686-pc-linux-gnu/bin/../lib/gcc/nios2-elf/4.1.2/../../../../nios2-elf/lib/libc.a(lib_a-sscanf.o)
                0x00802a48                _sscanf_r
                0x00802ad0                sscanf
 .text          0x00802b54      0x14c /OPT/altera/12.1/nios2eds/bin/gnu/H-i686-pc-linux-gnu/bin/../lib/gcc/nios2-elf/4.1.2/../../../../nios2-elf/lib/libc.a(lib_a-stdio.o)
                0x00802b54                __sclose
                0x00802b5c                __sseek
                0x00802bc4                __swrite
                0x00802c40                __sread
 .text          0x00802ca0       0x74 /OPT/altera/12.1/nios2eds/bin/gnu/H-i686-pc-linux-gnu/bin/../lib/gcc/nios2-elf/4.1.2/../../../../nios2-elf/lib/libc.a(lib_a-strlen.o)
                0x00802ca0                strlen
 .text          0x00802d14       0xf0 /OPT/altera/12.1/nios2eds/bin/gnu/H-i686-pc-linux-gnu/bin/../lib/gcc/nios2-elf/4.1.2/../../../../nios2-elf/lib/libc.a(lib_a-strncmp.o)
                0x00802d14                strncmp
 .text          0x00802e04     0x1f28 /OPT/altera/12.1/nios2eds/bin/gnu/H-i686-pc-linux-gnu/bin/../lib/gcc/nios2-elf/4.1.2/../../../../nios2-elf/lib/libc.a(lib_a-vfprintf.o)
                0x00802e5c                ___vfprintf_internal_r
                0x00804d08                __vfprintf_internal
 .text          0x00804d2c     0x1780 /OPT/altera/12.1/nios2eds/bin/gnu/H-i686-pc-linux-gnu/bin/../lib/gcc/nios2-elf/4.1.2/../../../../nios2-elf/lib/libc.a(lib_a-vfscanf.o)
                0x00804d2c                __svfscanf_r
                0x008063ac                __svfscanf
                0x008063d0                _vfscanf_r
                0x00806438                vfscanf
 .text          0x008064ac       0x78 /OPT/altera/12.1/nios2eds/bin/gnu/H-i686-pc-linux-gnu/bin/../lib/gcc/nios2-elf/4.1.2/../../../../nios2-elf/lib/libc.a(lib_a-writer.o)
                0x008064ac                _write_r
 .text          0x00806524      0x13c /OPT/altera/12.1/nios2eds/bin/gnu/H-i686-pc-linux-gnu/bin/../lib/gcc/nios2-elf/4.1.2/../../../../nios2-elf/lib/libc.a(lib_a-wsetup.o)
                0x00806524                __swsetup_r
 .text          0x00806660       0x70 /OPT/altera/12.1/nios2eds/bin/gnu/H-i686-pc-linux-gnu/bin/../lib/gcc/nios2-elf/4.1.2/../../../../nios2-elf/lib/libc.a(lib_a-closer.o)
                0x00806660                _close_r
 .text          0x008066d0        0x0 /OPT/altera/12.1/nios2eds/bin/gnu/H-i686-pc-linux-gnu/bin/../lib/gcc/nios2-elf/4.1.2/../../../../nios2-elf/lib/libc.a(lib_a-ctype_.o)
 .text          0x008066d0     0x17cc /OPT/altera/12.1/nios2eds/bin/gnu/H-i686-pc-linux-gnu/bin/../lib/gcc/nios2-elf/4.1.2/../../../../nios2-elf/lib/libc.a(lib_a-dtoa.o)
                0x008068e8                _dtoa_r
 .text          0x00807e9c      0x124 /OPT/altera/12.1/nios2eds/bin/gnu/H-i686-pc-linux-gnu/bin/../lib/gcc/nios2-elf/4.1.2/../../../../nios2-elf/lib/libc.a(lib_a-fclose.o)
                0x00807e9c                _fclose_r
                0x00807fac                fclose
 .text          0x00807fc0       0xa0 /OPT/altera/12.1/nios2eds/bin/gnu/H-i686-pc-linux-gnu/bin/../lib/gcc/nios2-elf/4.1.2/../../../../nios2-elf/lib/libc.a(lib_a-flags.o)
                0x00807fc0                __sflags
 .text          0x00808060      0x23c /OPT/altera/12.1/nios2eds/bin/gnu/H-i686-pc-linux-gnu/bin/../lib/gcc/nios2-elf/4.1.2/../../../../nios2-elf/lib/libc.a(lib_a-fread.o)
                0x00808060                _fread_r
                0x0080825c                fread
 .text          0x0080829c      0x440 /OPT/altera/12.1/nios2eds/bin/gnu/H-i686-pc-linux-gnu/bin/../lib/gcc/nios2-elf/4.1.2/../../../../nios2-elf/lib/libc.a(lib_a-freer.o)
                0x0080829c                _malloc_trim_r
                0x008083c8                _free_r
 .text          0x008086dc      0x49c /OPT/altera/12.1/nios2eds/bin/gnu/H-i686-pc-linux-gnu/bin/../lib/gcc/nios2-elf/4.1.2/../../../../nios2-elf/lib/libc.a(lib_a-fvwrite.o)
                0x008086dc                __sfvwrite_r
 .text          0x00808b78       0x70 /OPT/altera/12.1/nios2eds/bin/gnu/H-i686-pc-linux-gnu/bin/../lib/gcc/nios2-elf/4.1.2/../../../../nios2-elf/lib/libc.a(lib_a-isattyr.o)
                0x00808b78                _isatty_r
 .text          0x00808be8       0x2c /OPT/altera/12.1/nios2eds/bin/gnu/H-i686-pc-linux-gnu/bin/../lib/gcc/nios2-elf/4.1.2/../../../../nios2-elf/lib/libc.a(lib_a-iswspace.o)
                0x00808be8                iswspace
 .text          0x00808c14       0xc4 /OPT/altera/12.1/nios2eds/bin/gnu/H-i686-pc-linux-gnu/bin/../lib/gcc/nios2-elf/4.1.2/../../../../nios2-elf/lib/libc.a(lib_a-locale.o)
                0x00808c14                __locale_charset
                0x00808c1c                _localeconv_r
                0x00808c28                localeconv
                0x00808c38                _setlocale_r
                0x00808cbc                setlocale
 .text          0x00808cd8       0x78 /OPT/altera/12.1/nios2eds/bin/gnu/H-i686-pc-linux-gnu/bin/../lib/gcc/nios2-elf/4.1.2/../../../../nios2-elf/lib/libc.a(lib_a-lseekr.o)
                0x00808cd8                _lseek_r
 .text          0x00808d50       0xc0 /OPT/altera/12.1/nios2eds/bin/gnu/H-i686-pc-linux-gnu/bin/../lib/gcc/nios2-elf/4.1.2/../../../../nios2-elf/lib/libc.a(lib_a-mbrtowc.o)
                0x00808d50                _mbrtowc_r
                0x00808dd0                mbrtowc
 .text          0x00808e10       0x40 /OPT/altera/12.1/nios2eds/bin/gnu/H-i686-pc-linux-gnu/bin/../lib/gcc/nios2-elf/4.1.2/../../../../nios2-elf/lib/libc.a(lib_a-mbtowc_r.o)
                0x00808e10                _mbtowc_r
 .text          0x00808e50       0xe4 /OPT/altera/12.1/nios2eds/bin/gnu/H-i686-pc-linux-gnu/bin/../lib/gcc/nios2-elf/4.1.2/../../../../nios2-elf/lib/libc.a(lib_a-memchr.o)
                0x00808e50                memchr
 .text          0x00808f34       0xa0 /OPT/altera/12.1/nios2eds/bin/gnu/H-i686-pc-linux-gnu/bin/../lib/gcc/nios2-elf/4.1.2/../../../../nios2-elf/lib/libc.a(lib_a-memcpy.o)
                0x00808f34                memcpy
 .text          0x00808fd4       0xe0 /OPT/altera/12.1/nios2eds/bin/gnu/H-i686-pc-linux-gnu/bin/../lib/gcc/nios2-elf/4.1.2/../../../../nios2-elf/lib/libc.a(lib_a-memmove.o)
                0x00808fd4                memmove
 .text          0x008090b4      0xff4 /OPT/altera/12.1/nios2eds/bin/gnu/H-i686-pc-linux-gnu/bin/../lib/gcc/nios2-elf/4.1.2/../../../../nios2-elf/lib/libc.a(lib_a-mprec.o)
                0x008090b4                _Bfree
                0x008090dc                __hi0bits
                0x0080914c                __lo0bits
                0x00809210                __mcmp
                0x00809270                __ulp
                0x008092f0                __b2d
                0x00809410                __ratio
                0x008094c0                _mprec_log10
                0x00809554                __copybits
                0x008095ac                __any_on
                0x00809634                _Balloc
                0x008096f0                __d2b
                0x0080986c                __mdiff
                0x008099f8                __lshift
                0x00809b44                __multiply
                0x00809d2c                __i2b
                0x00809d68                __multadd
                0x00809e68                __pow5mult
                0x00809f88                __s2b
 .text          0x0080a0a8       0x78 /OPT/altera/12.1/nios2eds/bin/gnu/H-i686-pc-linux-gnu/bin/../lib/gcc/nios2-elf/4.1.2/../../../../nios2-elf/lib/libc.a(lib_a-readr.o)
                0x0080a0a8                _read_r
 .text          0x0080a120      0x5f4 /OPT/altera/12.1/nios2eds/bin/gnu/H-i686-pc-linux-gnu/bin/../lib/gcc/nios2-elf/4.1.2/../../../../nios2-elf/lib/libc.a(lib_a-reallocr.o)
                0x0080a120                _realloc_r
 .text          0x0080a714       0x40 /OPT/altera/12.1/nios2eds/bin/gnu/H-i686-pc-linux-gnu/bin/../lib/gcc/nios2-elf/4.1.2/../../../../nios2-elf/lib/libc.a(lib_a-s_isinfd.o)
                0x0080a714                __isinfd
 .text          0x0080a754       0x30 /OPT/altera/12.1/nios2eds/bin/gnu/H-i686-pc-linux-gnu/bin/../lib/gcc/nios2-elf/4.1.2/../../../../nios2-elf/lib/libc.a(lib_a-s_isnand.o)
                0x0080a754                __isnand
 .text          0x0080a784       0xc0 /OPT/altera/12.1/nios2eds/bin/gnu/H-i686-pc-linux-gnu/bin/../lib/gcc/nios2-elf/4.1.2/../../../../nios2-elf/lib/libc.a(lib_a-sccl.o)
                0x0080a784                __sccl
 .text          0x0080a844        0x8 /OPT/altera/12.1/nios2eds/bin/gnu/H-i686-pc-linux-gnu/bin/../lib/gcc/nios2-elf/4.1.2/../../../../nios2-elf/lib/libc.a(lib_a-sf_nan.o)
                0x0080a844                nanf
 .text          0x0080a84c       0xbc /OPT/altera/12.1/nios2eds/bin/gnu/H-i686-pc-linux-gnu/bin/../lib/gcc/nios2-elf/4.1.2/../../../../nios2-elf/lib/libc.a(lib_a-strcmp.o)
                0x0080a84c                strcmp
 .text          0x0080a908     0x166c /OPT/altera/12.1/nios2eds/bin/gnu/H-i686-pc-linux-gnu/bin/../lib/gcc/nios2-elf/4.1.2/../../../../nios2-elf/lib/libc.a(lib_a-strtod.o)
                0x0080a950                _strtod_r
                0x0080be34                strtof
                0x0080bf58                strtod
 .text          0x0080bf74      0x268 /OPT/altera/12.1/nios2eds/bin/gnu/H-i686-pc-linux-gnu/bin/../lib/gcc/nios2-elf/4.1.2/../../../../nios2-elf/lib/libc.a(lib_a-strtol.o)
                0x0080bf74                _strtol_r
                0x0080c1b8                strtol
 .text          0x0080c1dc      0x318 /OPT/altera/12.1/nios2eds/bin/gnu/H-i686-pc-linux-gnu/bin/../lib/gcc/nios2-elf/4.1.2/../../../../nios2-elf/lib/libc.a(lib_a-strtoll_r.o)
                0x0080c1dc                _strtoll_r
 .text          0x0080c4f4      0x254 /OPT/altera/12.1/nios2eds/bin/gnu/H-i686-pc-linux-gnu/bin/../lib/gcc/nios2-elf/4.1.2/../../../../nios2-elf/lib/libc.a(lib_a-strtoul.o)
                0x0080c4f4                _strtoul_r
                0x0080c724                strtoul
 .text          0x0080c748      0x2f0 /OPT/altera/12.1/nios2eds/bin/gnu/H-i686-pc-linux-gnu/bin/../lib/gcc/nios2-elf/4.1.2/../../../../nios2-elf/lib/libc.a(lib_a-strtoull_r.o)
                0x0080c748                _strtoull_r
 .text          0x0080ca38      0x294 /OPT/altera/12.1/nios2eds/bin/gnu/H-i686-pc-linux-gnu/bin/../lib/gcc/nios2-elf/4.1.2/../../../../nios2-elf/lib/libc.a(lib_a-ungetc.o)
                0x0080ca38                __submore
                0x0080cb14                _ungetc_r
                0x0080ccb0                ungetc
 .text          0x0080cccc       0xb4 /OPT/altera/12.1/nios2eds/bin/gnu/H-i686-pc-linux-gnu/bin/../lib/gcc/nios2-elf/4.1.2/../../../../nios2-elf/lib/libc.a(lib_a-callocr.o)
                0x0080cccc                _calloc_r
 .text          0x0080cd80      0x8f4 /OPT/altera/12.1/nios2eds/bin/gnu/H-i686-pc-linux-gnu/bin/../lib/gcc/nios2-elf/4.1.2/../../../../nios2-elf/lib/libc.a(lib_a-gdtoa-gethex.o)
                0x0080cda4                __hexdig_init
                0x0080cebc                __gethex
 .text          0x0080d674      0x294 /OPT/altera/12.1/nios2eds/bin/gnu/H-i686-pc-linux-gnu/bin/../lib/gcc/nios2-elf/4.1.2/../../../../nios2-elf/lib/libc.a(lib_a-gdtoa-hexnan.o)
                0x0080d6c0                __hexnan
 .text          0x0080d908       0x98 /OPT/altera/12.1/nios2eds/bin/gnu/H-i686-pc-linux-gnu/bin/../lib/gcc/nios2-elf/4.1.2/libgcc.a(_muldi3.o)
                0x0080d908                __muldi3
 .text          0x0080d9a0       0xa4 /OPT/altera/12.1/nios2eds/bin/gnu/H-i686-pc-linux-gnu/bin/../lib/gcc/nios2-elf/4.1.2/libgcc.a(_fixunsdfsi.o)
                0x0080d9a0                __fixunsdfsi
 .text          0x0080da44      0x5dc /OPT/altera/12.1/nios2eds/bin/gnu/H-i686-pc-linux-gnu/bin/../lib/gcc/nios2-elf/4.1.2/libgcc.a(_udivdi3.o)
                0x0080da44                __udivdi3
 .text          0x0080e020      0x5b0 /OPT/altera/12.1/nios2eds/bin/gnu/H-i686-pc-linux-gnu/bin/../lib/gcc/nios2-elf/4.1.2/libgcc.a(_umoddi3.o)
                0x0080e020                __umoddi3
 .text          0x0080e5d0       0x78 /OPT/altera/12.1/nios2eds/bin/gnu/H-i686-pc-linux-gnu/bin/../lib/gcc/nios2-elf/4.1.2/libgcc.a(_ne_sf.o)
                0x0080e5d0                __nesf2
 .text          0x0080e648       0x78 /OPT/altera/12.1/nios2eds/bin/gnu/H-i686-pc-linux-gnu/bin/../lib/gcc/nios2-elf/4.1.2/libgcc.a(_gt_sf.o)
                0x0080e648                __gtsf2
 .text          0x0080e6c0       0x78 /OPT/altera/12.1/nios2eds/bin/gnu/H-i686-pc-linux-gnu/bin/../lib/gcc/nios2-elf/4.1.2/libgcc.a(_lt_sf.o)
                0x0080e6c0                __ltsf2
 .text          0x0080e738      0x504 /OPT/altera/12.1/nios2eds/bin/gnu/H-i686-pc-linux-gnu/bin/../lib/gcc/nios2-elf/4.1.2/libgcc.a(_addsub_df.o)
                0x0080eb48                __subdf3
                0x0080ebc8                __adddf3
 .text          0x0080ec3c      0x3c4 /OPT/altera/12.1/nios2eds/bin/gnu/H-i686-pc-linux-gnu/bin/../lib/gcc/nios2-elf/4.1.2/libgcc.a(_mul_df.o)
                0x0080ec3c                __muldf3
 .text          0x0080f000      0x258 /OPT/altera/12.1/nios2eds/bin/gnu/H-i686-pc-linux-gnu/bin/../lib/gcc/nios2-elf/4.1.2/libgcc.a(_div_df.o)
                0x0080f000                __divdf3
 .text          0x0080f258       0x88 /OPT/altera/12.1/nios2eds/bin/gnu/H-i686-pc-linux-gnu/bin/../lib/gcc/nios2-elf/4.1.2/libgcc.a(_eq_df.o)
                0x0080f258                __eqdf2
 .text          0x0080f2e0       0x88 /OPT/altera/12.1/nios2eds/bin/gnu/H-i686-pc-linux-gnu/bin/../lib/gcc/nios2-elf/4.1.2/libgcc.a(_ne_df.o)
                0x0080f2e0                __nedf2
 .text          0x0080f368       0x88 /OPT/altera/12.1/nios2eds/bin/gnu/H-i686-pc-linux-gnu/bin/../lib/gcc/nios2-elf/4.1.2/libgcc.a(_gt_df.o)
                0x0080f368                __gtdf2
 .text          0x0080f3f0       0x88 /OPT/altera/12.1/nios2eds/bin/gnu/H-i686-pc-linux-gnu/bin/../lib/gcc/nios2-elf/4.1.2/libgcc.a(_ge_df.o)
                0x0080f3f0                __gedf2
 .text          0x0080f478       0x88 /OPT/altera/12.1/nios2eds/bin/gnu/H-i686-pc-linux-gnu/bin/../lib/gcc/nios2-elf/4.1.2/libgcc.a(_lt_df.o)
                0x0080f478                __ltdf2
 .text          0x0080f500       0x88 /OPT/altera/12.1/nios2eds/bin/gnu/H-i686-pc-linux-gnu/bin/../lib/gcc/nios2-elf/4.1.2/libgcc.a(_le_df.o)
                0x0080f500                __ledf2
 .text          0x0080f588       0xf8 /OPT/altera/12.1/nios2eds/bin/gnu/H-i686-pc-linux-gnu/bin/../lib/gcc/nios2-elf/4.1.2/libgcc.a(_si_to_df.o)
                0x0080f588                __floatsidf
 .text          0x0080f680       0xd8 /OPT/altera/12.1/nios2eds/bin/gnu/H-i686-pc-linux-gnu/bin/../lib/gcc/nios2-elf/4.1.2/libgcc.a(_df_to_si.o)
                0x0080f680                __fixdfsi
 .text          0x0080f758       0x74 /OPT/altera/12.1/nios2eds/bin/gnu/H-i686-pc-linux-gnu/bin/../lib/gcc/nios2-elf/4.1.2/libgcc.a(_df_to_sf.o)
                0x0080f758                __truncdfsf2
 .text          0x0080f7cc        0x0 /OPT/altera/12.1/nios2eds/bin/gnu/H-i686-pc-linux-gnu/bin/../lib/gcc/nios2-elf/4.1.2/libgcc.a(_thenan_df.o)
 .text          0x0080f7cc      0x194 /OPT/altera/12.1/nios2eds/bin/gnu/H-i686-pc-linux-gnu/bin/../lib/gcc/nios2-elf/4.1.2/libgcc.a(_usi_to_df.o)
                0x0080f7cc                __floatunsidf
 .text          0x0080f960      0x14c /OPT/altera/12.1/nios2eds/bin/gnu/H-i686-pc-linux-gnu/bin/../lib/gcc/nios2-elf/4.1.2/libgcc.a(lib2-divmod.o)
                0x0080f9dc                __divsi3
                0x0080fa3c                __modsi3
                0x0080fa9c                __udivsi3
                0x0080faa4                __umodsi3
 .text          0x0080faac        0x0 /OPT/altera/12.1/nios2eds/bin/gnu/H-i686-pc-linux-gnu/bin/../lib/gcc/nios2-elf/4.1.2/libgcc.a(_clz.o)
 .text          0x0080faac       0x80 /OPT/altera/12.1/nios2eds/bin/gnu/H-i686-pc-linux-gnu/bin/../lib/gcc/nios2-elf/4.1.2/libgcc.a(_clzsi2.o)
                0x0080faac                __clzsi2
 .text          0x0080fb2c       0xc8 /OPT/altera/12.1/nios2eds/bin/gnu/H-i686-pc-linux-gnu/bin/../lib/gcc/nios2-elf/4.1.2/libgcc.a(_unpack_sf.o)
                0x0080fb2c                __unpack_f
 .text          0x0080fbf4       0xa8 /OPT/altera/12.1/nios2eds/bin/gnu/H-i686-pc-linux-gnu/bin/../lib/gcc/nios2-elf/4.1.2/libgcc.a(_fpcmp_parts_sf.o)
                0x0080fbf4                __fpcmp_parts_f
 .text          0x0080fc9c       0x2c /OPT/altera/12.1/nios2eds/bin/gnu/H-i686-pc-linux-gnu/bin/../lib/gcc/nios2-elf/4.1.2/libgcc.a(_make_sf.o)
                0x0080fc9c                __make_fp
 .text          0x0080fcc8      0x314 /OPT/altera/12.1/nios2eds/bin/gnu/H-i686-pc-linux-gnu/bin/../lib/gcc/nios2-elf/4.1.2/libgcc.a(_pack_df.o)
                0x0080fcc8                __pack_d
 .text          0x0080ffdc      0x138 /OPT/altera/12.1/nios2eds/bin/gnu/H-i686-pc-linux-gnu/bin/../lib/gcc/nios2-elf/4.1.2/libgcc.a(_unpack_df.o)
                0x0080ffdc                __unpack_d
 .text          0x00810114       0xc8 /OPT/altera/12.1/nios2eds/bin/gnu/H-i686-pc-linux-gnu/bin/../lib/gcc/nios2-elf/4.1.2/libgcc.a(_fpcmp_parts_df.o)
                0x00810114                __fpcmp_parts_d
 .text          0x008101dc      0x160 /OPT/altera/12.1/nios2eds/bin/gnu/H-i686-pc-linux-gnu/bin/../lib/gcc/nios2-elf/4.1.2/libgcc.a(_pack_sf.o)
                0x008101dc                __pack_f
 .text          0x0081033c      0x15c ../TiltMazeController_bsp//libucosii_bsp.a(alt_close.o)
                0x0081033c                close
 .text          0x00810498       0x2c ../TiltMazeController_bsp//libucosii_bsp.a(alt_dev.o)
 .text          0x008104c4        0x0 ../TiltMazeController_bsp//libucosii_bsp.a(alt_errno.o)
 .text          0x008104c4      0x134 ../TiltMazeController_bsp//libucosii_bsp.a(alt_fstat.o)
                0x008104c4                fstat
 .text          0x008105f8      0x1d4 ../TiltMazeController_bsp//libucosii_bsp.a(alt_iic.o)
                0x008105f8                alt_ic_isr_register
                0x00810648                alt_ic_irq_enable
                0x008106e4                alt_ic_irq_disable
                0x00810784                alt_ic_irq_enabled
 .text          0x008107cc       0xf8 ../TiltMazeController_bsp//libucosii_bsp.a(alt_iic_isr_register.o)
                0x008107cc                alt_iic_isr_register
 .text          0x008108c4        0x0 ../TiltMazeController_bsp//libucosii_bsp.a(alt_irq_entry.o)
 .text          0x008108c4        0x0 ../TiltMazeController_bsp//libucosii_bsp.a(alt_irq_handler.o)
 .text          0x008108c4        0x0 ../TiltMazeController_bsp//libucosii_bsp.a(alt_irq_vars.o)
 .text          0x008108c4      0x120 ../TiltMazeController_bsp//libucosii_bsp.a(alt_isatty.o)
                0x008108c4                isatty
 .text          0x008109e4       0xec ../TiltMazeController_bsp//libucosii_bsp.a(alt_load.o)
                0x008109e4                alt_load
 .text          0x00810ad0      0x150 ../TiltMazeController_bsp//libucosii_bsp.a(alt_lseek.o)
                0x00810ad0                lseek
 .text          0x00810c20       0xc8 ../TiltMazeController_bsp//libucosii_bsp.a(alt_main.o)
                0x00810c20                alt_main
 .text          0x00810ce8      0x2c4 ../TiltMazeController_bsp//libucosii_bsp.a(alt_open.o)
                0x00810dc4                open
 .text          0x00810fac      0x180 ../TiltMazeController_bsp//libucosii_bsp.a(alt_read.o)
                0x00810fac                read
 .text          0x0081112c       0x60 ../TiltMazeController_bsp//libucosii_bsp.a(alt_release_fd.o)
                0x0081112c                alt_release_fd
 .text          0x0081118c       0xbc ../TiltMazeController_bsp//libucosii_bsp.a(alt_sbrk.o)
                0x0081118c                sbrk
 .text          0x00811248      0x180 ../TiltMazeController_bsp//libucosii_bsp.a(alt_write.o)
                0x00811248                write
 .text          0x008113c8      0x108 ../TiltMazeController_bsp//libucosii_bsp.a(alt_env_lock.o)
                0x008113c8                __env_lock
                0x00811474                __env_unlock
 .text          0x008114d0      0x1d8 ../TiltMazeController_bsp//libucosii_bsp.a(alt_malloc_lock.o)
                0x008114d0                __malloc_lock
                0x008115d8                __malloc_unlock
 .text          0x008116a8     0x2128 ../TiltMazeController_bsp//libucosii_bsp.a(os_core.o)
                0x008116a8                OSEventNameGet
                0x008117d8                OSEventNameSet
                0x0081191c                OSEventPendMulti
                0x00811fd0                OSInit
                0x00812024                OSIntEnter
                0x008120a0                OSIntExit
                0x008121a0                OSSchedLock
                0x0081222c                OSSchedUnlock
                0x00812310                OSStart
                0x00812380                OSStatInit
                0x0081242c                OSTimeTick
                0x0081266c                OSVersion
                0x0081268c                OS_Dummy
                0x008126a8                OS_EventTaskRdy
                0x0081283c                OS_EventTaskWait
                0x0081294c                OS_EventTaskWaitMulti
                0x00812aa0                OS_EventTaskRemove
                0x00812b58                OS_EventTaskRemoveMulti
                0x00812c5c                OS_EventWaitListInit
                0x00813028                OS_MemClr
                0x0081307c                OS_MemCopy
                0x008130e8                OS_Sched
                0x0081322c                OS_StrCopy
                0x008132ac                OS_StrLen
                0x00813304                OS_TaskIdle
                0x00813360                OS_TaskStat
                0x00813428                OS_TaskStatStkChk
                0x008134f0                OS_TCBInit
 .text          0x008137d0      0x18c ../TiltMazeController_bsp//libucosii_bsp.a(os_dbg.o)
                0x008137d0                OSDebugInit
 .text          0x0081395c     0x193c ../TiltMazeController_bsp//libucosii_bsp.a(os_flag.o)
                0x0081395c                OSFlagAccept
                0x00813c90                OSFlagCreate
                0x00813dcc                OSFlagDel
                0x00814074                OSFlagNameGet
                0x008141b8                OSFlagNameSet
                0x0081430c                OSFlagPend
                0x00814950                OSFlagPendGetFlagsRdy
                0x008149b8                OSFlagPost
                0x00814d60                OSFlagQuery
                0x00814ff8                OS_FlagInit
                0x008151ec                OS_FlagUnlink
 .text          0x00815298      0x808 ../TiltMazeController_bsp//libucosii_bsp.a(os_mem.o)
                0x00815298                OSMemCreate
                0x008154b4                OSMemGet
                0x008155b8                OSMemNameGet
                0x008156c4                OSMemNameSet
                0x008157e4                OSMemPut
                0x008158d4                OSMemQuery
                0x008159d0                OS_MemInit
 .text          0x00815aa0     0x1334 ../TiltMazeController_bsp//libucosii_bsp.a(os_q.o)
                0x00815aa0                OSQAccept
                0x00815bf4                OSQCreate
                0x00815e08                OSQDel
                0x00816108                OSQFlush
                0x008161d0                OSQPend
                0x008164f0                OSQPendAbort
                0x0081666c                OSQPost
                0x008167ec                OSQPostFront
                0x00816974                OSQPostOpt
                0x00816ba8                OSQQuery
                0x00816d28                OS_QInit
 .text          0x00816dd4      0xbc8 ../TiltMazeController_bsp//libucosii_bsp.a(os_sem.o)
                0x00816dd4                OSSemAccept
                0x00816e94                OSSemCreate
                0x00816fa8                OSSemDel
                0x00817248                OSSemPend
                0x008174c4                OSSemPendAbort
                0x00817640                OSSemPost
                0x00817768                OSSemQuery
                0x00817898                OSSemSet
 .text          0x0081799c     0x1a40 ../TiltMazeController_bsp//libucosii_bsp.a(os_task.o)
                0x0081799c                OSTaskChangePrio
                0x00817f10                OSTaskCreate
                0x008180e4                OSTaskCreateExt
                0x008182e4                OSTaskDel
                0x008186f0                OSTaskDelReq
                0x00818860                OSTaskNameGet
                0x00818a18                OSTaskNameSet
                0x00818bdc                OSTaskResume
                0x00818df4                OSTaskStkChk
                0x00818ff0                OSTaskSuspend
                0x0081921c                OSTaskQuery
                0x00819360                OS_TaskStkClr
 .text          0x008193dc      0x598 ../TiltMazeController_bsp//libucosii_bsp.a(os_time.o)
                0x008193dc                OSTimeDly
                0x00819528                OSTimeDlyHMSM
                0x0081969c                OSTimeDlyResume
                0x008198ac                OSTimeGet
                0x00819910                OSTimeSet
 .text          0x00819974       0xec ../TiltMazeController_bsp//libucosii_bsp.a(alt_sys_init.o)
                0x00819974                alt_irq_init
                0x008199a8                alt_sys_init
 .text          0x00819a60      0x148 ../TiltMazeController_bsp//libucosii_bsp.a(altera_avalon_jtag_uart_fd.o)
                0x00819a60                altera_avalon_jtag_uart_read_fd
                0x00819ab8                altera_avalon_jtag_uart_write_fd
                0x00819b10                altera_avalon_jtag_uart_close_fd
                0x00819b58                altera_avalon_jtag_uart_ioctl_fd
 .text          0x00819ba8      0x584 ../TiltMazeController_bsp//libucosii_bsp.a(altera_avalon_jtag_uart_init.o)
                0x00819ba8                altera_avalon_jtag_uart_init
                0x0081a0b8                altera_avalon_jtag_uart_close
 .text          0x0081a12c       0xf4 ../TiltMazeController_bsp//libucosii_bsp.a(altera_avalon_jtag_uart_ioctl.o)
                0x0081a12c                altera_avalon_jtag_uart_ioctl
 .text          0x0081a220      0x2c0 ../TiltMazeController_bsp//libucosii_bsp.a(altera_avalon_jtag_uart_read.o)
                0x0081a220                altera_avalon_jtag_uart_read
 .text          0x0081a4e0      0x2dc ../TiltMazeController_bsp//libucosii_bsp.a(altera_avalon_jtag_uart_write.o)
                0x0081a4e0                altera_avalon_jtag_uart_write
 .text          0x0081a7bc      0x100 ../TiltMazeController_bsp//libucosii_bsp.a(altera_avalon_timer_sc.o)
                0x0081a82c                alt_avalon_timer_sc_init
 .text          0x0081a8bc       0xb0 ../TiltMazeController_bsp//libucosii_bsp.a(altera_avalon_uart_fd.o)
                0x0081a8bc                altera_avalon_uart_read_fd
                0x0081a914                altera_avalon_uart_write_fd
 .text          0x0081a96c      0x130 ../TiltMazeController_bsp//libucosii_bsp.a(altera_avalon_uart_read.o)
                0x0081a96c                altera_avalon_uart_read
 .text          0x0081aa9c      0x150 ../TiltMazeController_bsp//libucosii_bsp.a(altera_avalon_uart_write.o)
                0x0081aa9c                altera_avalon_uart_write
 .text          0x0081abec      0x530 ../TiltMazeController_bsp//libucosii_bsp.a(altera_up_avalon_character_lcd.o)
                0x0081abec                get_DDRAM_addr
                0x0081ac68                alt_up_character_lcd_send_cmd
                0x0081ac9c                alt_up_character_lcd_init
                0x0081acd0                alt_up_character_lcd_open_dev
                0x0081ad10                alt_up_character_lcd_write
                0x0081ad88                alt_up_character_lcd_string
                0x0081ae00                alt_up_character_lcd_write_fd
                0x0081ae4c                alt_up_character_lcd_set_cursor_pos
                0x0081aec4                alt_up_character_lcd_shift_cursor
                0x0081af74                alt_up_character_lcd_shift_display
                0x0081b024                alt_up_character_lcd_erase_pos
                0x0081b0b4                alt_up_character_lcd_cursor_off
                0x0081b0e8                alt_up_character_lcd_cursor_blink_on
 .text          0x0081b11c      0x154 ../TiltMazeController_bsp//libucosii_bsp.a(alt_alarm_start.o)
                0x0081b11c                alt_alarm_start
 .text          0x0081b270       0x44 ../TiltMazeController_bsp//libucosii_bsp.a(alt_dcache_flush_all.o)
                0x0081b270                alt_dcache_flush_all
 .text          0x0081b2b4      0x114 ../TiltMazeController_bsp//libucosii_bsp.a(alt_dev_llist_insert.o)
                0x0081b2b4                alt_dev_llist_insert
 .text          0x0081b3c8       0x64 ../TiltMazeController_bsp//libucosii_bsp.a(alt_do_ctors.o)
                0x0081b3c8                _do_ctors
 .text          0x0081b42c       0x64 ../TiltMazeController_bsp//libucosii_bsp.a(alt_do_dtors.o)
                0x0081b42c                _do_dtors
 .text          0x0081b490        0x0 ../TiltMazeController_bsp//libucosii_bsp.a(alt_exception_entry.o)
 .text          0x0081b490       0x94 ../TiltMazeController_bsp//libucosii_bsp.a(alt_find_dev.o)
                0x0081b490                alt_find_dev
 .text          0x0081b524      0x120 ../TiltMazeController_bsp//libucosii_bsp.a(alt_find_file.o)
                0x0081b524                alt_find_file
 .text          0x0081b644       0xf4 ../TiltMazeController_bsp//libucosii_bsp.a(alt_get_fd.o)
                0x0081b644                alt_get_fd
 .text          0x0081b738       0x30 ../TiltMazeController_bsp//libucosii_bsp.a(alt_icache_flush_all.o)
                0x0081b738                alt_icache_flush_all
 .text          0x0081b768      0x13c ../TiltMazeController_bsp//libucosii_bsp.a(alt_io_redirect.o)
                0x0081b82c                alt_io_redirect
 .text          0x0081b8a4      0x1a8 ../TiltMazeController_bsp//libucosii_bsp.a(alt_tick.o)
                0x0081b8a4                alt_alarm_stop
                0x0081b93c                alt_tick
 .text          0x0081ba4c       0x20 ../TiltMazeController_bsp//libucosii_bsp.a(altera_nios2_qsys_irq.o)
                0x0081ba4c                altera_nios2_qsys_irq_init
 .text          0x0081ba6c       0xd0 ../TiltMazeController_bsp//libucosii_bsp.a(os_cpu_a.o)
                0x0081ba6c                OSCtxSw
                0x0081ba6c                OSIntCtxSw
                0x0081baf8                OSStartHighRdy
                0x0081bb18                OSStartTsk
 .text          0x0081bb3c      0x418 ../TiltMazeController_bsp//libucosii_bsp.a(os_cpu_c.o)
                0x0081bb3c                OSTaskStkInit
                0x0081be4c                OSTaskCreateHook
                0x0081be6c                OSTaskDelHook
                0x0081be8c                OSTaskSwHook
                0x0081bea8                OSTaskStatHook
                0x0081bec4                OSTimeTickHook
                0x0081bee0                OSInitHookBegin
                0x0081befc                OSInitHookEnd
                0x0081bf18                OSTaskIdleHook
                0x0081bf34                OSTCBInitHook
 .text          0x0081bf54       0x90 ../TiltMazeController_bsp//libucosii_bsp.a(alt_icache_flush.o)
                0x0081bf54                alt_icache_flush
 .text          0x0081bfe4       0x14 /OPT/altera/12.1/nios2eds/bin/gnu/H-i686-pc-linux-gnu/bin/../lib/gcc/nios2-elf/4.1.2/../../../../nios2-elf/lib/libc.a(lib_a-atexit.o)
                0x0081bfe4                atexit
 .text          0x0081bff8       0x38 /OPT/altera/12.1/nios2eds/bin/gnu/H-i686-pc-linux-gnu/bin/../lib/gcc/nios2-elf/4.1.2/../../../../nios2-elf/lib/libc.a(lib_a-exit.o)
                0x0081bff8                exit
 .text          0x0081c030       0x74 /OPT/altera/12.1/nios2eds/bin/gnu/H-i686-pc-linux-gnu/bin/../lib/gcc/nios2-elf/4.1.2/../../../../nios2-elf/lib/libc.a(lib_a-memcmp.o)
                0x0081c030                memcmp
 .text          0x0081c0a4      0x134 /OPT/altera/12.1/nios2eds/bin/gnu/H-i686-pc-linux-gnu/bin/../lib/gcc/nios2-elf/4.1.2/../../../../nios2-elf/lib/libc.a(lib_a-__atexit.o)
                0x0081c0a4                __register_exitproc
 .text          0x0081c1d8      0x1b4 /OPT/altera/12.1/nios2eds/bin/gnu/H-i686-pc-linux-gnu/bin/../lib/gcc/nios2-elf/4.1.2/../../../../nios2-elf/lib/libc.a(lib_a-__call_atexit.o)
                0x0081c1dc                __call_exitprocs
 .text          0x0081c38c       0x6c ../TiltMazeController_bsp//libucosii_bsp.a(alt_exit.o)
                0x0081c3cc                _exit
 *(.gnu.warning.*)
 *(.fini)
                0x0081c3f8                PROVIDE (__etext, ABSOLUTE (.))
                0x0081c3f8                PROVIDE (_etext, ABSOLUTE (.))
                0x0081c3f8                PROVIDE (etext, ABSOLUTE (.))
 *(.eh_frame_hdr)
                0x0081c3f8                . = ALIGN (0x4)
                0x0081c3f8                PROVIDE (__preinit_array_start, ABSOLUTE (.))
 *(.preinit_array)
                0x0081c3f8                PROVIDE (__preinit_array_end, ABSOLUTE (.))
                0x0081c3f8                PROVIDE (__init_array_start, ABSOLUTE (.))
 *(.init_array)
                0x0081c3f8                PROVIDE (__init_array_end, ABSOLUTE (.))
                0x0081c3f8                PROVIDE (__fini_array_start, ABSOLUTE (.))
 *(.fini_array)
                0x0081c3f8                PROVIDE (__fini_array_end, ABSOLUTE (.))
 *(.eh_frame)
 *(.gcc_except_table)
 *(.dynamic)
                0x0081c3f8                PROVIDE (__CTOR_LIST__, ABSOLUTE (.))
 *(.ctors)
 *(SORT(.ctors.*))
 .ctors.65535   0x0081c3f8        0x4 /OPT/altera/12.1/nios2eds/bin/gnu/H-i686-pc-linux-gnu/bin/../lib/gcc/nios2-elf/4.1.2/../../../../nios2-elf/lib/libc.a(lib_a-__call_atexit.o)
                0x0081c3fc                PROVIDE (__CTOR_END__, ABSOLUTE (.))
                0x0081c3fc                PROVIDE (__DTOR_LIST__, ABSOLUTE (.))
 *(.dtors)
 *(SORT(.dtors.*))
                0x0081c3fc                PROVIDE (__DTOR_END__, ABSOLUTE (.))
 *(.jcr)
                0x0081c3fc                . = ALIGN (0x4)

.rodata         0x0081c3fc      0x91c
                0x0081c3fc                PROVIDE (__ram_rodata_start, ABSOLUTE (.))
                0x0081c3fc                . = ALIGN (0x4)
 *(.rodata .rodata.* .gnu.linkonce.r.*)
 .rodata        0x0081c3fc       0x18 obj/default/command.o
 .rodata        0x0081c414       0xd0 obj/default/main.o
 .rodata        0x0081c4e4       0x18 obj/default/servo.o
 .rodata        0x0081c4fc       0x90 obj/default/uart.o
 .rodata.str1.4
                0x0081c58c        0x2 /OPT/altera/12.1/nios2eds/bin/gnu/H-i686-pc-linux-gnu/bin/../lib/gcc/nios2-elf/4.1.2/../../../../nios2-elf/lib/libc.a(lib_a-impure.o)
                                  0x4 (size before relaxing)
 *fill*         0x0081c58e        0x2 00
 .rodata.str1.4
                0x0081c590        0x2 /OPT/altera/12.1/nios2eds/bin/gnu/H-i686-pc-linux-gnu/bin/../lib/gcc/nios2-elf/4.1.2/../../../../nios2-elf/lib/libc.a(lib_a-puts.o)
                                  0x4 (size before relaxing)
 *fill*         0x0081c592        0x2 00
 .rodata.str1.4
                0x0081c594       0x5e /OPT/altera/12.1/nios2eds/bin/gnu/H-i686-pc-linux-gnu/bin/../lib/gcc/nios2-elf/4.1.2/../../../../nios2-elf/lib/libc.a(lib_a-vfprintf.o)
                                 0x60 (size before relaxing)
 .rodata        0x0081c5f2       0x20 /OPT/altera/12.1/nios2eds/bin/gnu/H-i686-pc-linux-gnu/bin/../lib/gcc/nios2-elf/4.1.2/../../../../nios2-elf/lib/libc.a(lib_a-vfprintf.o)
 *fill*         0x0081c612        0x2 00
 .rodata.str1.4
                0x0081c614        0x5 /OPT/altera/12.1/nios2eds/bin/gnu/H-i686-pc-linux-gnu/bin/../lib/gcc/nios2-elf/4.1.2/../../../../nios2-elf/lib/libc.a(lib_a-vfscanf.o)
                                  0x8 (size before relaxing)
 *fill*         0x0081c619        0x1 00
 .rodata        0x0081c61a       0x22 /OPT/altera/12.1/nios2eds/bin/gnu/H-i686-pc-linux-gnu/bin/../lib/gcc/nios2-elf/4.1.2/../../../../nios2-elf/lib/libc.a(lib_a-vfscanf.o)
 .rodata        0x0081c63c      0x281 /OPT/altera/12.1/nios2eds/bin/gnu/H-i686-pc-linux-gnu/bin/../lib/gcc/nios2-elf/4.1.2/../../../../nios2-elf/lib/libc.a(lib_a-ctype_.o)
                0x0081c63c                _ctype_
 *fill*         0x0081c8bd        0x3 00
 .rodata.str1.4
                0x0081c8c0       0x10 /OPT/altera/12.1/nios2eds/bin/gnu/H-i686-pc-linux-gnu/bin/../lib/gcc/nios2-elf/4.1.2/../../../../nios2-elf/lib/libc.a(lib_a-dtoa.o)
                                 0x14 (size before relaxing)
 .rodata.str1.4
                0x0081c8d0        0xf /OPT/altera/12.1/nios2eds/bin/gnu/H-i686-pc-linux-gnu/bin/../lib/gcc/nios2-elf/4.1.2/../../../../nios2-elf/lib/libc.a(lib_a-locale.o)
                                 0x18 (size before relaxing)
 *fill*         0x0081c8df        0x1 00
 .rodata        0x0081c8e0       0x30 /OPT/altera/12.1/nios2eds/bin/gnu/H-i686-pc-linux-gnu/bin/../lib/gcc/nios2-elf/4.1.2/../../../../nios2-elf/lib/libc.a(lib_a-locale.o)
 .rodata.str1.4
                0x00000000        0x4 /OPT/altera/12.1/nios2eds/bin/gnu/H-i686-pc-linux-gnu/bin/../lib/gcc/nios2-elf/4.1.2/../../../../nios2-elf/lib/libc.a(lib_a-mbrtowc.o)
 .rodata        0x0081c910      0x124 /OPT/altera/12.1/nios2eds/bin/gnu/H-i686-pc-linux-gnu/bin/../lib/gcc/nios2-elf/4.1.2/../../../../nios2-elf/lib/libc.a(lib_a-mprec.o)
                0x0081c910                __mprec_tens
                0x0081c9d8                __mprec_bigtens
                0x0081ca00                __mprec_tinytens
 .rodata.str1.4
                0x0081ca34        0xf /OPT/altera/12.1/nios2eds/bin/gnu/H-i686-pc-linux-gnu/bin/../lib/gcc/nios2-elf/4.1.2/../../../../nios2-elf/lib/libc.a(lib_a-strtod.o)
                                 0x10 (size before relaxing)
 *fill*         0x0081ca43        0x1 00
 .rodata        0x0081ca44       0x28 /OPT/altera/12.1/nios2eds/bin/gnu/H-i686-pc-linux-gnu/bin/../lib/gcc/nios2-elf/4.1.2/../../../../nios2-elf/lib/libc.a(lib_a-strtod.o)
 .rodata.str1.4
                0x0081ca6c       0x1c /OPT/altera/12.1/nios2eds/bin/gnu/H-i686-pc-linux-gnu/bin/../lib/gcc/nios2-elf/4.1.2/../../../../nios2-elf/lib/libc.a(lib_a-gdtoa-gethex.o)
 .rodata        0x0081ca88       0x14 /OPT/altera/12.1/nios2eds/bin/gnu/H-i686-pc-linux-gnu/bin/../lib/gcc/nios2-elf/4.1.2/libgcc.a(_thenan_df.o)
                0x0081ca88                __thenan_df
 .rodata        0x0081ca9c      0x100 /OPT/altera/12.1/nios2eds/bin/gnu/H-i686-pc-linux-gnu/bin/../lib/gcc/nios2-elf/4.1.2/libgcc.a(_clz.o)
                0x0081ca9c                __clz_tab
 .rodata        0x0081cb9c        0xc ../TiltMazeController_bsp//libucosii_bsp.a(alt_dev.o)
 .rodata        0x0081cba8       0x14 ../TiltMazeController_bsp//libucosii_bsp.a(alt_main.o)
 .rodata        0x0081cbbc      0x120 ../TiltMazeController_bsp//libucosii_bsp.a(os_core.o)
                0x0081cbbc                OSUnMapTbl
 .rodata        0x0081ccdc       0x38 ../TiltMazeController_bsp//libucosii_bsp.a(alt_sys_init.o)
 .rodata        0x0081cd14        0x4 ../TiltMazeController_bsp//libucosii_bsp.a(os_cpu_c.o)
 *(.rodata1)
                0x0081cd18                . = ALIGN (0x4)
                0x0081cd18                PROVIDE (__ram_rodata_end, ABSOLUTE (.))
                0x0081c3fc                PROVIDE (__flash_rodata_start, LOADADDR (.rodata))

.rwdata         0x0081cd18     0x1b68 load address 0x0081e880
                0x0081cd18                PROVIDE (__ram_rwdata_start, ABSOLUTE (.))
                0x0081cd18                . = ALIGN (0x4)
 *(.got.plt)
 *(.got)
 *(.data1)
 *(.data .data.* .gnu.linkonce.d.*)
 .data          0x0081cd18        0x0 ../TiltMazeController_bsp//obj/HAL/src/crt0.o
 .data          0x0081cd18        0x0 obj/default/command.o
 .data          0x0081cd18        0x0 obj/default/main.o
 .data          0x0081cd18        0x0 obj/default/servo.o
 .data          0x0081cd18        0x0 obj/default/uart.o
 .data          0x0081cd18        0x0 /OPT/altera/12.1/nios2eds/bin/gnu/H-i686-pc-linux-gnu/bin/../lib/gcc/nios2-elf/4.1.2/../../../../nios2-elf/lib/libc.a(lib_a-fflush.o)
 .data          0x0081cd18        0x0 /OPT/altera/12.1/nios2eds/bin/gnu/H-i686-pc-linux-gnu/bin/../lib/gcc/nios2-elf/4.1.2/../../../../nios2-elf/lib/libc.a(lib_a-findfp.o)
 .data          0x0081cd18        0x0 /OPT/altera/12.1/nios2eds/bin/gnu/H-i686-pc-linux-gnu/bin/../lib/gcc/nios2-elf/4.1.2/../../../../nios2-elf/lib/libc.a(lib_a-fopen.o)
 .data          0x0081cd18        0x0 /OPT/altera/12.1/nios2eds/bin/gnu/H-i686-pc-linux-gnu/bin/../lib/gcc/nios2-elf/4.1.2/../../../../nios2-elf/lib/libc.a(lib_a-fseek.o)
 .data          0x0081cd18        0x0 /OPT/altera/12.1/nios2eds/bin/gnu/H-i686-pc-linux-gnu/bin/../lib/gcc/nios2-elf/4.1.2/../../../../nios2-elf/lib/libc.a(lib_a-fstatr.o)
 .data          0x0081cd18        0x0 /OPT/altera/12.1/nios2eds/bin/gnu/H-i686-pc-linux-gnu/bin/../lib/gcc/nios2-elf/4.1.2/../../../../nios2-elf/lib/libc.a(lib_a-fwalk.o)
 .data          0x0081cd18        0x0 /OPT/altera/12.1/nios2eds/bin/gnu/H-i686-pc-linux-gnu/bin/../lib/gcc/nios2-elf/4.1.2/../../../../nios2-elf/lib/libc.a(lib_a-fwrite.o)
 .data          0x0081cd18        0x0 /OPT/altera/12.1/nios2eds/bin/gnu/H-i686-pc-linux-gnu/bin/../lib/gcc/nios2-elf/4.1.2/../../../../nios2-elf/lib/libc.a(lib_a-getc.o)
 .data          0x0081cd18      0x400 /OPT/altera/12.1/nios2eds/bin/gnu/H-i686-pc-linux-gnu/bin/../lib/gcc/nios2-elf/4.1.2/../../../../nios2-elf/lib/libc.a(lib_a-impure.o)
 .data          0x0081d118        0x0 /OPT/altera/12.1/nios2eds/bin/gnu/H-i686-pc-linux-gnu/bin/../lib/gcc/nios2-elf/4.1.2/../../../../nios2-elf/lib/libc.a(lib_a-int_errno.o)
 .data          0x0081d118        0x0 /OPT/altera/12.1/nios2eds/bin/gnu/H-i686-pc-linux-gnu/bin/../lib/gcc/nios2-elf/4.1.2/../../../../nios2-elf/lib/libc.a(lib_a-makebuf.o)
 .data          0x0081d118        0x0 /OPT/altera/12.1/nios2eds/bin/gnu/H-i686-pc-linux-gnu/bin/../lib/gcc/nios2-elf/4.1.2/../../../../nios2-elf/lib/libc.a(lib_a-malloc.o)
 .data          0x0081d118      0x408 /OPT/altera/12.1/nios2eds/bin/gnu/H-i686-pc-linux-gnu/bin/../lib/gcc/nios2-elf/4.1.2/../../../../nios2-elf/lib/libc.a(lib_a-mallocr.o)
                0x0081d118                __malloc_av_
 .data          0x0081d520        0x0 /OPT/altera/12.1/nios2eds/bin/gnu/H-i686-pc-linux-gnu/bin/../lib/gcc/nios2-elf/4.1.2/../../../../nios2-elf/lib/libc.a(lib_a-memset.o)
 .data          0x0081d520        0x0 /OPT/altera/12.1/nios2eds/bin/gnu/H-i686-pc-linux-gnu/bin/../lib/gcc/nios2-elf/4.1.2/../../../../nios2-elf/lib/libc.a(lib_a-openr.o)
 .data          0x0081d520        0x0 /OPT/altera/12.1/nios2eds/bin/gnu/H-i686-pc-linux-gnu/bin/../lib/gcc/nios2-elf/4.1.2/../../../../nios2-elf/lib/libc.a(lib_a-printf.o)
 .data          0x0081d520        0x0 /OPT/altera/12.1/nios2eds/bin/gnu/H-i686-pc-linux-gnu/bin/../lib/gcc/nios2-elf/4.1.2/../../../../nios2-elf/lib/libc.a(lib_a-puts.o)
 .data          0x0081d520        0x0 /OPT/altera/12.1/nios2eds/bin/gnu/H-i686-pc-linux-gnu/bin/../lib/gcc/nios2-elf/4.1.2/../../../../nios2-elf/lib/libc.a(lib_a-refill.o)
 .data          0x0081d520        0x0 /OPT/altera/12.1/nios2eds/bin/gnu/H-i686-pc-linux-gnu/bin/../lib/gcc/nios2-elf/4.1.2/../../../../nios2-elf/lib/libc.a(lib_a-rget.o)
 .data          0x0081d520        0x0 /OPT/altera/12.1/nios2eds/bin/gnu/H-i686-pc-linux-gnu/bin/../lib/gcc/nios2-elf/4.1.2/../../../../nios2-elf/lib/libc.a(lib_a-sbrkr.o)
 .data          0x0081d520        0x0 /OPT/altera/12.1/nios2eds/bin/gnu/H-i686-pc-linux-gnu/bin/../lib/gcc/nios2-elf/4.1.2/../../../../nios2-elf/lib/libc.a(lib_a-sprintf.o)
 .data          0x0081d520        0x0 /OPT/altera/12.1/nios2eds/bin/gnu/H-i686-pc-linux-gnu/bin/../lib/gcc/nios2-elf/4.1.2/../../../../nios2-elf/lib/libc.a(lib_a-sscanf.o)
 .data          0x0081d520        0x0 /OPT/altera/12.1/nios2eds/bin/gnu/H-i686-pc-linux-gnu/bin/../lib/gcc/nios2-elf/4.1.2/../../../../nios2-elf/lib/libc.a(lib_a-stdio.o)
 .data          0x0081d520        0x0 /OPT/altera/12.1/nios2eds/bin/gnu/H-i686-pc-linux-gnu/bin/../lib/gcc/nios2-elf/4.1.2/../../../../nios2-elf/lib/libc.a(lib_a-strlen.o)
 .data          0x0081d520        0x0 /OPT/altera/12.1/nios2eds/bin/gnu/H-i686-pc-linux-gnu/bin/../lib/gcc/nios2-elf/4.1.2/../../../../nios2-elf/lib/libc.a(lib_a-strncmp.o)
 .data          0x0081d520        0x0 /OPT/altera/12.1/nios2eds/bin/gnu/H-i686-pc-linux-gnu/bin/../lib/gcc/nios2-elf/4.1.2/../../../../nios2-elf/lib/libc.a(lib_a-vfprintf.o)
 .data          0x0081d520        0x0 /OPT/altera/12.1/nios2eds/bin/gnu/H-i686-pc-linux-gnu/bin/../lib/gcc/nios2-elf/4.1.2/../../../../nios2-elf/lib/libc.a(lib_a-vfscanf.o)
 .data          0x0081d520        0x0 /OPT/altera/12.1/nios2eds/bin/gnu/H-i686-pc-linux-gnu/bin/../lib/gcc/nios2-elf/4.1.2/../../../../nios2-elf/lib/libc.a(lib_a-writer.o)
 .data          0x0081d520        0x0 /OPT/altera/12.1/nios2eds/bin/gnu/H-i686-pc-linux-gnu/bin/../lib/gcc/nios2-elf/4.1.2/../../../../nios2-elf/lib/libc.a(lib_a-wsetup.o)
 .data          0x0081d520        0x0 /OPT/altera/12.1/nios2eds/bin/gnu/H-i686-pc-linux-gnu/bin/../lib/gcc/nios2-elf/4.1.2/../../../../nios2-elf/lib/libc.a(lib_a-closer.o)
 .data          0x0081d520        0x0 /OPT/altera/12.1/nios2eds/bin/gnu/H-i686-pc-linux-gnu/bin/../lib/gcc/nios2-elf/4.1.2/../../../../nios2-elf/lib/libc.a(lib_a-ctype_.o)
 .data          0x0081d520        0x0 /OPT/altera/12.1/nios2eds/bin/gnu/H-i686-pc-linux-gnu/bin/../lib/gcc/nios2-elf/4.1.2/../../../../nios2-elf/lib/libc.a(lib_a-dtoa.o)
 .data          0x0081d520        0x0 /OPT/altera/12.1/nios2eds/bin/gnu/H-i686-pc-linux-gnu/bin/../lib/gcc/nios2-elf/4.1.2/../../../../nios2-elf/lib/libc.a(lib_a-fclose.o)
 .data          0x0081d520        0x0 /OPT/altera/12.1/nios2eds/bin/gnu/H-i686-pc-linux-gnu/bin/../lib/gcc/nios2-elf/4.1.2/../../../../nios2-elf/lib/libc.a(lib_a-flags.o)
 .data          0x0081d520        0x0 /OPT/altera/12.1/nios2eds/bin/gnu/H-i686-pc-linux-gnu/bin/../lib/gcc/nios2-elf/4.1.2/../../../../nios2-elf/lib/libc.a(lib_a-fread.o)
 .data          0x0081d520        0x0 /OPT/altera/12.1/nios2eds/bin/gnu/H-i686-pc-linux-gnu/bin/../lib/gcc/nios2-elf/4.1.2/../../../../nios2-elf/lib/libc.a(lib_a-freer.o)
 .data          0x0081d520        0x0 /OPT/altera/12.1/nios2eds/bin/gnu/H-i686-pc-linux-gnu/bin/../lib/gcc/nios2-elf/4.1.2/../../../../nios2-elf/lib/libc.a(lib_a-fvwrite.o)
 .data          0x0081d520        0x0 /OPT/altera/12.1/nios2eds/bin/gnu/H-i686-pc-linux-gnu/bin/../lib/gcc/nios2-elf/4.1.2/../../../../nios2-elf/lib/libc.a(lib_a-isattyr.o)
 .data          0x0081d520        0x0 /OPT/altera/12.1/nios2eds/bin/gnu/H-i686-pc-linux-gnu/bin/../lib/gcc/nios2-elf/4.1.2/../../../../nios2-elf/lib/libc.a(lib_a-iswspace.o)
 .data          0x0081d520        0xc /OPT/altera/12.1/nios2eds/bin/gnu/H-i686-pc-linux-gnu/bin/../lib/gcc/nios2-elf/4.1.2/../../../../nios2-elf/lib/libc.a(lib_a-locale.o)
                0x0081d520                __lc_ctype
 .data          0x0081d52c        0x0 /OPT/altera/12.1/nios2eds/bin/gnu/H-i686-pc-linux-gnu/bin/../lib/gcc/nios2-elf/4.1.2/../../../../nios2-elf/lib/libc.a(lib_a-lseekr.o)
 .data          0x0081d52c        0x0 /OPT/altera/12.1/nios2eds/bin/gnu/H-i686-pc-linux-gnu/bin/../lib/gcc/nios2-elf/4.1.2/../../../../nios2-elf/lib/libc.a(lib_a-mbrtowc.o)
 .data          0x0081d52c        0x0 /OPT/altera/12.1/nios2eds/bin/gnu/H-i686-pc-linux-gnu/bin/../lib/gcc/nios2-elf/4.1.2/../../../../nios2-elf/lib/libc.a(lib_a-mbtowc_r.o)
 .data          0x0081d52c        0x0 /OPT/altera/12.1/nios2eds/bin/gnu/H-i686-pc-linux-gnu/bin/../lib/gcc/nios2-elf/4.1.2/../../../../nios2-elf/lib/libc.a(lib_a-memchr.o)
 .data          0x0081d52c        0x0 /OPT/altera/12.1/nios2eds/bin/gnu/H-i686-pc-linux-gnu/bin/../lib/gcc/nios2-elf/4.1.2/../../../../nios2-elf/lib/libc.a(lib_a-memcpy.o)
 .data          0x0081d52c        0x0 /OPT/altera/12.1/nios2eds/bin/gnu/H-i686-pc-linux-gnu/bin/../lib/gcc/nios2-elf/4.1.2/../../../../nios2-elf/lib/libc.a(lib_a-memmove.o)
 .data          0x0081d52c        0x0 /OPT/altera/12.1/nios2eds/bin/gnu/H-i686-pc-linux-gnu/bin/../lib/gcc/nios2-elf/4.1.2/../../../../nios2-elf/lib/libc.a(lib_a-mprec.o)
 .data          0x0081d52c        0x0 /OPT/altera/12.1/nios2eds/bin/gnu/H-i686-pc-linux-gnu/bin/../lib/gcc/nios2-elf/4.1.2/../../../../nios2-elf/lib/libc.a(lib_a-readr.o)
 .data          0x0081d52c        0x0 /OPT/altera/12.1/nios2eds/bin/gnu/H-i686-pc-linux-gnu/bin/../lib/gcc/nios2-elf/4.1.2/../../../../nios2-elf/lib/libc.a(lib_a-reallocr.o)
 .data          0x0081d52c        0x0 /OPT/altera/12.1/nios2eds/bin/gnu/H-i686-pc-linux-gnu/bin/../lib/gcc/nios2-elf/4.1.2/../../../../nios2-elf/lib/libc.a(lib_a-s_isinfd.o)
 .data          0x0081d52c        0x0 /OPT/altera/12.1/nios2eds/bin/gnu/H-i686-pc-linux-gnu/bin/../lib/gcc/nios2-elf/4.1.2/../../../../nios2-elf/lib/libc.a(lib_a-s_isnand.o)
 .data          0x0081d52c        0x0 /OPT/altera/12.1/nios2eds/bin/gnu/H-i686-pc-linux-gnu/bin/../lib/gcc/nios2-elf/4.1.2/../../../../nios2-elf/lib/libc.a(lib_a-sccl.o)
 .data          0x0081d52c        0x0 /OPT/altera/12.1/nios2eds/bin/gnu/H-i686-pc-linux-gnu/bin/../lib/gcc/nios2-elf/4.1.2/../../../../nios2-elf/lib/libc.a(lib_a-sf_nan.o)
 .data          0x0081d52c        0x0 /OPT/altera/12.1/nios2eds/bin/gnu/H-i686-pc-linux-gnu/bin/../lib/gcc/nios2-elf/4.1.2/../../../../nios2-elf/lib/libc.a(lib_a-strcmp.o)
 .data          0x0081d52c       0x28 /OPT/altera/12.1/nios2eds/bin/gnu/H-i686-pc-linux-gnu/bin/../lib/gcc/nios2-elf/4.1.2/../../../../nios2-elf/lib/libc.a(lib_a-strtod.o)
 .data          0x0081d554        0x0 /OPT/altera/12.1/nios2eds/bin/gnu/H-i686-pc-linux-gnu/bin/../lib/gcc/nios2-elf/4.1.2/../../../../nios2-elf/lib/libc.a(lib_a-strtol.o)
 .data          0x0081d554        0x0 /OPT/altera/12.1/nios2eds/bin/gnu/H-i686-pc-linux-gnu/bin/../lib/gcc/nios2-elf/4.1.2/../../../../nios2-elf/lib/libc.a(lib_a-strtoll_r.o)
 .data          0x0081d554        0x0 /OPT/altera/12.1/nios2eds/bin/gnu/H-i686-pc-linux-gnu/bin/../lib/gcc/nios2-elf/4.1.2/../../../../nios2-elf/lib/libc.a(lib_a-strtoul.o)
 .data          0x0081d554        0x0 /OPT/altera/12.1/nios2eds/bin/gnu/H-i686-pc-linux-gnu/bin/../lib/gcc/nios2-elf/4.1.2/../../../../nios2-elf/lib/libc.a(lib_a-strtoull_r.o)
 .data          0x0081d554        0x0 /OPT/altera/12.1/nios2eds/bin/gnu/H-i686-pc-linux-gnu/bin/../lib/gcc/nios2-elf/4.1.2/../../../../nios2-elf/lib/libc.a(lib_a-ungetc.o)
 .data          0x0081d554        0x0 /OPT/altera/12.1/nios2eds/bin/gnu/H-i686-pc-linux-gnu/bin/../lib/gcc/nios2-elf/4.1.2/../../../../nios2-elf/lib/libc.a(lib_a-callocr.o)
 .data          0x0081d554        0x0 /OPT/altera/12.1/nios2eds/bin/gnu/H-i686-pc-linux-gnu/bin/../lib/gcc/nios2-elf/4.1.2/../../../../nios2-elf/lib/libc.a(lib_a-gdtoa-gethex.o)
 .data          0x0081d554        0x0 /OPT/altera/12.1/nios2eds/bin/gnu/H-i686-pc-linux-gnu/bin/../lib/gcc/nios2-elf/4.1.2/../../../../nios2-elf/lib/libc.a(lib_a-gdtoa-hexnan.o)
 .data          0x0081d554        0x0 /OPT/altera/12.1/nios2eds/bin/gnu/H-i686-pc-linux-gnu/bin/../lib/gcc/nios2-elf/4.1.2/libgcc.a(_muldi3.o)
 .data          0x0081d554        0x0 /OPT/altera/12.1/nios2eds/bin/gnu/H-i686-pc-linux-gnu/bin/../lib/gcc/nios2-elf/4.1.2/libgcc.a(_fixunsdfsi.o)
 .data          0x0081d554        0x0 /OPT/altera/12.1/nios2eds/bin/gnu/H-i686-pc-linux-gnu/bin/../lib/gcc/nios2-elf/4.1.2/libgcc.a(_udivdi3.o)
 .data          0x0081d554        0x0 /OPT/altera/12.1/nios2eds/bin/gnu/H-i686-pc-linux-gnu/bin/../lib/gcc/nios2-elf/4.1.2/libgcc.a(_umoddi3.o)
 .data          0x0081d554        0x0 /OPT/altera/12.1/nios2eds/bin/gnu/H-i686-pc-linux-gnu/bin/../lib/gcc/nios2-elf/4.1.2/libgcc.a(_ne_sf.o)
 .data          0x0081d554        0x0 /OPT/altera/12.1/nios2eds/bin/gnu/H-i686-pc-linux-gnu/bin/../lib/gcc/nios2-elf/4.1.2/libgcc.a(_gt_sf.o)
 .data          0x0081d554        0x0 /OPT/altera/12.1/nios2eds/bin/gnu/H-i686-pc-linux-gnu/bin/../lib/gcc/nios2-elf/4.1.2/libgcc.a(_lt_sf.o)
 .data          0x0081d554        0x0 /OPT/altera/12.1/nios2eds/bin/gnu/H-i686-pc-linux-gnu/bin/../lib/gcc/nios2-elf/4.1.2/libgcc.a(_addsub_df.o)
 .data          0x0081d554        0x0 /OPT/altera/12.1/nios2eds/bin/gnu/H-i686-pc-linux-gnu/bin/../lib/gcc/nios2-elf/4.1.2/libgcc.a(_mul_df.o)
 .data          0x0081d554        0x0 /OPT/altera/12.1/nios2eds/bin/gnu/H-i686-pc-linux-gnu/bin/../lib/gcc/nios2-elf/4.1.2/libgcc.a(_div_df.o)
 .data          0x0081d554        0x0 /OPT/altera/12.1/nios2eds/bin/gnu/H-i686-pc-linux-gnu/bin/../lib/gcc/nios2-elf/4.1.2/libgcc.a(_eq_df.o)
 .data          0x0081d554        0x0 /OPT/altera/12.1/nios2eds/bin/gnu/H-i686-pc-linux-gnu/bin/../lib/gcc/nios2-elf/4.1.2/libgcc.a(_ne_df.o)
 .data          0x0081d554        0x0 /OPT/altera/12.1/nios2eds/bin/gnu/H-i686-pc-linux-gnu/bin/../lib/gcc/nios2-elf/4.1.2/libgcc.a(_gt_df.o)
 .data          0x0081d554        0x0 /OPT/altera/12.1/nios2eds/bin/gnu/H-i686-pc-linux-gnu/bin/../lib/gcc/nios2-elf/4.1.2/libgcc.a(_ge_df.o)
 .data          0x0081d554        0x0 /OPT/altera/12.1/nios2eds/bin/gnu/H-i686-pc-linux-gnu/bin/../lib/gcc/nios2-elf/4.1.2/libgcc.a(_lt_df.o)
 .data          0x0081d554        0x0 /OPT/altera/12.1/nios2eds/bin/gnu/H-i686-pc-linux-gnu/bin/../lib/gcc/nios2-elf/4.1.2/libgcc.a(_le_df.o)
 .data          0x0081d554        0x0 /OPT/altera/12.1/nios2eds/bin/gnu/H-i686-pc-linux-gnu/bin/../lib/gcc/nios2-elf/4.1.2/libgcc.a(_si_to_df.o)
 .data          0x0081d554        0x0 /OPT/altera/12.1/nios2eds/bin/gnu/H-i686-pc-linux-gnu/bin/../lib/gcc/nios2-elf/4.1.2/libgcc.a(_df_to_si.o)
 .data          0x0081d554        0x0 /OPT/altera/12.1/nios2eds/bin/gnu/H-i686-pc-linux-gnu/bin/../lib/gcc/nios2-elf/4.1.2/libgcc.a(_df_to_sf.o)
 .data          0x0081d554        0x0 /OPT/altera/12.1/nios2eds/bin/gnu/H-i686-pc-linux-gnu/bin/../lib/gcc/nios2-elf/4.1.2/libgcc.a(_thenan_df.o)
 .data          0x0081d554        0x0 /OPT/altera/12.1/nios2eds/bin/gnu/H-i686-pc-linux-gnu/bin/../lib/gcc/nios2-elf/4.1.2/libgcc.a(_usi_to_df.o)
 .data          0x0081d554        0x0 /OPT/altera/12.1/nios2eds/bin/gnu/H-i686-pc-linux-gnu/bin/../lib/gcc/nios2-elf/4.1.2/libgcc.a(lib2-divmod.o)
 .data          0x0081d554        0x0 /OPT/altera/12.1/nios2eds/bin/gnu/H-i686-pc-linux-gnu/bin/../lib/gcc/nios2-elf/4.1.2/libgcc.a(_clz.o)
 .data          0x0081d554        0x0 /OPT/altera/12.1/nios2eds/bin/gnu/H-i686-pc-linux-gnu/bin/../lib/gcc/nios2-elf/4.1.2/libgcc.a(_clzsi2.o)
 .data          0x0081d554        0x0 /OPT/altera/12.1/nios2eds/bin/gnu/H-i686-pc-linux-gnu/bin/../lib/gcc/nios2-elf/4.1.2/libgcc.a(_unpack_sf.o)
 .data          0x0081d554        0x0 /OPT/altera/12.1/nios2eds/bin/gnu/H-i686-pc-linux-gnu/bin/../lib/gcc/nios2-elf/4.1.2/libgcc.a(_fpcmp_parts_sf.o)
 .data          0x0081d554        0x0 /OPT/altera/12.1/nios2eds/bin/gnu/H-i686-pc-linux-gnu/bin/../lib/gcc/nios2-elf/4.1.2/libgcc.a(_make_sf.o)
 .data          0x0081d554        0x0 /OPT/altera/12.1/nios2eds/bin/gnu/H-i686-pc-linux-gnu/bin/../lib/gcc/nios2-elf/4.1.2/libgcc.a(_pack_df.o)
 .data          0x0081d554        0x0 /OPT/altera/12.1/nios2eds/bin/gnu/H-i686-pc-linux-gnu/bin/../lib/gcc/nios2-elf/4.1.2/libgcc.a(_unpack_df.o)
 .data          0x0081d554        0x0 /OPT/altera/12.1/nios2eds/bin/gnu/H-i686-pc-linux-gnu/bin/../lib/gcc/nios2-elf/4.1.2/libgcc.a(_fpcmp_parts_df.o)
 .data          0x0081d554        0x0 /OPT/altera/12.1/nios2eds/bin/gnu/H-i686-pc-linux-gnu/bin/../lib/gcc/nios2-elf/4.1.2/libgcc.a(_pack_sf.o)
 .data          0x0081d554        0x0 ../TiltMazeController_bsp//libucosii_bsp.a(alt_close.o)
 .data          0x0081d554      0x1a8 ../TiltMazeController_bsp//libucosii_bsp.a(alt_dev.o)
                0x0081d554                alt_dev_null
                0x0081d57c                alt_fd_list
 .data          0x0081d6fc        0x0 ../TiltMazeController_bsp//libucosii_bsp.a(alt_errno.o)
 .data          0x0081d6fc        0x0 ../TiltMazeController_bsp//libucosii_bsp.a(alt_fstat.o)
 .data          0x0081d6fc        0x0 ../TiltMazeController_bsp//libucosii_bsp.a(alt_iic.o)
 .data          0x0081d6fc        0x0 ../TiltMazeController_bsp//libucosii_bsp.a(alt_iic_isr_register.o)
 .data          0x0081d6fc        0x0 ../TiltMazeController_bsp//libucosii_bsp.a(alt_irq_entry.o)
 .data          0x0081d6fc        0x0 ../TiltMazeController_bsp//libucosii_bsp.a(alt_irq_handler.o)
 .data          0x0081d6fc        0x0 ../TiltMazeController_bsp//libucosii_bsp.a(alt_irq_vars.o)
 .data          0x0081d6fc        0x0 ../TiltMazeController_bsp//libucosii_bsp.a(alt_isatty.o)
 .data          0x0081d6fc        0x0 ../TiltMazeController_bsp//libucosii_bsp.a(alt_load.o)
 .data          0x0081d6fc        0x0 ../TiltMazeController_bsp//libucosii_bsp.a(alt_lseek.o)
 .data          0x0081d6fc        0x0 ../TiltMazeController_bsp//libucosii_bsp.a(alt_main.o)
 .data          0x0081d6fc        0x0 ../TiltMazeController_bsp//libucosii_bsp.a(alt_open.o)
 .data          0x0081d6fc        0x0 ../TiltMazeController_bsp//libucosii_bsp.a(alt_read.o)
 .data          0x0081d6fc        0x0 ../TiltMazeController_bsp//libucosii_bsp.a(alt_release_fd.o)
 .data          0x0081d6fc        0x0 ../TiltMazeController_bsp//libucosii_bsp.a(alt_sbrk.o)
 .data          0x0081d6fc        0x0 ../TiltMazeController_bsp//libucosii_bsp.a(alt_write.o)
 .data          0x0081d6fc        0x0 ../TiltMazeController_bsp//libucosii_bsp.a(alt_env_lock.o)
 .data          0x0081d6fc        0x0 ../TiltMazeController_bsp//libucosii_bsp.a(alt_malloc_lock.o)
 .data          0x0081d6fc        0x0 ../TiltMazeController_bsp//libucosii_bsp.a(os_core.o)
 .data          0x0081d6fc        0x0 ../TiltMazeController_bsp//libucosii_bsp.a(os_dbg.o)
 .data          0x0081d6fc        0x0 ../TiltMazeController_bsp//libucosii_bsp.a(os_flag.o)
 .data          0x0081d6fc        0x0 ../TiltMazeController_bsp//libucosii_bsp.a(os_mem.o)
 .data          0x0081d6fc        0x0 ../TiltMazeController_bsp//libucosii_bsp.a(os_q.o)
 .data          0x0081d6fc        0x0 ../TiltMazeController_bsp//libucosii_bsp.a(os_sem.o)
 .data          0x0081d6fc        0x0 ../TiltMazeController_bsp//libucosii_bsp.a(os_task.o)
 .data          0x0081d6fc        0x0 ../TiltMazeController_bsp//libucosii_bsp.a(os_time.o)
 .data          0x0081d6fc     0x10c4 ../TiltMazeController_bsp//libucosii_bsp.a(alt_sys_init.o)
 .data          0x0081e7c0        0x0 ../TiltMazeController_bsp//libucosii_bsp.a(altera_avalon_jtag_uart_fd.o)
 .data          0x0081e7c0        0x0 ../TiltMazeController_bsp//libucosii_bsp.a(altera_avalon_jtag_uart_init.o)
 .data          0x0081e7c0        0x0 ../TiltMazeController_bsp//libucosii_bsp.a(altera_avalon_jtag_uart_ioctl.o)
 .data          0x0081e7c0        0x0 ../TiltMazeController_bsp//libucosii_bsp.a(altera_avalon_jtag_uart_read.o)
 .data          0x0081e7c0        0x0 ../TiltMazeController_bsp//libucosii_bsp.a(altera_avalon_jtag_uart_write.o)
 .data          0x0081e7c0        0x0 ../TiltMazeController_bsp//libucosii_bsp.a(altera_avalon_timer_sc.o)
 .data          0x0081e7c0        0x0 ../TiltMazeController_bsp//libucosii_bsp.a(altera_avalon_uart_fd.o)
 .data          0x0081e7c0        0x0 ../TiltMazeController_bsp//libucosii_bsp.a(altera_avalon_uart_read.o)
 .data          0x0081e7c0        0x0 ../TiltMazeController_bsp//libucosii_bsp.a(altera_avalon_uart_write.o)
 .data          0x0081e7c0        0x0 ../TiltMazeController_bsp//libucosii_bsp.a(altera_up_avalon_character_lcd.o)
 .data          0x0081e7c0        0x0 ../TiltMazeController_bsp//libucosii_bsp.a(alt_alarm_start.o)
 .data          0x0081e7c0        0x0 ../TiltMazeController_bsp//libucosii_bsp.a(alt_dcache_flush_all.o)
 .data          0x0081e7c0        0x0 ../TiltMazeController_bsp//libucosii_bsp.a(alt_dev_llist_insert.o)
 .data          0x0081e7c0        0x0 ../TiltMazeController_bsp//libucosii_bsp.a(alt_do_ctors.o)
 .data          0x0081e7c0        0x0 ../TiltMazeController_bsp//libucosii_bsp.a(alt_do_dtors.o)
 .data          0x0081e7c0        0x0 ../TiltMazeController_bsp//libucosii_bsp.a(alt_exception_entry.o)
 .data          0x0081e7c0        0x0 ../TiltMazeController_bsp//libucosii_bsp.a(alt_find_dev.o)
 .data          0x0081e7c0        0x0 ../TiltMazeController_bsp//libucosii_bsp.a(alt_find_file.o)
 .data          0x0081e7c0        0x0 ../TiltMazeController_bsp//libucosii_bsp.a(alt_get_fd.o)
 .data          0x0081e7c0        0x0 ../TiltMazeController_bsp//libucosii_bsp.a(alt_icache_flush_all.o)
 .data          0x0081e7c0        0x0 ../TiltMazeController_bsp//libucosii_bsp.a(alt_io_redirect.o)
 .data          0x0081e7c0        0x0 ../TiltMazeController_bsp//libucosii_bsp.a(alt_tick.o)
 .data          0x0081e7c0        0x0 ../TiltMazeController_bsp//libucosii_bsp.a(altera_nios2_qsys_irq.o)
 .data          0x0081e7c0        0x0 ../TiltMazeController_bsp//libucosii_bsp.a(os_cpu_a.o)
 .data          0x0081e7c0        0x0 ../TiltMazeController_bsp//libucosii_bsp.a(os_cpu_c.o)
 .data          0x0081e7c0        0x0 ../TiltMazeController_bsp//libucosii_bsp.a(alt_icache_flush.o)
 .data          0x0081e7c0        0x0 /OPT/altera/12.1/nios2eds/bin/gnu/H-i686-pc-linux-gnu/bin/../lib/gcc/nios2-elf/4.1.2/../../../../nios2-elf/lib/libc.a(lib_a-atexit.o)
 .data          0x0081e7c0        0x0 /OPT/altera/12.1/nios2eds/bin/gnu/H-i686-pc-linux-gnu/bin/../lib/gcc/nios2-elf/4.1.2/../../../../nios2-elf/lib/libc.a(lib_a-exit.o)
 .data          0x0081e7c0        0x0 /OPT/altera/12.1/nios2eds/bin/gnu/H-i686-pc-linux-gnu/bin/../lib/gcc/nios2-elf/4.1.2/../../../../nios2-elf/lib/libc.a(lib_a-memcmp.o)
 .data          0x0081e7c0        0x0 /OPT/altera/12.1/nios2eds/bin/gnu/H-i686-pc-linux-gnu/bin/../lib/gcc/nios2-elf/4.1.2/../../../../nios2-elf/lib/libc.a(lib_a-__atexit.o)
 .data          0x0081e7c0        0x0 /OPT/altera/12.1/nios2eds/bin/gnu/H-i686-pc-linux-gnu/bin/../lib/gcc/nios2-elf/4.1.2/../../../../nios2-elf/lib/libc.a(lib_a-__call_atexit.o)
 .data          0x0081e7c0        0x0 ../TiltMazeController_bsp//libucosii_bsp.a(alt_exit.o)
                0x008267c0                _gp = ABSOLUTE ((. + 0x8000))
                0x008267c0                PROVIDE (gp, _gp)
 *(.rwdata .rwdata.*)
 *(.sdata .sdata.* .gnu.linkonce.s.*)
 .sdata         0x0081e7c0        0x8 /OPT/altera/12.1/nios2eds/bin/gnu/H-i686-pc-linux-gnu/bin/../lib/gcc/nios2-elf/4.1.2/../../../../nios2-elf/lib/libc.a(lib_a-impure.o)
                0x0081e7c0                _impure_ptr
                0x0081e7c4                _global_impure_ptr
 .sdata         0x0081e7c8        0x8 /OPT/altera/12.1/nios2eds/bin/gnu/H-i686-pc-linux-gnu/bin/../lib/gcc/nios2-elf/4.1.2/../../../../nios2-elf/lib/libc.a(lib_a-mallocr.o)
                0x0081e7c8                __malloc_trim_threshold
                0x0081e7cc                __malloc_sbrk_base
 .sdata         0x0081e7d0        0x4 /OPT/altera/12.1/nios2eds/bin/gnu/H-i686-pc-linux-gnu/bin/../lib/gcc/nios2-elf/4.1.2/../../../../nios2-elf/lib/libc.a(lib_a-ctype_.o)
                0x0081e7d0                __ctype_ptr
 .sdata         0x0081e7d4        0x8 /OPT/altera/12.1/nios2eds/bin/gnu/H-i686-pc-linux-gnu/bin/../lib/gcc/nios2-elf/4.1.2/../../../../nios2-elf/lib/libc.a(lib_a-locale.o)
                0x0081e7d4                __mb_cur_max
 .sdata         0x0081e7dc       0x14 ../TiltMazeController_bsp//libucosii_bsp.a(alt_dev.o)
                0x0081e7dc                alt_fs_list
                0x0081e7e4                alt_dev_list
                0x0081e7ec                alt_max_fd
 .sdata         0x0081e7f0        0x4 ../TiltMazeController_bsp//libucosii_bsp.a(alt_errno.o)
                0x0081e7f0                alt_errno
 .sdata         0x0081e7f4        0x4 ../TiltMazeController_bsp//libucosii_bsp.a(alt_irq_vars.o)
                0x0081e7f4                alt_priority_mask
 .sdata         0x0081e7f8        0x4 ../TiltMazeController_bsp//libucosii_bsp.a(alt_sbrk.o)
 .sdata         0x0081e7fc        0x4 ../TiltMazeController_bsp//libucosii_bsp.a(alt_env_lock.o)
 .sdata         0x0081e800        0x4 ../TiltMazeController_bsp//libucosii_bsp.a(alt_malloc_lock.o)
 .sdata         0x0081e804       0x74 ../TiltMazeController_bsp//libucosii_bsp.a(os_dbg.o)
                0x0081e804                OSDebugEn
                0x0081e808                OSEndiannessTest
                0x0081e80c                OSEventEn
                0x0081e80e                OSEventMax
                0x0081e810                OSEventNameSize
                0x0081e812                OSEventSize
                0x0081e814                OSEventTblSize
                0x0081e816                OSEventMultiEn
                0x0081e818                OSFlagEn
                0x0081e81a                OSFlagGrpSize
                0x0081e81c                OSFlagNodeSize
                0x0081e81e                OSFlagWidth
                0x0081e820                OSFlagMax
                0x0081e822                OSFlagNameSize
                0x0081e824                OSLowestPrio
                0x0081e826                OSMboxEn
                0x0081e828                OSMemEn
                0x0081e82a                OSMemMax
                0x0081e82c                OSMemNameSize
                0x0081e82e                OSMemSize
                0x0081e830                OSMemTblSize
                0x0081e832                OSMutexEn
                0x0081e834                OSPtrSize
                0x0081e836                OSQEn
                0x0081e838                OSQMax
                0x0081e83a                OSQSize
                0x0081e83c                OSRdyTblSize
                0x0081e83e                OSSemEn
                0x0081e840                OSStkWidth
                0x0081e842                OSTaskCreateEn
                0x0081e844                OSTaskCreateExtEn
                0x0081e846                OSTaskDelEn
                0x0081e848                OSTaskIdleStkSize
                0x0081e84a                OSTaskProfileEn
                0x0081e84c                OSTaskMax
                0x0081e84e                OSTaskNameSize
                0x0081e850                OSTaskStatEn
                0x0081e852                OSTaskStatStkSize
                0x0081e854                OSTaskStatStkChkEn
                0x0081e856                OSTaskSwHookEn
                0x0081e858                OSTCBPrioTblMax
                0x0081e85a                OSTCBSize
                0x0081e85c                OSTicksPerSec
                0x0081e85e                OSTimeTickHookEn
                0x0081e860                OSVersionNbr
                0x0081e862                OSTmrEn
                0x0081e864                OSTmrCfgMax
                0x0081e866                OSTmrCfgNameSize
                0x0081e868                OSTmrCfgWheelSize
                0x0081e86a                OSTmrCfgTicksPerSec
                0x0081e86c                OSTmrSize
                0x0081e86e                OSTmrTblSize
                0x0081e870                OSTmrWheelSize
                0x0081e872                OSTmrWheelTblSize
                0x0081e874                OSDataSize
 .sdata         0x0081e878        0x8 ../TiltMazeController_bsp//libucosii_bsp.a(alt_tick.o)
                0x0081e878                alt_alarm_list
 *(.sdata2 .sdata2.* .gnu.linkonce.s2.*)
                0x0081e880                . = ALIGN (0x4)
                0x0081e880                _edata = ABSOLUTE (.)
                0x0081e880                PROVIDE (edata, ABSOLUTE (.))
                0x0081e880                PROVIDE (__ram_rwdata_end, ABSOLUTE (.))
                0x0081e880                PROVIDE (__flash_rwdata_start, LOADADDR (.rwdata))

.bss            0x008203e8     0x76ec
                0x008203e8                __bss_start = ABSOLUTE (.)
                0x008203e8                PROVIDE (__sbss_start, ABSOLUTE (.))
                0x008203e8                PROVIDE (___sbss_start, ABSOLUTE (.))
 *(.dynsbss)
 *(.sbss .sbss.* .gnu.linkonce.sb.*)
 .sbss          0x008203e8        0xc obj/default/main.o
                0x008203e8                servo1Sem
                0x008203ec                servo0Sem
                0x008203f0                cmdQ
 .sbss          0x008203f4        0xa obj/default/servo.o
                0x008203f4                servo0Angle
                0x008203f6                servo1TargetAngle
                0x008203f8                err
                0x008203fa                servo0TargetAngle
                0x008203fc                servo1Angle
 *fill*         0x008203fe        0x2 00
 .sbss          0x00820400       0x14 obj/default/uart.o
                0x0082040c                char_lcd
                0x00820410                uart_fp
 .sbss          0x00820414        0x4 /OPT/altera/12.1/nios2eds/bin/gnu/H-i686-pc-linux-gnu/bin/../lib/gcc/nios2-elf/4.1.2/../../../../nios2-elf/lib/libc.a(lib_a-int_errno.o)
                0x00820414                errno
 .sbss          0x00820418        0xc /OPT/altera/12.1/nios2eds/bin/gnu/H-i686-pc-linux-gnu/bin/../lib/gcc/nios2-elf/4.1.2/../../../../nios2-elf/lib/libc.a(lib_a-mallocr.o)
                0x00820418                __malloc_top_pad
                0x0082041c                __malloc_max_sbrked_mem
                0x00820420                __malloc_max_total_mem
 .sbss          0x00820424        0xc /OPT/altera/12.1/nios2eds/bin/gnu/H-i686-pc-linux-gnu/bin/../lib/gcc/nios2-elf/4.1.2/../../../../nios2-elf/lib/libc.a(lib_a-locale.o)
                0x00820424                __nlocale_changed
                0x00820428                __mlocale_changed
                0x0082042c                _PathLocale
 .sbss          0x00820430        0x4 ../TiltMazeController_bsp//libucosii_bsp.a(alt_dev.o)
                0x00820430                alt_fd_list_lock
 .sbss          0x00820434        0x4 ../TiltMazeController_bsp//libucosii_bsp.a(alt_irq_vars.o)
                0x00820434                alt_irq_active
 .sbss          0x00820438        0xc ../TiltMazeController_bsp//libucosii_bsp.a(alt_main.o)
                0x00820438                alt_argc
                0x0082043c                alt_argv
                0x00820440                alt_envp
 .sbss          0x00820444        0x8 ../TiltMazeController_bsp//libucosii_bsp.a(alt_env_lock.o)
                0x00820448                alt_envsem
 .sbss          0x0082044c        0x8 ../TiltMazeController_bsp//libucosii_bsp.a(alt_malloc_lock.o)
                0x00820450                alt_heapsem
 .sbss          0x00820454       0x50 ../TiltMazeController_bsp//libucosii_bsp.a(os_core.o)
                0x00820454                OSLockNesting
                0x00820455                OSRunning
                0x00820458                OSIdleCtr
                0x0082045c                OSPrioHighRdy
                0x0082045d                OSPrioCur
                0x00820460                OSTCBList
                0x00820464                OSTickStepState
                0x00820468                OSCtxSwCtr
                0x0082046c                OSIdleCtrMax
                0x00820470                OSTCBFreeList
                0x00820474                OSCPUUsage
                0x00820475                OSTaskCtr
                0x00820478                OSMemFreeList
                0x0082047c                OSTCBHighRdy
                0x00820480                OSQFreeList
                0x00820484                OSRdyGrp
                0x00820485                OSRdyTbl
                0x00820488                OSEventFreeList
                0x0082048c                OSIntNesting
                0x00820490                OSTCBCur
                0x00820494                OSTime
                0x00820498                OSFlagFreeList
                0x0082049c                OSStatRdy
                0x008204a0                OSIdleCtrRun
 .sbss          0x008204a4        0x8 ../TiltMazeController_bsp//libucosii_bsp.a(alt_tick.o)
                0x008204a4                _alt_tick_rate
                0x008204a8                _alt_nticks
 *(.sbss2 .sbss2.* .gnu.linkonce.sb2.*)
 *(.scommon)
                0x008204ac                PROVIDE (__sbss_end, ABSOLUTE (.))
                0x008204ac                PROVIDE (___sbss_end, ABSOLUTE (.))
 *(.dynbss)
 *(.bss .bss.* .gnu.linkonce.b.*)
 .bss           0x008204ac        0x0 ../TiltMazeController_bsp//obj/HAL/src/crt0.o
 .bss           0x008204ac        0x0 obj/default/command.o
 .bss           0x008204ac        0x0 obj/default/main.o
 .bss           0x008204ac        0x0 obj/default/servo.o
 .bss           0x008204ac        0x9 obj/default/uart.o
 .bss           0x008204b5        0x0 /OPT/altera/12.1/nios2eds/bin/gnu/H-i686-pc-linux-gnu/bin/../lib/gcc/nios2-elf/4.1.2/../../../../nios2-elf/lib/libc.a(lib_a-fflush.o)
 .bss           0x008204b5        0x0 /OPT/altera/12.1/nios2eds/bin/gnu/H-i686-pc-linux-gnu/bin/../lib/gcc/nios2-elf/4.1.2/../../../../nios2-elf/lib/libc.a(lib_a-findfp.o)
 .bss           0x008204b5        0x0 /OPT/altera/12.1/nios2eds/bin/gnu/H-i686-pc-linux-gnu/bin/../lib/gcc/nios2-elf/4.1.2/../../../../nios2-elf/lib/libc.a(lib_a-fopen.o)
 .bss           0x008204b5        0x0 /OPT/altera/12.1/nios2eds/bin/gnu/H-i686-pc-linux-gnu/bin/../lib/gcc/nios2-elf/4.1.2/../../../../nios2-elf/lib/libc.a(lib_a-fseek.o)
 .bss           0x008204b5        0x0 /OPT/altera/12.1/nios2eds/bin/gnu/H-i686-pc-linux-gnu/bin/../lib/gcc/nios2-elf/4.1.2/../../../../nios2-elf/lib/libc.a(lib_a-fstatr.o)
 .bss           0x008204b5        0x0 /OPT/altera/12.1/nios2eds/bin/gnu/H-i686-pc-linux-gnu/bin/../lib/gcc/nios2-elf/4.1.2/../../../../nios2-elf/lib/libc.a(lib_a-fwalk.o)
 .bss           0x008204b5        0x0 /OPT/altera/12.1/nios2eds/bin/gnu/H-i686-pc-linux-gnu/bin/../lib/gcc/nios2-elf/4.1.2/../../../../nios2-elf/lib/libc.a(lib_a-fwrite.o)
 .bss           0x008204b5        0x0 /OPT/altera/12.1/nios2eds/bin/gnu/H-i686-pc-linux-gnu/bin/../lib/gcc/nios2-elf/4.1.2/../../../../nios2-elf/lib/libc.a(lib_a-getc.o)
 .bss           0x008204b5        0x0 /OPT/altera/12.1/nios2eds/bin/gnu/H-i686-pc-linux-gnu/bin/../lib/gcc/nios2-elf/4.1.2/../../../../nios2-elf/lib/libc.a(lib_a-impure.o)
 .bss           0x008204b5        0x0 /OPT/altera/12.1/nios2eds/bin/gnu/H-i686-pc-linux-gnu/bin/../lib/gcc/nios2-elf/4.1.2/../../../../nios2-elf/lib/libc.a(lib_a-int_errno.o)
 .bss           0x008204b5        0x0 /OPT/altera/12.1/nios2eds/bin/gnu/H-i686-pc-linux-gnu/bin/../lib/gcc/nios2-elf/4.1.2/../../../../nios2-elf/lib/libc.a(lib_a-makebuf.o)
 .bss           0x008204b5        0x0 /OPT/altera/12.1/nios2eds/bin/gnu/H-i686-pc-linux-gnu/bin/../lib/gcc/nios2-elf/4.1.2/../../../../nios2-elf/lib/libc.a(lib_a-malloc.o)
 *fill*         0x008204b5        0x3 00
 .bss           0x008204b8       0x28 /OPT/altera/12.1/nios2eds/bin/gnu/H-i686-pc-linux-gnu/bin/../lib/gcc/nios2-elf/4.1.2/../../../../nios2-elf/lib/libc.a(lib_a-mallocr.o)
                0x008204b8                __malloc_current_mallinfo
 .bss           0x008204e0        0x0 /OPT/altera/12.1/nios2eds/bin/gnu/H-i686-pc-linux-gnu/bin/../lib/gcc/nios2-elf/4.1.2/../../../../nios2-elf/lib/libc.a(lib_a-memset.o)
 .bss           0x008204e0        0x0 /OPT/altera/12.1/nios2eds/bin/gnu/H-i686-pc-linux-gnu/bin/../lib/gcc/nios2-elf/4.1.2/../../../../nios2-elf/lib/libc.a(lib_a-openr.o)
 .bss           0x008204e0        0x0 /OPT/altera/12.1/nios2eds/bin/gnu/H-i686-pc-linux-gnu/bin/../lib/gcc/nios2-elf/4.1.2/../../../../nios2-elf/lib/libc.a(lib_a-printf.o)
 .bss           0x008204e0        0x0 /OPT/altera/12.1/nios2eds/bin/gnu/H-i686-pc-linux-gnu/bin/../lib/gcc/nios2-elf/4.1.2/../../../../nios2-elf/lib/libc.a(lib_a-puts.o)
 .bss           0x008204e0        0x0 /OPT/altera/12.1/nios2eds/bin/gnu/H-i686-pc-linux-gnu/bin/../lib/gcc/nios2-elf/4.1.2/../../../../nios2-elf/lib/libc.a(lib_a-refill.o)
 .bss           0x008204e0        0x0 /OPT/altera/12.1/nios2eds/bin/gnu/H-i686-pc-linux-gnu/bin/../lib/gcc/nios2-elf/4.1.2/../../../../nios2-elf/lib/libc.a(lib_a-rget.o)
 .bss           0x008204e0        0x0 /OPT/altera/12.1/nios2eds/bin/gnu/H-i686-pc-linux-gnu/bin/../lib/gcc/nios2-elf/4.1.2/../../../../nios2-elf/lib/libc.a(lib_a-sbrkr.o)
 .bss           0x008204e0        0x0 /OPT/altera/12.1/nios2eds/bin/gnu/H-i686-pc-linux-gnu/bin/../lib/gcc/nios2-elf/4.1.2/../../../../nios2-elf/lib/libc.a(lib_a-sprintf.o)
 .bss           0x008204e0        0x0 /OPT/altera/12.1/nios2eds/bin/gnu/H-i686-pc-linux-gnu/bin/../lib/gcc/nios2-elf/4.1.2/../../../../nios2-elf/lib/libc.a(lib_a-sscanf.o)
 .bss           0x008204e0        0x0 /OPT/altera/12.1/nios2eds/bin/gnu/H-i686-pc-linux-gnu/bin/../lib/gcc/nios2-elf/4.1.2/../../../../nios2-elf/lib/libc.a(lib_a-stdio.o)
 .bss           0x008204e0        0x0 /OPT/altera/12.1/nios2eds/bin/gnu/H-i686-pc-linux-gnu/bin/../lib/gcc/nios2-elf/4.1.2/../../../../nios2-elf/lib/libc.a(lib_a-strlen.o)
 .bss           0x008204e0        0x0 /OPT/altera/12.1/nios2eds/bin/gnu/H-i686-pc-linux-gnu/bin/../lib/gcc/nios2-elf/4.1.2/../../../../nios2-elf/lib/libc.a(lib_a-strncmp.o)
 .bss           0x008204e0        0x0 /OPT/altera/12.1/nios2eds/bin/gnu/H-i686-pc-linux-gnu/bin/../lib/gcc/nios2-elf/4.1.2/../../../../nios2-elf/lib/libc.a(lib_a-vfprintf.o)
 .bss           0x008204e0        0x0 /OPT/altera/12.1/nios2eds/bin/gnu/H-i686-pc-linux-gnu/bin/../lib/gcc/nios2-elf/4.1.2/../../../../nios2-elf/lib/libc.a(lib_a-vfscanf.o)
 .bss           0x008204e0        0x0 /OPT/altera/12.1/nios2eds/bin/gnu/H-i686-pc-linux-gnu/bin/../lib/gcc/nios2-elf/4.1.2/../../../../nios2-elf/lib/libc.a(lib_a-writer.o)
 .bss           0x008204e0        0x0 /OPT/altera/12.1/nios2eds/bin/gnu/H-i686-pc-linux-gnu/bin/../lib/gcc/nios2-elf/4.1.2/../../../../nios2-elf/lib/libc.a(lib_a-wsetup.o)
 .bss           0x008204e0        0x0 /OPT/altera/12.1/nios2eds/bin/gnu/H-i686-pc-linux-gnu/bin/../lib/gcc/nios2-elf/4.1.2/../../../../nios2-elf/lib/libc.a(lib_a-closer.o)
 .bss           0x008204e0        0x0 /OPT/altera/12.1/nios2eds/bin/gnu/H-i686-pc-linux-gnu/bin/../lib/gcc/nios2-elf/4.1.2/../../../../nios2-elf/lib/libc.a(lib_a-ctype_.o)
 .bss           0x008204e0        0x0 /OPT/altera/12.1/nios2eds/bin/gnu/H-i686-pc-linux-gnu/bin/../lib/gcc/nios2-elf/4.1.2/../../../../nios2-elf/lib/libc.a(lib_a-dtoa.o)
 .bss           0x008204e0        0x0 /OPT/altera/12.1/nios2eds/bin/gnu/H-i686-pc-linux-gnu/bin/../lib/gcc/nios2-elf/4.1.2/../../../../nios2-elf/lib/libc.a(lib_a-fclose.o)
 .bss           0x008204e0        0x0 /OPT/altera/12.1/nios2eds/bin/gnu/H-i686-pc-linux-gnu/bin/../lib/gcc/nios2-elf/4.1.2/../../../../nios2-elf/lib/libc.a(lib_a-flags.o)
 .bss           0x008204e0        0x0 /OPT/altera/12.1/nios2eds/bin/gnu/H-i686-pc-linux-gnu/bin/../lib/gcc/nios2-elf/4.1.2/../../../../nios2-elf/lib/libc.a(lib_a-fread.o)
 .bss           0x008204e0        0x0 /OPT/altera/12.1/nios2eds/bin/gnu/H-i686-pc-linux-gnu/bin/../lib/gcc/nios2-elf/4.1.2/../../../../nios2-elf/lib/libc.a(lib_a-freer.o)
 .bss           0x008204e0        0x0 /OPT/altera/12.1/nios2eds/bin/gnu/H-i686-pc-linux-gnu/bin/../lib/gcc/nios2-elf/4.1.2/../../../../nios2-elf/lib/libc.a(lib_a-fvwrite.o)
 .bss           0x008204e0        0x0 /OPT/altera/12.1/nios2eds/bin/gnu/H-i686-pc-linux-gnu/bin/../lib/gcc/nios2-elf/4.1.2/../../../../nios2-elf/lib/libc.a(lib_a-isattyr.o)
 .bss           0x008204e0        0x0 /OPT/altera/12.1/nios2eds/bin/gnu/H-i686-pc-linux-gnu/bin/../lib/gcc/nios2-elf/4.1.2/../../../../nios2-elf/lib/libc.a(lib_a-iswspace.o)
 .bss           0x008204e0        0x0 /OPT/altera/12.1/nios2eds/bin/gnu/H-i686-pc-linux-gnu/bin/../lib/gcc/nios2-elf/4.1.2/../../../../nios2-elf/lib/libc.a(lib_a-locale.o)
 .bss           0x008204e0        0x0 /OPT/altera/12.1/nios2eds/bin/gnu/H-i686-pc-linux-gnu/bin/../lib/gcc/nios2-elf/4.1.2/../../../../nios2-elf/lib/libc.a(lib_a-lseekr.o)
 .bss           0x008204e0        0x0 /OPT/altera/12.1/nios2eds/bin/gnu/H-i686-pc-linux-gnu/bin/../lib/gcc/nios2-elf/4.1.2/../../../../nios2-elf/lib/libc.a(lib_a-mbrtowc.o)
 .bss           0x008204e0        0x0 /OPT/altera/12.1/nios2eds/bin/gnu/H-i686-pc-linux-gnu/bin/../lib/gcc/nios2-elf/4.1.2/../../../../nios2-elf/lib/libc.a(lib_a-mbtowc_r.o)
 .bss           0x008204e0        0x0 /OPT/altera/12.1/nios2eds/bin/gnu/H-i686-pc-linux-gnu/bin/../lib/gcc/nios2-elf/4.1.2/../../../../nios2-elf/lib/libc.a(lib_a-memchr.o)
 .bss           0x008204e0        0x0 /OPT/altera/12.1/nios2eds/bin/gnu/H-i686-pc-linux-gnu/bin/../lib/gcc/nios2-elf/4.1.2/../../../../nios2-elf/lib/libc.a(lib_a-memcpy.o)
 .bss           0x008204e0        0x0 /OPT/altera/12.1/nios2eds/bin/gnu/H-i686-pc-linux-gnu/bin/../lib/gcc/nios2-elf/4.1.2/../../../../nios2-elf/lib/libc.a(lib_a-memmove.o)
 .bss           0x008204e0        0x0 /OPT/altera/12.1/nios2eds/bin/gnu/H-i686-pc-linux-gnu/bin/../lib/gcc/nios2-elf/4.1.2/../../../../nios2-elf/lib/libc.a(lib_a-mprec.o)
 .bss           0x008204e0        0x0 /OPT/altera/12.1/nios2eds/bin/gnu/H-i686-pc-linux-gnu/bin/../lib/gcc/nios2-elf/4.1.2/../../../../nios2-elf/lib/libc.a(lib_a-readr.o)
 .bss           0x008204e0        0x0 /OPT/altera/12.1/nios2eds/bin/gnu/H-i686-pc-linux-gnu/bin/../lib/gcc/nios2-elf/4.1.2/../../../../nios2-elf/lib/libc.a(lib_a-reallocr.o)