Archive member included because of file (symbol)

/OPT/altera/12.1/nios2eds/bin/gnu/H-i686-pc-linux-gnu/bin/../lib/gcc/nios2-elf/4.1.2/../../../../nios2-elf/lib/mno-hw-mul/libc.a(lib_a-malloc.o)
                              obj/default/main.o (free)
/OPT/altera/12.1/nios2eds/bin/gnu/H-i686-pc-linux-gnu/bin/../lib/gcc/nios2-elf/4.1.2/../../../../nios2-elf/lib/mno-hw-mul/libc.a(lib_a-mallocr.o)
                              /OPT/altera/12.1/nios2eds/bin/gnu/H-i686-pc-linux-gnu/bin/../lib/gcc/nios2-elf/4.1.2/../../../../nios2-elf/lib/mno-hw-mul/libc.a(lib_a-malloc.o) (_malloc_r)
/OPT/altera/12.1/nios2eds/bin/gnu/H-i686-pc-linux-gnu/bin/../lib/gcc/nios2-elf/4.1.2/../../../../nios2-elf/lib/mno-hw-mul/libc.a(lib_a-printf.o)
                              obj/default/main.o (printf)
/OPT/altera/12.1/nios2eds/bin/gnu/H-i686-pc-linux-gnu/bin/../lib/gcc/nios2-elf/4.1.2/../../../../nios2-elf/lib/mno-hw-mul/libc.a(lib_a-putchar.o)
                              obj/default/uart.o (putchar)
/OPT/altera/12.1/nios2eds/bin/gnu/H-i686-pc-linux-gnu/bin/../lib/gcc/nios2-elf/4.1.2/../../../../nios2-elf/lib/mno-hw-mul/libc.a(lib_a-puts.o)
                              obj/default/main.o (puts)
/OPT/altera/12.1/nios2eds/bin/gnu/H-i686-pc-linux-gnu/bin/../lib/gcc/nios2-elf/4.1.2/../../../../nios2-elf/lib/mno-hw-mul/libc.a(lib_a-sbrkr.o)
                              /OPT/altera/12.1/nios2eds/bin/gnu/H-i686-pc-linux-gnu/bin/../lib/gcc/nios2-elf/4.1.2/../../../../nios2-elf/lib/mno-hw-mul/libc.a(lib_a-mallocr.o) (_sbrk_r)
/OPT/altera/12.1/nios2eds/bin/gnu/H-i686-pc-linux-gnu/bin/../lib/gcc/nios2-elf/4.1.2/../../../../nios2-elf/lib/mno-hw-mul/libc.a(lib_a-sprintf.o)
                              obj/default/main.o (sprintf)
/OPT/altera/12.1/nios2eds/bin/gnu/H-i686-pc-linux-gnu/bin/../lib/gcc/nios2-elf/4.1.2/../../../../nios2-elf/lib/mno-hw-mul/libc.a(lib_a-sscanf.o)
                              obj/default/command.o (sscanf)
/OPT/altera/12.1/nios2eds/bin/gnu/H-i686-pc-linux-gnu/bin/../lib/gcc/nios2-elf/4.1.2/../../../../nios2-elf/lib/mno-hw-mul/libc.a(lib_a-strlen.o)
                              /OPT/altera/12.1/nios2eds/bin/gnu/H-i686-pc-linux-gnu/bin/../lib/gcc/nios2-elf/4.1.2/../../../../nios2-elf/lib/mno-hw-mul/libc.a(lib_a-puts.o) (strlen)
/OPT/altera/12.1/nios2eds/bin/gnu/H-i686-pc-linux-gnu/bin/../lib/gcc/nios2-elf/4.1.2/../../../../nios2-elf/lib/mno-hw-mul/libc.a(lib_a-strncmp.o)
                              obj/default/command.o (strncmp)
/OPT/altera/12.1/nios2eds/bin/gnu/H-i686-pc-linux-gnu/bin/../lib/gcc/nios2-elf/4.1.2/../../../../nios2-elf/lib/mno-hw-mul/libc.a(lib_a-vfprintf.o)
                              /OPT/altera/12.1/nios2eds/bin/gnu/H-i686-pc-linux-gnu/bin/../lib/gcc/nios2-elf/4.1.2/../../../../nios2-elf/lib/mno-hw-mul/libc.a(lib_a-printf.o) (___vfprintf_internal_r)
/OPT/altera/12.1/nios2eds/bin/gnu/H-i686-pc-linux-gnu/bin/../lib/gcc/nios2-elf/4.1.2/../../../../nios2-elf/lib/mno-hw-mul/libc.a(lib_a-vfscanf.o)
                              /OPT/altera/12.1/nios2eds/bin/gnu/H-i686-pc-linux-gnu/bin/../lib/gcc/nios2-elf/4.1.2/../../../../nios2-elf/lib/mno-hw-mul/libc.a(lib_a-sscanf.o) (__svfscanf_r)
/OPT/altera/12.1/nios2eds/bin/gnu/H-i686-pc-linux-gnu/bin/../lib/gcc/nios2-elf/4.1.2/../../../../nios2-elf/lib/mno-hw-mul/libc.a(lib_a-wsetup.o)
                              /OPT/altera/12.1/nios2eds/bin/gnu/H-i686-pc-linux-gnu/bin/../lib/gcc/nios2-elf/4.1.2/../../../../nios2-elf/lib/mno-hw-mul/libc.a(lib_a-vfprintf.o) (__swsetup_r)
/OPT/altera/12.1/nios2eds/bin/gnu/H-i686-pc-linux-gnu/bin/../lib/gcc/nios2-elf/4.1.2/../../../../nios2-elf/lib/mno-hw-mul/libc.a(lib_a-ctype_.o)
                              /OPT/altera/12.1/nios2eds/bin/gnu/H-i686-pc-linux-gnu/bin/../lib/gcc/nios2-elf/4.1.2/../../../../nios2-elf/lib/mno-hw-mul/libc.a(lib_a-vfscanf.o) (__ctype_ptr)
/OPT/altera/12.1/nios2eds/bin/gnu/H-i686-pc-linux-gnu/bin/../lib/gcc/nios2-elf/4.1.2/../../../../nios2-elf/lib/mno-hw-mul/libc.a(lib_a-dtoa.o)
                              /OPT/altera/12.1/nios2eds/bin/gnu/H-i686-pc-linux-gnu/bin/../lib/gcc/nios2-elf/4.1.2/../../../../nios2-elf/lib/mno-hw-mul/libc.a(lib_a-vfprintf.o) (_dtoa_r)
/OPT/altera/12.1/nios2eds/bin/gnu/H-i686-pc-linux-gnu/bin/../lib/gcc/nios2-elf/4.1.2/../../../../nios2-elf/lib/mno-hw-mul/libc.a(lib_a-fflush.o)
                              /OPT/altera/12.1/nios2eds/bin/gnu/H-i686-pc-linux-gnu/bin/../lib/gcc/nios2-elf/4.1.2/../../../../nios2-elf/lib/mno-hw-mul/libc.a(lib_a-vfprintf.o) (_fflush_r)
/OPT/altera/12.1/nios2eds/bin/gnu/H-i686-pc-linux-gnu/bin/../lib/gcc/nios2-elf/4.1.2/../../../../nios2-elf/lib/mno-hw-mul/libc.a(lib_a-findfp.o)
                              /OPT/altera/12.1/nios2eds/bin/gnu/H-i686-pc-linux-gnu/bin/../lib/gcc/nios2-elf/4.1.2/../../../../nios2-elf/lib/mno-hw-mul/libc.a(lib_a-vfprintf.o) (__sinit)
/OPT/altera/12.1/nios2eds/bin/gnu/H-i686-pc-linux-gnu/bin/../lib/gcc/nios2-elf/4.1.2/../../../../nios2-elf/lib/mno-hw-mul/libc.a(lib_a-fread.o)
[...]
Memory Configuration

Name             Origin             Length             Attributes
sdram_0          0x00800000         0x00800000
sram_0           0x01080000         0x00080000
reset            0x01104000         0x00000020
onchip_memory2_0 0x01104020         0x00003fe0
*default*        0x00000000         0xffffffff

Linker script and memory map

LOAD ../TiltMazeController_bsp//obj/HAL/src/crt0.o
LOAD obj/default/command.o
LOAD obj/default/main.o
LOAD obj/default/servo.o
LOAD obj/default/uart.o
LOAD /OPT/altera/12.1/nios2eds/bin/gnu/H-i686-pc-linux-gnu/bin/../lib/gcc/nios2-elf/4.1.2/../../../../nios2-elf/lib/mno-hw-mul/libstdc++.a
LOAD /OPT/altera/12.1/nios2eds/bin/gnu/H-i686-pc-linux-gnu/bin/../lib/gcc/nios2-elf/4.1.2/../../../../nios2-elf/lib/mno-hw-mul/libm.a
LOAD /OPT/altera/12.1/nios2eds/bin/gnu/H-i686-pc-linux-gnu/bin/../lib/gcc/nios2-elf/4.1.2/mno-hw-mul/libgcc.a
START GROUP
LOAD /OPT/altera/12.1/nios2eds/bin/gnu/H-i686-pc-linux-gnu/bin/../lib/gcc/nios2-elf/4.1.2/../../../../nios2-elf/lib/mno-hw-mul/libc.a
LOAD /OPT/altera/12.1/nios2eds/bin/gnu/H-i686-pc-linux-gnu/bin/../lib/gcc/nios2-elf/4.1.2/mno-hw-mul/libgcc.a
LOAD ../TiltMazeController_bsp//libucosii_bsp.a
END GROUP
LOAD /OPT/altera/12.1/nios2eds/bin/gnu/H-i686-pc-linux-gnu/bin/../lib/gcc/nios2-elf/4.1.2/mno-hw-mul/libgcc.a
                0x00800000                __alt_mem_sdram_0 = 0x800000
                0x01080000                __alt_mem_sram_0 = 0x1080000
                0x01104000                __alt_mem_onchip_memory2_0 = 0x1104000

.entry          0x01104000       0x20
 *(.entry)
 .entry         0x01104000       0x20 ../TiltMazeController_bsp//obj/HAL/src/crt0.o
                0x01104000                __reset

.exceptions     0x01104020      0x1a0 load address 0x00800000
                0x01104020                PROVIDE (__ram_exceptions_start, ABSOLUTE (.))
                0x01104020                . = ALIGN (0x20)
 *(.irq)
 *(.exceptions.entry.label)
 .exceptions.entry.label
                0x01104020        0x0 ../TiltMazeController_bsp//libucosii_bsp.a(alt_irq_entry.o)
                0x01104020                alt_irq_entry
 .exceptions.entry.label
                0x01104020        0x0 ../TiltMazeController_bsp//libucosii_bsp.a(alt_exception_entry.o)
                0x01104020                alt_exception
 *(.exceptions.entry.user)
 *(.exceptions.entry)
 .exceptions.entry
                0x01104020       0x54 ../TiltMazeController_bsp//libucosii_bsp.a(alt_exception_entry.o)
 *(.exceptions.irqtest.user)
 *(.exceptions.irqtest)
 .exceptions.irqtest
                0x01104074       0x10 ../TiltMazeController_bsp//libucosii_bsp.a(alt_irq_entry.o)
 *(.exceptions.irqhandler.user)
 *(.exceptions.irqhandler)
 .exceptions.irqhandler
                0x01104084        0x4 ../TiltMazeController_bsp//libucosii_bsp.a(alt_irq_entry.o)
 *(.exceptions.irqreturn.user)
 *(.exceptions.irqreturn)
 .exceptions.irqreturn
                0x01104088        0x4 ../TiltMazeController_bsp//libucosii_bsp.a(alt_irq_entry.o)
 *(.exceptions.notirq.label)
 .exceptions.notirq.label
                0x0110408c        0x0 ../TiltMazeController_bsp//libucosii_bsp.a(alt_irq_entry.o)
 *(.exceptions.notirq.user)
 *(.exceptions.notirq)
 .exceptions.notirq
                0x0110408c        0x8 ../TiltMazeController_bsp//libucosii_bsp.a(alt_exception_entry.o)
 *(.exceptions.soft.user)
 *(.exceptions.soft)
 *(.exceptions.unknown.user)
 *(.exceptions.unknown)
 .exceptions.unknown
                0x01104094        0x4 ../TiltMazeController_bsp//libucosii_bsp.a(alt_exception_entry.o)
 *(.exceptions.exit.label)
 .exceptions.exit.label
                0x01104098        0x0 ../TiltMazeController_bsp//libucosii_bsp.a(alt_irq_entry.o)
 .exceptions.exit.label
                0x01104098        0x0 ../TiltMazeController_bsp//libucosii_bsp.a(alt_exception_entry.o)
 *(.exceptions.exit.user)
 *(.exceptions.exit)
 .exceptions.exit
                0x01104098       0x54 ../TiltMazeController_bsp//libucosii_bsp.a(alt_exception_entry.o)
 *(.exceptions)
 .exceptions    0x011040ec       0xd4 ../TiltMazeController_bsp//libucosii_bsp.a(alt_irq_handler.o)
                0x011040ec                alt_irq_handler
                0x011041c0                PROVIDE (__ram_exceptions_end, ABSOLUTE (.))
                0x00800000                PROVIDE (__flash_exceptions_start, LOADADDR (.exceptions))

.text           0x008001a0    0x1c11c
                0x008001a0                PROVIDE (stext, ABSOLUTE (.))
 *(.interp)
 *(.hash)
 *(.dynsym)
 *(.dynstr)
 *(.gnu.version)
 *(.gnu.version_d)
 *(.gnu.version_r)
 *(.rel.init)
 *(.rela.init)
 *(.rel.text .rel.text.* .rel.gnu.linkonce.t.*)
 *(.rela.text .rela.text.* .rela.gnu.linkonce.t.*)
 *(.rel.fini)
 *(.rela.fini)
 *(.rel.rodata .rel.rodata.* .rel.gnu.linkonce.r.*)
 *(.rela.rodata .rela.rodata.* .rela.gnu.linkonce.r.*)
 *(.rel.data .rel.data.* .rel.gnu.linkonce.d.*)
 *(.rela.data .rela.data.* .rela.gnu.linkonce.d.*)
 *(.rel.tdata .rel.tdata.* .rel.gnu.linkonce.td.*)
 *(.rela.tdata .rela.tdata.* .rela.gnu.linkonce.td.*)
 *(.rel.tbss .rel.tbss.* .rel.gnu.linkonce.tb.*)
 *(.rela.tbss .rela.tbss.* .rela.gnu.linkonce.tb.*)
 *(.rel.ctors)
 *(.rela.ctors)
 *(.rel.dtors)
 *(.rela.dtors)
 *(.rel.got)
 *(.rela.got)
 *(.rel.sdata .rel.sdata.* .rel.gnu.linkonce.s.*)
 *(.rela.sdata .rela.sdata.* .rela.gnu.linkonce.s.*)
 *(.rel.sbss .rel.sbss.* .rel.gnu.linkonce.sb.*)
 *(.rela.sbss .rela.sbss.* .rela.gnu.linkonce.sb.*)
 *(.rel.sdata2 .rel.sdata2.* .rel.gnu.linkonce.s2.*)
 *(.rela.sdata2 .rela.sdata2.* .rela.gnu.linkonce.s2.*)
 *(.rel.sbss2 .rel.sbss2.* .rel.gnu.linkonce.sb2.*)
 *(.rela.sbss2 .rela.sbss2.* .rela.gnu.linkonce.sb2.*)
 *(.rel.bss .rel.bss.* .rel.gnu.linkonce.b.*)
 *(.rela.bss .rela.bss.* .rela.gnu.linkonce.b.*)
 *(.rel.plt)
 *(.rela.plt)
 *(.rel.dyn)
 *(.init)
 *(.plt)
 *(.text .stub .text.* .gnu.linkonce.t.*)
 .text          0x008001a0       0x3c ../TiltMazeController_bsp//obj/HAL/src/crt0.o
                0x008001a0                _start
 .text          0x008001dc      0x18c obj/default/command.o
                0x008001dc                process_cmd_buf
                0x00800320                get_arg
 .text          0x00800368      0x318 obj/default/main.o
                0x00800368                maintask
                0x00800548                main
 .text          0x00800680      0x314 obj/default/servo.o
                0x00800680                servo_init
                0x008006c8                servotask
                0x008007c0                moveTowardsTarget
                0x00800838                checkRotationLimits
                0x00800890                button_read
 .text          0x00800994      0x444 obj/default/uart.o
                0x00800994                uart_init
                0x008009dc                uarttask
                0x00800ccc                uart_write
 .text          0x00800dd8       0x28 /OPT/altera/12.1/nios2eds/bin/gnu/H-i686-pc-linux-gnu/bin/../lib/gcc/nios2-elf/4.1.2/../../../../nios2-elf/lib/mno-hw-mul/libc.a(lib_a-malloc.o)
                0x00800dd8                free
                0x00800dec                malloc
 .text          0x00800e00      0x740 /OPT/altera/12.1/nios2eds/bin/gnu/H-i686-pc-linux-gnu/bin/../lib/gcc/nios2-elf/4.1.2/../../../../nios2-elf/lib/mno-hw-mul/libc.a(lib_a-mallocr.o)
                0x00800e00                _malloc_r
 .text          0x00801540       0x78 /OPT/altera/12.1/nios2eds/bin/gnu/H-i686-pc-linux-gnu/bin/../lib/gcc/nios2-elf/4.1.2/../../../../nios2-elf/lib/mno-hw-mul/libc.a(lib_a-printf.o)
                0x00801540                printf
                0x00801584                _printf_r
 .text          0x008015b8       0x24 /OPT/altera/12.1/nios2eds/bin/gnu/H-i686-pc-linux-gnu/bin/../lib/gcc/nios2-elf/4.1.2/../../../../nios2-elf/lib/mno-hw-mul/libc.a(lib_a-putchar.o)
                0x008015b8                putchar
                0x008015d4                _putchar_r
 .text          0x008015dc       0xb4 /OPT/altera/12.1/nios2eds/bin/gnu/H-i686-pc-linux-gnu/bin/../lib/gcc/nios2-elf/4.1.2/../../../../nios2-elf/lib/mno-hw-mul/libc.a(lib_a-puts.o)
                0x008015dc                _puts_r
                0x0080167c                puts
 .text          0x00801690       0x70 /OPT/altera/12.1/nios2eds/bin/gnu/H-i686-pc-linux-gnu/bin/../lib/gcc/nios2-elf/4.1.2/../../../../nios2-elf/lib/mno-hw-mul/libc.a(lib_a-sbrkr.o)
                0x00801690                _sbrk_r
 .text          0x00801700       0xd4 /OPT/altera/12.1/nios2eds/bin/gnu/H-i686-pc-linux-gnu/bin/../lib/gcc/nios2-elf/4.1.2/../../../../nios2-elf/lib/mno-hw-mul/libc.a(lib_a-sprintf.o)
                0x00801700                sprintf
                0x00801774                _sprintf_r
 .text          0x008017d4      0x114 /OPT/altera/12.1/nios2eds/bin/gnu/H-i686-pc-linux-gnu/bin/../lib/gcc/nios2-elf/4.1.2/../../../../nios2-elf/lib/mno-hw-mul/libc.a(lib_a-sscanf.o)
                0x008017dc                _sscanf_r
                0x00801864                sscanf
 .text          0x008018e8       0x74 /OPT/altera/12.1/nios2eds/bin/gnu/H-i686-pc-linux-gnu/bin/../lib/gcc/nios2-elf/4.1.2/../../../../nios2-elf/lib/mno-hw-mul/libc.a(lib_a-strlen.o)
                0x008018e8                strlen
 .text          0x0080195c       0xf0 /OPT/altera/12.1/nios2eds/bin/gnu/H-i686-pc-linux-gnu/bin/../lib/gcc/nios2-elf/4.1.2/../../../../nios2-elf/lib/mno-hw-mul/libc.a(lib_a-strncmp.o)
                0x0080195c                strncmp
 .text          0x00801a4c     0x1f40 /OPT/altera/12.1/nios2eds/bin/gnu/H-i686-pc-linux-gnu/bin/../lib/gcc/nios2-elf/4.1.2/../../../../nios2-elf/lib/mno-hw-mul/libc.a(lib_a-vfprintf.o)
                0x00801aa4                ___vfprintf_internal_r
                0x00803968                __vfprintf_internal
 .text          0x0080398c     0x1788 /OPT/altera/12.1/nios2eds/bin/gnu/H-i686-pc-linux-gnu/bin/../lib/gcc/nios2-elf/4.1.2/../../../../nios2-elf/lib/mno-hw-mul/libc.a(lib_a-vfscanf.o)
                0x0080398c                __svfscanf_r
                0x00805014                __svfscanf
                0x00805038                _vfscanf_r
                0x008050a0                vfscanf
 .text          0x00805114      0x13c /OPT/altera/12.1/nios2eds/bin/gnu/H-i686-pc-linux-gnu/bin/../lib/gcc/nios2-elf/4.1.2/../../../../nios2-elf/lib/mno-hw-mul/libc.a(lib_a-wsetup.o)
                0x00805114                __swsetup_r
 .text          0x00805250        0x0 /OPT/altera/12.1/nios2eds/bin/gnu/H-i686-pc-linux-gnu/bin/../lib/gcc/nios2-elf/4.1.2/../../../../nios2-elf/lib/mno-hw-mul/libc.a(lib_a-ctype_.o)
 .text          0x00805250     0x17f8 /OPT/altera/12.1/nios2eds/bin/gnu/H-i686-pc-linux-gnu/bin/../lib/gcc/nios2-elf/4.1.2/../../../../nios2-elf/lib/mno-hw-mul/libc.a(lib_a-dtoa.o)
                0x00805494                _dtoa_r
 .text          0x00806a48      0x230 /OPT/altera/12.1/nios2eds/bin/gnu/H-i686-pc-linux-gnu/bin/../lib/gcc/nios2-elf/4.1.2/../../../../nios2-elf/lib/mno-hw-mul/libc.a(lib_a-fflush.o)
                0x00806a48                _fflush_r
                0x00806c44                fflush
 .text          0x00806c78      0x2f4 /OPT/altera/12.1/nios2eds/bin/gnu/H-i686-pc-linux-gnu/bin/../lib/gcc/nios2-elf/4.1.2/../../../../nios2-elf/lib/mno-hw-mul/libc.a(lib_a-findfp.o)
                0x00806cd0                __sfp_lock_acquire
                0x00806cd4                __sfp_lock_release
                0x00806cd8                __sinit_lock_acquire
                0x00806cdc                __sinit_lock_release
                0x00806ce0                __sinit
                0x00806d94                __fp_unlock_all
                0x00806dac                __fp_lock_all
                0x00806dc4                _cleanup_r
                0x00806dd0                _cleanup
                0x00806de0                __sfmoreglue
                0x00806e7c                __sfp
 .text          0x00806f6c      0x24c /OPT/altera/12.1/nios2eds/bin/gnu/H-i686-pc-linux-gnu/bin/../lib/gcc/nios2-elf/4.1.2/../../../../nios2-elf/lib/mno-hw-mul/libc.a(lib_a-fread.o)
                0x00806f6c                _fread_r
                0x00807178                fread
 .text          0x008071b8      0x440 /OPT/altera/12.1/nios2eds/bin/gnu/H-i686-pc-linux-gnu/bin/../lib/gcc/nios2-elf/4.1.2/../../../../nios2-elf/lib/mno-hw-mul/libc.a(lib_a-freer.o)
                0x008071b8                _malloc_trim_r
                0x008072e4                _free_r
 .text          0x008075f8      0x49c /OPT/altera/12.1/nios2eds/bin/gnu/H-i686-pc-linux-gnu/bin/../lib/gcc/nios2-elf/4.1.2/../../../../nios2-elf/lib/mno-hw-mul/libc.a(lib_a-fvwrite.o)
                0x008075f8                __sfvwrite_r
 .text          0x00807a94      0x180 /OPT/altera/12.1/nios2eds/bin/gnu/H-i686-pc-linux-gnu/bin/../lib/gcc/nios2-elf/4.1.2/../../../../nios2-elf/lib/mno-hw-mul/libc.a(lib_a-fwalk.o)
                0x00807a94                _fwalk_reent
                0x00807b5c                _fwalk
 .text          0x00807c14        0x0 /OPT/altera/12.1/nios2eds/bin/gnu/H-i686-pc-linux-gnu/bin/../lib/gcc/nios2-elf/4.1.2/../../../../nios2-elf/lib/mno-hw-mul/libc.a(lib_a-impure.o)
 .text          0x00807c14        0x0 /OPT/altera/12.1/nios2eds/bin/gnu/H-i686-pc-linux-gnu/bin/../lib/gcc/nios2-elf/4.1.2/../../../../nios2-elf/lib/mno-hw-mul/libc.a(lib_a-int_errno.o)
 .text          0x00807c14       0x2c /OPT/altera/12.1/nios2eds/bin/gnu/H-i686-pc-linux-gnu/bin/../lib/gcc/nios2-elf/4.1.2/../../../../nios2-elf/lib/mno-hw-mul/libc.a(lib_a-iswspace.o)
                0x00807c14                iswspace
 .text          0x00807c40       0xc4 /OPT/altera/12.1/nios2eds/bin/gnu/H-i686-pc-linux-gnu/bin/../lib/gcc/nios2-elf/4.1.2/../../../../nios2-elf/lib/mno-hw-mul/libc.a(lib_a-locale.o)
                0x00807c40                __locale_charset
                0x00807c48                _localeconv_r
                0x00807c54                localeconv
                0x00807c64                _setlocale_r
                0x00807ce8                setlocale
 .text          0x00807d04      0x194 /OPT/altera/12.1/nios2eds/bin/gnu/H-i686-pc-linux-gnu/bin/../lib/gcc/nios2-elf/4.1.2/../../../../nios2-elf/lib/mno-hw-mul/libc.a(lib_a-makebuf.o)
                0x00807d04                __smakebuf_r
 .text          0x00807e98       0xc0 /OPT/altera/12.1/nios2eds/bin/gnu/H-i686-pc-linux-gnu/bin/../lib/gcc/nios2-elf/4.1.2/../../../../nios2-elf/lib/mno-hw-mul/libc.a(lib_a-mbrtowc.o)
                0x00807e98                _mbrtowc_r
                0x00807f18                mbrtowc
 .text          0x00807f58       0x40 /OPT/altera/12.1/nios2eds/bin/gnu/H-i686-pc-linux-gnu/bin/../lib/gcc/nios2-elf/4.1.2/../../../../nios2-elf/lib/mno-hw-mul/libc.a(lib_a-mbtowc_r.o)
                0x00807f58                _mbtowc_r
 .text          0x00807f98       0xe4 /OPT/altera/12.1/nios2eds/bin/gnu/H-i686-pc-linux-gnu/bin/../lib/gcc/nios2-elf/4.1.2/../../../../nios2-elf/lib/mno-hw-mul/libc.a(lib_a-memchr.o)
                0x00807f98                memchr
 .text          0x0080807c       0xa0 /OPT/altera/12.1/nios2eds/bin/gnu/H-i686-pc-linux-gnu/bin/../lib/gcc/nios2-elf/4.1.2/../../../../nios2-elf/lib/mno-hw-mul/libc.a(lib_a-memcpy.o)
                0x0080807c                memcpy
 .text          0x0080811c       0xe0 /OPT/altera/12.1/nios2eds/bin/gnu/H-i686-pc-linux-gnu/bin/../lib/gcc/nios2-elf/4.1.2/../../../../nios2-elf/lib/mno-hw-mul/libc.a(lib_a-memmove.o)
                0x0080811c                memmove
 .text          0x008081fc       0x98 /OPT/altera/12.1/nios2eds/bin/gnu/H-i686-pc-linux-gnu/bin/../lib/gcc/nios2-elf/4.1.2/../../../../nios2-elf/lib/mno-hw-mul/libc.a(lib_a-memset.o)
                0x008081fc                memset
 .text          0x00808294     0x108c /OPT/altera/12.1/nios2eds/bin/gnu/H-i686-pc-linux-gnu/bin/../lib/gcc/nios2-elf/4.1.2/../../../../nios2-elf/lib/mno-hw-mul/libc.a(lib_a-mprec.o)
                0x00808294                _Bfree
                0x008082bc                __hi0bits
                0x0080832c                __lo0bits
                0x008083f0                __mcmp
                0x00808450                __ulp
                0x008084d0                __b2d
                0x008085f0                __ratio
                0x008086a0                _mprec_log10
                0x00808734                __copybits
                0x0080878c                __any_on
                0x00808814                _Balloc
                0x008088d0                __d2b
                0x00808a4c                __mdiff
                0x00808bd8                __lshift
                0x00808d24                __multiply
                0x00808f78                __i2b
                0x00808fb4                __multadd
                0x008090e0                __pow5mult
                0x00809200                __s2b
 .text          0x00809320      0x1ec /OPT/altera/12.1/nios2eds/bin/gnu/H-i686-pc-linux-gnu/bin/../lib/gcc/nios2-elf/4.1.2/../../../../nios2-elf/lib/mno-hw-mul/libc.a(lib_a-putc.o)
                0x00809320                putc
                0x00809424                _putc_r
 .text          0x0080950c      0x5f4 /OPT/altera/12.1/nios2eds/bin/gnu/H-i686-pc-linux-gnu/bin/../lib/gcc/nios2-elf/4.1.2/../../../../nios2-elf/lib/mno-hw-mul/libc.a(lib_a-reallocr.o)
                0x0080950c                _realloc_r
 .text          0x00809b00      0x1e0 /OPT/altera/12.1/nios2eds/bin/gnu/H-i686-pc-linux-gnu/bin/../lib/gcc/nios2-elf/4.1.2/../../../../nios2-elf/lib/mno-hw-mul/libc.a(lib_a-refill.o)
                0x00809b00                __srefill_r
 .text          0x00809ce0       0x40 /OPT/altera/12.1/nios2eds/bin/gnu/H-i686-pc-linux-gnu/bin/../lib/gcc/nios2-elf/4.1.2/../../../../nios2-elf/lib/mno-hw-mul/libc.a(lib_a-s_isinfd.o)
                0x00809ce0                __isinfd
 .text          0x00809d20       0x30 /OPT/altera/12.1/nios2eds/bin/gnu/H-i686-pc-linux-gnu/bin/../lib/gcc/nios2-elf/4.1.2/../../../../nios2-elf/lib/mno-hw-mul/libc.a(lib_a-s_isnand.o)
                0x00809d20                __isnand
 .text          0x00809d50       0xc0 /OPT/altera/12.1/nios2eds/bin/gnu/H-i686-pc-linux-gnu/bin/../lib/gcc/nios2-elf/4.1.2/../../../../nios2-elf/lib/mno-hw-mul/libc.a(lib_a-sccl.o)
                0x00809d50                __sccl
 .text          0x00809e10        0x8 /OPT/altera/12.1/nios2eds/bin/gnu/H-i686-pc-linux-gnu/bin/../lib/gcc/nios2-elf/4.1.2/../../../../nios2-elf/lib/mno-hw-mul/libc.a(lib_a-sf_nan.o)
                0x00809e10                nanf
 .text          0x00809e18      0x14c /OPT/altera/12.1/nios2eds/bin/gnu/H-i686-pc-linux-gnu/bin/../lib/gcc/nios2-elf/4.1.2/../../../../nios2-elf/lib/mno-hw-mul/libc.a(lib_a-stdio.o)
                0x00809e18                __sclose
                0x00809e20                __sseek
                0x00809e88                __swrite
                0x00809f04                __sread
 .text          0x00809f64       0xbc /OPT/altera/12.1/nios2eds/bin/gnu/H-i686-pc-linux-gnu/bin/../lib/gcc/nios2-elf/4.1.2/../../../../nios2-elf/lib/mno-hw-mul/libc.a(lib_a-strcmp.o)
                0x00809f64                strcmp
 .text          0x0080a020     0x1754 /OPT/altera/12.1/nios2eds/bin/gnu/H-i686-pc-linux-gnu/bin/../lib/gcc/nios2-elf/4.1.2/../../../../nios2-elf/lib/mno-hw-mul/libc.a(lib_a-strtod.o)
                0x0080a068                _strtod_r
                0x0080b634                strtof
                0x0080b758                strtod
 .text          0x0080b774      0x274 /OPT/altera/12.1/nios2eds/bin/gnu/H-i686-pc-linux-gnu/bin/../lib/gcc/nios2-elf/4.1.2/../../../../nios2-elf/lib/mno-hw-mul/libc.a(lib_a-strtol.o)
                0x0080b774                _strtol_r
                0x0080b9c4                strtol
 .text          0x0080b9e8      0x318 /OPT/altera/12.1/nios2eds/bin/gnu/H-i686-pc-linux-gnu/bin/../lib/gcc/nios2-elf/4.1.2/../../../../nios2-elf/lib/mno-hw-mul/libc.a(lib_a-strtoll_r.o)
                0x0080b9e8                _strtoll_r
 .text          0x0080bd00      0x264 /OPT/altera/12.1/nios2eds/bin/gnu/H-i686-pc-linux-gnu/bin/../lib/gcc/nios2-elf/4.1.2/../../../../nios2-elf/lib/mno-hw-mul/libc.a(lib_a-strtoul.o)
                0x0080bd00                _strtoul_r
                0x0080bf40                strtoul
 .text          0x0080bf64      0x2f0 /OPT/altera/12.1/nios2eds/bin/gnu/H-i686-pc-linux-gnu/bin/../lib/gcc/nios2-elf/4.1.2/../../../../nios2-elf/lib/mno-hw-mul/libc.a(lib_a-strtoull_r.o)
                0x0080bf64                _strtoull_r
 .text          0x0080c254      0x294 /OPT/altera/12.1/nios2eds/bin/gnu/H-i686-pc-linux-gnu/bin/../lib/gcc/nios2-elf/4.1.2/../../../../nios2-elf/lib/mno-hw-mul/libc.a(lib_a-ungetc.o)
                0x0080c254                __submore
                0x0080c330                _ungetc_r
                0x0080c4cc                ungetc
 .text          0x0080c4e8      0x14c /OPT/altera/12.1/nios2eds/bin/gnu/H-i686-pc-linux-gnu/bin/../lib/gcc/nios2-elf/4.1.2/../../../../nios2-elf/lib/mno-hw-mul/libc.a(lib_a-wbuf.o)
                0x0080c4e8                __swbuf_r
                0x0080c618                __swbuf
 .text          0x0080c634       0x78 /OPT/altera/12.1/nios2eds/bin/gnu/H-i686-pc-linux-gnu/bin/../lib/gcc/nios2-elf/4.1.2/../../../../nios2-elf/lib/mno-hw-mul/libc.a(lib_a-writer.o)
                0x0080c634                _write_r
 .text          0x0080c6ac       0xc8 /OPT/altera/12.1/nios2eds/bin/gnu/H-i686-pc-linux-gnu/bin/../lib/gcc/nios2-elf/4.1.2/../../../../nios2-elf/lib/mno-hw-mul/libc.a(lib_a-callocr.o)
                0x0080c6ac                _calloc_r
 .text          0x0080c774       0x70 /OPT/altera/12.1/nios2eds/bin/gnu/H-i686-pc-linux-gnu/bin/../lib/gcc/nios2-elf/4.1.2/../../../../nios2-elf/lib/mno-hw-mul/libc.a(lib_a-closer.o)
                0x0080c774                _close_r
 .text          0x0080c7e4      0x124 /OPT/altera/12.1/nios2eds/bin/gnu/H-i686-pc-linux-gnu/bin/../lib/gcc/nios2-elf/4.1.2/../../../../nios2-elf/lib/mno-hw-mul/libc.a(lib_a-fclose.o)
                0x0080c7e4                _fclose_r
                0x0080c8f4                fclose
 .text          0x0080c908       0x74 /OPT/altera/12.1/nios2eds/bin/gnu/H-i686-pc-linux-gnu/bin/../lib/gcc/nios2-elf/4.1.2/../../../../nios2-elf/lib/mno-hw-mul/libc.a(lib_a-fstatr.o)
                0x0080c908                _fstat_r
 .text          0x0080c97c      0x938 /OPT/altera/12.1/nios2eds/bin/gnu/H-i686-pc-linux-gnu/bin/../lib/gcc/nios2-elf/4.1.2/../../../../nios2-elf/lib/mno-hw-mul/libc.a(lib_a-gdtoa-gethex.o)
                0x0080c9a0                __hexdig_init
                0x0080cab8                __gethex
 .text          0x0080d2b4      0x294 /OPT/altera/12.1/nios2eds/bin/gnu/H-i686-pc-linux-gnu/bin/../lib/gcc/nios2-elf/4.1.2/../../../../nios2-elf/lib/mno-hw-mul/libc.a(lib_a-gdtoa-hexnan.o)
                0x0080d300                __hexnan
 .text          0x0080d548       0x70 /OPT/altera/12.1/nios2eds/bin/gnu/H-i686-pc-linux-gnu/bin/../lib/gcc/nios2-elf/4.1.2/../../../../nios2-elf/lib/mno-hw-mul/libc.a(lib_a-isattyr.o)
                0x0080d548                _isatty_r
 .text          0x0080d5b8       0x78 /OPT/altera/12.1/nios2eds/bin/gnu/H-i686-pc-linux-gnu/bin/../lib/gcc/nios2-elf/4.1.2/../../../../nios2-elf/lib/mno-hw-mul/libc.a(lib_a-lseekr.o)
                0x0080d5b8                _lseek_r
 .text          0x0080d630       0x78 /OPT/altera/12.1/nios2eds/bin/gnu/H-i686-pc-linux-gnu/bin/../lib/gcc/nios2-elf/4.1.2/../../../../nios2-elf/lib/mno-hw-mul/libc.a(lib_a-readr.o)
                0x0080d630                _read_r
 .text          0x0080d6a8      0x124 /OPT/altera/12.1/nios2eds/bin/gnu/H-i686-pc-linux-gnu/bin/../lib/gcc/nios2-elf/4.1.2/mno-hw-mul/libgcc.a(_muldi3.o)
                0x0080d6a8                __muldi3
 .text          0x0080d7cc       0xa4 /OPT/altera/12.1/nios2eds/bin/gnu/H-i686-pc-linux-gnu/bin/../lib/gcc/nios2-elf/4.1.2/mno-hw-mul/libgcc.a(_fixunsdfsi.o)
                0x0080d7cc                __fixunsdfsi
 .text          0x0080d870      0x66c /OPT/altera/12.1/nios2eds/bin/gnu/H-i686-pc-linux-gnu/bin/../lib/gcc/nios2-elf/4.1.2/mno-hw-mul/libgcc.a(_udivdi3.o)
                0x0080d870                __udivdi3
 .text          0x0080dedc      0x660 /OPT/altera/12.1/nios2eds/bin/gnu/H-i686-pc-linux-gnu/bin/../lib/gcc/nios2-elf/4.1.2/mno-hw-mul/libgcc.a(_umoddi3.o)
                0x0080dedc                __umoddi3
 .text          0x0080e53c       0x78 /OPT/altera/12.1/nios2eds/bin/gnu/H-i686-pc-linux-gnu/bin/../lib/gcc/nios2-elf/4.1.2/mno-hw-mul/libgcc.a(_ne_sf.o)
                0x0080e53c                __nesf2
 .text          0x0080e5b4       0x78 /OPT/altera/12.1/nios2eds/bin/gnu/H-i686-pc-linux-gnu/bin/../lib/gcc/nios2-elf/4.1.2/mno-hw-mul/libgcc.a(_gt_sf.o)
                0x0080e5b4                __gtsf2
 .text          0x0080e62c       0x78 /OPT/altera/12.1/nios2eds/bin/gnu/H-i686-pc-linux-gnu/bin/../lib/gcc/nios2-elf/4.1.2/mno-hw-mul/libgcc.a(_lt_sf.o)
                0x0080e62c                __ltsf2
 .text          0x0080e6a4      0x504 /OPT/altera/12.1/nios2eds/bin/gnu/H-i686-pc-linux-gnu/bin/../lib/gcc/nios2-elf/4.1.2/mno-hw-mul/libgcc.a(_addsub_df.o)
                0x0080eab4                __subdf3
                0x0080eb34                __adddf3
 .text          0x0080eba8      0x3c4 /OPT/altera/12.1/nios2eds/bin/gnu/H-i686-pc-linux-gnu/bin/../lib/gcc/nios2-elf/4.1.2/mno-hw-mul/libgcc.a(_mul_df.o)
                0x0080eba8                __muldf3
 .text          0x0080ef6c      0x258 /OPT/altera/12.1/nios2eds/bin/gnu/H-i686-pc-linux-gnu/bin/../lib/gcc/nios2-elf/4.1.2/mno-hw-mul/libgcc.a(_div_df.o)
                0x0080ef6c                __divdf3
 .text          0x0080f1c4       0x88 /OPT/altera/12.1/nios2eds/bin/gnu/H-i686-pc-linux-gnu/bin/../lib/gcc/nios2-elf/4.1.2/mno-hw-mul/libgcc.a(_eq_df.o)
                0x0080f1c4                __eqdf2
 .text          0x0080f24c       0x88 /OPT/altera/12.1/nios2eds/bin/gnu/H-i686-pc-linux-gnu/bin/../lib/gcc/nios2-elf/4.1.2/mno-hw-mul/libgcc.a(_ne_df.o)
                0x0080f24c                __nedf2
 .text          0x0080f2d4       0x88 /OPT/altera/12.1/nios2eds/bin/gnu/H-i686-pc-linux-gnu/bin/../lib/gcc/nios2-elf/4.1.2/mno-hw-mul/libgcc.a(_gt_df.o)
                0x0080f2d4                __gtdf2
 .text          0x0080f35c       0x88 /OPT/altera/12.1/nios2eds/bin/gnu/H-i686-pc-linux-gnu/bin/../lib/gcc/nios2-elf/4.1.2/mno-hw-mul/libgcc.a(_ge_df.o)
                0x0080f35c                __gedf2
 .text          0x0080f3e4       0x88 /OPT/altera/12.1/nios2eds/bin/gnu/H-i686-pc-linux-gnu/bin/../lib/gcc/nios2-elf/4.1.2/mno-hw-mul/libgcc.a(_lt_df.o)
                0x0080f3e4                __ltdf2
 .text          0x0080f46c       0x88 /OPT/altera/12.1/nios2eds/bin/gnu/H-i686-pc-linux-gnu/bin/../lib/gcc/nios2-elf/4.1.2/mno-hw-mul/libgcc.a(_le_df.o)
                0x0080f46c                __ledf2
 .text          0x0080f4f4       0xf8 /OPT/altera/12.1/nios2eds/bin/gnu/H-i686-pc-linux-gnu/bin/../lib/gcc/nios2-elf/4.1.2/mno-hw-mul/libgcc.a(_si_to_df.o)
                0x0080f4f4                __floatsidf
 .text          0x0080f5ec       0xd8 /OPT/altera/12.1/nios2eds/bin/gnu/H-i686-pc-linux-gnu/bin/../lib/gcc/nios2-elf/4.1.2/mno-hw-mul/libgcc.a(_df_to_si.o)
                0x0080f5ec                __fixdfsi
 .text          0x0080f6c4       0x74 /OPT/altera/12.1/nios2eds/bin/gnu/H-i686-pc-linux-gnu/bin/../lib/gcc/nios2-elf/4.1.2/mno-hw-mul/libgcc.a(_df_to_sf.o)
                0x0080f6c4                __truncdfsf2
 .text          0x0080f738        0x0 /OPT/altera/12.1/nios2eds/bin/gnu/H-i686-pc-linux-gnu/bin/../lib/gcc/nios2-elf/4.1.2/mno-hw-mul/libgcc.a(_thenan_df.o)
 .text          0x0080f738      0x194 /OPT/altera/12.1/nios2eds/bin/gnu/H-i686-pc-linux-gnu/bin/../lib/gcc/nios2-elf/4.1.2/mno-hw-mul/libgcc.a(_usi_to_df.o)
                0x0080f738                __floatunsidf
 .text          0x0080f8cc      0x14c /OPT/altera/12.1/nios2eds/bin/gnu/H-i686-pc-linux-gnu/bin/../lib/gcc/nios2-elf/4.1.2/mno-hw-mul/libgcc.a(lib2-divmod.o)
                0x0080f948                __divsi3
                0x0080f9a8                __modsi3
                0x0080fa08                __udivsi3
                0x0080fa10                __umodsi3
 .text          0x0080fa18       0x38 /OPT/altera/12.1/nios2eds/bin/gnu/H-i686-pc-linux-gnu/bin/../lib/gcc/nios2-elf/4.1.2/mno-hw-mul/libgcc.a(lib2-mul.o)
                0x0080fa18                __mulsi3
 .text          0x0080fa50        0x0 /OPT/altera/12.1/nios2eds/bin/gnu/H-i686-pc-linux-gnu/bin/../lib/gcc/nios2-elf/4.1.2/mno-hw-mul/libgcc.a(_clz.o)
 .text          0x0080fa50       0x80 /OPT/altera/12.1/nios2eds/bin/gnu/H-i686-pc-linux-gnu/bin/../lib/gcc/nios2-elf/4.1.2/mno-hw-mul/libgcc.a(_clzsi2.o)
                0x0080fa50                __clzsi2
 .text          0x0080fad0       0xc8 /OPT/altera/12.1/nios2eds/bin/gnu/H-i686-pc-linux-gnu/bin/../lib/gcc/nios2-elf/4.1.2/mno-hw-mul/libgcc.a(_unpack_sf.o)
                0x0080fad0                __unpack_f
 .text          0x0080fb98       0xa8 /OPT/altera/12.1/nios2eds/bin/gnu/H-i686-pc-linux-gnu/bin/../lib/gcc/nios2-elf/4.1.2/mno-hw-mul/libgcc.a(_fpcmp_parts_sf.o)
                0x0080fb98                __fpcmp_parts_f
 .text          0x0080fc40       0x2c /OPT/altera/12.1/nios2eds/bin/gnu/H-i686-pc-linux-gnu/bin/../lib/gcc/nios2-elf/4.1.2/mno-hw-mul/libgcc.a(_make_sf.o)
                0x0080fc40                __make_fp
 .text          0x0080fc6c      0x314 /OPT/altera/12.1/nios2eds/bin/gnu/H-i686-pc-linux-gnu/bin/../lib/gcc/nios2-elf/4.1.2/mno-hw-mul/libgcc.a(_pack_df.o)
                0x0080fc6c                __pack_d
 .text          0x0080ff80      0x138 /OPT/altera/12.1/nios2eds/bin/gnu/H-i686-pc-linux-gnu/bin/../lib/gcc/nios2-elf/4.1.2/mno-hw-mul/libgcc.a(_unpack_df.o)
                0x0080ff80                __unpack_d
 .text          0x008100b8       0xc8 /OPT/altera/12.1/nios2eds/bin/gnu/H-i686-pc-linux-gnu/bin/../lib/gcc/nios2-elf/4.1.2/mno-hw-mul/libgcc.a(_fpcmp_parts_df.o)
                0x008100b8                __fpcmp_parts_d
 .text          0x00810180      0x160 /OPT/altera/12.1/nios2eds/bin/gnu/H-i686-pc-linux-gnu/bin/../lib/gcc/nios2-elf/4.1.2/mno-hw-mul/libgcc.a(_pack_sf.o)
                0x00810180                __pack_f
 .text          0x008102e0      0x160 ../TiltMazeController_bsp//libucosii_bsp.a(alt_close.o)
                0x008102e0                close
 .text          0x00810440       0x2c ../TiltMazeController_bsp//libucosii_bsp.a(alt_dev.o)
 .text          0x0081046c        0x0 ../TiltMazeController_bsp//libucosii_bsp.a(alt_errno.o)
 .text          0x0081046c      0x138 ../TiltMazeController_bsp//libucosii_bsp.a(alt_fstat.o)
                0x0081046c                fstat
 .text          0x008105a4      0x124 ../TiltMazeController_bsp//libucosii_bsp.a(alt_isatty.o)
                0x008105a4                isatty
 .text          0x008106c8       0xec ../TiltMazeController_bsp//libucosii_bsp.a(alt_load.o)
                0x008106c8                alt_load
 .text          0x008107b4      0x154 ../TiltMazeController_bsp//libucosii_bsp.a(alt_lseek.o)
                0x008107b4                lseek
 .text          0x00810908       0xc8 ../TiltMazeController_bsp//libucosii_bsp.a(alt_main.o)
                0x00810908                alt_main
 .text          0x008109d0      0x184 ../TiltMazeController_bsp//libucosii_bsp.a(alt_read.o)
                0x008109d0                read
 .text          0x00810b54       0x78 ../TiltMazeController_bsp//libucosii_bsp.a(alt_release_fd.o)
                0x00810b54                alt_release_fd
 .text          0x00810bcc       0xbc ../TiltMazeController_bsp//libucosii_bsp.a(alt_sbrk.o)
                0x00810bcc                sbrk
 .text          0x00810c88      0x184 ../TiltMazeController_bsp//libucosii_bsp.a(alt_write.o)
                0x00810c88                write
 .text          0x00810e0c      0x108 ../TiltMazeController_bsp//libucosii_bsp.a(alt_env_lock.o)
                0x00810e0c                __env_lock
                0x00810eb8                __env_unlock
 .text          0x00810f14      0x1d8 ../TiltMazeController_bsp//libucosii_bsp.a(alt_malloc_lock.o)
                0x00810f14                __malloc_lock
                0x0081101c                __malloc_unlock
 .text          0x008110ec     0x2128 ../TiltMazeController_bsp//libucosii_bsp.a(os_core.o)
                0x008110ec                OSEventNameGet
                0x0081121c                OSEventNameSet
                0x00811360                OSEventPendMulti
                0x00811a14                OSInit
                0x00811a68                OSIntEnter
                0x00811ae4                OSIntExit
                0x00811be4                OSSchedLock
                0x00811c70                OSSchedUnlock
                0x00811d54                OSStart
                0x00811dc4                OSStatInit
                0x00811e70                OSTimeTick
                0x008120b0                OSVersion
                0x008120d0                OS_Dummy
                0x008120ec                OS_EventTaskRdy
                0x00812280                OS_EventTaskWait
                0x00812390                OS_EventTaskWaitMulti
                0x008124e4                OS_EventTaskRemove
                0x0081259c                OS_EventTaskRemoveMulti
                0x008126a0                OS_EventWaitListInit
                0x00812a6c                OS_MemClr
                0x00812ac0                OS_MemCopy
                0x00812b2c                OS_Sched
                0x00812c70                OS_StrCopy
                0x00812cf0                OS_StrLen
                0x00812d48                OS_TaskIdle
                0x00812da4                OS_TaskStat
                0x00812e6c                OS_TaskStatStkChk
                0x00812f34                OS_TCBInit
 .text          0x00813214      0x18c ../TiltMazeController_bsp//libucosii_bsp.a(os_dbg.o)
                0x00813214                OSDebugInit
 .text          0x008133a0     0x193c ../TiltMazeController_bsp//libucosii_bsp.a(os_flag.o)
                0x008133a0                OSFlagAccept
                0x008136d4                OSFlagCreate
                0x00813810                OSFlagDel
                0x00813ab8                OSFlagNameGet
                0x00813bfc                OSFlagNameSet
                0x00813d50                OSFlagPend
                0x00814394                OSFlagPendGetFlagsRdy
                0x008143fc                OSFlagPost
                0x008147a4                OSFlagQuery
                0x00814a3c                OS_FlagInit
                0x00814c30                OS_FlagUnlink
 .text          0x00814cdc      0x80c ../TiltMazeController_bsp//libucosii_bsp.a(os_mem.o)
                0x00814cdc                OSMemCreate
                0x00814ef8                OSMemGet
                0x00814ffc                OSMemNameGet
                0x00815108                OSMemNameSet
                0x00815228                OSMemPut
                0x00815318                OSMemQuery
                0x00815414                OS_MemInit
 .text          0x008154e8     0x1334 ../TiltMazeController_bsp//libucosii_bsp.a(os_q.o)
                0x008154e8                OSQAccept
                0x0081563c                OSQCreate
                0x00815850                OSQDel
                0x00815b50                OSQFlush
                0x00815c18                OSQPend
                0x00815f38                OSQPendAbort
                0x008160b4                OSQPost
                0x00816234                OSQPostFront
                0x008163bc                OSQPostOpt
                0x008165f0                OSQQuery
                0x00816770                OS_QInit
 .text          0x0081681c      0xbc8 ../TiltMazeController_bsp//libucosii_bsp.a(os_sem.o)
                0x0081681c                OSSemAccept
                0x008168dc                OSSemCreate
                0x008169f0                OSSemDel
                0x00816c90                OSSemPend
                0x00816f0c                OSSemPendAbort
                0x00817088                OSSemPost
                0x008171b0                OSSemQuery
                0x008172e0                OSSemSet
 .text          0x008173e4     0x1a40 ../TiltMazeController_bsp//libucosii_bsp.a(os_task.o)
                0x008173e4                OSTaskChangePrio
                0x00817958                OSTaskCreate
                0x00817b2c                OSTaskCreateExt
                0x00817d2c                OSTaskDel
                0x00818138                OSTaskDelReq
                0x008182a8                OSTaskNameGet
                0x00818460                OSTaskNameSet
                0x00818624                OSTaskResume
                0x0081883c                OSTaskStkChk
                0x00818a38                OSTaskSuspend
                0x00818c64                OSTaskQuery
                0x00818da8                OS_TaskStkClr
 .text          0x00818e24      0x5b4 ../TiltMazeController_bsp//libucosii_bsp.a(os_time.o)
                0x00818e24                OSTimeDly
                0x00818f70                OSTimeDlyHMSM
                0x00819100                OSTimeDlyResume
                0x00819310                OSTimeGet
                0x00819374                OSTimeSet
 .text          0x008193d8       0xec ../TiltMazeController_bsp//libucosii_bsp.a(alt_sys_init.o)
                0x008193d8                alt_irq_init
                0x0081940c                alt_sys_init
 .text          0x008194c4      0x148 ../TiltMazeController_bsp//libucosii_bsp.a(altera_avalon_jtag_uart_fd.o)
                0x008194c4                altera_avalon_jtag_uart_read_fd
                0x0081951c                altera_avalon_jtag_uart_write_fd
                0x00819574                altera_avalon_jtag_uart_close_fd
                0x008195bc                altera_avalon_jtag_uart_ioctl_fd
 .text          0x0081960c      0x580 ../TiltMazeController_bsp//libucosii_bsp.a(altera_avalon_jtag_uart_init.o)
                0x0081960c                altera_avalon_jtag_uart_init
                0x00819b18                altera_avalon_jtag_uart_close
 .text          0x00819b8c       0xf4 ../TiltMazeController_bsp//libucosii_bsp.a(altera_avalon_jtag_uart_ioctl.o)
                0x00819b8c                altera_avalon_jtag_uart_ioctl
 .text          0x00819c80      0x2c0 ../TiltMazeController_bsp//libucosii_bsp.a(altera_avalon_jtag_uart_read.o)
                0x00819c80                altera_avalon_jtag_uart_read
 .text          0x00819f40      0x2dc ../TiltMazeController_bsp//libucosii_bsp.a(altera_avalon_jtag_uart_write.o)
                0x00819f40                altera_avalon_jtag_uart_write
 .text          0x0081a21c       0xfc ../TiltMazeController_bsp//libucosii_bsp.a(altera_avalon_timer_sc.o)
                0x0081a290                alt_avalon_timer_sc_init
 .text          0x0081a318      0x530 ../TiltMazeController_bsp//libucosii_bsp.a(altera_up_avalon_character_lcd.o)
                0x0081a318                get_DDRAM_addr
                0x0081a394                alt_up_character_lcd_send_cmd
                0x0081a3c8                alt_up_character_lcd_init
                0x0081a3fc                alt_up_character_lcd_open_dev
                0x0081a43c                alt_up_character_lcd_write
                0x0081a4b4                alt_up_character_lcd_string
                0x0081a52c                alt_up_character_lcd_write_fd
                0x0081a578                alt_up_character_lcd_set_cursor_pos
                0x0081a5f0                alt_up_character_lcd_shift_cursor
                0x0081a6a0                alt_up_character_lcd_shift_display
                0x0081a750                alt_up_character_lcd_erase_pos
                0x0081a7e0                alt_up_character_lcd_cursor_off
                0x0081a814                alt_up_character_lcd_cursor_blink_on
 .text          0x0081a848      0x398 ../TiltMazeController_bsp//libucosii_bsp.a(altera_up_avalon_rs232.o)
                0x0081a848                alt_up_rs232_enable_read_interrupt
                0x0081a89c                alt_up_rs232_disable_read_interrupt
                0x0081a8f4                alt_up_rs232_get_used_space_in_read_FIFO
                0x0081a930                alt_up_rs232_get_available_space_in_write_FIFO
                0x0081a970                alt_up_rs232_check_parity
                0x0081a9c0                alt_up_rs232_write_data
                0x0081aa08                alt_up_rs232_read_data
                0x0081aa7c                alt_up_rs232_read_fd
                0x0081ab0c                alt_up_rs232_write_fd
                0x0081aba0                alt_up_rs232_open_dev
 .text          0x0081abe0      0x154 ../TiltMazeController_bsp//libucosii_bsp.a(alt_alarm_start.o)
                0x0081abe0                alt_alarm_start
 .text          0x0081ad34       0x1c ../TiltMazeController_bsp//libucosii_bsp.a(alt_dcache_flush_all.o)
                0x0081ad34                alt_dcache_flush_all
 .text          0x0081ad50      0x114 ../TiltMazeController_bsp//libucosii_bsp.a(alt_dev_llist_insert.o)
                0x0081ad50                alt_dev_llist_insert
 .text          0x0081ae64       0x64 ../TiltMazeController_bsp//libucosii_bsp.a(alt_do_ctors.o)
                0x0081ae64                _do_ctors
 .text          0x0081aec8       0x64 ../TiltMazeController_bsp//libucosii_bsp.a(alt_do_dtors.o)
                0x0081aec8                _do_dtors
 .text          0x0081af2c       0x94 ../TiltMazeController_bsp//libucosii_bsp.a(alt_find_dev.o)
                0x0081af2c                alt_find_dev
 .text          0x0081afc0       0x1c ../TiltMazeController_bsp//libucosii_bsp.a(alt_icache_flush_all.o)
                0x0081afc0                alt_icache_flush_all
 .text          0x0081afdc      0x150 ../TiltMazeController_bsp//libucosii_bsp.a(alt_io_redirect.o)
                0x0081b0b4                alt_io_redirect
 .text          0x0081b12c      0x1c0 ../TiltMazeController_bsp//libucosii_bsp.a(alt_irq_register.o)
                0x0081b12c                alt_irq_register
 .text          0x0081b2ec        0x0 ../TiltMazeController_bsp//libucosii_bsp.a(alt_irq_vars.o)
 .text          0x0081b2ec      0x2e4 ../TiltMazeController_bsp//libucosii_bsp.a(alt_open.o)
                0x0081b3e4                open
 .text          0x0081b5d0      0x1a8 ../TiltMazeController_bsp//libucosii_bsp.a(alt_tick.o)
                0x0081b5d0                alt_alarm_stop
                0x0081b668                alt_tick
 .text          0x0081b778       0x20 ../TiltMazeController_bsp//libucosii_bsp.a(altera_nios2_qsys_irq.o)
                0x0081b778                altera_nios2_qsys_irq_init
 .text          0x0081b798       0xd0 ../TiltMazeController_bsp//libucosii_bsp.a(os_cpu_a.o)
                0x0081b798                OSCtxSw
                0x0081b798                OSIntCtxSw
                0x0081b824                OSStartHighRdy
                0x0081b844                OSStartTsk
 .text          0x0081b868      0x418 ../TiltMazeController_bsp//libucosii_bsp.a(os_cpu_c.o)
                0x0081b868                OSTaskStkInit
                0x0081bb78                OSTaskCreateHook
                0x0081bb98                OSTaskDelHook
                0x0081bbb8                OSTaskSwHook
                0x0081bbd4                OSTaskStatHook
                0x0081bbf0                OSTimeTickHook
                0x0081bc0c                OSInitHookBegin
                0x0081bc28                OSInitHookEnd
                0x0081bc44                OSTaskIdleHook
                0x0081bc60                OSTCBInitHook
 .text          0x0081bc80      0x120 ../TiltMazeController_bsp//libucosii_bsp.a(alt_find_file.o)
                0x0081bc80                alt_find_file
 .text          0x0081bda0      0x104 ../TiltMazeController_bsp//libucosii_bsp.a(alt_get_fd.o)
                0x0081bda0                alt_get_fd
 .text          0x0081bea4        0x0 ../TiltMazeController_bsp//libucosii_bsp.a(alt_irq_entry.o)
 .text          0x0081bea4        0x0 ../TiltMazeController_bsp//libucosii_bsp.a(alt_irq_handler.o)
 .text          0x0081bea4        0x0 ../TiltMazeController_bsp//libucosii_bsp.a(alt_exception_entry.o)
 .text          0x0081bea4       0x14 /OPT/altera/12.1/nios2eds/bin/gnu/H-i686-pc-linux-gnu/bin/../lib/gcc/nios2-elf/4.1.2/../../../../nios2-elf/lib/mno-hw-mul/libc.a(lib_a-atexit.o)
                0x0081bea4                atexit
 .text          0x0081beb8       0x38 /OPT/altera/12.1/nios2eds/bin/gnu/H-i686-pc-linux-gnu/bin/../lib/gcc/nios2-elf/4.1.2/../../../../nios2-elf/lib/mno-hw-mul/libc.a(lib_a-exit.o)
                0x0081beb8                exit
 .text          0x0081bef0       0x74 /OPT/altera/12.1/nios2eds/bin/gnu/H-i686-pc-linux-gnu/bin/../lib/gcc/nios2-elf/4.1.2/../../../../nios2-elf/lib/mno-hw-mul/libc.a(lib_a-memcmp.o)
                0x0081bef0                memcmp
 .text          0x0081bf64      0x134 /OPT/altera/12.1/nios2eds/bin/gnu/H-i686-pc-linux-gnu/bin/../lib/gcc/nios2-elf/4.1.2/../../../../nios2-elf/lib/mno-hw-mul/libc.a(lib_a-__atexit.o)
                0x0081bf64                __register_exitproc
 .text          0x0081c098      0x1b4 /OPT/altera/12.1/nios2eds/bin/gnu/H-i686-pc-linux-gnu/bin/../lib/gcc/nios2-elf/4.1.2/../../../../nios2-elf/lib/mno-hw-mul/libc.a(lib_a-__call_atexit.o)
                0x0081c09c                __call_exitprocs
 .text          0x0081c24c       0x6c ../TiltMazeController_bsp//libucosii_bsp.a(alt_exit.o)
                0x0081c28c                _exit
 *(.gnu.warning.*)
 *(.fini)
                0x0081c2b8                PROVIDE (__etext, ABSOLUTE (.))
                0x0081c2b8                PROVIDE (_etext, ABSOLUTE (.))
                0x0081c2b8                PROVIDE (etext, ABSOLUTE (.))
 *(.eh_frame_hdr)
                0x0081c2b8                . = ALIGN (0x4)
                0x0081c2b8                PROVIDE (__preinit_array_start, ABSOLUTE (.))
 *(.preinit_array)
                0x0081c2b8                PROVIDE (__preinit_array_end, ABSOLUTE (.))
                0x0081c2b8                PROVIDE (__init_array_start, ABSOLUTE (.))
 *(.init_array)
                0x0081c2b8                PROVIDE (__init_array_end, ABSOLUTE (.))
                0x0081c2b8                PROVIDE (__fini_array_start, ABSOLUTE (.))
 *(.fini_array)
                0x0081c2b8                PROVIDE (__fini_array_end, ABSOLUTE (.))
 *(.eh_frame)
 *(.gcc_except_table)
 *(.dynamic)
                0x0081c2b8                PROVIDE (__CTOR_LIST__, ABSOLUTE (.))
 *(.ctors)
 *(SORT(.ctors.*))
 .ctors.65535   0x0081c2b8        0x4 /OPT/altera/12.1/nios2eds/bin/gnu/H-i686-pc-linux-gnu/bin/../lib/gcc/nios2-elf/4.1.2/../../../../nios2-elf/lib/mno-hw-mul/libc.a(lib_a-__call_atexit.o)
                0x0081c2bc                PROVIDE (__CTOR_END__, ABSOLUTE (.))
                0x0081c2bc                PROVIDE (__DTOR_LIST__, ABSOLUTE (.))
 *(.dtors)
 *(SORT(.dtors.*))
                0x0081c2bc                PROVIDE (__DTOR_END__, ABSOLUTE (.))
 *(.jcr)
                0x0081c2bc                . = ALIGN (0x4)

.rodata         0x0081c2bc      0x904
                0x0081c2bc                PROVIDE (__ram_rodata_start, ABSOLUTE (.))
                0x0081c2bc                . = ALIGN (0x4)
 *(.rodata .rodata.* .gnu.linkonce.r.*)
 .rodata        0x0081c2bc       0x18 obj/default/command.o
 .rodata        0x0081c2d4       0xd0 obj/default/main.o
 .rodata        0x0081c3a4       0x30 obj/default/servo.o
 .rodata        0x0081c3d4       0x5c obj/default/uart.o
 .rodata.str1.4
                0x0081c430        0x2 /OPT/altera/12.1/nios2eds/bin/gnu/H-i686-pc-linux-gnu/bin/../lib/gcc/nios2-elf/4.1.2/../../../../nios2-elf/lib/mno-hw-mul/libc.a(lib_a-puts.o)
                                  0x4 (size before relaxing)
 *fill*         0x0081c432        0x2 00
 .rodata.str1.4
                0x0081c434       0x5e /OPT/altera/12.1/nios2eds/bin/gnu/H-i686-pc-linux-gnu/bin/../lib/gcc/nios2-elf/4.1.2/../../../../nios2-elf/lib/mno-hw-mul/libc.a(lib_a-vfprintf.o)
                                 0x60 (size before relaxing)
 .rodata        0x0081c492       0x20 /OPT/altera/12.1/nios2eds/bin/gnu/H-i686-pc-linux-gnu/bin/../lib/gcc/nios2-elf/4.1.2/../../../../nios2-elf/lib/mno-hw-mul/libc.a(lib_a-vfprintf.o)
 *fill*         0x0081c4b2        0x2 00
 .rodata.str1.4
                0x0081c4b4        0x5 /OPT/altera/12.1/nios2eds/bin/gnu/H-i686-pc-linux-gnu/bin/../lib/gcc/nios2-elf/4.1.2/../../../../nios2-elf/lib/mno-hw-mul/libc.a(lib_a-vfscanf.o)
                                  0x8 (size before relaxing)
 *fill*         0x0081c4b9        0x1 00
 .rodata        0x0081c4ba       0x22 /OPT/altera/12.1/nios2eds/bin/gnu/H-i686-pc-linux-gnu/bin/../lib/gcc/nios2-elf/4.1.2/../../../../nios2-elf/lib/mno-hw-mul/libc.a(lib_a-vfscanf.o)
 .rodata        0x0081c4dc      0x281 /OPT/altera/12.1/nios2eds/bin/gnu/H-i686-pc-linux-gnu/bin/../lib/gcc/nios2-elf/4.1.2/../../../../nios2-elf/lib/mno-hw-mul/libc.a(lib_a-ctype_.o)
                0x0081c4dc                _ctype_
 *fill*         0x0081c75d        0x3 00
 .rodata.str1.4
                0x0081c760       0x10 /OPT/altera/12.1/nios2eds/bin/gnu/H-i686-pc-linux-gnu/bin/../lib/gcc/nios2-elf/4.1.2/../../../../nios2-elf/lib/mno-hw-mul/libc.a(lib_a-dtoa.o)
                                 0x14 (size before relaxing)
 .rodata.str1.4
                0x0081c770        0x2 /OPT/altera/12.1/nios2eds/bin/gnu/H-i686-pc-linux-gnu/bin/../lib/gcc/nios2-elf/4.1.2/../../../../nios2-elf/lib/mno-hw-mul/libc.a(lib_a-impure.o)
                                  0x4 (size before relaxing)
 *fill*         0x0081c772        0x2 00
 .rodata.str1.4
                0x0081c774        0xf /OPT/altera/12.1/nios2eds/bin/gnu/H-i686-pc-linux-gnu/bin/../lib/gcc/nios2-elf/4.1.2/../../../../nios2-elf/lib/mno-hw-mul/libc.a(lib_a-locale.o)
                                 0x18 (size before relaxing)
 *fill*         0x0081c783        0x1 00
 .rodata        0x0081c784       0x30 /OPT/altera/12.1/nios2eds/bin/gnu/H-i686-pc-linux-gnu/bin/../lib/gcc/nios2-elf/4.1.2/../../../../nios2-elf/lib/mno-hw-mul/libc.a(lib_a-locale.o)
 .rodata.str1.4
                0x00000000        0x4 /OPT/altera/12.1/nios2eds/bin/gnu/H-i686-pc-linux-gnu/bin/../lib/gcc/nios2-elf/4.1.2/../../../../nios2-elf/lib/mno-hw-mul/libc.a(lib_a-mbrtowc.o)
 .rodata        0x0081c7b4      0x124 /OPT/altera/12.1/nios2eds/bin/gnu/H-i686-pc-linux-gnu/bin/../lib/gcc/nios2-elf/4.1.2/../../../../nios2-elf/lib/mno-hw-mul/libc.a(lib_a-mprec.o)
                0x0081c7b4                __mprec_tens
                0x0081c87c                __mprec_bigtens
                0x0081c8a4                __mprec_tinytens
 .rodata.str1.4
                0x0081c8d8        0xf /OPT/altera/12.1/nios2eds/bin/gnu/H-i686-pc-linux-gnu/bin/../lib/gcc/nios2-elf/4.1.2/../../../../nios2-elf/lib/mno-hw-mul/libc.a(lib_a-strtod.o)
                                 0x10 (size before relaxing)
 *fill*         0x0081c8e7        0x1 00
 .rodata        0x0081c8e8       0x28 /OPT/altera/12.1/nios2eds/bin/gnu/H-i686-pc-linux-gnu/bin/../lib/gcc/nios2-elf/4.1.2/../../../../nios2-elf/lib/mno-hw-mul/libc.a(lib_a-strtod.o)
 .rodata.str1.4
                0x0081c910       0x1c /OPT/altera/12.1/nios2eds/bin/gnu/H-i686-pc-linux-gnu/bin/../lib/gcc/nios2-elf/4.1.2/../../../../nios2-elf/lib/mno-hw-mul/libc.a(lib_a-gdtoa-gethex.o)
 .rodata        0x0081c92c       0x14 /OPT/altera/12.1/nios2eds/bin/gnu/H-i686-pc-linux-gnu/bin/../lib/gcc/nios2-elf/4.1.2/mno-hw-mul/libgcc.a(_thenan_df.o)
                0x0081c92c                __thenan_df
 .rodata        0x0081c940      0x100 /OPT/altera/12.1/nios2eds/bin/gnu/H-i686-pc-linux-gnu/bin/../lib/gcc/nios2-elf/4.1.2/mno-hw-mul/libgcc.a(_clz.o)
                0x0081c940                __clz_tab
 .rodata        0x0081ca40        0xc ../TiltMazeController_bsp//libucosii_bsp.a(alt_dev.o)
 .rodata        0x0081ca4c       0x14 ../TiltMazeController_bsp//libucosii_bsp.a(alt_main.o)
 .rodata        0x0081ca60      0x120 ../TiltMazeController_bsp//libucosii_bsp.a(os_core.o)
                0x0081ca60                OSUnMapTbl
 .rodata        0x0081cb80       0x3c ../TiltMazeController_bsp//libucosii_bsp.a(alt_sys_init.o)
 .rodata        0x0081cbbc        0x4 ../TiltMazeController_bsp//libucosii_bsp.a(os_cpu_c.o)
 *(.rodata1)
                0x0081cbc0                . = ALIGN (0x4)
                0x0081cbc0                PROVIDE (__ram_rodata_end, ABSOLUTE (.))
                0x0081c2bc                PROVIDE (__flash_rodata_start, LOADADDR (.rodata))

.rwdata         0x0081cbc0     0x1b68 load address 0x0081e728
                0x0081cbc0                PROVIDE (__ram_rwdata_start, ABSOLUTE (.))
                0x0081cbc0                . = ALIGN (0x4)
 *(.got.plt)
 *(.got)
 *(.data1)
 *(.data .data.* .gnu.linkonce.d.*)
 .data          0x0081cbc0        0x0 ../TiltMazeController_bsp//obj/HAL/src/crt0.o
 .data          0x0081cbc0        0x0 obj/default/command.o
 .data          0x0081cbc0        0x0 obj/default/main.o
 .data          0x0081cbc0        0x0 obj/default/servo.o
 .data          0x0081cbc0        0x0 obj/default/uart.o
 .data          0x0081cbc0        0x0 /OPT/altera/12.1/nios2eds/bin/gnu/H-i686-pc-linux-gnu/bin/../lib/gcc/nios2-elf/4.1.2/../../../../nios2-elf/lib/mno-hw-mul/libc.a(lib_a-malloc.o)
 .data          0x0081cbc0      0x408 /OPT/altera/12.1/nios2eds/bin/gnu/H-i686-pc-linux-gnu/bin/../lib/gcc/nios2-elf/4.1.2/../../../../nios2-elf/lib/mno-hw-mul/libc.a(lib_a-mallocr.o)
                0x0081cbc0                __malloc_av_
 .data          0x0081cfc8        0x0 /OPT/altera/12.1/nios2eds/bin/gnu/H-i686-pc-linux-gnu/bin/../lib/gcc/nios2-elf/4.1.2/../../../../nios2-elf/lib/mno-hw-mul/libc.a(lib_a-printf.o)
 .data          0x0081cfc8        0x0 /OPT/altera/12.1/nios2eds/bin/gnu/H-i686-pc-linux-gnu/bin/../lib/gcc/nios2-elf/4.1.2/../../../../nios2-elf/lib/mno-hw-mul/libc.a(lib_a-putchar.o)
 .data          0x0081cfc8        0x0 /OPT/altera/12.1/nios2eds/bin/gnu/H-i686-pc-linux-gnu/bin/../lib/gcc/nios2-elf/4.1.2/../../../../nios2-elf/lib/mno-hw-mul/libc.a(lib_a-puts.o)
 .data          0x0081cfc8        0x0 /OPT/altera/12.1/nios2eds/bin/gnu/H-i686-pc-linux-gnu/bin/../lib/gcc/nios2-elf/4.1.2/../../../../nios2-elf/lib/mno-hw-mul/libc.a(lib_a-sbrkr.o)
 .data          0x0081cfc8        0x0 /OPT/altera/12.1/nios2eds/bin/gnu/H-i686-pc-linux-gnu/bin/../lib/gcc/nios2-elf/4.1.2/../../../../nios2-elf/lib/mno-hw-mul/libc.a(lib_a-sprintf.o)
 .data          0x0081cfc8        0x0 /OPT/altera/12.1/nios2eds/bin/gnu/H-i686-pc-linux-gnu/bin/../lib/gcc/nios2-elf/4.1.2/../../../../nios2-elf/lib/mno-hw-mul/libc.a(lib_a-sscanf.o)
 .data          0x0081cfc8        0x0 /OPT/altera/12.1/nios2eds/bin/gnu/H-i686-pc-linux-gnu/bin/../lib/gcc/nios2-elf/4.1.2/../../../../nios2-elf/lib/mno-hw-mul/libc.a(lib_a-strlen.o)
 .data          0x0081cfc8        0x0 /OPT/altera/12.1/nios2eds/bin/gnu/H-i686-pc-linux-gnu/bin/../lib/gcc/nios2-elf/4.1.2/../../../../nios2-elf/lib/mno-hw-mul/libc.a(lib_a-strncmp.o)
 .data          0x0081cfc8        0x0 /OPT/altera/12.1/nios2eds/bin/gnu/H-i686-pc-linux-gnu/bin/../lib/gcc/nios2-elf/4.1.2/../../../../nios2-elf/lib/mno-hw-mul/libc.a(lib_a-vfprintf.o)
 .data          0x0081cfc8        0x0 /OPT/altera/12.1/nios2eds/bin/gnu/H-i686-pc-linux-gnu/bin/../lib/gcc/nios2-elf/4.1.2/../../../../nios2-elf/lib/mno-hw-mul/libc.a(lib_a-vfscanf.o)
 .data          0x0081cfc8        0x0 /OPT/altera/12.1/nios2eds/bin/gnu/H-i686-pc-linux-gnu/bin/../lib/gcc/nios2-elf/4.1.2/../../../../nios2-elf/lib/mno-hw-mul/libc.a(lib_a-wsetup.o)
 .data          0x0081cfc8        0x0 /OPT/altera/12.1/nios2eds/bin/gnu/H-i686-pc-linux-gnu/bin/../lib/gcc/nios2-elf/4.1.2/../../../../nios2-elf/lib/mno-hw-mul/libc.a(lib_a-ctype_.o)
 .data          0x0081cfc8        0x0 /OPT/altera/12.1/nios2eds/bin/gnu/H-i686-pc-linux-gnu/bin/../lib/gcc/nios2-elf/4.1.2/../../../../nios2-elf/lib/mno-hw-mul/libc.a(lib_a-dtoa.o)
 .data          0x0081cfc8        0x0 /OPT/altera/12.1/nios2eds/bin/gnu/H-i686-pc-linux-gnu/bin/../lib/gcc/nios2-elf/4.1.2/../../../../nios2-elf/lib/mno-hw-mul/libc.a(lib_a-fflush.o)
 .data          0x0081cfc8        0x0 /OPT/altera/12.1/nios2eds/bin/gnu/H-i686-pc-linux-gnu/bin/../lib/gcc/nios2-elf/4.1.2/../../../../nios2-elf/lib/mno-hw-mul/libc.a(lib_a-findfp.o)
 .data          0x0081cfc8        0x0 /OPT/altera/12.1/nios2eds/bin/gnu/H-i686-pc-linux-gnu/bin/../lib/gcc/nios2-elf/4.1.2/../../../../nios2-elf/lib/mno-hw-mul/libc.a(lib_a-fread.o)
 .data          0x0081cfc8        0x0 /OPT/altera/12.1/nios2eds/bin/gnu/H-i686-pc-linux-gnu/bin/../lib/gcc/nios2-elf/4.1.2/../../../../nios2-elf/lib/mno-hw-mul/libc.a(lib_a-freer.o)
 .data          0x0081cfc8        0x0 /OPT/altera/12.1/nios2eds/bin/gnu/H-i686-pc-linux-gnu/bin/../lib/gcc/nios2-elf/4.1.2/../../../../nios2-elf/lib/mno-hw-mul/libc.a(lib_a-fvwrite.o)
 .data          0x0081cfc8        0x0 /OPT/altera/12.1/nios2eds/bin/gnu/H-i686-pc-linux-gnu/bin/../lib/gcc/nios2-elf/4.1.2/../../../../nios2-elf/lib/mno-hw-mul/libc.a(lib_a-fwalk.o)
 .data          0x0081cfc8      0x400 /OPT/altera/12.1/nios2eds/bin/gnu/H-i686-pc-linux-gnu/bin/../lib/gcc/nios2-elf/4.1.2/../../../../nios2-elf/lib/mno-hw-mul/libc.a(lib_a-impure.o)
 .data          0x0081d3c8        0x0 /OPT/altera/12.1/nios2eds/bin/gnu/H-i686-pc-linux-gnu/bin/../lib/gcc/nios2-elf/4.1.2/../../../../nios2-elf/lib/mno-hw-mul/libc.a(lib_a-int_errno.o)
 .data          0x0081d3c8        0x0 /OPT/altera/12.1/nios2eds/bin/gnu/H-i686-pc-linux-gnu/bin/../lib/gcc/nios2-elf/4.1.2/../../../../nios2-elf/lib/mno-hw-mul/libc.a(lib_a-iswspace.o)
 .data          0x0081d3c8        0xc /OPT/altera/12.1/nios2eds/bin/gnu/H-i686-pc-linux-gnu/bin/../lib/gcc/nios2-elf/4.1.2/../../../../nios2-elf/lib/mno-hw-mul/libc.a(lib_a-locale.o)
                0x0081d3c8                __lc_ctype
 .data          0x0081d3d4        0x0 /OPT/altera/12.1/nios2eds/bin/gnu/H-i686-pc-linux-gnu/bin/../lib/gcc/nios2-elf/4.1.2/../../../../nios2-elf/lib/mno-hw-mul/libc.a(lib_a-makebuf.o)
 .data          0x0081d3d4        0x0 /OPT/altera/12.1/nios2eds/bin/gnu/H-i686-pc-linux-gnu/bin/../lib/gcc/nios2-elf/4.1.2/../../../../nios2-elf/lib/mno-hw-mul/libc.a(lib_a-mbrtowc.o)
 .data          0x0081d3d4        0x0 /OPT/altera/12.1/nios2eds/bin/gnu/H-i686-pc-linux-gnu/bin/../lib/gcc/nios2-elf/4.1.2/../../../../nios2-elf/lib/mno-hw-mul/libc.a(lib_a-mbtowc_r.o)
 .data          0x0081d3d4        0x0 /OPT/altera/12.1/nios2eds/bin/gnu/H-i686-pc-linux-gnu/bin/../lib/gcc/nios2-elf/4.1.2/../../../../nios2-elf/lib/mno-hw-mul/libc.a(lib_a-memchr.o)
 .data          0x0081d3d4        0x0 /OPT/altera/12.1/nios2eds/bin/gnu/H-i686-pc-linux-gnu/bin/../lib/gcc/nios2-elf/4.1.2/../../../../nios2-elf/lib/mno-hw-mul/libc.a(lib_a-memcpy.o)
 .data          0x0081d3d4        0x0 /OPT/altera/12.1/nios2eds/bin/gnu/H-i686-pc-linux-gnu/bin/../lib/gcc/nios2-elf/4.1.2/../../../../nios2-elf/lib/mno-hw-mul/libc.a(lib_a-memmove.o)
 .data          0x0081d3d4        0x0 /OPT/altera/12.1/nios2eds/bin/gnu/H-i686-pc-linux-gnu/bin/../lib/gcc/nios2-elf/4.1.2/../../../../nios2-elf/lib/mno-hw-mul/libc.a(lib_a-memset.o)
 .data          0x0081d3d4        0x0 /OPT/altera/12.1/nios2eds/bin/gnu/H-i686-pc-linux-gnu/bin/../lib/gcc/nios2-elf/4.1.2/../../../../nios2-elf/lib/mno-hw-mul/libc.a(lib_a-mprec.o)
 .data          0x0081d3d4        0x0 /OPT/altera/12.1/nios2eds/bin/gnu/H-i686-pc-linux-gnu/bin/../lib/gcc/nios2-elf/4.1.2/../../../../nios2-elf/lib/mno-hw-mul/libc.a(lib_a-putc.o)
 .data          0x0081d3d4        0x0 /OPT/altera/12.1/nios2eds/bin/gnu/H-i686-pc-linux-gnu/bin/../lib/gcc/nios2-elf/4.1.2/../../../../nios2-elf/lib/mno-hw-mul/libc.a(lib_a-reallocr.o)
 .data          0x0081d3d4        0x0 /OPT/altera/12.1/nios2eds/bin/gnu/H-i686-pc-linux-gnu/bin/../lib/gcc/nios2-elf/4.1.2/../../../../nios2-elf/lib/mno-hw-mul/libc.a(lib_a-refill.o)
 .data          0x0081d3d4        0x0 /OPT/altera/12.1/nios2eds/bin/gnu/H-i686-pc-linux-gnu/bin/../lib/gcc/nios2-elf/4.1.2/../../../../nios2-elf/lib/mno-hw-mul/libc.a(lib_a-s_isinfd.o)
 .data          0x0081d3d4        0x0 /OPT/altera/12.1/nios2eds/bin/gnu/H-i686-pc-linux-gnu/bin/../lib/gcc/nios2-elf/4.1.2/../../../../nios2-elf/lib/mno-hw-mul/libc.a(lib_a-s_isnand.o)
 .data          0x0081d3d4        0x0 /OPT/altera/12.1/nios2eds/bin/gnu/H-i686-pc-linux-gnu/bin/../lib/gcc/nios2-elf/4.1.2/../../../../nios2-elf/lib/mno-hw-mul/libc.a(lib_a-sccl.o)
 .data          0x0081d3d4        0x0 /OPT/altera/12.1/nios2eds/bin/gnu/H-i686-pc-linux-gnu/bin/../lib/gcc/nios2-elf/4.1.2/../../../../nios2-elf/lib/mno-hw-mul/libc.a(lib_a-sf_nan.o)
 .data          0x0081d3d4        0x0 /OPT/altera/12.1/nios2eds/bin/gnu/H-i686-pc-linux-gnu/bin/../lib/gcc/nios2-elf/4.1.2/../../../../nios2-elf/lib/mno-hw-mul/libc.a(lib_a-stdio.o)
 .data          0x0081d3d4        0x0 /OPT/altera/12.1/nios2eds/bin/gnu/H-i686-pc-linux-gnu/bin/../lib/gcc/nios2-elf/4.1.2/../../../../nios2-elf/lib/mno-hw-mul/libc.a(lib_a-strcmp.o)
 .data          0x0081d3d4       0x28 /OPT/altera/12.1/nios2eds/bin/gnu/H-i686-pc-linux-gnu/bin/../lib/gcc/nios2-elf/4.1.2/../../../../nios2-elf/lib/mno-hw-mul/libc.a(lib_a-strtod.o)
 .data          0x0081d3fc        0x0 /OPT/altera/12.1/nios2eds/bin/gnu/H-i686-pc-linux-gnu/bin/../lib/gcc/nios2-elf/4.1.2/../../../../nios2-elf/lib/mno-hw-mul/libc.a(lib_a-strtol.o)
 .data          0x0081d3fc        0x0 /OPT/altera/12.1/nios2eds/bin/gnu/H-i686-pc-linux-gnu/bin/../lib/gcc/nios2-elf/4.1.2/../../../../nios2-elf/lib/mno-hw-mul/libc.a(lib_a-strtoll_r.o)
 .data          0x0081d3fc        0x0 /OPT/altera/12.1/nios2eds/bin/gnu/H-i686-pc-linux-gnu/bin/../lib/gcc/nios2-elf/4.1.2/../../../../nios2-elf/lib/mno-hw-mul/libc.a(lib_a-strtoul.o)
 .data          0x0081d3fc        0x0 /OPT/altera/12.1/nios2eds/bin/gnu/H-i686-pc-linux-gnu/bin/../lib/gcc/nios2-elf/4.1.2/../../../../nios2-elf/lib/mno-hw-mul/libc.a(lib_a-strtoull_r.o)
 .data          0x0081d3fc        0x0 /OPT/altera/12.1/nios2eds/bin/gnu/H-i686-pc-linux-gnu/bin/../lib/gcc/nios2-elf/4.1.2/../../../../nios2-elf/lib/mno-hw-mul/libc.a(lib_a-ungetc.o)
 .data          0x0081d3fc        0x0 /OPT/altera/12.1/nios2eds/bin/gnu/H-i686-pc-linux-gnu/bin/../lib/gcc/nios2-elf/4.1.2/../../../../nios2-elf/lib/mno-hw-mul/libc.a(lib_a-wbuf.o)
 .data          0x0081d3fc        0x0 /OPT/altera/12.1/nios2eds/bin/gnu/H-i686-pc-linux-gnu/bin/../lib/gcc/nios2-elf/4.1.2/../../../../nios2-elf/lib/mno-hw-mul/libc.a(lib_a-writer.o)
 .data          0x0081d3fc        0x0 /OPT/altera/12.1/nios2eds/bin/gnu/H-i686-pc-linux-gnu/bin/../lib/gcc/nios2-elf/4.1.2/../../../../nios2-elf/lib/mno-hw-mul/libc.a(lib_a-callocr.o)
 .data          0x0081d3fc        0x0 /OPT/altera/12.1/nios2eds/bin/gnu/H-i686-pc-linux-gnu/bin/../lib/gcc/nios2-elf/4.1.2/../../../../nios2-elf/lib/mno-hw-mul/libc.a(lib_a-closer.o)
 .data          0x0081d3fc        0x0 /OPT/altera/12.1/nios2eds/bin/gnu/H-i686-pc-linux-gnu/bin/../lib/gcc/nios2-elf/4.1.2/../../../../nios2-elf/lib/mno-hw-mul/libc.a(lib_a-fclose.o)
 .data          0x0081d3fc        0x0 /OPT/altera/12.1/nios2eds/bin/gnu/H-i686-pc-linux-gnu/bin/../lib/gcc/nios2-elf/4.1.2/../../../../nios2-elf/lib/mno-hw-mul/libc.a(lib_a-fstatr.o)
 .data          0x0081d3fc        0x0 /OPT/altera/12.1/nios2eds/bin/gnu/H-i686-pc-linux-gnu/bin/../lib/gcc/nios2-elf/4.1.2/../../../../nios2-elf/lib/mno-hw-mul/libc.a(lib_a-gdtoa-gethex.o)
 .data          0x0081d3fc        0x0 /OPT/altera/12.1/nios2eds/bin/gnu/H-i686-pc-linux-gnu/bin/../lib/gcc/nios2-elf/4.1.2/../../../../nios2-elf/lib/mno-hw-mul/libc.a(lib_a-gdtoa-hexnan.o)
 .data          0x0081d3fc        0x0 /OPT/altera/12.1/nios2eds/bin/gnu/H-i686-pc-linux-gnu/bin/../lib/gcc/nios2-elf/4.1.2/../../../../nios2-elf/lib/mno-hw-mul/libc.a(lib_a-isattyr.o)
 .data          0x0081d3fc        0x0 /OPT/altera/12.1/nios2eds/bin/gnu/H-i686-pc-linux-gnu/bin/../lib/gcc/nios2-elf/4.1.2/../../../../nios2-elf/lib/mno-hw-mul/libc.a(lib_a-lseekr.o)
 .data          0x0081d3fc        0x0 /OPT/altera/12.1/nios2eds/bin/gnu/H-i686-pc-linux-gnu/bin/../lib/gcc/nios2-elf/4.1.2/../../../../nios2-elf/lib/mno-hw-mul/libc.a(lib_a-readr.o)
 .data          0x0081d3fc        0x0 /OPT/altera/12.1/nios2eds/bin/gnu/H-i686-pc-linux-gnu/bin/../lib/gcc/nios2-elf/4.1.2/mno-hw-mul/libgcc.a(_muldi3.o)
 .data          0x0081d3fc        0x0 /OPT/altera/12.1/nios2eds/bin/gnu/H-i686-pc-linux-gnu/bin/../lib/gcc/nios2-elf/4.1.2/mno-hw-mul/libgcc.a(_fixunsdfsi.o)
 .data          0x0081d3fc        0x0 /OPT/altera/12.1/nios2eds/bin/gnu/H-i686-pc-linux-gnu/bin/../lib/gcc/nios2-elf/4.1.2/mno-hw-mul/libgcc.a(_udivdi3.o)
 .data          0x0081d3fc        0x0 /OPT/altera/12.1/nios2eds/bin/gnu/H-i686-pc-linux-gnu/bin/../lib/gcc/nios2-elf/4.1.2/mno-hw-mul/libgcc.a(_umoddi3.o)
 .data          0x0081d3fc        0x0 /OPT/altera/12.1/nios2eds/bin/gnu/H-i686-pc-linux-gnu/bin/../lib/gcc/nios2-elf/4.1.2/mno-hw-mul/libgcc.a(_ne_sf.o)
 .data          0x0081d3fc        0x0 /OPT/altera/12.1/nios2eds/bin/gnu/H-i686-pc-linux-gnu/bin/../lib/gcc/nios2-elf/4.1.2/mno-hw-mul/libgcc.a(_gt_sf.o)
 .data          0x0081d3fc        0x0 /OPT/altera/12.1/nios2eds/bin/gnu/H-i686-pc-linux-gnu/bin/../lib/gcc/nios2-elf/4.1.2/mno-hw-mul/libgcc.a(_lt_sf.o)
 .data          0x0081d3fc        0x0 /OPT/altera/12.1/nios2eds/bin/gnu/H-i686-pc-linux-gnu/bin/../lib/gcc/nios2-elf/4.1.2/mno-hw-mul/libgcc.a(_addsub_df.o)
 .data          0x0081d3fc        0x0 /OPT/altera/12.1/nios2eds/bin/gnu/H-i686-pc-linux-gnu/bin/../lib/gcc/nios2-elf/4.1.2/mno-hw-mul/libgcc.a(_mul_df.o)
 .data          0x0081d3fc        0x0 /OPT/altera/12.1/nios2eds/bin/gnu/H-i686-pc-linux-gnu/bin/../lib/gcc/nios2-elf/4.1.2/mno-hw-mul/libgcc.a(_div_df.o)
 .data          0x0081d3fc        0x0 /OPT/altera/12.1/nios2eds/bin/gnu/H-i686-pc-linux-gnu/bin/../lib/gcc/nios2-elf/4.1.2/mno-hw-mul/libgcc.a(_eq_df.o)
 .data          0x0081d3fc        0x0 /OPT/altera/12.1/nios2eds/bin/gnu/H-i686-pc-linux-gnu/bin/../lib/gcc/nios2-elf/4.1.2/mno-hw-mul/libgcc.a(_ne_df.o)
 .data          0x0081d3fc        0x0 /OPT/altera/12.1/nios2eds/bin/gnu/H-i686-pc-linux-gnu/bin/../lib/gcc/nios2-elf/4.1.2/mno-hw-mul/libgcc.a(_gt_df.o)
 .data          0x0081d3fc        0x0 /OPT/altera/12.1/nios2eds/bin/gnu/H-i686-pc-linux-gnu/bin/../lib/gcc/nios2-elf/4.1.2/mno-hw-mul/libgcc.a(_ge_df.o)
 .data          0x0081d3fc        0x0 /OPT/altera/12.1/nios2eds/bin/gnu/H-i686-pc-linux-gnu/bin/../lib/gcc/nios2-elf/4.1.2/mno-hw-mul/libgcc.a(_lt_df.o)
 .data          0x0081d3fc        0x0 /OPT/altera/12.1/nios2eds/bin/gnu/H-i686-pc-linux-gnu/bin/../lib/gcc/nios2-elf/4.1.2/mno-hw-mul/libgcc.a(_le_df.o)
 .data          0x0081d3fc        0x0 /OPT/altera/12.1/nios2eds/bin/gnu/H-i686-pc-linux-gnu/bin/../lib/gcc/nios2-elf/4.1.2/mno-hw-mul/libgcc.a(_si_to_df.o)
 .data          0x0081d3fc        0x0 /OPT/altera/12.1/nios2eds/bin/gnu/H-i686-pc-linux-gnu/bin/../lib/gcc/nios2-elf/4.1.2/mno-hw-mul/libgcc.a(_df_to_si.o)
 .data          0x0081d3fc        0x0 /OPT/altera/12.1/nios2eds/bin/gnu/H-i686-pc-linux-gnu/bin/../lib/gcc/nios2-elf/4.1.2/mno-hw-mul/libgcc.a(_df_to_sf.o)
 .data          0x0081d3fc        0x0 /OPT/altera/12.1/nios2eds/bin/gnu/H-i686-pc-linux-gnu/bin/../lib/gcc/nios2-elf/4.1.2/mno-hw-mul/libgcc.a(_thenan_df.o)
 .data          0x0081d3fc        0x0 /OPT/altera/12.1/nios2eds/bin/gnu/H-i686-pc-linux-gnu/bin/../lib/gcc/nios2-elf/4.1.2/mno-hw-mul/libgcc.a(_usi_to_df.o)
 .data          0x0081d3fc        0x0 /OPT/altera/12.1/nios2eds/bin/gnu/H-i686-pc-linux-gnu/bin/../lib/gcc/nios2-elf/4.1.2/mno-hw-mul/libgcc.a(lib2-divmod.o)
 .data          0x0081d3fc        0x0 /OPT/altera/12.1/nios2eds/bin/gnu/H-i686-pc-linux-gnu/bin/../lib/gcc/nios2-elf/4.1.2/mno-hw-mul/libgcc.a(lib2-mul.o)
 .data          0x0081d3fc        0x0 /OPT/altera/12.1/nios2eds/bin/gnu/H-i686-pc-linux-gnu/bin/../lib/gcc/nios2-elf/4.1.2/mno-hw-mul/libgcc.a(_clz.o)
 .data          0x0081d3fc        0x0 /OPT/altera/12.1/nios2eds/bin/gnu/H-i686-pc-linux-gnu/bin/../lib/gcc/nios2-elf/4.1.2/mno-hw-mul/libgcc.a(_clzsi2.o)
 .data          0x0081d3fc        0x0 /OPT/altera/12.1/nios2eds/bin/gnu/H-i686-pc-linux-gnu/bin/../lib/gcc/nios2-elf/4.1.2/mno-hw-mul/libgcc.a(_unpack_sf.o)
 .data          0x0081d3fc        0x0 /OPT/altera/12.1/nios2eds/bin/gnu/H-i686-pc-linux-gnu/bin/../lib/gcc/nios2-elf/4.1.2/mno-hw-mul/libgcc.a(_fpcmp_parts_sf.o)
 .data          0x0081d3fc        0x0 /OPT/altera/12.1/nios2eds/bin/gnu/H-i686-pc-linux-gnu/bin/../lib/gcc/nios2-elf/4.1.2/mno-hw-mul/libgcc.a(_make_sf.o)
 .data          0x0081d3fc        0x0 /OPT/altera/12.1/nios2eds/bin/gnu/H-i686-pc-linux-gnu/bin/../lib/gcc/nios2-elf/4.1.2/mno-hw-mul/libgcc.a(_pack_df.o)
 .data          0x0081d3fc        0x0 /OPT/altera/12.1/nios2eds/bin/gnu/H-i686-pc-linux-gnu/bin/../lib/gcc/nios2-elf/4.1.2/mno-hw-mul/libgcc.a(_unpack_df.o)
 .data          0x0081d3fc        0x0 /OPT/altera/12.1/nios2eds/bin/gnu/H-i686-pc-linux-gnu/bin/../lib/gcc/nios2-elf/4.1.2/mno-hw-mul/libgcc.a(_fpcmp_parts_df.o)
 .data          0x0081d3fc        0x0 /OPT/altera/12.1/nios2eds/bin/gnu/H-i686-pc-linux-gnu/bin/../lib/gcc/nios2-elf/4.1.2/mno-hw-mul/libgcc.a(_pack_sf.o)
 .data          0x0081d3fc        0x0 ../TiltMazeController_bsp//libucosii_bsp.a(alt_close.o)
 .data          0x0081d3fc      0x1a8 ../TiltMazeController_bsp//libucosii_bsp.a(alt_dev.o)
                0x0081d3fc                alt_dev_null
                0x0081d424                alt_fd_list
 .data          0x0081d5a4        0x0 ../TiltMazeController_bsp//libucosii_bsp.a(alt_errno.o)
 .data          0x0081d5a4        0x0 ../TiltMazeController_bsp//libucosii_bsp.a(alt_fstat.o)
 .data          0x0081d5a4        0x0 ../TiltMazeController_bsp//libucosii_bsp.a(alt_isatty.o)
 .data          0x0081d5a4        0x0 ../TiltMazeController_bsp//libucosii_bsp.a(alt_load.o)
 .data          0x0081d5a4        0x0 ../TiltMazeController_bsp//libucosii_bsp.a(alt_lseek.o)
 .data          0x0081d5a4        0x0 ../TiltMazeController_bsp//libucosii_bsp.a(alt_main.o)
 .data          0x0081d5a4        0x0 ../TiltMazeController_bsp//libucosii_bsp.a(alt_read.o)
 .data          0x0081d5a4        0x0 ../TiltMazeController_bsp//libucosii_bsp.a(alt_release_fd.o)
 .data          0x0081d5a4        0x0 ../TiltMazeController_bsp//libucosii_bsp.a(alt_sbrk.o)
 .data          0x0081d5a4        0x0 ../TiltMazeController_bsp//libucosii_bsp.a(alt_write.o)
 .data          0x0081d5a4        0x0 ../TiltMazeController_bsp//libucosii_bsp.a(alt_env_lock.o)
 .data          0x0081d5a4        0x0 ../TiltMazeController_bsp//libucosii_bsp.a(alt_malloc_lock.o)
 .data          0x0081d5a4        0x0 ../TiltMazeController_bsp//libucosii_bsp.a(os_core.o)
 .data          0x0081d5a4        0x0 ../TiltMazeController_bsp//libucosii_bsp.a(os_dbg.o)
 .data          0x0081d5a4        0x0 ../TiltMazeController_bsp//libucosii_bsp.a(os_flag.o)
 .data          0x0081d5a4        0x0 ../TiltMazeController_bsp//libucosii_bsp.a(os_mem.o)
 .data          0x0081d5a4        0x0 ../TiltMazeController_bsp//libucosii_bsp.a(os_q.o)
 .data          0x0081d5a4        0x0 ../TiltMazeController_bsp//libucosii_bsp.a(os_sem.o)
 .data          0x0081d5a4        0x0 ../TiltMazeController_bsp//libucosii_bsp.a(os_task.o)
 .data          0x0081d5a4        0x0 ../TiltMazeController_bsp//libucosii_bsp.a(os_time.o)
 .data          0x0081d5a4     0x10c4 ../TiltMazeController_bsp//libucosii_bsp.a(alt_sys_init.o)
 .data          0x0081e668        0x0 ../TiltMazeController_bsp//libucosii_bsp.a(altera_avalon_jtag_uart_fd.o)
 .data          0x0081e668        0x0 ../TiltMazeController_bsp//libucosii_bsp.a(altera_avalon_jtag_uart_init.o)
 .data          0x0081e668        0x0 ../TiltMazeController_bsp//libucosii_bsp.a(altera_avalon_jtag_uart_ioctl.o)
 .data          0x0081e668        0x0 ../TiltMazeController_bsp//libucosii_bsp.a(altera_avalon_jtag_uart_read.o)
 .data          0x0081e668        0x0 ../TiltMazeController_bsp//libucosii_bsp.a(altera_avalon_jtag_uart_write.o)
 .data          0x0081e668        0x0 ../TiltMazeController_bsp//libucosii_bsp.a(altera_avalon_timer_sc.o)
 .data          0x0081e668        0x0 ../TiltMazeController_bsp//libucosii_bsp.a(altera_up_avalon_character_lcd.o)
 .data          0x0081e668        0x0 ../TiltMazeController_bsp//libucosii_bsp.a(altera_up_avalon_rs232.o)
 .data          0x0081e668        0x0 ../TiltMazeController_bsp//libucosii_bsp.a(alt_alarm_start.o)
 .data          0x0081e668        0x0 ../TiltMazeController_bsp//libucosii_bsp.a(alt_dcache_flush_all.o)
 .data          0x0081e668        0x0 ../TiltMazeController_bsp//libucosii_bsp.a(alt_dev_llist_insert.o)
 .data          0x0081e668        0x0 ../TiltMazeController_bsp//libucosii_bsp.a(alt_do_ctors.o)
 .data          0x0081e668        0x0 ../TiltMazeController_bsp//libucosii_bsp.a(alt_do_dtors.o)
 .data          0x0081e668        0x0 ../TiltMazeController_bsp//libucosii_bsp.a(alt_find_dev.o)
 .data          0x0081e668        0x0 ../TiltMazeController_bsp//libucosii_bsp.a(alt_icache_flush_all.o)
 .data          0x0081e668        0x0 ../TiltMazeController_bsp//libucosii_bsp.a(alt_io_redirect.o)
 .data          0x0081e668        0x0 ../TiltMazeController_bsp//libucosii_bsp.a(alt_irq_register.o)
 .data          0x0081e668        0x0 ../TiltMazeController_bsp//libucosii_bsp.a(alt_irq_vars.o)
 .data          0x0081e668        0x0 ../TiltMazeController_bsp//libucosii_bsp.a(alt_open.o)
 .data          0x0081e668        0x0 ../TiltMazeController_bsp//libucosii_bsp.a(alt_tick.o)
 .data          0x0081e668        0x0 ../TiltMazeController_bsp//libucosii_bsp.a(altera_nios2_qsys_irq.o)
 .data          0x0081e668        0x0 ../TiltMazeController_bsp//libucosii_bsp.a(os_cpu_a.o)
 .data          0x0081e668        0x0 ../TiltMazeController_bsp//libucosii_bsp.a(os_cpu_c.o)
 .data          0x0081e668        0x0 ../TiltMazeController_bsp//libucosii_bsp.a(alt_find_file.o)
 .data          0x0081e668        0x0 ../TiltMazeController_bsp//libucosii_bsp.a(alt_get_fd.o)
 .data          0x0081e668        0x0 ../TiltMazeController_bsp//libucosii_bsp.a(alt_irq_entry.o)
 .data          0x0081e668        0x0 ../TiltMazeController_bsp//libucosii_bsp.a(alt_irq_handler.o)
 .data          0x0081e668        0x0 ../TiltMazeController_bsp//libucosii_bsp.a(alt_exception_entry.o)
 .data          0x0081e668        0x0 /OPT/altera/12.1/nios2eds/bin/gnu/H-i686-pc-linux-gnu/bin/../lib/gcc/nios2-elf/4.1.2/../../../../nios2-elf/lib/mno-hw-mul/libc.a(lib_a-atexit.o)
 .data          0x0081e668        0x0 /OPT/altera/12.1/nios2eds/bin/gnu/H-i686-pc-linux-gnu/bin/../lib/gcc/nios2-elf/4.1.2/../../../../nios2-elf/lib/mno-hw-mul/libc.a(lib_a-exit.o)
 .data          0x0081e668        0x0 /OPT/altera/12.1/nios2eds/bin/gnu/H-i686-pc-linux-gnu/bin/../lib/gcc/nios2-elf/4.1.2/../../../../nios2-elf/lib/mno-hw-mul/libc.a(lib_a-memcmp.o)
 .data          0x0081e668        0x0 /OPT/altera/12.1/nios2eds/bin/gnu/H-i686-pc-linux-gnu/bin/../lib/gcc/nios2-elf/4.1.2/../../../../nios2-elf/lib/mno-hw-mul/libc.a(lib_a-__atexit.o)
 .data          0x0081e668        0x0 /OPT/altera/12.1/nios2eds/bin/gnu/H-i686-pc-linux-gnu/bin/../lib/gcc/nios2-elf/4.1.2/../../../../nios2-elf/lib/mno-hw-mul/libc.a(lib_a-__call_atexit.o)
 .data          0x0081e668        0x0 ../TiltMazeController_bsp//libucosii_bsp.a(alt_exit.o)
                0x00826668                _gp = ABSOLUTE ((. + 0x8000))
                0x00826668                PROVIDE (gp, _gp)
 *(.rwdata .rwdata.*)
 *(.sdata .sdata.* .gnu.linkonce.s.*)
 .sdata         0x0081e668        0x8 /OPT/altera/12.1/nios2eds/bin/gnu/H-i686-pc-linux-gnu/bin/../lib/gcc/nios2-elf/4.1.2/../../../../nios2-elf/lib/mno-hw-mul/libc.a(lib_a-mallocr.o)
                0x0081e668                __malloc_trim_threshold
                0x0081e66c                __malloc_sbrk_base
 .sdata         0x0081e670        0x4 /OPT/altera/12.1/nios2eds/bin/gnu/H-i686-pc-linux-gnu/bin/../lib/gcc/nios2-elf/4.1.2/../../../../nios2-elf/lib/mno-hw-mul/libc.a(lib_a-ctype_.o)
                0x0081e670                __ctype_ptr
 .sdata         0x0081e674        0x8 /OPT/altera/12.1/nios2eds/bin/gnu/H-i686-pc-linux-gnu/bin/../lib/gcc/nios2-elf/4.1.2/../../../../nios2-elf/lib/mno-hw-mul/libc.a(lib_a-impure.o)
                0x0081e674                _impure_ptr
                0x0081e678                _global_impure_ptr
 .sdata         0x0081e67c        0x8 /OPT/altera/12.1/nios2eds/bin/gnu/H-i686-pc-linux-gnu/bin/../lib/gcc/nios2-elf/4.1.2/../../../../nios2-elf/lib/mno-hw-mul/libc.a(lib_a-locale.o)
                0x0081e67c                __mb_cur_max
 .sdata         0x0081e684       0x14 ../TiltMazeController_bsp//libucosii_bsp.a(alt_dev.o)
                0x0081e684                alt_fs_list
                0x0081e68c                alt_dev_list
                0x0081e694                alt_max_fd
 .sdata         0x0081e698        0x4 ../TiltMazeController_bsp//libucosii_bsp.a(alt_errno.o)
                0x0081e698                alt_errno
 .sdata         0x0081e69c        0x4 ../TiltMazeController_bsp//libucosii_bsp.a(alt_sbrk.o)
 .sdata         0x0081e6a0        0x4 ../TiltMazeController_bsp//libucosii_bsp.a(alt_env_lock.o)
 .sdata         0x0081e6a4        0x4 ../TiltMazeController_bsp//libucosii_bsp.a(alt_malloc_lock.o)
 .sdata         0x0081e6a8       0x74 ../TiltMazeController_bsp//libucosii_bsp.a(os_dbg.o)
                0x0081e6a8                OSDebugEn
                0x0081e6ac                OSEndiannessTest
                0x0081e6b0                OSEventEn
                0x0081e6b2                OSEventMax
                0x0081e6b4                OSEventNameSize
                0x0081e6b6                OSEventSize
                0x0081e6b8                OSEventTblSize
                0x0081e6ba                OSEventMultiEn
                0x0081e6bc                OSFlagEn
                0x0081e6be                OSFlagGrpSize
                0x0081e6c0                OSFlagNodeSize
                0x0081e6c2                OSFlagWidth
                0x0081e6c4                OSFlagMax
                0x0081e6c6                OSFlagNameSize
                0x0081e6c8                OSLowestPrio
                0x0081e6ca                OSMboxEn
                0x0081e6cc                OSMemEn
                0x0081e6ce                OSMemMax
                0x0081e6d0                OSMemNameSize
                0x0081e6d2                OSMemSize
                0x0081e6d4                OSMemTblSize
                0x0081e6d6                OSMutexEn
                0x0081e6d8                OSPtrSize
                0x0081e6da                OSQEn
                0x0081e6dc                OSQMax
                0x0081e6de                OSQSize
                0x0081e6e0                OSRdyTblSize
                0x0081e6e2                OSSemEn
                0x0081e6e4                OSStkWidth
                0x0081e6e6                OSTaskCreateEn
                0x0081e6e8                OSTaskCreateExtEn
                0x0081e6ea                OSTaskDelEn
                0x0081e6ec                OSTaskIdleStkSize
                0x0081e6ee                OSTaskProfileEn
                0x0081e6f0                OSTaskMax
                0x0081e6f2                OSTaskNameSize
                0x0081e6f4                OSTaskStatEn
                0x0081e6f6                OSTaskStatStkSize
                0x0081e6f8                OSTaskStatStkChkEn
                0x0081e6fa                OSTaskSwHookEn
                0x0081e6fc                OSTCBPrioTblMax
                0x0081e6fe                OSTCBSize
                0x0081e700                OSTicksPerSec
                0x0081e702                OSTimeTickHookEn
                0x0081e704                OSVersionNbr
                0x0081e706                OSTmrEn
                0x0081e708                OSTmrCfgMax
                0x0081e70a                OSTmrCfgNameSize
                0x0081e70c                OSTmrCfgWheelSize
                0x0081e70e                OSTmrCfgTicksPerSec
                0x0081e710                OSTmrSize
                0x0081e712                OSTmrTblSize
                0x0081e714                OSTmrWheelSize
                0x0081e716                OSTmrWheelTblSize
                0x0081e718                OSDataSize
 .sdata         0x0081e71c        0x4 ../TiltMazeController_bsp//libucosii_bsp.a(alt_irq_vars.o)
                0x0081e71c                alt_priority_mask
 .sdata         0x0081e720        0x8 ../TiltMazeController_bsp//libucosii_bsp.a(alt_tick.o)
                0x0081e720                alt_alarm_list
 *(.sdata2 .sdata2.* .gnu.linkonce.s2.*)
                0x0081e728                . = ALIGN (0x4)
                0x0081e728                _edata = ABSOLUTE (.)
                0x0081e728                PROVIDE (edata, ABSOLUTE (.))
                0x0081e728                PROVIDE (__ram_rwdata_end, ABSOLUTE (.))
                0x0081e728                PROVIDE (__flash_rwdata_start, LOADADDR (.rwdata))

.bss            0x00820290     0x96d0
                0x00820290                __bss_start = ABSOLUTE (.)
                0x00820290                PROVIDE (__sbss_start, ABSOLUTE (.))
                0x00820290                PROVIDE (___sbss_start, ABSOLUTE (.))
 *(.dynsbss)
 *(.sbss .sbss.* .gnu.linkonce.sb.*)
 .sbss          0x00820290        0xc obj/default/main.o
                0x00820290                servo1Sem
                0x00820294                servo0Sem
                0x00820298                cmdQ
 .sbss          0x0082029c        0xa obj/default/servo.o
                0x0082029c                servo0Angle
                0x0082029e                servo1TargetAngle
                0x008202a0                err
                0x008202a2                servo0TargetAngle
                0x008202a4                servo1Angle
 *fill*         0x008202a6        0x2 00
 .sbss          0x008202a8        0x4 obj/default/uart.o
                0x008202a8                uart
 .sbss          0x008202ac        0xc /OPT/altera/12.1/nios2eds/bin/gnu/H-i686-pc-linux-gnu/bin/../lib/gcc/nios2-elf/4.1.2/../../../../nios2-elf/lib/mno-hw-mul/libc.a(lib_a-mallocr.o)
                0x008202ac                __malloc_top_pad
                0x008202b0                __malloc_max_sbrked_mem
                0x008202b4                __malloc_max_total_mem
 .sbss          0x008202b8        0x4 /OPT/altera/12.1/nios2eds/bin/gnu/H-i686-pc-linux-gnu/bin/../lib/gcc/nios2-elf/4.1.2/../../../../nios2-elf/lib/mno-hw-mul/libc.a(lib_a-int_errno.o)
                0x008202b8                errno
 .sbss          0x008202bc        0xc /OPT/altera/12.1/nios2eds/bin/gnu/H-i686-pc-linux-gnu/bin/../lib/gcc/nios2-elf/4.1.2/../../../../nios2-elf/lib/mno-hw-mul/libc.a(lib_a-locale.o)
                0x008202bc                __nlocale_changed
                0x008202c0                __mlocale_changed
                0x008202c4                _PathLocale
 .sbss          0x008202c8        0x4 ../TiltMazeController_bsp//libucosii_bsp.a(alt_dev.o)
                0x008202c8                alt_fd_list_lock
 .sbss          0x008202cc        0xc ../TiltMazeController_bsp//libucosii_bsp.a(alt_main.o)
                0x008202cc                alt_argc
                0x008202d0                alt_argv
                0x008202d4                alt_envp
 .sbss          0x008202d8        0x8 ../TiltMazeController_bsp//libucosii_bsp.a(alt_env_lock.o)
                0x008202dc                alt_envsem
 .sbss          0x008202e0        0x8 ../TiltMazeController_bsp//libucosii_bsp.a(alt_malloc_lock.o)
                0x008202e4                alt_heapsem
 .sbss          0x008202e8       0x50 ../TiltMazeController_bsp//libucosii_bsp.a(os_core.o)
                0x008202e8                OSLockNesting
                0x008202e9                OSRunning
                0x008202ec                OSIdleCtr
                0x008202f0                OSPrioHighRdy
                0x008202f1                OSPrioCur
                0x008202f4                OSTCBList
                0x008202f8                OSTickStepState
                0x008202fc                OSCtxSwCtr
                0x00820300                OSIdleCtrMax
                0x00820304                OSTCBFreeList
                0x00820308                OSCPUUsage
                0x00820309                OSTaskCtr
                0x0082030c                OSMemFreeList
                0x00820310                OSTCBHighRdy
                0x00820314                OSQFreeList
                0x00820318                OSRdyGrp
                0x00820319                OSRdyTbl
                0x0082031c                OSEventFreeList
                0x00820320                OSIntNesting
                0x00820324                OSTCBCur
                0x00820328                OSTime
                0x0082032c                OSFlagFreeList
                0x00820330                OSStatRdy
                0x00820334                OSIdleCtrRun
 .sbss          0x00820338        0x4 ../TiltMazeController_bsp//libucosii_bsp.a(alt_irq_vars.o)
                0x00820338                alt_irq_active
 .sbss          0x0082033c        0x8 ../TiltMazeController_bsp//libucosii_bsp.a(alt_tick.o)
                0x0082033c                _alt_tick_rate
                0x00820340                _alt_nticks
 *(.sbss2 .sbss2.* .gnu.linkonce.sb2.*)
 *(.scommon)
                0x00820344                PROVIDE (__sbss_end, ABSOLUTE (.))
                0x00820344                PROVIDE (___sbss_end, ABSOLUTE (.))
 *(.dynbss)
 *(.bss .bss.* .gnu.linkonce.b.*)
 .bss           0x00820344        0x0 ../TiltMazeController_bsp//obj/HAL/src/crt0.o
 .bss           0x00820344        0x0 obj/default/command.o
 .bss           0x00820344        0x0 obj/default/main.o
 .bss           0x00820344        0x0 obj/default/servo.o
 .bss           0x00820344        0x0 obj/default/uart.o
 .bss           0x00820344        0x0 /OPT/altera/12.1/nios2eds/bin/gnu/H-i686-pc-linux-gnu/bin/../lib/gcc/nios2-elf/4.1.2/../../../../nios2-elf/lib/mno-hw-mul/libc.a(lib_a-malloc.o)
 .bss           0x00820344       0x28 /OPT/altera/12.1/nios2eds/bin/gnu/H-i686-pc-linux-gnu/bin/../lib/gcc/nios2-elf/4.1.2/../../../../nios2-elf/lib/mno-hw-mul/libc.a(lib_a-mallocr.o)
                0x00820344                __malloc_current_mallinfo
 .bss           0x0082036c        0x0 /OPT/altera/12.1/nios2eds/bin/gnu/H-i686-pc-linux-gnu/bin/../lib/gcc/nios2-elf/4.1.2/../../../../nios2-elf/lib/mno-hw-mul/libc.a(lib_a-printf.o)
 .bss           0x0082036c        0x0 /OPT/altera/12.1/nios2eds/bin/gnu/H-i686-pc-linux-gnu/bin/../lib/gcc/nios2-elf/4.1.2/../../../../nios2-elf/lib/mno-hw-mul/libc.a(lib_a-putchar.o)
 .bss           0x0082036c        0x0 /OPT/altera/12.1/nios2eds/bin/gnu/H-i686-pc-linux-gnu/bin/../lib/gcc/nios2-elf/4.1.2/../../../../nios2-elf/lib/mno-hw-mul/libc.a(lib_a-puts.o)
 .bss           0x0082036c        0x0 /OPT/altera/12.1/nios2eds/bin/gnu/H-i686-pc-linux-gnu/bin/../lib/gcc/nios2-elf/4.1.2/../../../../nios2-elf/lib/mno-hw-mul/libc.a(lib_a-sbrkr.o)
 .bss           0x0082036c        0x0 /OPT/altera/12.1/nios2eds/bin/gnu/H-i686-pc-linux-gnu/bin/../lib/gcc/nios2-elf/4.1.2/../../../../nios2-elf/lib/mno-hw-mul/libc.a(lib_a-sprintf.o)
 .bss           0x0082036c        0x0 /OPT/altera/12.1/nios2eds/bin/gnu/H-i686-pc-linux-gnu/bin/../lib/gcc/nios2-elf/4.1.2/../../../../nios2-elf/lib/mno-hw-mul/libc.a(lib_a-sscanf.o)
 .bss           0x0082036c        0x0 /OPT/altera/12.1/nios2eds/bin/gnu/H-i686-pc-linux-gnu/bin/../lib/gcc/nios2-elf/4.1.2/../../../../nios2-elf/lib/mno-hw-mul/libc.a(lib_a-strlen.o)
 .bss           0x0082036c        0x0 /OPT/altera/12.1/nios2eds/bin/gnu/H-i686-pc-linux-gnu/bin/../lib/gcc/nios2-elf/4.1.2/../../../../nios2-elf/lib/mno-hw-mul/libc.a(lib_a-strncmp.o)
 .bss           0x0082036c        0x0 /OPT/altera/12.1/nios2eds/bin/gnu/H-i686-pc-linux-gnu/bin/../lib/gcc/nios2-elf/4.1.2/../../../../nios2-elf/lib/mno-hw-mul/libc.a(lib_a-vfprintf.o)
 .bss           0x0082036c        0x0 /OPT/altera/12.1/nios2eds/bin/gnu/H-i686-pc-linux-gnu/bin/../lib/gcc/nios2-elf/4.1.2/../../../../nios2-elf/lib/mno-hw-mul/libc.a(lib_a-vfscanf.o)
 .bss           0x0082036c        0x0 /OPT/altera/12.1/nios2eds/bin/gnu/H-i686-pc-linux-gnu/bin/../lib/gcc/nios2-elf/4.1.2/../../../../nios2-elf/lib/mno-hw-mul/libc.a(lib_a-wsetup.o)
 .bss           0x0082036c        0x0 /OPT/altera/12.1/nios2eds/bin/gnu/H-i686-pc-linux-gnu/bin/../lib/gcc/nios2-elf/4.1.2/../../../../nios2-elf/lib/mno-hw-mul/libc.a(lib_a-ctype_.o)
 .bss           0x0082036c        0x0 /OPT/altera/12.1/nios2eds/bin/gnu/H-i686-pc-linux-gnu/bin/../lib/gcc/nios2-elf/4.1.2/../../../../nios2-elf/lib/mno-hw-mul/libc.a(lib_a-dtoa.o)
 .bss           0x0082036c        0x0 /OPT/altera/12.1/nios2eds/bin/gnu/H-i686-pc-linux-gnu/bin/../lib/gcc/nios2-elf/4.1.2/../../../../nios2-elf/lib/mno-hw-mul/libc.a(lib_a-fflush.o)
 .bss           0x0082036c        0x0 /OPT/altera/12.1/nios2eds/bin/gnu/H-i686-pc-linux-gnu/bin/../lib/gcc/nios2-elf/4.1.2/../../../../nios2-elf/lib/mno-hw-mul/libc.a(lib_a-findfp.o)
 .bss           0x0082036c        0x0 /OPT/altera/12.1/nios2eds/bin/gnu/H-i686-pc-linux-gnu/bin/../lib/gcc/nios2-elf/4.1.2/../../../../nios2-elf/lib/mno-hw-mul/libc.a(lib_a-fread.o)
 .bss           0x0082036c        0x0 /OPT/altera/12.1/nios2eds/bin/gnu/H-i686-pc-linux-gnu/bin/../lib/gcc/nios2-elf/4.1.2/../../../../nios2-elf/lib/mno-hw-mul/libc.a(lib_a-freer.o)
 .bss           0x0082036c        0x0 /OPT/altera/12.1/nios2eds/bin/gnu/H-i686-pc-linux-gnu/bin/../lib/gcc/nios2-elf/4.1.2/../../../../nios2-elf/lib/mno-hw-mul/libc.a(lib_a-fvwrite.o)
 .bss           0x0082036c        0x0 /OPT/altera/12.1/nios2eds/bin/gnu/H-i686-pc-linux-gnu/bin/../lib/gcc/nios2-elf/4.1.2/../../../../nios2-elf/lib/mno-hw-mul/libc.a(lib_a-fwalk.o)
 .bss           0x0082036c        0x0 /OPT/altera/12.1/nios2eds/bin/gnu/H-i686-pc-linux-gnu/bin/../lib/gcc/nios2-elf/4.1.2/../../../../nios2-elf/lib/mno-hw-mul/libc.a(lib_a-impure.o)
 .bss           0x0082036c        0x0 /OPT/altera/12.1/nios2eds/bin/gnu/H-i686-pc-linux-gnu/bin/../lib/gcc/nios2-elf/4.1.2/../../../../nios2-elf/lib/mno-hw-mul/libc.a(lib_a-int_errno.o)
 .bss           0x0082036c        0x0 /OPT/altera/12.1/nios2eds/bin/gnu/H-i686-pc-linux-gnu/bin/../lib/gcc/nios2-elf/4.1.2/../../../../nios2-elf/lib/mno-hw-mul/libc.a(lib_a-iswspace.o)
 .bss           0x0082036c        0x0 /OPT/altera/12.1/nios2eds/bin/gnu/H-i686-pc-linux-gnu/bin/../lib/gcc/nios2-elf/4.1.2/../../../../nios2-elf/lib/mno-hw-mul/libc.a(lib_a-locale.o)
 .bss           0x0082036c        0x0 /OPT/altera/12.1/nios2eds/bin/gnu/H-i686-pc-linux-gnu/bin/../lib/gcc/nios2-elf/4.1.2/../../../../nios2-elf/lib/mno-hw-mul/libc.a(lib_a-makebuf.o)
 .bss           0x0082036c        0x0 /OPT/altera/12.1/nios2eds/bin/gnu/H-i686-pc-linux-gnu/bin/../lib/gcc/nios2-elf/4.1.2/../../../../nios2-elf/lib/mno-hw-mul/libc.a(lib_a-mbrtowc.o)
 .bss           0x0082036c        0x0 /OPT/altera/12.1/nios2eds/bin/gnu/H-i686-pc-linux-gnu/bin/../lib/gcc/nios2-elf/4.1.2/../../../../nios2-elf/lib/mno-hw-mul/libc.a(lib_a-mbtowc_r.o)
 .bss           0x0082036c        0x0 /OPT/altera/12.1/nios2eds/bin/gnu/H-i686-pc-linux-gnu/bin/../lib/gcc/nios2-elf/4.1.2/../../../../nios2-elf/lib/mno-hw-mul/libc.a(lib_a-memchr.o)
 .bss           0x0082036c        0x0 /OPT/altera/12.1/nios2eds/bin/gnu/H-i686-pc-linux-gnu/bin/../lib/gcc/nios2-elf/4.1.2/../../../../nios2-elf/lib/mno-hw-mul/libc.a(lib_a-memcpy.o)
 .bss           0x0082036c        0x0 /OPT/altera/12.1/nios2eds/bin/gnu/H-i686-pc-linux-gnu/bin/../lib/gcc/nios2-elf/4.1.2/../../../../nios2-elf/lib/mno-hw-mul/libc.a(lib_a-memmove.o)
 .bss           0x0082036c        0x0 /OPT/altera/12.1/nios2eds/bin/gnu/H-i686-pc-linux-gnu/bin/../lib/gcc/nios2-elf/4.1.2/../../../../nios2-elf/lib/mno-hw-mul/libc.a(lib_a-memset.o)
 .bss           0x0082036c        0x0 /OPT/altera/12.1/nios2eds/bin/gnu/H-i686-pc-linux-gnu/bin/../lib/gcc/nios2-elf/4.1.2/../../../../nios2-elf/lib/mno-hw-mul/libc.a(lib_a-mprec.o)
 .bss           0x0082036c        0x0 /OPT/altera/12.1/nios2eds/bin/gnu/H-i686-pc-linux-gnu/bin/../lib/gcc/nios2-elf/4.1.2/../../../../nios2-elf/lib/mno-hw-mul/libc.a(lib_a-putc.o)
 .bss           0x0082036c        0x0 /OPT/altera/12.1/nios2eds/bin/gnu/H-i686-pc-linux-gnu/bin/../lib/gcc/nios2-elf/4.1.2/../../../../nios2-elf/lib/mno-hw-mul/libc.a(lib_a-reallocr.o)
 .bss           0x0082036c        0x0 /OPT/altera/12.1/nios2eds/bin/gnu/H-i686-pc-linux-gnu/bin/../lib/gcc/nios2-elf/4.1.2/../../../../nios2-elf/lib/mno-hw-mul/libc.a(lib_a-refill.o)
 .bss           0x0082036c        0x0 /OPT/altera/12.1/nios2eds/bin/gnu/H-i686-pc-linux-gnu/bin/../lib/gcc/nios2-elf/4.1.2/../../../../nios2-elf/lib/mno-hw-mul/libc.a(lib_a-s_isinfd.o)
 .bss           0x0082036c        0x0 /OPT/altera/12.1/nios2eds/bin/gnu/H-i686-pc-linux-gnu/bin/../lib/gcc/nios2-elf/4.1.2/../../../../nios2-elf/lib/mno-hw-mul/libc.a(lib_a-s_isnand.o)
 .bss           0x0082036c        0x0 /OPT/altera/12.1/nios2eds/bin/gnu/H-i686-pc-linux-gnu/bin/../lib/gcc/nios2-elf/4.1.2/../../../../nios2-elf/lib/mno-hw-mul/libc.a(lib_a-sccl.o)
 .bss           0x0082036c        0x0 /OPT/altera/12.1/nios2eds/bin/gnu/H-i686-pc-linux-gnu/bin/../lib/gcc/nios2-elf/4.1.2/../../../../nios2-elf/lib/mno-hw-mul/libc.a(lib_a-sf_nan.o)
 .bss           0x0082036c        0x0 /OPT/altera/12.1/nios2eds/bin/gnu/H-i686-pc-linux-gnu/bin/../lib/gcc/nios2-elf/4.1.2/../../../../nios2-elf/lib/mno-hw-mul/libc.a(lib_a-stdio.o)
 .bss           0x0082036c        0x0 /OPT/altera/12.1/nios2eds/bin/gnu/H-i686-pc-linux-gnu/bin/../lib/gcc/nios2-elf/4.1.2/../../../../nios2-elf/lib/mno-hw-mul/libc.a(lib_a-strcmp.o)
 .bss           0x0082036c        0x0 /OPT/altera/12.1/nios2eds/bin/gnu/H-i686-pc-linux-gnu/bin/../lib/gcc/nios2-elf/4.1.2/../../../../nios2-elf/lib/mno-hw-mul/libc.a(lib_a-strtod.o)
 .bss           0x0082036c        0x0 /OPT/altera/12.1/nios2eds/bin/gnu/H-i686-pc-linux-gnu/bin/../lib/gcc/nios2-elf/4.1.2/../../../../nios2-elf/lib/mno-hw-mul/libc.a(lib_a-strtol.o)
 .bss           0x0082036c        0x0 /OPT/altera/12.1/nios2eds/bin/gnu/H-i686-pc-linux-gnu/bin/../lib/gcc/nios2-elf/4.1.2/../../../../nios2-elf/lib/mno-hw-mul/libc.a(lib_a-strtoll_r.o)