Archive member included because of file (symbol)

/OPT/altera/12.1/nios2eds/bin/gnu/H-i686-pc-linux-gnu/bin/../lib/gcc/nios2-elf/4.1.2/../../../../nios2-elf/lib/libc.a(lib_a-fflush.o)
                              obj/default/uart.o (fflush)
/OPT/altera/12.1/nios2eds/bin/gnu/H-i686-pc-linux-gnu/bin/../lib/gcc/nios2-elf/4.1.2/../../../../nios2-elf/lib/libc.a(lib_a-findfp.o)
                              /OPT/altera/12.1/nios2eds/bin/gnu/H-i686-pc-linux-gnu/bin/../lib/gcc/nios2-elf/4.1.2/../../../../nios2-elf/lib/libc.a(lib_a-fflush.o) (__sinit)
/OPT/altera/12.1/nios2eds/bin/gnu/H-i686-pc-linux-gnu/bin/../lib/gcc/nios2-elf/4.1.2/../../../../nios2-elf/lib/libc.a(lib_a-fopen.o)
                              obj/default/uart.o (fopen)
/OPT/altera/12.1/nios2eds/bin/gnu/H-i686-pc-linux-gnu/bin/../lib/gcc/nios2-elf/4.1.2/../../../../nios2-elf/lib/libc.a(lib_a-fseek.o)
                              /OPT/altera/12.1/nios2eds/bin/gnu/H-i686-pc-linux-gnu/bin/../lib/gcc/nios2-elf/4.1.2/../../../../nios2-elf/lib/libc.a(lib_a-fopen.o) (_fseek_r)
/OPT/altera/12.1/nios2eds/bin/gnu/H-i686-pc-linux-gnu/bin/../lib/gcc/nios2-elf/4.1.2/../../../../nios2-elf/lib/libc.a(lib_a-fstatr.o)
                              /OPT/altera/12.1/nios2eds/bin/gnu/H-i686-pc-linux-gnu/bin/../lib/gcc/nios2-elf/4.1.2/../../../../nios2-elf/lib/libc.a(lib_a-fseek.o) (_fstat_r)
/OPT/altera/12.1/nios2eds/bin/gnu/H-i686-pc-linux-gnu/bin/../lib/gcc/nios2-elf/4.1.2/../../../../nios2-elf/lib/libc.a(lib_a-fwalk.o)
                              /OPT/altera/12.1/nios2eds/bin/gnu/H-i686-pc-linux-gnu/bin/../lib/gcc/nios2-elf/4.1.2/../../../../nios2-elf/lib/libc.a(lib_a-fflush.o) (_fwalk_reent)
/OPT/altera/12.1/nios2eds/bin/gnu/H-i686-pc-linux-gnu/bin/../lib/gcc/nios2-elf/4.1.2/../../../../nios2-elf/lib/libc.a(lib_a-fwrite.o)
                              obj/default/uart.o (fwrite)
/OPT/altera/12.1/nios2eds/bin/gnu/H-i686-pc-linux-gnu/bin/../lib/gcc/nios2-elf/4.1.2/../../../../nios2-elf/lib/libc.a(lib_a-getc.o)
                              obj/default/uart.o (getc)
/OPT/altera/12.1/nios2eds/bin/gnu/H-i686-pc-linux-gnu/bin/../lib/gcc/nios2-elf/4.1.2/../../../../nios2-elf/lib/libc.a(lib_a-impure.o)
                              /OPT/altera/12.1/nios2eds/bin/gnu/H-i686-pc-linux-gnu/bin/../lib/gcc/nios2-elf/4.1.2/../../../../nios2-elf/lib/libc.a(lib_a-fflush.o) (_impure_ptr)
/OPT/altera/12.1/nios2eds/bin/gnu/H-i686-pc-linux-gnu/bin/../lib/gcc/nios2-elf/4.1.2/../../../../nios2-elf/lib/libc.a(lib_a-int_errno.o)
                              /OPT/altera/12.1/nios2eds/bin/gnu/H-i686-pc-linux-gnu/bin/../lib/gcc/nios2-elf/4.1.2/../../../../nios2-elf/lib/libc.a(lib_a-fstatr.o) (errno)
/OPT/altera/12.1/nios2eds/bin/gnu/H-i686-pc-linux-gnu/bin/../lib/gcc/nios2-elf/4.1.2/../../../../nios2-elf/lib/libc.a(lib_a-makebuf.o)
                              /OPT/altera/12.1/nios2eds/bin/gnu/H-i686-pc-linux-gnu/bin/../lib/gcc/nios2-elf/4.1.2/../../../../nios2-elf/lib/libc.a(lib_a-fseek.o) (__smakebuf_r)
/OPT/altera/12.1/nios2eds/bin/gnu/H-i686-pc-linux-gnu/bin/../lib/gcc/nios2-elf/4.1.2/../../../../nios2-elf/lib/libc.a(lib_a-malloc.o)
                              obj/default/main.o (free)
/OPT/altera/12.1/nios2eds/bin/gnu/H-i686-pc-linux-gnu/bin/../lib/gcc/nios2-elf/4.1.2/../../../../nios2-elf/lib/libc.a(lib_a-mallocr.o)
                              /OPT/altera/12.1/nios2eds/bin/gnu/H-i686-pc-linux-gnu/bin/../lib/gcc/nios2-elf/4.1.2/../../../../nios2-elf/lib/libc.a(lib_a-findfp.o) (_malloc_r)
/OPT/altera/12.1/nios2eds/bin/gnu/H-i686-pc-linux-gnu/bin/../lib/gcc/nios2-elf/4.1.2/../../../../nios2-elf/lib/libc.a(lib_a-memset.o)
                              /OPT/altera/12.1/nios2eds/bin/gnu/H-i686-pc-linux-gnu/bin/../lib/gcc/nios2-elf/4.1.2/../../../../nios2-elf/lib/libc.a(lib_a-findfp.o) (memset)
/OPT/altera/12.1/nios2eds/bin/gnu/H-i686-pc-linux-gnu/bin/../lib/gcc/nios2-elf/4.1.2/../../../../nios2-elf/lib/libc.a(lib_a-openr.o)
                              /OPT/altera/12.1/nios2eds/bin/gnu/H-i686-pc-linux-gnu/bin/../lib/gcc/nios2-elf/4.1.2/../../../../nios2-elf/lib/libc.a(lib_a-fopen.o) (_open_r)
/OPT/altera/12.1/nios2eds/bin/gnu/H-i686-pc-linux-gnu/bin/../lib/gcc/nios2-elf/4.1.2/../../../../nios2-elf/lib/libc.a(lib_a-printf.o)
                              obj/default/main.o (printf)
/OPT/altera/12.1/nios2eds/bin/gnu/H-i686-pc-linux-gnu/bin/../lib/gcc/nios2-elf/4.1.2/../../../../nios2-elf/lib/libc.a(lib_a-puts.o)
                              obj/default/main.o (puts)
/OPT/altera/12.1/nios2eds/bin/gnu/H-i686-pc-linux-gnu/bin/../lib/gcc/nios2-elf/4.1.2/../../../../nios2-elf/lib/libc.a(lib_a-refill.o)
                              /OPT/altera/12.1/nios2eds/bin/gnu/H-i686-pc-linux-gnu/bin/../lib/gcc/nios2-elf/4.1.2/../../../../nios2-elf/lib/libc.a(lib_a-fseek.o) (__srefill_r)
/OPT/altera/12.1/nios2eds/bin/gnu/H-i686-pc-linux-gnu/bin/../lib/gcc/nios2-elf/4.1.2/../../../../nios2-elf/lib/libc.a(lib_a-rget.o)
[...]
Memory Configuration

Name             Origin             Length             Attributes
sdram_0          0x00800000         0x00800000
reset            0x01400000         0x00000020
generic_tristate_controller_0 0x01400020         0x003fffe0
sram_0           0x01880000         0x00080000
onchip_memory2_0_BEFORE_EXCEPTION 0x01904000         0x00000020
onchip_memory2_0 0x01904020         0x00003fe0
*default*        0x00000000         0xffffffff

Linker script and memory map

LOAD ../TiltMazeController_nonVolatile_bsp//obj/HAL/src/crt0.o
LOAD obj/default/command.o
LOAD obj/default/main.o
LOAD obj/default/servo.o
LOAD obj/default/uart.o
LOAD /OPT/altera/12.1/nios2eds/bin/gnu/H-i686-pc-linux-gnu/bin/../lib/gcc/nios2-elf/4.1.2/../../../../nios2-elf/lib/libstdc++.a
LOAD /OPT/altera/12.1/nios2eds/bin/gnu/H-i686-pc-linux-gnu/bin/../lib/gcc/nios2-elf/4.1.2/../../../../nios2-elf/lib/libm.a
LOAD /OPT/altera/12.1/nios2eds/bin/gnu/H-i686-pc-linux-gnu/bin/../lib/gcc/nios2-elf/4.1.2/libgcc.a
START GROUP
LOAD /OPT/altera/12.1/nios2eds/bin/gnu/H-i686-pc-linux-gnu/bin/../lib/gcc/nios2-elf/4.1.2/../../../../nios2-elf/lib/libc.a
LOAD /OPT/altera/12.1/nios2eds/bin/gnu/H-i686-pc-linux-gnu/bin/../lib/gcc/nios2-elf/4.1.2/libgcc.a
LOAD ../TiltMazeController_nonVolatile_bsp//libucosii_bsp.a
END GROUP
LOAD /OPT/altera/12.1/nios2eds/bin/gnu/H-i686-pc-linux-gnu/bin/../lib/gcc/nios2-elf/4.1.2/libgcc.a
                0x00800000                __alt_mem_sdram_0 = 0x800000
                0x01400000                __alt_mem_generic_tristate_controller_0 = 0x1400000
                0x01880000                __alt_mem_sram_0 = 0x1880000
                0x01904000                __alt_mem_onchip_memory2_0 = 0x1904000

.entry          0x01400000        0x0
 *(.entry)
 .entry         0x01400000        0x0 ../TiltMazeController_nonVolatile_bsp//obj/HAL/src/crt0.o
                0x01400000                __reset

.exceptions     0x01904020      0x19c
                0x01904020                PROVIDE (__ram_exceptions_start, ABSOLUTE (.))
                0x01904020                . = ALIGN (0x20)
 *(.irq)
 *(.exceptions.entry.label)
 .exceptions.entry.label
                0x01904020        0x0 ../TiltMazeController_nonVolatile_bsp//libucosii_bsp.a(alt_irq_entry.o)
                0x01904020                alt_irq_entry
 .exceptions.entry.label
                0x01904020        0x0 ../TiltMazeController_nonVolatile_bsp//libucosii_bsp.a(alt_exception_entry.o)
                0x01904020                alt_exception
 *(.exceptions.entry.user)
 *(.exceptions.entry)
 .exceptions.entry
                0x01904020       0x54 ../TiltMazeController_nonVolatile_bsp//libucosii_bsp.a(alt_exception_entry.o)
 *(.exceptions.irqtest.user)
 *(.exceptions.irqtest)
 .exceptions.irqtest
                0x01904074       0x10 ../TiltMazeController_nonVolatile_bsp//libucosii_bsp.a(alt_irq_entry.o)
 *(.exceptions.irqhandler.user)
 *(.exceptions.irqhandler)
 .exceptions.irqhandler
                0x01904084        0x4 ../TiltMazeController_nonVolatile_bsp//libucosii_bsp.a(alt_irq_entry.o)
 *(.exceptions.irqreturn.user)
 *(.exceptions.irqreturn)
 .exceptions.irqreturn
                0x01904088        0x4 ../TiltMazeController_nonVolatile_bsp//libucosii_bsp.a(alt_irq_entry.o)
 *(.exceptions.notirq.label)
 .exceptions.notirq.label
                0x0190408c        0x0 ../TiltMazeController_nonVolatile_bsp//libucosii_bsp.a(alt_irq_entry.o)
 *(.exceptions.notirq.user)
 *(.exceptions.notirq)
 .exceptions.notirq
                0x0190408c        0x8 ../TiltMazeController_nonVolatile_bsp//libucosii_bsp.a(alt_exception_entry.o)
 *(.exceptions.soft.user)
 *(.exceptions.soft)
 *(.exceptions.unknown.user)
 *(.exceptions.unknown)
 .exceptions.unknown
                0x01904094        0x4 ../TiltMazeController_nonVolatile_bsp//libucosii_bsp.a(alt_exception_entry.o)
 *(.exceptions.exit.label)
 .exceptions.exit.label
                0x01904098        0x0 ../TiltMazeController_nonVolatile_bsp//libucosii_bsp.a(alt_irq_entry.o)
 .exceptions.exit.label
                0x01904098        0x0 ../TiltMazeController_nonVolatile_bsp//libucosii_bsp.a(alt_exception_entry.o)
 *(.exceptions.exit.user)
 *(.exceptions.exit)
 .exceptions.exit
                0x01904098       0x54 ../TiltMazeController_nonVolatile_bsp//libucosii_bsp.a(alt_exception_entry.o)
 *(.exceptions)
 .exceptions    0x019040ec       0xd0 ../TiltMazeController_nonVolatile_bsp//libucosii_bsp.a(alt_irq_handler.o)
                0x019040ec                alt_irq_handler
                0x019041bc                PROVIDE (__ram_exceptions_end, ABSOLUTE (.))
                0x01904020                PROVIDE (__flash_exceptions_start, LOADADDR (.exceptions))

.text           0x00800000    0x1c06c
                0x00800000                PROVIDE (stext, ABSOLUTE (.))
 *(.interp)
 *(.hash)
 *(.dynsym)
 *(.dynstr)
 *(.gnu.version)
 *(.gnu.version_d)
 *(.gnu.version_r)
 *(.rel.init)
 *(.rela.init)
 *(.rel.text .rel.text.* .rel.gnu.linkonce.t.*)
 *(.rela.text .rela.text.* .rela.gnu.linkonce.t.*)
 *(.rel.fini)
 *(.rela.fini)
 *(.rel.rodata .rel.rodata.* .rel.gnu.linkonce.r.*)
 *(.rela.rodata .rela.rodata.* .rela.gnu.linkonce.r.*)
 *(.rel.data .rel.data.* .rel.gnu.linkonce.d.*)
 *(.rela.data .rela.data.* .rela.gnu.linkonce.d.*)
 *(.rel.tdata .rel.tdata.* .rel.gnu.linkonce.td.*)
 *(.rela.tdata .rela.tdata.* .rela.gnu.linkonce.td.*)
 *(.rel.tbss .rel.tbss.* .rel.gnu.linkonce.tb.*)
 *(.rela.tbss .rela.tbss.* .rela.gnu.linkonce.tb.*)
 *(.rel.ctors)
 *(.rela.ctors)
 *(.rel.dtors)
 *(.rela.dtors)
 *(.rel.got)
 *(.rela.got)
 *(.rel.sdata .rel.sdata.* .rel.gnu.linkonce.s.*)
 *(.rela.sdata .rela.sdata.* .rela.gnu.linkonce.s.*)
 *(.rel.sbss .rel.sbss.* .rel.gnu.linkonce.sb.*)
 *(.rela.sbss .rela.sbss.* .rela.gnu.linkonce.sb.*)
 *(.rel.sdata2 .rel.sdata2.* .rel.gnu.linkonce.s2.*)
 *(.rela.sdata2 .rela.sdata2.* .rela.gnu.linkonce.s2.*)
 *(.rel.sbss2 .rel.sbss2.* .rel.gnu.linkonce.sb2.*)
 *(.rela.sbss2 .rela.sbss2.* .rela.gnu.linkonce.sb2.*)
 *(.rel.bss .rel.bss.* .rel.gnu.linkonce.b.*)
 *(.rela.bss .rela.bss.* .rela.gnu.linkonce.b.*)
 *(.rel.plt)
 *(.rela.plt)
 *(.rel.dyn)
 *(.init)
 *(.plt)
 *(.text .stub .text.* .gnu.linkonce.t.*)
 .text          0x00800000       0x48 ../TiltMazeController_nonVolatile_bsp//obj/HAL/src/crt0.o
                0x00800000                _start
 .text          0x00800048      0x18c obj/default/command.o
                0x00800048                process_cmd_buf
                0x0080018c                get_arg
 .text          0x008001d4      0x2d8 obj/default/main.o
                0x008001d4                maintask
                0x008003b4                main
 .text          0x008004ac      0x318 obj/default/servo.o
                0x008004ac                servo_init
                0x008004f4                servotask
                0x008005c0                moveTowardsTarget
                0x00800668                checkRotationLimits
                0x008006c0                button_read
 .text          0x008007c4      0x3c8 obj/default/uart.o
                0x008007c4                uart_init
                0x00800b00                uart_write
 .text          0x00800b8c      0x230 /OPT/altera/12.1/nios2eds/bin/gnu/H-i686-pc-linux-gnu/bin/../lib/gcc/nios2-elf/4.1.2/../../../../nios2-elf/lib/libc.a(lib_a-fflush.o)
                0x00800b8c                _fflush_r
                0x00800d88                fflush
 .text          0x00800dbc      0x2c0 /OPT/altera/12.1/nios2eds/bin/gnu/H-i686-pc-linux-gnu/bin/../lib/gcc/nios2-elf/4.1.2/../../../../nios2-elf/lib/libc.a(lib_a-findfp.o)
                0x00800e14                __sfp_lock_acquire
                0x00800e18                __sfp_lock_release
                0x00800e1c                __sinit_lock_acquire
                0x00800e20                __sinit_lock_release
                0x00800e24                __sinit
                0x00800ed8                __fp_unlock_all
                0x00800ef0                __fp_lock_all
                0x00800f08                _cleanup_r
                0x00800f14                _cleanup
                0x00800f24                __sfmoreglue
                0x00800f8c                __sfp
 .text          0x0080107c      0x110 /OPT/altera/12.1/nios2eds/bin/gnu/H-i686-pc-linux-gnu/bin/../lib/gcc/nios2-elf/4.1.2/../../../../nios2-elf/lib/libc.a(lib_a-fopen.o)
                0x0080107c                _fopen_r
                0x00801170                fopen
 .text          0x0080118c      0x460 /OPT/altera/12.1/nios2eds/bin/gnu/H-i686-pc-linux-gnu/bin/../lib/gcc/nios2-elf/4.1.2/../../../../nios2-elf/lib/libc.a(lib_a-fseek.o)
                0x0080118c                _fseek_r
                0x008015c8                fseek
 .text          0x008015ec       0x74 /OPT/altera/12.1/nios2eds/bin/gnu/H-i686-pc-linux-gnu/bin/../lib/gcc/nios2-elf/4.1.2/../../../../nios2-elf/lib/libc.a(lib_a-fstatr.o)
                0x008015ec                _fstat_r
 .text          0x00801660      0x180 /OPT/altera/12.1/nios2eds/bin/gnu/H-i686-pc-linux-gnu/bin/../lib/gcc/nios2-elf/4.1.2/../../../../nios2-elf/lib/libc.a(lib_a-fwalk.o)
                0x00801660                _fwalk_reent
                0x00801728                _fwalk
 .text          0x008017e0       0xdc /OPT/altera/12.1/nios2eds/bin/gnu/H-i686-pc-linux-gnu/bin/../lib/gcc/nios2-elf/4.1.2/../../../../nios2-elf/lib/libc.a(lib_a-fwrite.o)
                0x008017e0                _fwrite_r
                0x0080187c                fwrite
 .text          0x008018bc      0x128 /OPT/altera/12.1/nios2eds/bin/gnu/H-i686-pc-linux-gnu/bin/../lib/gcc/nios2-elf/4.1.2/../../../../nios2-elf/lib/libc.a(lib_a-getc.o)
                0x008018bc                getc
                0x00801954                _getc_r
 .text          0x008019e4        0x0 /OPT/altera/12.1/nios2eds/bin/gnu/H-i686-pc-linux-gnu/bin/../lib/gcc/nios2-elf/4.1.2/../../../../nios2-elf/lib/libc.a(lib_a-impure.o)
 .text          0x008019e4        0x0 /OPT/altera/12.1/nios2eds/bin/gnu/H-i686-pc-linux-gnu/bin/../lib/gcc/nios2-elf/4.1.2/../../../../nios2-elf/lib/libc.a(lib_a-int_errno.o)
 .text          0x008019e4      0x194 /OPT/altera/12.1/nios2eds/bin/gnu/H-i686-pc-linux-gnu/bin/../lib/gcc/nios2-elf/4.1.2/../../../../nios2-elf/lib/libc.a(lib_a-makebuf.o)
                0x008019e4                __smakebuf_r
 .text          0x00801b78       0x28 /OPT/altera/12.1/nios2eds/bin/gnu/H-i686-pc-linux-gnu/bin/../lib/gcc/nios2-elf/4.1.2/../../../../nios2-elf/lib/libc.a(lib_a-malloc.o)
                0x00801b78                free
                0x00801b8c                malloc
 .text          0x00801ba0      0x740 /OPT/altera/12.1/nios2eds/bin/gnu/H-i686-pc-linux-gnu/bin/../lib/gcc/nios2-elf/4.1.2/../../../../nios2-elf/lib/libc.a(lib_a-mallocr.o)
                0x00801ba0                _malloc_r
 .text          0x008022e0       0x98 /OPT/altera/12.1/nios2eds/bin/gnu/H-i686-pc-linux-gnu/bin/../lib/gcc/nios2-elf/4.1.2/../../../../nios2-elf/lib/libc.a(lib_a-memset.o)
                0x008022e0                memset
 .text          0x00802378       0x78 /OPT/altera/12.1/nios2eds/bin/gnu/H-i686-pc-linux-gnu/bin/../lib/gcc/nios2-elf/4.1.2/../../../../nios2-elf/lib/libc.a(lib_a-openr.o)
                0x00802378                _open_r
 .text          0x008023f0       0x78 /OPT/altera/12.1/nios2eds/bin/gnu/H-i686-pc-linux-gnu/bin/../lib/gcc/nios2-elf/4.1.2/../../../../nios2-elf/lib/libc.a(lib_a-printf.o)
                0x008023f0                printf
                0x00802434                _printf_r
 .text          0x00802468       0xb4 /OPT/altera/12.1/nios2eds/bin/gnu/H-i686-pc-linux-gnu/bin/../lib/gcc/nios2-elf/4.1.2/../../../../nios2-elf/lib/libc.a(lib_a-puts.o)
                0x00802468                _puts_r
                0x00802508                puts
 .text          0x0080251c      0x1e0 /OPT/altera/12.1/nios2eds/bin/gnu/H-i686-pc-linux-gnu/bin/../lib/gcc/nios2-elf/4.1.2/../../../../nios2-elf/lib/libc.a(lib_a-refill.o)
                0x0080251c                __srefill_r
 .text          0x008026fc       0x60 /OPT/altera/12.1/nios2eds/bin/gnu/H-i686-pc-linux-gnu/bin/../lib/gcc/nios2-elf/4.1.2/../../../../nios2-elf/lib/libc.a(lib_a-rget.o)
                0x008026fc                __srget_r
                0x00802748                __srget
 .text          0x0080275c       0x70 /OPT/altera/12.1/nios2eds/bin/gnu/H-i686-pc-linux-gnu/bin/../lib/gcc/nios2-elf/4.1.2/../../../../nios2-elf/lib/libc.a(lib_a-sbrkr.o)
                0x0080275c                _sbrk_r
 .text          0x008027cc       0xd4 /OPT/altera/12.1/nios2eds/bin/gnu/H-i686-pc-linux-gnu/bin/../lib/gcc/nios2-elf/4.1.2/../../../../nios2-elf/lib/libc.a(lib_a-sprintf.o)
                0x008027cc                sprintf
                0x00802840                _sprintf_r
 .text          0x008028a0      0x114 /OPT/altera/12.1/nios2eds/bin/gnu/H-i686-pc-linux-gnu/bin/../lib/gcc/nios2-elf/4.1.2/../../../../nios2-elf/lib/libc.a(lib_a-sscanf.o)
                0x008028a8                _sscanf_r
                0x00802930                sscanf
 .text          0x008029b4      0x14c /OPT/altera/12.1/nios2eds/bin/gnu/H-i686-pc-linux-gnu/bin/../lib/gcc/nios2-elf/4.1.2/../../../../nios2-elf/lib/libc.a(lib_a-stdio.o)
                0x008029b4                __sclose
                0x008029bc                __sseek
                0x00802a24                __swrite
                0x00802aa0                __sread
 .text          0x00802b00       0x74 /OPT/altera/12.1/nios2eds/bin/gnu/H-i686-pc-linux-gnu/bin/../lib/gcc/nios2-elf/4.1.2/../../../../nios2-elf/lib/libc.a(lib_a-strlen.o)
                0x00802b00                strlen
 .text          0x00802b74       0xf0 /OPT/altera/12.1/nios2eds/bin/gnu/H-i686-pc-linux-gnu/bin/../lib/gcc/nios2-elf/4.1.2/../../../../nios2-elf/lib/libc.a(lib_a-strncmp.o)
                0x00802b74                strncmp
 .text          0x00802c64     0x1f28 /OPT/altera/12.1/nios2eds/bin/gnu/H-i686-pc-linux-gnu/bin/../lib/gcc/nios2-elf/4.1.2/../../../../nios2-elf/lib/libc.a(lib_a-vfprintf.o)
                0x00802cbc                ___vfprintf_internal_r
                0x00804b68                __vfprintf_internal
 .text          0x00804b8c     0x1780 /OPT/altera/12.1/nios2eds/bin/gnu/H-i686-pc-linux-gnu/bin/../lib/gcc/nios2-elf/4.1.2/../../../../nios2-elf/lib/libc.a(lib_a-vfscanf.o)
                0x00804b8c                __svfscanf_r
                0x0080620c                __svfscanf
                0x00806230                _vfscanf_r
                0x00806298                vfscanf
 .text          0x0080630c       0x78 /OPT/altera/12.1/nios2eds/bin/gnu/H-i686-pc-linux-gnu/bin/../lib/gcc/nios2-elf/4.1.2/../../../../nios2-elf/lib/libc.a(lib_a-writer.o)
                0x0080630c                _write_r
 .text          0x00806384      0x13c /OPT/altera/12.1/nios2eds/bin/gnu/H-i686-pc-linux-gnu/bin/../lib/gcc/nios2-elf/4.1.2/../../../../nios2-elf/lib/libc.a(lib_a-wsetup.o)
                0x00806384                __swsetup_r
 .text          0x008064c0       0x70 /OPT/altera/12.1/nios2eds/bin/gnu/H-i686-pc-linux-gnu/bin/../lib/gcc/nios2-elf/4.1.2/../../../../nios2-elf/lib/libc.a(lib_a-closer.o)
                0x008064c0                _close_r
 .text          0x00806530        0x0 /OPT/altera/12.1/nios2eds/bin/gnu/H-i686-pc-linux-gnu/bin/../lib/gcc/nios2-elf/4.1.2/../../../../nios2-elf/lib/libc.a(lib_a-ctype_.o)
 .text          0x00806530     0x17cc /OPT/altera/12.1/nios2eds/bin/gnu/H-i686-pc-linux-gnu/bin/../lib/gcc/nios2-elf/4.1.2/../../../../nios2-elf/lib/libc.a(lib_a-dtoa.o)
                0x00806748                _dtoa_r
 .text          0x00807cfc      0x124 /OPT/altera/12.1/nios2eds/bin/gnu/H-i686-pc-linux-gnu/bin/../lib/gcc/nios2-elf/4.1.2/../../../../nios2-elf/lib/libc.a(lib_a-fclose.o)
                0x00807cfc                _fclose_r
                0x00807e0c                fclose
 .text          0x00807e20       0xa0 /OPT/altera/12.1/nios2eds/bin/gnu/H-i686-pc-linux-gnu/bin/../lib/gcc/nios2-elf/4.1.2/../../../../nios2-elf/lib/libc.a(lib_a-flags.o)
                0x00807e20                __sflags
 .text          0x00807ec0      0x23c /OPT/altera/12.1/nios2eds/bin/gnu/H-i686-pc-linux-gnu/bin/../lib/gcc/nios2-elf/4.1.2/../../../../nios2-elf/lib/libc.a(lib_a-fread.o)
                0x00807ec0                _fread_r
                0x008080bc                fread
 .text          0x008080fc      0x440 /OPT/altera/12.1/nios2eds/bin/gnu/H-i686-pc-linux-gnu/bin/../lib/gcc/nios2-elf/4.1.2/../../../../nios2-elf/lib/libc.a(lib_a-freer.o)
                0x008080fc                _malloc_trim_r
                0x00808228                _free_r
 .text          0x0080853c      0x49c /OPT/altera/12.1/nios2eds/bin/gnu/H-i686-pc-linux-gnu/bin/../lib/gcc/nios2-elf/4.1.2/../../../../nios2-elf/lib/libc.a(lib_a-fvwrite.o)
                0x0080853c                __sfvwrite_r
 .text          0x008089d8       0x70 /OPT/altera/12.1/nios2eds/bin/gnu/H-i686-pc-linux-gnu/bin/../lib/gcc/nios2-elf/4.1.2/../../../../nios2-elf/lib/libc.a(lib_a-isattyr.o)
                0x008089d8                _isatty_r
 .text          0x00808a48       0x2c /OPT/altera/12.1/nios2eds/bin/gnu/H-i686-pc-linux-gnu/bin/../lib/gcc/nios2-elf/4.1.2/../../../../nios2-elf/lib/libc.a(lib_a-iswspace.o)
                0x00808a48                iswspace
 .text          0x00808a74       0xc4 /OPT/altera/12.1/nios2eds/bin/gnu/H-i686-pc-linux-gnu/bin/../lib/gcc/nios2-elf/4.1.2/../../../../nios2-elf/lib/libc.a(lib_a-locale.o)
                0x00808a74                __locale_charset
                0x00808a7c                _localeconv_r
                0x00808a88                localeconv
                0x00808a98                _setlocale_r
                0x00808b1c                setlocale
 .text          0x00808b38       0x78 /OPT/altera/12.1/nios2eds/bin/gnu/H-i686-pc-linux-gnu/bin/../lib/gcc/nios2-elf/4.1.2/../../../../nios2-elf/lib/libc.a(lib_a-lseekr.o)
                0x00808b38                _lseek_r
 .text          0x00808bb0       0xc0 /OPT/altera/12.1/nios2eds/bin/gnu/H-i686-pc-linux-gnu/bin/../lib/gcc/nios2-elf/4.1.2/../../../../nios2-elf/lib/libc.a(lib_a-mbrtowc.o)
                0x00808bb0                _mbrtowc_r
                0x00808c30                mbrtowc
 .text          0x00808c70       0x40 /OPT/altera/12.1/nios2eds/bin/gnu/H-i686-pc-linux-gnu/bin/../lib/gcc/nios2-elf/4.1.2/../../../../nios2-elf/lib/libc.a(lib_a-mbtowc_r.o)
                0x00808c70                _mbtowc_r
 .text          0x00808cb0       0xe4 /OPT/altera/12.1/nios2eds/bin/gnu/H-i686-pc-linux-gnu/bin/../lib/gcc/nios2-elf/4.1.2/../../../../nios2-elf/lib/libc.a(lib_a-memchr.o)
                0x00808cb0                memchr
 .text          0x00808d94       0xa0 /OPT/altera/12.1/nios2eds/bin/gnu/H-i686-pc-linux-gnu/bin/../lib/gcc/nios2-elf/4.1.2/../../../../nios2-elf/lib/libc.a(lib_a-memcpy.o)
                0x00808d94                memcpy
 .text          0x00808e34       0xe0 /OPT/altera/12.1/nios2eds/bin/gnu/H-i686-pc-linux-gnu/bin/../lib/gcc/nios2-elf/4.1.2/../../../../nios2-elf/lib/libc.a(lib_a-memmove.o)
                0x00808e34                memmove
 .text          0x00808f14      0xff4 /OPT/altera/12.1/nios2eds/bin/gnu/H-i686-pc-linux-gnu/bin/../lib/gcc/nios2-elf/4.1.2/../../../../nios2-elf/lib/libc.a(lib_a-mprec.o)
                0x00808f14                _Bfree
                0x00808f3c                __hi0bits
                0x00808fac                __lo0bits
                0x00809070                __mcmp
                0x008090d0                __ulp
                0x00809150                __b2d
                0x00809270                __ratio
                0x00809320                _mprec_log10
                0x008093b4                __copybits
                0x0080940c                __any_on
                0x00809494                _Balloc
                0x00809550                __d2b
                0x008096cc                __mdiff
                0x00809858                __lshift
                0x008099a4                __multiply
                0x00809b8c                __i2b
                0x00809bc8                __multadd
                0x00809cc8                __pow5mult
                0x00809de8                __s2b
 .text          0x00809f08       0x78 /OPT/altera/12.1/nios2eds/bin/gnu/H-i686-pc-linux-gnu/bin/../lib/gcc/nios2-elf/4.1.2/../../../../nios2-elf/lib/libc.a(lib_a-readr.o)
                0x00809f08                _read_r
 .text          0x00809f80      0x5f4 /OPT/altera/12.1/nios2eds/bin/gnu/H-i686-pc-linux-gnu/bin/../lib/gcc/nios2-elf/4.1.2/../../../../nios2-elf/lib/libc.a(lib_a-reallocr.o)
                0x00809f80                _realloc_r
 .text          0x0080a574       0x40 /OPT/altera/12.1/nios2eds/bin/gnu/H-i686-pc-linux-gnu/bin/../lib/gcc/nios2-elf/4.1.2/../../../../nios2-elf/lib/libc.a(lib_a-s_isinfd.o)
                0x0080a574                __isinfd
 .text          0x0080a5b4       0x30 /OPT/altera/12.1/nios2eds/bin/gnu/H-i686-pc-linux-gnu/bin/../lib/gcc/nios2-elf/4.1.2/../../../../nios2-elf/lib/libc.a(lib_a-s_isnand.o)
                0x0080a5b4                __isnand
 .text          0x0080a5e4       0xc0 /OPT/altera/12.1/nios2eds/bin/gnu/H-i686-pc-linux-gnu/bin/../lib/gcc/nios2-elf/4.1.2/../../../../nios2-elf/lib/libc.a(lib_a-sccl.o)
                0x0080a5e4                __sccl
 .text          0x0080a6a4        0x8 /OPT/altera/12.1/nios2eds/bin/gnu/H-i686-pc-linux-gnu/bin/../lib/gcc/nios2-elf/4.1.2/../../../../nios2-elf/lib/libc.a(lib_a-sf_nan.o)
                0x0080a6a4                nanf
 .text          0x0080a6ac       0xbc /OPT/altera/12.1/nios2eds/bin/gnu/H-i686-pc-linux-gnu/bin/../lib/gcc/nios2-elf/4.1.2/../../../../nios2-elf/lib/libc.a(lib_a-strcmp.o)
                0x0080a6ac                strcmp
 .text          0x0080a768     0x166c /OPT/altera/12.1/nios2eds/bin/gnu/H-i686-pc-linux-gnu/bin/../lib/gcc/nios2-elf/4.1.2/../../../../nios2-elf/lib/libc.a(lib_a-strtod.o)
                0x0080a7b0                _strtod_r
                0x0080bc94                strtof
                0x0080bdb8                strtod
 .text          0x0080bdd4      0x268 /OPT/altera/12.1/nios2eds/bin/gnu/H-i686-pc-linux-gnu/bin/../lib/gcc/nios2-elf/4.1.2/../../../../nios2-elf/lib/libc.a(lib_a-strtol.o)
                0x0080bdd4                _strtol_r
                0x0080c018                strtol
 .text          0x0080c03c      0x318 /OPT/altera/12.1/nios2eds/bin/gnu/H-i686-pc-linux-gnu/bin/../lib/gcc/nios2-elf/4.1.2/../../../../nios2-elf/lib/libc.a(lib_a-strtoll_r.o)
                0x0080c03c                _strtoll_r
 .text          0x0080c354      0x254 /OPT/altera/12.1/nios2eds/bin/gnu/H-i686-pc-linux-gnu/bin/../lib/gcc/nios2-elf/4.1.2/../../../../nios2-elf/lib/libc.a(lib_a-strtoul.o)
                0x0080c354                _strtoul_r
                0x0080c584                strtoul
 .text          0x0080c5a8      0x2f0 /OPT/altera/12.1/nios2eds/bin/gnu/H-i686-pc-linux-gnu/bin/../lib/gcc/nios2-elf/4.1.2/../../../../nios2-elf/lib/libc.a(lib_a-strtoull_r.o)
                0x0080c5a8                _strtoull_r
 .text          0x0080c898      0x294 /OPT/altera/12.1/nios2eds/bin/gnu/H-i686-pc-linux-gnu/bin/../lib/gcc/nios2-elf/4.1.2/../../../../nios2-elf/lib/libc.a(lib_a-ungetc.o)
                0x0080c898                __submore
                0x0080c974                _ungetc_r
                0x0080cb10                ungetc
 .text          0x0080cb2c       0xb4 /OPT/altera/12.1/nios2eds/bin/gnu/H-i686-pc-linux-gnu/bin/../lib/gcc/nios2-elf/4.1.2/../../../../nios2-elf/lib/libc.a(lib_a-callocr.o)
                0x0080cb2c                _calloc_r
 .text          0x0080cbe0      0x8f4 /OPT/altera/12.1/nios2eds/bin/gnu/H-i686-pc-linux-gnu/bin/../lib/gcc/nios2-elf/4.1.2/../../../../nios2-elf/lib/libc.a(lib_a-gdtoa-gethex.o)
                0x0080cc04                __hexdig_init
                0x0080cd1c                __gethex
 .text          0x0080d4d4      0x294 /OPT/altera/12.1/nios2eds/bin/gnu/H-i686-pc-linux-gnu/bin/../lib/gcc/nios2-elf/4.1.2/../../../../nios2-elf/lib/libc.a(lib_a-gdtoa-hexnan.o)
                0x0080d520                __hexnan
 .text          0x0080d768       0x98 /OPT/altera/12.1/nios2eds/bin/gnu/H-i686-pc-linux-gnu/bin/../lib/gcc/nios2-elf/4.1.2/libgcc.a(_muldi3.o)
                0x0080d768                __muldi3
 .text          0x0080d800       0xa4 /OPT/altera/12.1/nios2eds/bin/gnu/H-i686-pc-linux-gnu/bin/../lib/gcc/nios2-elf/4.1.2/libgcc.a(_fixunsdfsi.o)
                0x0080d800                __fixunsdfsi
 .text          0x0080d8a4      0x5dc /OPT/altera/12.1/nios2eds/bin/gnu/H-i686-pc-linux-gnu/bin/../lib/gcc/nios2-elf/4.1.2/libgcc.a(_udivdi3.o)
                0x0080d8a4                __udivdi3
 .text          0x0080de80      0x5b0 /OPT/altera/12.1/nios2eds/bin/gnu/H-i686-pc-linux-gnu/bin/../lib/gcc/nios2-elf/4.1.2/libgcc.a(_umoddi3.o)
                0x0080de80                __umoddi3
 .text          0x0080e430       0x78 /OPT/altera/12.1/nios2eds/bin/gnu/H-i686-pc-linux-gnu/bin/../lib/gcc/nios2-elf/4.1.2/libgcc.a(_ne_sf.o)
                0x0080e430                __nesf2
 .text          0x0080e4a8       0x78 /OPT/altera/12.1/nios2eds/bin/gnu/H-i686-pc-linux-gnu/bin/../lib/gcc/nios2-elf/4.1.2/libgcc.a(_gt_sf.o)
                0x0080e4a8                __gtsf2
 .text          0x0080e520       0x78 /OPT/altera/12.1/nios2eds/bin/gnu/H-i686-pc-linux-gnu/bin/../lib/gcc/nios2-elf/4.1.2/libgcc.a(_lt_sf.o)
                0x0080e520                __ltsf2
 .text          0x0080e598      0x504 /OPT/altera/12.1/nios2eds/bin/gnu/H-i686-pc-linux-gnu/bin/../lib/gcc/nios2-elf/4.1.2/libgcc.a(_addsub_df.o)
                0x0080e9a8                __subdf3
                0x0080ea28                __adddf3
 .text          0x0080ea9c      0x3c4 /OPT/altera/12.1/nios2eds/bin/gnu/H-i686-pc-linux-gnu/bin/../lib/gcc/nios2-elf/4.1.2/libgcc.a(_mul_df.o)
                0x0080ea9c                __muldf3
 .text          0x0080ee60      0x258 /OPT/altera/12.1/nios2eds/bin/gnu/H-i686-pc-linux-gnu/bin/../lib/gcc/nios2-elf/4.1.2/libgcc.a(_div_df.o)
                0x0080ee60                __divdf3
 .text          0x0080f0b8       0x88 /OPT/altera/12.1/nios2eds/bin/gnu/H-i686-pc-linux-gnu/bin/../lib/gcc/nios2-elf/4.1.2/libgcc.a(_eq_df.o)
                0x0080f0b8                __eqdf2
 .text          0x0080f140       0x88 /OPT/altera/12.1/nios2eds/bin/gnu/H-i686-pc-linux-gnu/bin/../lib/gcc/nios2-elf/4.1.2/libgcc.a(_ne_df.o)
                0x0080f140                __nedf2
 .text          0x0080f1c8       0x88 /OPT/altera/12.1/nios2eds/bin/gnu/H-i686-pc-linux-gnu/bin/../lib/gcc/nios2-elf/4.1.2/libgcc.a(_gt_df.o)
                0x0080f1c8                __gtdf2
 .text          0x0080f250       0x88 /OPT/altera/12.1/nios2eds/bin/gnu/H-i686-pc-linux-gnu/bin/../lib/gcc/nios2-elf/4.1.2/libgcc.a(_ge_df.o)
                0x0080f250                __gedf2
 .text          0x0080f2d8       0x88 /OPT/altera/12.1/nios2eds/bin/gnu/H-i686-pc-linux-gnu/bin/../lib/gcc/nios2-elf/4.1.2/libgcc.a(_lt_df.o)
                0x0080f2d8                __ltdf2
 .text          0x0080f360       0x88 /OPT/altera/12.1/nios2eds/bin/gnu/H-i686-pc-linux-gnu/bin/../lib/gcc/nios2-elf/4.1.2/libgcc.a(_le_df.o)
                0x0080f360                __ledf2
 .text          0x0080f3e8       0xf8 /OPT/altera/12.1/nios2eds/bin/gnu/H-i686-pc-linux-gnu/bin/../lib/gcc/nios2-elf/4.1.2/libgcc.a(_si_to_df.o)
                0x0080f3e8                __floatsidf
 .text          0x0080f4e0       0xd8 /OPT/altera/12.1/nios2eds/bin/gnu/H-i686-pc-linux-gnu/bin/../lib/gcc/nios2-elf/4.1.2/libgcc.a(_df_to_si.o)
                0x0080f4e0                __fixdfsi
 .text          0x0080f5b8       0x74 /OPT/altera/12.1/nios2eds/bin/gnu/H-i686-pc-linux-gnu/bin/../lib/gcc/nios2-elf/4.1.2/libgcc.a(_df_to_sf.o)
                0x0080f5b8                __truncdfsf2
 .text          0x0080f62c        0x0 /OPT/altera/12.1/nios2eds/bin/gnu/H-i686-pc-linux-gnu/bin/../lib/gcc/nios2-elf/4.1.2/libgcc.a(_thenan_df.o)
 .text          0x0080f62c      0x194 /OPT/altera/12.1/nios2eds/bin/gnu/H-i686-pc-linux-gnu/bin/../lib/gcc/nios2-elf/4.1.2/libgcc.a(_usi_to_df.o)
                0x0080f62c                __floatunsidf
 .text          0x0080f7c0      0x14c /OPT/altera/12.1/nios2eds/bin/gnu/H-i686-pc-linux-gnu/bin/../lib/gcc/nios2-elf/4.1.2/libgcc.a(lib2-divmod.o)
                0x0080f83c                __divsi3
                0x0080f89c                __modsi3
                0x0080f8fc                __udivsi3
                0x0080f904                __umodsi3
 .text          0x0080f90c        0x0 /OPT/altera/12.1/nios2eds/bin/gnu/H-i686-pc-linux-gnu/bin/../lib/gcc/nios2-elf/4.1.2/libgcc.a(_clz.o)
 .text          0x0080f90c       0x80 /OPT/altera/12.1/nios2eds/bin/gnu/H-i686-pc-linux-gnu/bin/../lib/gcc/nios2-elf/4.1.2/libgcc.a(_clzsi2.o)
                0x0080f90c                __clzsi2
 .text          0x0080f98c       0xc8 /OPT/altera/12.1/nios2eds/bin/gnu/H-i686-pc-linux-gnu/bin/../lib/gcc/nios2-elf/4.1.2/libgcc.a(_unpack_sf.o)
                0x0080f98c                __unpack_f
 .text          0x0080fa54       0xa8 /OPT/altera/12.1/nios2eds/bin/gnu/H-i686-pc-linux-gnu/bin/../lib/gcc/nios2-elf/4.1.2/libgcc.a(_fpcmp_parts_sf.o)
                0x0080fa54                __fpcmp_parts_f
 .text          0x0080fafc       0x2c /OPT/altera/12.1/nios2eds/bin/gnu/H-i686-pc-linux-gnu/bin/../lib/gcc/nios2-elf/4.1.2/libgcc.a(_make_sf.o)
                0x0080fafc                __make_fp
 .text          0x0080fb28      0x314 /OPT/altera/12.1/nios2eds/bin/gnu/H-i686-pc-linux-gnu/bin/../lib/gcc/nios2-elf/4.1.2/libgcc.a(_pack_df.o)
                0x0080fb28                __pack_d
 .text          0x0080fe3c      0x138 /OPT/altera/12.1/nios2eds/bin/gnu/H-i686-pc-linux-gnu/bin/../lib/gcc/nios2-elf/4.1.2/libgcc.a(_unpack_df.o)
                0x0080fe3c                __unpack_d
 .text          0x0080ff74       0xc8 /OPT/altera/12.1/nios2eds/bin/gnu/H-i686-pc-linux-gnu/bin/../lib/gcc/nios2-elf/4.1.2/libgcc.a(_fpcmp_parts_df.o)
                0x0080ff74                __fpcmp_parts_d
 .text          0x0081003c      0x160 /OPT/altera/12.1/nios2eds/bin/gnu/H-i686-pc-linux-gnu/bin/../lib/gcc/nios2-elf/4.1.2/libgcc.a(_pack_sf.o)
                0x0081003c                __pack_f
 .text          0x0081019c      0x15c ../TiltMazeController_nonVolatile_bsp//libucosii_bsp.a(alt_close.o)
                0x0081019c                close
 .text          0x008102f8       0x2c ../TiltMazeController_nonVolatile_bsp//libucosii_bsp.a(alt_dev.o)
 .text          0x00810324        0x0 ../TiltMazeController_nonVolatile_bsp//libucosii_bsp.a(alt_errno.o)
 .text          0x00810324      0x134 ../TiltMazeController_nonVolatile_bsp//libucosii_bsp.a(alt_fstat.o)
                0x00810324                fstat
 .text          0x00810458      0x1d4 ../TiltMazeController_nonVolatile_bsp//libucosii_bsp.a(alt_iic.o)
                0x00810458                alt_ic_isr_register
                0x008104a8                alt_ic_irq_enable
                0x00810544                alt_ic_irq_disable
                0x008105e4                alt_ic_irq_enabled
 .text          0x0081062c       0xf8 ../TiltMazeController_nonVolatile_bsp//libucosii_bsp.a(alt_iic_isr_register.o)
                0x0081062c                alt_iic_isr_register
 .text          0x00810724        0x0 ../TiltMazeController_nonVolatile_bsp//libucosii_bsp.a(alt_irq_entry.o)
 .text          0x00810724        0x0 ../TiltMazeController_nonVolatile_bsp//libucosii_bsp.a(alt_irq_handler.o)
 .text          0x00810724        0x0 ../TiltMazeController_nonVolatile_bsp//libucosii_bsp.a(alt_irq_vars.o)
 .text          0x00810724      0x120 ../TiltMazeController_nonVolatile_bsp//libucosii_bsp.a(alt_isatty.o)
                0x00810724                isatty
 .text          0x00810844      0x150 ../TiltMazeController_nonVolatile_bsp//libucosii_bsp.a(alt_lseek.o)
                0x00810844                lseek
 .text          0x00810994       0xc8 ../TiltMazeController_nonVolatile_bsp//libucosii_bsp.a(alt_main.o)
                0x00810994                alt_main
 .text          0x00810a5c      0x2c4 ../TiltMazeController_nonVolatile_bsp//libucosii_bsp.a(alt_open.o)
                0x00810b38                open
 .text          0x00810d20      0x180 ../TiltMazeController_nonVolatile_bsp//libucosii_bsp.a(alt_read.o)
                0x00810d20                read
 .text          0x00810ea0       0x60 ../TiltMazeController_nonVolatile_bsp//libucosii_bsp.a(alt_release_fd.o)
                0x00810ea0                alt_release_fd
 .text          0x00810f00       0xbc ../TiltMazeController_nonVolatile_bsp//libucosii_bsp.a(alt_sbrk.o)
                0x00810f00                sbrk
 .text          0x00810fbc      0x180 ../TiltMazeController_nonVolatile_bsp//libucosii_bsp.a(alt_write.o)
                0x00810fbc                write
 .text          0x0081113c      0x108 ../TiltMazeController_nonVolatile_bsp//libucosii_bsp.a(alt_env_lock.o)
                0x0081113c                __env_lock
                0x008111e8                __env_unlock
 .text          0x00811244      0x1d8 ../TiltMazeController_nonVolatile_bsp//libucosii_bsp.a(alt_malloc_lock.o)
                0x00811244                __malloc_lock
                0x0081134c                __malloc_unlock
 .text          0x0081141c     0x2128 ../TiltMazeController_nonVolatile_bsp//libucosii_bsp.a(os_core.o)
                0x0081141c                OSEventNameGet
                0x0081154c                OSEventNameSet
                0x00811690                OSEventPendMulti
                0x00811d44                OSInit
                0x00811d98                OSIntEnter
                0x00811e14                OSIntExit
                0x00811f14                OSSchedLock
                0x00811fa0                OSSchedUnlock
                0x00812084                OSStart
                0x008120f4                OSStatInit
                0x008121a0                OSTimeTick
                0x008123e0                OSVersion
                0x00812400                OS_Dummy
                0x0081241c                OS_EventTaskRdy
                0x008125b0                OS_EventTaskWait
                0x008126c0                OS_EventTaskWaitMulti
                0x00812814                OS_EventTaskRemove
                0x008128cc                OS_EventTaskRemoveMulti
                0x008129d0                OS_EventWaitListInit
                0x00812d9c                OS_MemClr
                0x00812df0                OS_MemCopy
                0x00812e5c                OS_Sched
                0x00812fa0                OS_StrCopy
                0x00813020                OS_StrLen
                0x00813078                OS_TaskIdle
                0x008130d4                OS_TaskStat
                0x0081319c                OS_TaskStatStkChk
                0x00813264                OS_TCBInit
 .text          0x00813544      0x18c ../TiltMazeController_nonVolatile_bsp//libucosii_bsp.a(os_dbg.o)
                0x00813544                OSDebugInit
 .text          0x008136d0     0x193c ../TiltMazeController_nonVolatile_bsp//libucosii_bsp.a(os_flag.o)
                0x008136d0                OSFlagAccept
                0x00813a04                OSFlagCreate
                0x00813b40                OSFlagDel
                0x00813de8                OSFlagNameGet
                0x00813f2c                OSFlagNameSet
                0x00814080                OSFlagPend
                0x008146c4                OSFlagPendGetFlagsRdy
                0x0081472c                OSFlagPost
                0x00814ad4                OSFlagQuery
                0x00814d6c                OS_FlagInit
                0x00814f60                OS_FlagUnlink
 .text          0x0081500c      0x808 ../TiltMazeController_nonVolatile_bsp//libucosii_bsp.a(os_mem.o)
                0x0081500c                OSMemCreate
                0x00815228                OSMemGet
                0x0081532c                OSMemNameGet
                0x00815438                OSMemNameSet
                0x00815558                OSMemPut
                0x00815648                OSMemQuery
                0x00815744                OS_MemInit
 .text          0x00815814     0x1334 ../TiltMazeController_nonVolatile_bsp//libucosii_bsp.a(os_q.o)
                0x00815814                OSQAccept
                0x00815968                OSQCreate
                0x00815b7c                OSQDel
                0x00815e7c                OSQFlush
                0x00815f44                OSQPend
                0x00816264                OSQPendAbort
                0x008163e0                OSQPost
                0x00816560                OSQPostFront
                0x008166e8                OSQPostOpt
                0x0081691c                OSQQuery
                0x00816a9c                OS_QInit
 .text          0x00816b48      0xbc8 ../TiltMazeController_nonVolatile_bsp//libucosii_bsp.a(os_sem.o)
                0x00816b48                OSSemAccept
                0x00816c08                OSSemCreate
                0x00816d1c                OSSemDel
                0x00816fbc                OSSemPend
                0x00817238                OSSemPendAbort
                0x008173b4                OSSemPost
                0x008174dc                OSSemQuery
                0x0081760c                OSSemSet
 .text          0x00817710     0x1a40 ../TiltMazeController_nonVolatile_bsp//libucosii_bsp.a(os_task.o)
                0x00817710                OSTaskChangePrio
                0x00817c84                OSTaskCreate
                0x00817e58                OSTaskCreateExt
                0x00818058                OSTaskDel
                0x00818464                OSTaskDelReq
                0x008185d4                OSTaskNameGet
                0x0081878c                OSTaskNameSet
                0x00818950                OSTaskResume
                0x00818b68                OSTaskStkChk
                0x00818d64                OSTaskSuspend
                0x00818f90                OSTaskQuery
                0x008190d4                OS_TaskStkClr
 .text          0x00819150      0x598 ../TiltMazeController_nonVolatile_bsp//libucosii_bsp.a(os_time.o)
                0x00819150                OSTimeDly
                0x0081929c                OSTimeDlyHMSM
                0x00819410                OSTimeDlyResume
                0x00819620                OSTimeGet
                0x00819684                OSTimeSet
 .text          0x008196e8       0xec ../TiltMazeController_nonVolatile_bsp//libucosii_bsp.a(alt_sys_init.o)
                0x008196e8                alt_irq_init
                0x0081971c                alt_sys_init
 .text          0x008197d4      0x148 ../TiltMazeController_nonVolatile_bsp//libucosii_bsp.a(altera_avalon_jtag_uart_fd.o)
                0x008197d4                altera_avalon_jtag_uart_read_fd
                0x0081982c                altera_avalon_jtag_uart_write_fd
                0x00819884                altera_avalon_jtag_uart_close_fd
                0x008198cc                altera_avalon_jtag_uart_ioctl_fd
 .text          0x0081991c      0x584 ../TiltMazeController_nonVolatile_bsp//libucosii_bsp.a(altera_avalon_jtag_uart_init.o)
                0x0081991c                altera_avalon_jtag_uart_init
                0x00819e2c                altera_avalon_jtag_uart_close
 .text          0x00819ea0       0xf4 ../TiltMazeController_nonVolatile_bsp//libucosii_bsp.a(altera_avalon_jtag_uart_ioctl.o)
                0x00819ea0                altera_avalon_jtag_uart_ioctl
 .text          0x00819f94      0x2c0 ../TiltMazeController_nonVolatile_bsp//libucosii_bsp.a(altera_avalon_jtag_uart_read.o)
                0x00819f94                altera_avalon_jtag_uart_read
 .text          0x0081a254      0x2dc ../TiltMazeController_nonVolatile_bsp//libucosii_bsp.a(altera_avalon_jtag_uart_write.o)
                0x0081a254                altera_avalon_jtag_uart_write
 .text          0x0081a530      0x100 ../TiltMazeController_nonVolatile_bsp//libucosii_bsp.a(altera_avalon_timer_sc.o)
                0x0081a5a0                alt_avalon_timer_sc_init
 .text          0x0081a630       0xb0 ../TiltMazeController_nonVolatile_bsp//libucosii_bsp.a(altera_avalon_uart_fd.o)
                0x0081a630                altera_avalon_uart_read_fd
                0x0081a688                altera_avalon_uart_write_fd
 .text          0x0081a6e0      0x130 ../TiltMazeController_nonVolatile_bsp//libucosii_bsp.a(altera_avalon_uart_read.o)
                0x0081a6e0                altera_avalon_uart_read
 .text          0x0081a810      0x150 ../TiltMazeController_nonVolatile_bsp//libucosii_bsp.a(altera_avalon_uart_write.o)
                0x0081a810                altera_avalon_uart_write
 .text          0x0081a960      0x530 ../TiltMazeController_nonVolatile_bsp//libucosii_bsp.a(altera_up_avalon_character_lcd.o)
                0x0081a960                get_DDRAM_addr
                0x0081a9dc                alt_up_character_lcd_send_cmd
                0x0081aa10                alt_up_character_lcd_init
                0x0081aa44                alt_up_character_lcd_open_dev
                0x0081aa84                alt_up_character_lcd_write
                0x0081aafc                alt_up_character_lcd_string
                0x0081ab74                alt_up_character_lcd_write_fd
                0x0081abc0                alt_up_character_lcd_set_cursor_pos
                0x0081ac38                alt_up_character_lcd_shift_cursor
                0x0081ace8                alt_up_character_lcd_shift_display
                0x0081ad98                alt_up_character_lcd_erase_pos
                0x0081ae28                alt_up_character_lcd_cursor_off
                0x0081ae5c                alt_up_character_lcd_cursor_blink_on
 .text          0x0081ae90      0x154 ../TiltMazeController_nonVolatile_bsp//libucosii_bsp.a(alt_alarm_start.o)
                0x0081ae90                alt_alarm_start
 .text          0x0081afe4      0x114 ../TiltMazeController_nonVolatile_bsp//libucosii_bsp.a(alt_dev_llist_insert.o)
                0x0081afe4                alt_dev_llist_insert
 .text          0x0081b0f8       0x64 ../TiltMazeController_nonVolatile_bsp//libucosii_bsp.a(alt_do_ctors.o)
                0x0081b0f8                _do_ctors
 .text          0x0081b15c       0x64 ../TiltMazeController_nonVolatile_bsp//libucosii_bsp.a(alt_do_dtors.o)
                0x0081b15c                _do_dtors
 .text          0x0081b1c0        0x0 ../TiltMazeController_nonVolatile_bsp//libucosii_bsp.a(alt_exception_entry.o)
 .text          0x0081b1c0       0x94 ../TiltMazeController_nonVolatile_bsp//libucosii_bsp.a(alt_find_dev.o)
                0x0081b1c0                alt_find_dev
 .text          0x0081b254      0x120 ../TiltMazeController_nonVolatile_bsp//libucosii_bsp.a(alt_find_file.o)
                0x0081b254                alt_find_file
 .text          0x0081b374       0xf4 ../TiltMazeController_nonVolatile_bsp//libucosii_bsp.a(alt_get_fd.o)
                0x0081b374                alt_get_fd
 .text          0x0081b468      0x13c ../TiltMazeController_nonVolatile_bsp//libucosii_bsp.a(alt_io_redirect.o)
                0x0081b52c                alt_io_redirect
 .text          0x0081b5a4      0x1a8 ../TiltMazeController_nonVolatile_bsp//libucosii_bsp.a(alt_tick.o)
                0x0081b5a4                alt_alarm_stop
                0x0081b63c                alt_tick
 .text          0x0081b74c       0x20 ../TiltMazeController_nonVolatile_bsp//libucosii_bsp.a(altera_nios2_qsys_irq.o)
                0x0081b74c                altera_nios2_qsys_irq_init
 .text          0x0081b76c       0xd0 ../TiltMazeController_nonVolatile_bsp//libucosii_bsp.a(os_cpu_a.o)
                0x0081b76c                OSCtxSw
                0x0081b76c                OSIntCtxSw
                0x0081b7f8                OSStartHighRdy
                0x0081b818                OSStartTsk
 .text          0x0081b83c      0x418 ../TiltMazeController_nonVolatile_bsp//libucosii_bsp.a(os_cpu_c.o)
                0x0081b83c                OSTaskStkInit
                0x0081bb4c                OSTaskCreateHook
                0x0081bb6c                OSTaskDelHook
                0x0081bb8c                OSTaskSwHook
                0x0081bba8                OSTaskStatHook
                0x0081bbc4                OSTimeTickHook
                0x0081bbe0                OSInitHookBegin
                0x0081bbfc                OSInitHookEnd
                0x0081bc18                OSTaskIdleHook
                0x0081bc34                OSTCBInitHook
 .text          0x0081bc54       0x14 /OPT/altera/12.1/nios2eds/bin/gnu/H-i686-pc-linux-gnu/bin/../lib/gcc/nios2-elf/4.1.2/../../../../nios2-elf/lib/libc.a(lib_a-atexit.o)
                0x0081bc54                atexit
 .text          0x0081bc68       0x38 /OPT/altera/12.1/nios2eds/bin/gnu/H-i686-pc-linux-gnu/bin/../lib/gcc/nios2-elf/4.1.2/../../../../nios2-elf/lib/libc.a(lib_a-exit.o)
                0x0081bc68                exit
 .text          0x0081bca0       0x74 /OPT/altera/12.1/nios2eds/bin/gnu/H-i686-pc-linux-gnu/bin/../lib/gcc/nios2-elf/4.1.2/../../../../nios2-elf/lib/libc.a(lib_a-memcmp.o)
                0x0081bca0                memcmp
 .text          0x0081bd14      0x134 /OPT/altera/12.1/nios2eds/bin/gnu/H-i686-pc-linux-gnu/bin/../lib/gcc/nios2-elf/4.1.2/../../../../nios2-elf/lib/libc.a(lib_a-__atexit.o)
                0x0081bd14                __register_exitproc
 .text          0x0081be48      0x1b4 /OPT/altera/12.1/nios2eds/bin/gnu/H-i686-pc-linux-gnu/bin/../lib/gcc/nios2-elf/4.1.2/../../../../nios2-elf/lib/libc.a(lib_a-__call_atexit.o)
                0x0081be4c                __call_exitprocs
 .text          0x0081bffc       0x6c ../TiltMazeController_nonVolatile_bsp//libucosii_bsp.a(alt_exit.o)
                0x0081c03c                _exit
 *(.gnu.warning.*)
 *(.fini)
                0x0081c068                PROVIDE (__etext, ABSOLUTE (.))
                0x0081c068                PROVIDE (_etext, ABSOLUTE (.))
                0x0081c068                PROVIDE (etext, ABSOLUTE (.))
 *(.eh_frame_hdr)
                0x0081c068                . = ALIGN (0x4)
                0x0081c068                PROVIDE (__preinit_array_start, ABSOLUTE (.))
 *(.preinit_array)
                0x0081c068                PROVIDE (__preinit_array_end, ABSOLUTE (.))
                0x0081c068                PROVIDE (__init_array_start, ABSOLUTE (.))
 *(.init_array)
                0x0081c068                PROVIDE (__init_array_end, ABSOLUTE (.))
                0x0081c068                PROVIDE (__fini_array_start, ABSOLUTE (.))
 *(.fini_array)
                0x0081c068                PROVIDE (__fini_array_end, ABSOLUTE (.))
 *(.eh_frame)
 *(.gcc_except_table)
 *(.dynamic)
                0x0081c068                PROVIDE (__CTOR_LIST__, ABSOLUTE (.))
 *(.ctors)
 *(SORT(.ctors.*))
 .ctors.65535   0x0081c068        0x4 /OPT/altera/12.1/nios2eds/bin/gnu/H-i686-pc-linux-gnu/bin/../lib/gcc/nios2-elf/4.1.2/../../../../nios2-elf/lib/libc.a(lib_a-__call_atexit.o)
                0x0081c06c                PROVIDE (__CTOR_END__, ABSOLUTE (.))
                0x0081c06c                PROVIDE (__DTOR_LIST__, ABSOLUTE (.))
 *(.dtors)
 *(SORT(.dtors.*))
                0x0081c06c                PROVIDE (__DTOR_END__, ABSOLUTE (.))
 *(.jcr)
                0x0081c06c                . = ALIGN (0x4)

.rodata         0x0081c06c      0x91c
                0x0081c06c                PROVIDE (__ram_rodata_start, ABSOLUTE (.))
                0x0081c06c                . = ALIGN (0x4)
 *(.rodata .rodata.* .gnu.linkonce.r.*)
 .rodata        0x0081c06c       0x18 obj/default/command.o
 .rodata        0x0081c084       0xd0 obj/default/main.o
 .rodata        0x0081c154       0x18 obj/default/servo.o
 .rodata        0x0081c16c       0x90 obj/default/uart.o
 .rodata.str1.4
                0x0081c1fc        0x2 /OPT/altera/12.1/nios2eds/bin/gnu/H-i686-pc-linux-gnu/bin/../lib/gcc/nios2-elf/4.1.2/../../../../nios2-elf/lib/libc.a(lib_a-impure.o)
                                  0x4 (size before relaxing)
 *fill*         0x0081c1fe        0x2 00
 .rodata.str1.4
                0x0081c200        0x2 /OPT/altera/12.1/nios2eds/bin/gnu/H-i686-pc-linux-gnu/bin/../lib/gcc/nios2-elf/4.1.2/../../../../nios2-elf/lib/libc.a(lib_a-puts.o)
                                  0x4 (size before relaxing)
 *fill*         0x0081c202        0x2 00
 .rodata.str1.4
                0x0081c204       0x5e /OPT/altera/12.1/nios2eds/bin/gnu/H-i686-pc-linux-gnu/bin/../lib/gcc/nios2-elf/4.1.2/../../../../nios2-elf/lib/libc.a(lib_a-vfprintf.o)
                                 0x60 (size before relaxing)
 .rodata        0x0081c262       0x20 /OPT/altera/12.1/nios2eds/bin/gnu/H-i686-pc-linux-gnu/bin/../lib/gcc/nios2-elf/4.1.2/../../../../nios2-elf/lib/libc.a(lib_a-vfprintf.o)
 *fill*         0x0081c282        0x2 00
 .rodata.str1.4
                0x0081c284        0x5 /OPT/altera/12.1/nios2eds/bin/gnu/H-i686-pc-linux-gnu/bin/../lib/gcc/nios2-elf/4.1.2/../../../../nios2-elf/lib/libc.a(lib_a-vfscanf.o)
                                  0x8 (size before relaxing)
 *fill*         0x0081c289        0x1 00
 .rodata        0x0081c28a       0x22 /OPT/altera/12.1/nios2eds/bin/gnu/H-i686-pc-linux-gnu/bin/../lib/gcc/nios2-elf/4.1.2/../../../../nios2-elf/lib/libc.a(lib_a-vfscanf.o)
 .rodata        0x0081c2ac      0x281 /OPT/altera/12.1/nios2eds/bin/gnu/H-i686-pc-linux-gnu/bin/../lib/gcc/nios2-elf/4.1.2/../../../../nios2-elf/lib/libc.a(lib_a-ctype_.o)
                0x0081c2ac                _ctype_
 *fill*         0x0081c52d        0x3 00
 .rodata.str1.4
                0x0081c530       0x10 /OPT/altera/12.1/nios2eds/bin/gnu/H-i686-pc-linux-gnu/bin/../lib/gcc/nios2-elf/4.1.2/../../../../nios2-elf/lib/libc.a(lib_a-dtoa.o)
                                 0x14 (size before relaxing)
 .rodata.str1.4
                0x0081c540        0xf /OPT/altera/12.1/nios2eds/bin/gnu/H-i686-pc-linux-gnu/bin/../lib/gcc/nios2-elf/4.1.2/../../../../nios2-elf/lib/libc.a(lib_a-locale.o)
                                 0x18 (size before relaxing)
 *fill*         0x0081c54f        0x1 00
 .rodata        0x0081c550       0x30 /OPT/altera/12.1/nios2eds/bin/gnu/H-i686-pc-linux-gnu/bin/../lib/gcc/nios2-elf/4.1.2/../../../../nios2-elf/lib/libc.a(lib_a-locale.o)
 .rodata.str1.4
                0x00000000        0x4 /OPT/altera/12.1/nios2eds/bin/gnu/H-i686-pc-linux-gnu/bin/../lib/gcc/nios2-elf/4.1.2/../../../../nios2-elf/lib/libc.a(lib_a-mbrtowc.o)
 .rodata        0x0081c580      0x124 /OPT/altera/12.1/nios2eds/bin/gnu/H-i686-pc-linux-gnu/bin/../lib/gcc/nios2-elf/4.1.2/../../../../nios2-elf/lib/libc.a(lib_a-mprec.o)
                0x0081c580                __mprec_tens
                0x0081c648                __mprec_bigtens
                0x0081c670                __mprec_tinytens
 .rodata.str1.4
                0x0081c6a4        0xf /OPT/altera/12.1/nios2eds/bin/gnu/H-i686-pc-linux-gnu/bin/../lib/gcc/nios2-elf/4.1.2/../../../../nios2-elf/lib/libc.a(lib_a-strtod.o)
                                 0x10 (size before relaxing)
 *fill*         0x0081c6b3        0x1 00
 .rodata        0x0081c6b4       0x28 /OPT/altera/12.1/nios2eds/bin/gnu/H-i686-pc-linux-gnu/bin/../lib/gcc/nios2-elf/4.1.2/../../../../nios2-elf/lib/libc.a(lib_a-strtod.o)
 .rodata.str1.4
                0x0081c6dc       0x1c /OPT/altera/12.1/nios2eds/bin/gnu/H-i686-pc-linux-gnu/bin/../lib/gcc/nios2-elf/4.1.2/../../../../nios2-elf/lib/libc.a(lib_a-gdtoa-gethex.o)
 .rodata        0x0081c6f8       0x14 /OPT/altera/12.1/nios2eds/bin/gnu/H-i686-pc-linux-gnu/bin/../lib/gcc/nios2-elf/4.1.2/libgcc.a(_thenan_df.o)
                0x0081c6f8                __thenan_df
 .rodata        0x0081c70c      0x100 /OPT/altera/12.1/nios2eds/bin/gnu/H-i686-pc-linux-gnu/bin/../lib/gcc/nios2-elf/4.1.2/libgcc.a(_clz.o)
                0x0081c70c                __clz_tab
 .rodata        0x0081c80c        0xc ../TiltMazeController_nonVolatile_bsp//libucosii_bsp.a(alt_dev.o)
 .rodata        0x0081c818       0x14 ../TiltMazeController_nonVolatile_bsp//libucosii_bsp.a(alt_main.o)
 .rodata        0x0081c82c      0x120 ../TiltMazeController_nonVolatile_bsp//libucosii_bsp.a(os_core.o)
                0x0081c82c                OSUnMapTbl
 .rodata        0x0081c94c       0x38 ../TiltMazeController_nonVolatile_bsp//libucosii_bsp.a(alt_sys_init.o)
 .rodata        0x0081c984        0x4 ../TiltMazeController_nonVolatile_bsp//libucosii_bsp.a(os_cpu_c.o)
 *(.rodata1)
                0x0081c988                . = ALIGN (0x4)
                0x0081c988                PROVIDE (__ram_rodata_end, ABSOLUTE (.))
                0x0081c06c                PROVIDE (__flash_rodata_start, LOADADDR (.rodata))

.rwdata         0x0081c988     0x1b68
                0x0081c988                PROVIDE (__ram_rwdata_start, ABSOLUTE (.))
                0x0081c988                . = ALIGN (0x4)
 *(.got.plt)
 *(.got)
 *(.data1)
 *(.data .data.* .gnu.linkonce.d.*)
 .data          0x0081c988        0x0 ../TiltMazeController_nonVolatile_bsp//obj/HAL/src/crt0.o
 .data          0x0081c988        0x0 obj/default/command.o
 .data          0x0081c988        0x0 obj/default/main.o
 .data          0x0081c988        0x0 obj/default/servo.o
 .data          0x0081c988        0x0 obj/default/uart.o
 .data          0x0081c988        0x0 /OPT/altera/12.1/nios2eds/bin/gnu/H-i686-pc-linux-gnu/bin/../lib/gcc/nios2-elf/4.1.2/../../../../nios2-elf/lib/libc.a(lib_a-fflush.o)
 .data          0x0081c988        0x0 /OPT/altera/12.1/nios2eds/bin/gnu/H-i686-pc-linux-gnu/bin/../lib/gcc/nios2-elf/4.1.2/../../../../nios2-elf/lib/libc.a(lib_a-findfp.o)
 .data          0x0081c988        0x0 /OPT/altera/12.1/nios2eds/bin/gnu/H-i686-pc-linux-gnu/bin/../lib/gcc/nios2-elf/4.1.2/../../../../nios2-elf/lib/libc.a(lib_a-fopen.o)
 .data          0x0081c988        0x0 /OPT/altera/12.1/nios2eds/bin/gnu/H-i686-pc-linux-gnu/bin/../lib/gcc/nios2-elf/4.1.2/../../../../nios2-elf/lib/libc.a(lib_a-fseek.o)
 .data          0x0081c988        0x0 /OPT/altera/12.1/nios2eds/bin/gnu/H-i686-pc-linux-gnu/bin/../lib/gcc/nios2-elf/4.1.2/../../../../nios2-elf/lib/libc.a(lib_a-fstatr.o)
 .data          0x0081c988        0x0 /OPT/altera/12.1/nios2eds/bin/gnu/H-i686-pc-linux-gnu/bin/../lib/gcc/nios2-elf/4.1.2/../../../../nios2-elf/lib/libc.a(lib_a-fwalk.o)
 .data          0x0081c988        0x0 /OPT/altera/12.1/nios2eds/bin/gnu/H-i686-pc-linux-gnu/bin/../lib/gcc/nios2-elf/4.1.2/../../../../nios2-elf/lib/libc.a(lib_a-fwrite.o)
 .data          0x0081c988        0x0 /OPT/altera/12.1/nios2eds/bin/gnu/H-i686-pc-linux-gnu/bin/../lib/gcc/nios2-elf/4.1.2/../../../../nios2-elf/lib/libc.a(lib_a-getc.o)
 .data          0x0081c988      0x400 /OPT/altera/12.1/nios2eds/bin/gnu/H-i686-pc-linux-gnu/bin/../lib/gcc/nios2-elf/4.1.2/../../../../nios2-elf/lib/libc.a(lib_a-impure.o)
 .data          0x0081cd88        0x0 /OPT/altera/12.1/nios2eds/bin/gnu/H-i686-pc-linux-gnu/bin/../lib/gcc/nios2-elf/4.1.2/../../../../nios2-elf/lib/libc.a(lib_a-int_errno.o)
 .data          0x0081cd88        0x0 /OPT/altera/12.1/nios2eds/bin/gnu/H-i686-pc-linux-gnu/bin/../lib/gcc/nios2-elf/4.1.2/../../../../nios2-elf/lib/libc.a(lib_a-makebuf.o)
 .data          0x0081cd88        0x0 /OPT/altera/12.1/nios2eds/bin/gnu/H-i686-pc-linux-gnu/bin/../lib/gcc/nios2-elf/4.1.2/../../../../nios2-elf/lib/libc.a(lib_a-malloc.o)
 .data          0x0081cd88      0x408 /OPT/altera/12.1/nios2eds/bin/gnu/H-i686-pc-linux-gnu/bin/../lib/gcc/nios2-elf/4.1.2/../../../../nios2-elf/lib/libc.a(lib_a-mallocr.o)
                0x0081cd88                __malloc_av_
 .data          0x0081d190        0x0 /OPT/altera/12.1/nios2eds/bin/gnu/H-i686-pc-linux-gnu/bin/../lib/gcc/nios2-elf/4.1.2/../../../../nios2-elf/lib/libc.a(lib_a-memset.o)
 .data          0x0081d190        0x0 /OPT/altera/12.1/nios2eds/bin/gnu/H-i686-pc-linux-gnu/bin/../lib/gcc/nios2-elf/4.1.2/../../../../nios2-elf/lib/libc.a(lib_a-openr.o)
 .data          0x0081d190        0x0 /OPT/altera/12.1/nios2eds/bin/gnu/H-i686-pc-linux-gnu/bin/../lib/gcc/nios2-elf/4.1.2/../../../../nios2-elf/lib/libc.a(lib_a-printf.o)
 .data          0x0081d190        0x0 /OPT/altera/12.1/nios2eds/bin/gnu/H-i686-pc-linux-gnu/bin/../lib/gcc/nios2-elf/4.1.2/../../../../nios2-elf/lib/libc.a(lib_a-puts.o)
 .data          0x0081d190        0x0 /OPT/altera/12.1/nios2eds/bin/gnu/H-i686-pc-linux-gnu/bin/../lib/gcc/nios2-elf/4.1.2/../../../../nios2-elf/lib/libc.a(lib_a-refill.o)
 .data          0x0081d190        0x0 /OPT/altera/12.1/nios2eds/bin/gnu/H-i686-pc-linux-gnu/bin/../lib/gcc/nios2-elf/4.1.2/../../../../nios2-elf/lib/libc.a(lib_a-rget.o)
 .data          0x0081d190        0x0 /OPT/altera/12.1/nios2eds/bin/gnu/H-i686-pc-linux-gnu/bin/../lib/gcc/nios2-elf/4.1.2/../../../../nios2-elf/lib/libc.a(lib_a-sbrkr.o)
 .data          0x0081d190        0x0 /OPT/altera/12.1/nios2eds/bin/gnu/H-i686-pc-linux-gnu/bin/../lib/gcc/nios2-elf/4.1.2/../../../../nios2-elf/lib/libc.a(lib_a-sprintf.o)
 .data          0x0081d190        0x0 /OPT/altera/12.1/nios2eds/bin/gnu/H-i686-pc-linux-gnu/bin/../lib/gcc/nios2-elf/4.1.2/../../../../nios2-elf/lib/libc.a(lib_a-sscanf.o)
 .data          0x0081d190        0x0 /OPT/altera/12.1/nios2eds/bin/gnu/H-i686-pc-linux-gnu/bin/../lib/gcc/nios2-elf/4.1.2/../../../../nios2-elf/lib/libc.a(lib_a-stdio.o)
 .data          0x0081d190        0x0 /OPT/altera/12.1/nios2eds/bin/gnu/H-i686-pc-linux-gnu/bin/../lib/gcc/nios2-elf/4.1.2/../../../../nios2-elf/lib/libc.a(lib_a-strlen.o)
 .data          0x0081d190        0x0 /OPT/altera/12.1/nios2eds/bin/gnu/H-i686-pc-linux-gnu/bin/../lib/gcc/nios2-elf/4.1.2/../../../../nios2-elf/lib/libc.a(lib_a-strncmp.o)
 .data          0x0081d190        0x0 /OPT/altera/12.1/nios2eds/bin/gnu/H-i686-pc-linux-gnu/bin/../lib/gcc/nios2-elf/4.1.2/../../../../nios2-elf/lib/libc.a(lib_a-vfprintf.o)
 .data          0x0081d190        0x0 /OPT/altera/12.1/nios2eds/bin/gnu/H-i686-pc-linux-gnu/bin/../lib/gcc/nios2-elf/4.1.2/../../../../nios2-elf/lib/libc.a(lib_a-vfscanf.o)
 .data          0x0081d190        0x0 /OPT/altera/12.1/nios2eds/bin/gnu/H-i686-pc-linux-gnu/bin/../lib/gcc/nios2-elf/4.1.2/../../../../nios2-elf/lib/libc.a(lib_a-writer.o)
 .data          0x0081d190        0x0 /OPT/altera/12.1/nios2eds/bin/gnu/H-i686-pc-linux-gnu/bin/../lib/gcc/nios2-elf/4.1.2/../../../../nios2-elf/lib/libc.a(lib_a-wsetup.o)
 .data          0x0081d190        0x0 /OPT/altera/12.1/nios2eds/bin/gnu/H-i686-pc-linux-gnu/bin/../lib/gcc/nios2-elf/4.1.2/../../../../nios2-elf/lib/libc.a(lib_a-closer.o)
 .data          0x0081d190        0x0 /OPT/altera/12.1/nios2eds/bin/gnu/H-i686-pc-linux-gnu/bin/../lib/gcc/nios2-elf/4.1.2/../../../../nios2-elf/lib/libc.a(lib_a-ctype_.o)
 .data          0x0081d190        0x0 /OPT/altera/12.1/nios2eds/bin/gnu/H-i686-pc-linux-gnu/bin/../lib/gcc/nios2-elf/4.1.2/../../../../nios2-elf/lib/libc.a(lib_a-dtoa.o)
 .data          0x0081d190        0x0 /OPT/altera/12.1/nios2eds/bin/gnu/H-i686-pc-linux-gnu/bin/../lib/gcc/nios2-elf/4.1.2/../../../../nios2-elf/lib/libc.a(lib_a-fclose.o)
 .data          0x0081d190        0x0 /OPT/altera/12.1/nios2eds/bin/gnu/H-i686-pc-linux-gnu/bin/../lib/gcc/nios2-elf/4.1.2/../../../../nios2-elf/lib/libc.a(lib_a-flags.o)
 .data          0x0081d190        0x0 /OPT/altera/12.1/nios2eds/bin/gnu/H-i686-pc-linux-gnu/bin/../lib/gcc/nios2-elf/4.1.2/../../../../nios2-elf/lib/libc.a(lib_a-fread.o)
 .data          0x0081d190        0x0 /OPT/altera/12.1/nios2eds/bin/gnu/H-i686-pc-linux-gnu/bin/../lib/gcc/nios2-elf/4.1.2/../../../../nios2-elf/lib/libc.a(lib_a-freer.o)
 .data          0x0081d190        0x0 /OPT/altera/12.1/nios2eds/bin/gnu/H-i686-pc-linux-gnu/bin/../lib/gcc/nios2-elf/4.1.2/../../../../nios2-elf/lib/libc.a(lib_a-fvwrite.o)
 .data          0x0081d190        0x0 /OPT/altera/12.1/nios2eds/bin/gnu/H-i686-pc-linux-gnu/bin/../lib/gcc/nios2-elf/4.1.2/../../../../nios2-elf/lib/libc.a(lib_a-isattyr.o)
 .data          0x0081d190        0x0 /OPT/altera/12.1/nios2eds/bin/gnu/H-i686-pc-linux-gnu/bin/../lib/gcc/nios2-elf/4.1.2/../../../../nios2-elf/lib/libc.a(lib_a-iswspace.o)
 .data          0x0081d190        0xc /OPT/altera/12.1/nios2eds/bin/gnu/H-i686-pc-linux-gnu/bin/../lib/gcc/nios2-elf/4.1.2/../../../../nios2-elf/lib/libc.a(lib_a-locale.o)
                0x0081d190                __lc_ctype
 .data          0x0081d19c        0x0 /OPT/altera/12.1/nios2eds/bin/gnu/H-i686-pc-linux-gnu/bin/../lib/gcc/nios2-elf/4.1.2/../../../../nios2-elf/lib/libc.a(lib_a-lseekr.o)
 .data          0x0081d19c        0x0 /OPT/altera/12.1/nios2eds/bin/gnu/H-i686-pc-linux-gnu/bin/../lib/gcc/nios2-elf/4.1.2/../../../../nios2-elf/lib/libc.a(lib_a-mbrtowc.o)
 .data          0x0081d19c        0x0 /OPT/altera/12.1/nios2eds/bin/gnu/H-i686-pc-linux-gnu/bin/../lib/gcc/nios2-elf/4.1.2/../../../../nios2-elf/lib/libc.a(lib_a-mbtowc_r.o)
 .data          0x0081d19c        0x0 /OPT/altera/12.1/nios2eds/bin/gnu/H-i686-pc-linux-gnu/bin/../lib/gcc/nios2-elf/4.1.2/../../../../nios2-elf/lib/libc.a(lib_a-memchr.o)
 .data          0x0081d19c        0x0 /OPT/altera/12.1/nios2eds/bin/gnu/H-i686-pc-linux-gnu/bin/../lib/gcc/nios2-elf/4.1.2/../../../../nios2-elf/lib/libc.a(lib_a-memcpy.o)
 .data          0x0081d19c        0x0 /OPT/altera/12.1/nios2eds/bin/gnu/H-i686-pc-linux-gnu/bin/../lib/gcc/nios2-elf/4.1.2/../../../../nios2-elf/lib/libc.a(lib_a-memmove.o)
 .data          0x0081d19c        0x0 /OPT/altera/12.1/nios2eds/bin/gnu/H-i686-pc-linux-gnu/bin/../lib/gcc/nios2-elf/4.1.2/../../../../nios2-elf/lib/libc.a(lib_a-mprec.o)
 .data          0x0081d19c        0x0 /OPT/altera/12.1/nios2eds/bin/gnu/H-i686-pc-linux-gnu/bin/../lib/gcc/nios2-elf/4.1.2/../../../../nios2-elf/lib/libc.a(lib_a-readr.o)
 .data          0x0081d19c        0x0 /OPT/altera/12.1/nios2eds/bin/gnu/H-i686-pc-linux-gnu/bin/../lib/gcc/nios2-elf/4.1.2/../../../../nios2-elf/lib/libc.a(lib_a-reallocr.o)
 .data          0x0081d19c        0x0 /OPT/altera/12.1/nios2eds/bin/gnu/H-i686-pc-linux-gnu/bin/../lib/gcc/nios2-elf/4.1.2/../../../../nios2-elf/lib/libc.a(lib_a-s_isinfd.o)
 .data          0x0081d19c        0x0 /OPT/altera/12.1/nios2eds/bin/gnu/H-i686-pc-linux-gnu/bin/../lib/gcc/nios2-elf/4.1.2/../../../../nios2-elf/lib/libc.a(lib_a-s_isnand.o)
 .data          0x0081d19c        0x0 /OPT/altera/12.1/nios2eds/bin/gnu/H-i686-pc-linux-gnu/bin/../lib/gcc/nios2-elf/4.1.2/../../../../nios2-elf/lib/libc.a(lib_a-sccl.o)
 .data          0x0081d19c        0x0 /OPT/altera/12.1/nios2eds/bin/gnu/H-i686-pc-linux-gnu/bin/../lib/gcc/nios2-elf/4.1.2/../../../../nios2-elf/lib/libc.a(lib_a-sf_nan.o)
 .data          0x0081d19c        0x0 /OPT/altera/12.1/nios2eds/bin/gnu/H-i686-pc-linux-gnu/bin/../lib/gcc/nios2-elf/4.1.2/../../../../nios2-elf/lib/libc.a(lib_a-strcmp.o)
 .data          0x0081d19c       0x28 /OPT/altera/12.1/nios2eds/bin/gnu/H-i686-pc-linux-gnu/bin/../lib/gcc/nios2-elf/4.1.2/../../../../nios2-elf/lib/libc.a(lib_a-strtod.o)
 .data          0x0081d1c4        0x0 /OPT/altera/12.1/nios2eds/bin/gnu/H-i686-pc-linux-gnu/bin/../lib/gcc/nios2-elf/4.1.2/../../../../nios2-elf/lib/libc.a(lib_a-strtol.o)
 .data          0x0081d1c4        0x0 /OPT/altera/12.1/nios2eds/bin/gnu/H-i686-pc-linux-gnu/bin/../lib/gcc/nios2-elf/4.1.2/../../../../nios2-elf/lib/libc.a(lib_a-strtoll_r.o)
 .data          0x0081d1c4        0x0 /OPT/altera/12.1/nios2eds/bin/gnu/H-i686-pc-linux-gnu/bin/../lib/gcc/nios2-elf/4.1.2/../../../../nios2-elf/lib/libc.a(lib_a-strtoul.o)
 .data          0x0081d1c4        0x0 /OPT/altera/12.1/nios2eds/bin/gnu/H-i686-pc-linux-gnu/bin/../lib/gcc/nios2-elf/4.1.2/../../../../nios2-elf/lib/libc.a(lib_a-strtoull_r.o)
 .data          0x0081d1c4        0x0 /OPT/altera/12.1/nios2eds/bin/gnu/H-i686-pc-linux-gnu/bin/../lib/gcc/nios2-elf/4.1.2/../../../../nios2-elf/lib/libc.a(lib_a-ungetc.o)
 .data          0x0081d1c4        0x0 /OPT/altera/12.1/nios2eds/bin/gnu/H-i686-pc-linux-gnu/bin/../lib/gcc/nios2-elf/4.1.2/../../../../nios2-elf/lib/libc.a(lib_a-callocr.o)
 .data          0x0081d1c4        0x0 /OPT/altera/12.1/nios2eds/bin/gnu/H-i686-pc-linux-gnu/bin/../lib/gcc/nios2-elf/4.1.2/../../../../nios2-elf/lib/libc.a(lib_a-gdtoa-gethex.o)
 .data          0x0081d1c4        0x0 /OPT/altera/12.1/nios2eds/bin/gnu/H-i686-pc-linux-gnu/bin/../lib/gcc/nios2-elf/4.1.2/../../../../nios2-elf/lib/libc.a(lib_a-gdtoa-hexnan.o)
 .data          0x0081d1c4        0x0 /OPT/altera/12.1/nios2eds/bin/gnu/H-i686-pc-linux-gnu/bin/../lib/gcc/nios2-elf/4.1.2/libgcc.a(_muldi3.o)
 .data          0x0081d1c4        0x0 /OPT/altera/12.1/nios2eds/bin/gnu/H-i686-pc-linux-gnu/bin/../lib/gcc/nios2-elf/4.1.2/libgcc.a(_fixunsdfsi.o)
 .data          0x0081d1c4        0x0 /OPT/altera/12.1/nios2eds/bin/gnu/H-i686-pc-linux-gnu/bin/../lib/gcc/nios2-elf/4.1.2/libgcc.a(_udivdi3.o)
 .data          0x0081d1c4        0x0 /OPT/altera/12.1/nios2eds/bin/gnu/H-i686-pc-linux-gnu/bin/../lib/gcc/nios2-elf/4.1.2/libgcc.a(_umoddi3.o)
 .data          0x0081d1c4        0x0 /OPT/altera/12.1/nios2eds/bin/gnu/H-i686-pc-linux-gnu/bin/../lib/gcc/nios2-elf/4.1.2/libgcc.a(_ne_sf.o)
 .data          0x0081d1c4        0x0 /OPT/altera/12.1/nios2eds/bin/gnu/H-i686-pc-linux-gnu/bin/../lib/gcc/nios2-elf/4.1.2/libgcc.a(_gt_sf.o)
 .data          0x0081d1c4        0x0 /OPT/altera/12.1/nios2eds/bin/gnu/H-i686-pc-linux-gnu/bin/../lib/gcc/nios2-elf/4.1.2/libgcc.a(_lt_sf.o)
 .data          0x0081d1c4        0x0 /OPT/altera/12.1/nios2eds/bin/gnu/H-i686-pc-linux-gnu/bin/../lib/gcc/nios2-elf/4.1.2/libgcc.a(_addsub_df.o)
 .data          0x0081d1c4        0x0 /OPT/altera/12.1/nios2eds/bin/gnu/H-i686-pc-linux-gnu/bin/../lib/gcc/nios2-elf/4.1.2/libgcc.a(_mul_df.o)
 .data          0x0081d1c4        0x0 /OPT/altera/12.1/nios2eds/bin/gnu/H-i686-pc-linux-gnu/bin/../lib/gcc/nios2-elf/4.1.2/libgcc.a(_div_df.o)
 .data          0x0081d1c4        0x0 /OPT/altera/12.1/nios2eds/bin/gnu/H-i686-pc-linux-gnu/bin/../lib/gcc/nios2-elf/4.1.2/libgcc.a(_eq_df.o)
 .data          0x0081d1c4        0x0 /OPT/altera/12.1/nios2eds/bin/gnu/H-i686-pc-linux-gnu/bin/../lib/gcc/nios2-elf/4.1.2/libgcc.a(_ne_df.o)
 .data          0x0081d1c4        0x0 /OPT/altera/12.1/nios2eds/bin/gnu/H-i686-pc-linux-gnu/bin/../lib/gcc/nios2-elf/4.1.2/libgcc.a(_gt_df.o)
 .data          0x0081d1c4        0x0 /OPT/altera/12.1/nios2eds/bin/gnu/H-i686-pc-linux-gnu/bin/../lib/gcc/nios2-elf/4.1.2/libgcc.a(_ge_df.o)
 .data          0x0081d1c4        0x0 /OPT/altera/12.1/nios2eds/bin/gnu/H-i686-pc-linux-gnu/bin/../lib/gcc/nios2-elf/4.1.2/libgcc.a(_lt_df.o)
 .data          0x0081d1c4        0x0 /OPT/altera/12.1/nios2eds/bin/gnu/H-i686-pc-linux-gnu/bin/../lib/gcc/nios2-elf/4.1.2/libgcc.a(_le_df.o)
 .data          0x0081d1c4        0x0 /OPT/altera/12.1/nios2eds/bin/gnu/H-i686-pc-linux-gnu/bin/../lib/gcc/nios2-elf/4.1.2/libgcc.a(_si_to_df.o)
 .data          0x0081d1c4        0x0 /OPT/altera/12.1/nios2eds/bin/gnu/H-i686-pc-linux-gnu/bin/../lib/gcc/nios2-elf/4.1.2/libgcc.a(_df_to_si.o)
 .data          0x0081d1c4        0x0 /OPT/altera/12.1/nios2eds/bin/gnu/H-i686-pc-linux-gnu/bin/../lib/gcc/nios2-elf/4.1.2/libgcc.a(_df_to_sf.o)
 .data          0x0081d1c4        0x0 /OPT/altera/12.1/nios2eds/bin/gnu/H-i686-pc-linux-gnu/bin/../lib/gcc/nios2-elf/4.1.2/libgcc.a(_thenan_df.o)
 .data          0x0081d1c4        0x0 /OPT/altera/12.1/nios2eds/bin/gnu/H-i686-pc-linux-gnu/bin/../lib/gcc/nios2-elf/4.1.2/libgcc.a(_usi_to_df.o)
 .data          0x0081d1c4        0x0 /OPT/altera/12.1/nios2eds/bin/gnu/H-i686-pc-linux-gnu/bin/../lib/gcc/nios2-elf/4.1.2/libgcc.a(lib2-divmod.o)
 .data          0x0081d1c4        0x0 /OPT/altera/12.1/nios2eds/bin/gnu/H-i686-pc-linux-gnu/bin/../lib/gcc/nios2-elf/4.1.2/libgcc.a(_clz.o)
 .data          0x0081d1c4        0x0 /OPT/altera/12.1/nios2eds/bin/gnu/H-i686-pc-linux-gnu/bin/../lib/gcc/nios2-elf/4.1.2/libgcc.a(_clzsi2.o)
 .data          0x0081d1c4        0x0 /OPT/altera/12.1/nios2eds/bin/gnu/H-i686-pc-linux-gnu/bin/../lib/gcc/nios2-elf/4.1.2/libgcc.a(_unpack_sf.o)
 .data          0x0081d1c4        0x0 /OPT/altera/12.1/nios2eds/bin/gnu/H-i686-pc-linux-gnu/bin/../lib/gcc/nios2-elf/4.1.2/libgcc.a(_fpcmp_parts_sf.o)
 .data          0x0081d1c4        0x0 /OPT/altera/12.1/nios2eds/bin/gnu/H-i686-pc-linux-gnu/bin/../lib/gcc/nios2-elf/4.1.2/libgcc.a(_make_sf.o)
 .data          0x0081d1c4        0x0 /OPT/altera/12.1/nios2eds/bin/gnu/H-i686-pc-linux-gnu/bin/../lib/gcc/nios2-elf/4.1.2/libgcc.a(_pack_df.o)
 .data          0x0081d1c4        0x0 /OPT/altera/12.1/nios2eds/bin/gnu/H-i686-pc-linux-gnu/bin/../lib/gcc/nios2-elf/4.1.2/libgcc.a(_unpack_df.o)
 .data          0x0081d1c4        0x0 /OPT/altera/12.1/nios2eds/bin/gnu/H-i686-pc-linux-gnu/bin/../lib/gcc/nios2-elf/4.1.2/libgcc.a(_fpcmp_parts_df.o)
 .data          0x0081d1c4        0x0 /OPT/altera/12.1/nios2eds/bin/gnu/H-i686-pc-linux-gnu/bin/../lib/gcc/nios2-elf/4.1.2/libgcc.a(_pack_sf.o)
 .data          0x0081d1c4        0x0 ../TiltMazeController_nonVolatile_bsp//libucosii_bsp.a(alt_close.o)
 .data          0x0081d1c4      0x1a8 ../TiltMazeController_nonVolatile_bsp//libucosii_bsp.a(alt_dev.o)
                0x0081d1c4                alt_dev_null
                0x0081d1ec                alt_fd_list
 .data          0x0081d36c        0x0 ../TiltMazeController_nonVolatile_bsp//libucosii_bsp.a(alt_errno.o)
 .data          0x0081d36c        0x0 ../TiltMazeController_nonVolatile_bsp//libucosii_bsp.a(alt_fstat.o)
 .data          0x0081d36c        0x0 ../TiltMazeController_nonVolatile_bsp//libucosii_bsp.a(alt_iic.o)
 .data          0x0081d36c        0x0 ../TiltMazeController_nonVolatile_bsp//libucosii_bsp.a(alt_iic_isr_register.o)
 .data          0x0081d36c        0x0 ../TiltMazeController_nonVolatile_bsp//libucosii_bsp.a(alt_irq_entry.o)
 .data          0x0081d36c        0x0 ../TiltMazeController_nonVolatile_bsp//libucosii_bsp.a(alt_irq_handler.o)
 .data          0x0081d36c        0x0 ../TiltMazeController_nonVolatile_bsp//libucosii_bsp.a(alt_irq_vars.o)
 .data          0x0081d36c        0x0 ../TiltMazeController_nonVolatile_bsp//libucosii_bsp.a(alt_isatty.o)
 .data          0x0081d36c        0x0 ../TiltMazeController_nonVolatile_bsp//libucosii_bsp.a(alt_lseek.o)
 .data          0x0081d36c        0x0 ../TiltMazeController_nonVolatile_bsp//libucosii_bsp.a(alt_main.o)
 .data          0x0081d36c        0x0 ../TiltMazeController_nonVolatile_bsp//libucosii_bsp.a(alt_open.o)
 .data          0x0081d36c        0x0 ../TiltMazeController_nonVolatile_bsp//libucosii_bsp.a(alt_read.o)
 .data          0x0081d36c        0x0 ../TiltMazeController_nonVolatile_bsp//libucosii_bsp.a(alt_release_fd.o)
 .data          0x0081d36c        0x0 ../TiltMazeController_nonVolatile_bsp//libucosii_bsp.a(alt_sbrk.o)
 .data          0x0081d36c        0x0 ../TiltMazeController_nonVolatile_bsp//libucosii_bsp.a(alt_write.o)
 .data          0x0081d36c        0x0 ../TiltMazeController_nonVolatile_bsp//libucosii_bsp.a(alt_env_lock.o)
 .data          0x0081d36c        0x0 ../TiltMazeController_nonVolatile_bsp//libucosii_bsp.a(alt_malloc_lock.o)
 .data          0x0081d36c        0x0 ../TiltMazeController_nonVolatile_bsp//libucosii_bsp.a(os_core.o)
 .data          0x0081d36c        0x0 ../TiltMazeController_nonVolatile_bsp//libucosii_bsp.a(os_dbg.o)
 .data          0x0081d36c        0x0 ../TiltMazeController_nonVolatile_bsp//libucosii_bsp.a(os_flag.o)
 .data          0x0081d36c        0x0 ../TiltMazeController_nonVolatile_bsp//libucosii_bsp.a(os_mem.o)
 .data          0x0081d36c        0x0 ../TiltMazeController_nonVolatile_bsp//libucosii_bsp.a(os_q.o)
 .data          0x0081d36c        0x0 ../TiltMazeController_nonVolatile_bsp//libucosii_bsp.a(os_sem.o)
 .data          0x0081d36c        0x0 ../TiltMazeController_nonVolatile_bsp//libucosii_bsp.a(os_task.o)
 .data          0x0081d36c        0x0 ../TiltMazeController_nonVolatile_bsp//libucosii_bsp.a(os_time.o)
 .data          0x0081d36c     0x10c4 ../TiltMazeController_nonVolatile_bsp//libucosii_bsp.a(alt_sys_init.o)
 .data          0x0081e430        0x0 ../TiltMazeController_nonVolatile_bsp//libucosii_bsp.a(altera_avalon_jtag_uart_fd.o)
 .data          0x0081e430        0x0 ../TiltMazeController_nonVolatile_bsp//libucosii_bsp.a(altera_avalon_jtag_uart_init.o)
 .data          0x0081e430        0x0 ../TiltMazeController_nonVolatile_bsp//libucosii_bsp.a(altera_avalon_jtag_uart_ioctl.o)
 .data          0x0081e430        0x0 ../TiltMazeController_nonVolatile_bsp//libucosii_bsp.a(altera_avalon_jtag_uart_read.o)
 .data          0x0081e430        0x0 ../TiltMazeController_nonVolatile_bsp//libucosii_bsp.a(altera_avalon_jtag_uart_write.o)
 .data          0x0081e430        0x0 ../TiltMazeController_nonVolatile_bsp//libucosii_bsp.a(altera_avalon_timer_sc.o)
 .data          0x0081e430        0x0 ../TiltMazeController_nonVolatile_bsp//libucosii_bsp.a(altera_avalon_uart_fd.o)
 .data          0x0081e430        0x0 ../TiltMazeController_nonVolatile_bsp//libucosii_bsp.a(altera_avalon_uart_read.o)
 .data          0x0081e430        0x0 ../TiltMazeController_nonVolatile_bsp//libucosii_bsp.a(altera_avalon_uart_write.o)
 .data          0x0081e430        0x0 ../TiltMazeController_nonVolatile_bsp//libucosii_bsp.a(altera_up_avalon_character_lcd.o)
 .data          0x0081e430        0x0 ../TiltMazeController_nonVolatile_bsp//libucosii_bsp.a(alt_alarm_start.o)
 .data          0x0081e430        0x0 ../TiltMazeController_nonVolatile_bsp//libucosii_bsp.a(alt_dev_llist_insert.o)
 .data          0x0081e430        0x0 ../TiltMazeController_nonVolatile_bsp//libucosii_bsp.a(alt_do_ctors.o)
 .data          0x0081e430        0x0 ../TiltMazeController_nonVolatile_bsp//libucosii_bsp.a(alt_do_dtors.o)
 .data          0x0081e430        0x0 ../TiltMazeController_nonVolatile_bsp//libucosii_bsp.a(alt_exception_entry.o)
 .data          0x0081e430        0x0 ../TiltMazeController_nonVolatile_bsp//libucosii_bsp.a(alt_find_dev.o)
 .data          0x0081e430        0x0 ../TiltMazeController_nonVolatile_bsp//libucosii_bsp.a(alt_find_file.o)
 .data          0x0081e430        0x0 ../TiltMazeController_nonVolatile_bsp//libucosii_bsp.a(alt_get_fd.o)
 .data          0x0081e430        0x0 ../TiltMazeController_nonVolatile_bsp//libucosii_bsp.a(alt_io_redirect.o)
 .data          0x0081e430        0x0 ../TiltMazeController_nonVolatile_bsp//libucosii_bsp.a(alt_tick.o)
 .data          0x0081e430        0x0 ../TiltMazeController_nonVolatile_bsp//libucosii_bsp.a(altera_nios2_qsys_irq.o)
 .data          0x0081e430        0x0 ../TiltMazeController_nonVolatile_bsp//libucosii_bsp.a(os_cpu_a.o)
 .data          0x0081e430        0x0 ../TiltMazeController_nonVolatile_bsp//libucosii_bsp.a(os_cpu_c.o)
 .data          0x0081e430        0x0 /OPT/altera/12.1/nios2eds/bin/gnu/H-i686-pc-linux-gnu/bin/../lib/gcc/nios2-elf/4.1.2/../../../../nios2-elf/lib/libc.a(lib_a-atexit.o)
 .data          0x0081e430        0x0 /OPT/altera/12.1/nios2eds/bin/gnu/H-i686-pc-linux-gnu/bin/../lib/gcc/nios2-elf/4.1.2/../../../../nios2-elf/lib/libc.a(lib_a-exit.o)
 .data          0x0081e430        0x0 /OPT/altera/12.1/nios2eds/bin/gnu/H-i686-pc-linux-gnu/bin/../lib/gcc/nios2-elf/4.1.2/../../../../nios2-elf/lib/libc.a(lib_a-memcmp.o)
 .data          0x0081e430        0x0 /OPT/altera/12.1/nios2eds/bin/gnu/H-i686-pc-linux-gnu/bin/../lib/gcc/nios2-elf/4.1.2/../../../../nios2-elf/lib/libc.a(lib_a-__atexit.o)
 .data          0x0081e430        0x0 /OPT/altera/12.1/nios2eds/bin/gnu/H-i686-pc-linux-gnu/bin/../lib/gcc/nios2-elf/4.1.2/../../../../nios2-elf/lib/libc.a(lib_a-__call_atexit.o)
 .data          0x0081e430        0x0 ../TiltMazeController_nonVolatile_bsp//libucosii_bsp.a(alt_exit.o)
                0x00826430                _gp = ABSOLUTE ((. + 0x8000))
                0x00826430                PROVIDE (gp, _gp)
 *(.rwdata .rwdata.*)
 *(.sdata .sdata.* .gnu.linkonce.s.*)
 .sdata         0x0081e430        0x8 /OPT/altera/12.1/nios2eds/bin/gnu/H-i686-pc-linux-gnu/bin/../lib/gcc/nios2-elf/4.1.2/../../../../nios2-elf/lib/libc.a(lib_a-impure.o)
                0x0081e430                _impure_ptr
                0x0081e434                _global_impure_ptr
 .sdata         0x0081e438        0x8 /OPT/altera/12.1/nios2eds/bin/gnu/H-i686-pc-linux-gnu/bin/../lib/gcc/nios2-elf/4.1.2/../../../../nios2-elf/lib/libc.a(lib_a-mallocr.o)
                0x0081e438                __malloc_trim_threshold
                0x0081e43c                __malloc_sbrk_base
 .sdata         0x0081e440        0x4 /OPT/altera/12.1/nios2eds/bin/gnu/H-i686-pc-linux-gnu/bin/../lib/gcc/nios2-elf/4.1.2/../../../../nios2-elf/lib/libc.a(lib_a-ctype_.o)
                0x0081e440                __ctype_ptr
 .sdata         0x0081e444        0x8 /OPT/altera/12.1/nios2eds/bin/gnu/H-i686-pc-linux-gnu/bin/../lib/gcc/nios2-elf/4.1.2/../../../../nios2-elf/lib/libc.a(lib_a-locale.o)
                0x0081e444                __mb_cur_max
 .sdata         0x0081e44c       0x14 ../TiltMazeController_nonVolatile_bsp//libucosii_bsp.a(alt_dev.o)
                0x0081e44c                alt_fs_list
                0x0081e454                alt_dev_list
                0x0081e45c                alt_max_fd
 .sdata         0x0081e460        0x4 ../TiltMazeController_nonVolatile_bsp//libucosii_bsp.a(alt_errno.o)
                0x0081e460                alt_errno
 .sdata         0x0081e464        0x4 ../TiltMazeController_nonVolatile_bsp//libucosii_bsp.a(alt_irq_vars.o)
                0x0081e464                alt_priority_mask
 .sdata         0x0081e468        0x4 ../TiltMazeController_nonVolatile_bsp//libucosii_bsp.a(alt_sbrk.o)
 .sdata         0x0081e46c        0x4 ../TiltMazeController_nonVolatile_bsp//libucosii_bsp.a(alt_env_lock.o)
 .sdata         0x0081e470        0x4 ../TiltMazeController_nonVolatile_bsp//libucosii_bsp.a(alt_malloc_lock.o)
 .sdata         0x0081e474       0x74 ../TiltMazeController_nonVolatile_bsp//libucosii_bsp.a(os_dbg.o)
                0x0081e474                OSDebugEn
                0x0081e478                OSEndiannessTest
                0x0081e47c                OSEventEn
                0x0081e47e                OSEventMax
                0x0081e480                OSEventNameSize
                0x0081e482                OSEventSize
                0x0081e484                OSEventTblSize
                0x0081e486                OSEventMultiEn
                0x0081e488                OSFlagEn
                0x0081e48a                OSFlagGrpSize
                0x0081e48c                OSFlagNodeSize
                0x0081e48e                OSFlagWidth
                0x0081e490                OSFlagMax
                0x0081e492                OSFlagNameSize
                0x0081e494                OSLowestPrio
                0x0081e496                OSMboxEn
                0x0081e498                OSMemEn
                0x0081e49a                OSMemMax
                0x0081e49c                OSMemNameSize
                0x0081e49e                OSMemSize
                0x0081e4a0                OSMemTblSize
                0x0081e4a2                OSMutexEn
                0x0081e4a4                OSPtrSize
                0x0081e4a6                OSQEn
                0x0081e4a8                OSQMax
                0x0081e4aa                OSQSize
                0x0081e4ac                OSRdyTblSize
                0x0081e4ae                OSSemEn
                0x0081e4b0                OSStkWidth
                0x0081e4b2                OSTaskCreateEn
                0x0081e4b4                OSTaskCreateExtEn
                0x0081e4b6                OSTaskDelEn
                0x0081e4b8                OSTaskIdleStkSize
                0x0081e4ba                OSTaskProfileEn
                0x0081e4bc                OSTaskMax
                0x0081e4be                OSTaskNameSize
                0x0081e4c0                OSTaskStatEn
                0x0081e4c2                OSTaskStatStkSize
                0x0081e4c4                OSTaskStatStkChkEn
                0x0081e4c6                OSTaskSwHookEn
                0x0081e4c8                OSTCBPrioTblMax
                0x0081e4ca                OSTCBSize
                0x0081e4cc                OSTicksPerSec
                0x0081e4ce                OSTimeTickHookEn
                0x0081e4d0                OSVersionNbr
                0x0081e4d2                OSTmrEn
                0x0081e4d4                OSTmrCfgMax
                0x0081e4d6                OSTmrCfgNameSize
                0x0081e4d8                OSTmrCfgWheelSize
                0x0081e4da                OSTmrCfgTicksPerSec
                0x0081e4dc                OSTmrSize
                0x0081e4de                OSTmrTblSize
                0x0081e4e0                OSTmrWheelSize
                0x0081e4e2                OSTmrWheelTblSize
                0x0081e4e4                OSDataSize
 .sdata         0x0081e4e8        0x8 ../TiltMazeController_nonVolatile_bsp//libucosii_bsp.a(alt_tick.o)
                0x0081e4e8                alt_alarm_list
 *(.sdata2 .sdata2.* .gnu.linkonce.s2.*)
                0x0081e4f0                . = ALIGN (0x4)
                0x0081e4f0                _edata = ABSOLUTE (.)
                0x0081e4f0                PROVIDE (edata, ABSOLUTE (.))
                0x0081e4f0                PROVIDE (__ram_rwdata_end, ABSOLUTE (.))
                0x0081c988                PROVIDE (__flash_rwdata_start, LOADADDR (.rwdata))

.bss            0x0081e4f0     0x76ec
                0x0081e4f0                __bss_start = ABSOLUTE (.)
                0x0081e4f0                PROVIDE (__sbss_start, ABSOLUTE (.))
                0x0081e4f0                PROVIDE (___sbss_start, ABSOLUTE (.))
 *(.dynsbss)
 *(.sbss .sbss.* .gnu.linkonce.sb.*)
 .sbss          0x0081e4f0        0xc obj/default/main.o
                0x0081e4f0                servo1Sem
                0x0081e4f4                servo0Sem
                0x0081e4f8                cmdQ
 .sbss          0x0081e4fc        0xa obj/default/servo.o
                0x0081e4fc                servo0Angle
                0x0081e4fe                servo1TargetAngle
                0x0081e500                err
                0x0081e502                servo0TargetAngle
                0x0081e504                servo1Angle
 *fill*         0x0081e506        0x2 00
 .sbss          0x0081e508       0x14 obj/default/uart.o
                0x0081e514                char_lcd
                0x0081e518                uart_fp
 .sbss          0x0081e51c        0x4 /OPT/altera/12.1/nios2eds/bin/gnu/H-i686-pc-linux-gnu/bin/../lib/gcc/nios2-elf/4.1.2/../../../../nios2-elf/lib/libc.a(lib_a-int_errno.o)
                0x0081e51c                errno
 .sbss          0x0081e520        0xc /OPT/altera/12.1/nios2eds/bin/gnu/H-i686-pc-linux-gnu/bin/../lib/gcc/nios2-elf/4.1.2/../../../../nios2-elf/lib/libc.a(lib_a-mallocr.o)
                0x0081e520                __malloc_top_pad
                0x0081e524                __malloc_max_sbrked_mem
                0x0081e528                __malloc_max_total_mem
 .sbss          0x0081e52c        0xc /OPT/altera/12.1/nios2eds/bin/gnu/H-i686-pc-linux-gnu/bin/../lib/gcc/nios2-elf/4.1.2/../../../../nios2-elf/lib/libc.a(lib_a-locale.o)
                0x0081e52c                __nlocale_changed
                0x0081e530                __mlocale_changed
                0x0081e534                _PathLocale
 .sbss          0x0081e538        0x4 ../TiltMazeController_nonVolatile_bsp//libucosii_bsp.a(alt_dev.o)
                0x0081e538                alt_fd_list_lock
 .sbss          0x0081e53c        0x4 ../TiltMazeController_nonVolatile_bsp//libucosii_bsp.a(alt_irq_vars.o)
                0x0081e53c                alt_irq_active
 .sbss          0x0081e540        0xc ../TiltMazeController_nonVolatile_bsp//libucosii_bsp.a(alt_main.o)
                0x0081e540                alt_argc
                0x0081e544                alt_argv
                0x0081e548                alt_envp
 .sbss          0x0081e54c        0x8 ../TiltMazeController_nonVolatile_bsp//libucosii_bsp.a(alt_env_lock.o)
                0x0081e550                alt_envsem
 .sbss          0x0081e554        0x8 ../TiltMazeController_nonVolatile_bsp//libucosii_bsp.a(alt_malloc_lock.o)
                0x0081e558                alt_heapsem
 .sbss          0x0081e55c       0x50 ../TiltMazeController_nonVolatile_bsp//libucosii_bsp.a(os_core.o)
                0x0081e55c                OSLockNesting
                0x0081e55d                OSRunning
                0x0081e560                OSIdleCtr
                0x0081e564                OSPrioHighRdy
                0x0081e565                OSPrioCur
                0x0081e568                OSTCBList
                0x0081e56c                OSTickStepState
                0x0081e570                OSCtxSwCtr
                0x0081e574                OSIdleCtrMax
                0x0081e578                OSTCBFreeList
                0x0081e57c                OSCPUUsage
                0x0081e57d                OSTaskCtr
                0x0081e580                OSMemFreeList
                0x0081e584                OSTCBHighRdy
                0x0081e588                OSQFreeList
                0x0081e58c                OSRdyGrp
                0x0081e58d                OSRdyTbl
                0x0081e590                OSEventFreeList
                0x0081e594                OSIntNesting
                0x0081e598                OSTCBCur
                0x0081e59c                OSTime
                0x0081e5a0                OSFlagFreeList
                0x0081e5a4                OSStatRdy
                0x0081e5a8                OSIdleCtrRun
 .sbss          0x0081e5ac        0x8 ../TiltMazeController_nonVolatile_bsp//libucosii_bsp.a(alt_tick.o)
                0x0081e5ac                _alt_tick_rate
                0x0081e5b0                _alt_nticks
 *(.sbss2 .sbss2.* .gnu.linkonce.sb2.*)
 *(.scommon)
                0x0081e5b4                PROVIDE (__sbss_end, ABSOLUTE (.))
                0x0081e5b4                PROVIDE (___sbss_end, ABSOLUTE (.))
 *(.dynbss)
 *(.bss .bss.* .gnu.linkonce.b.*)
 .bss           0x0081e5b4        0x0 ../TiltMazeController_nonVolatile_bsp//obj/HAL/src/crt0.o
 .bss           0x0081e5b4        0x0 obj/default/command.o
 .bss           0x0081e5b4        0x0 obj/default/main.o
 .bss           0x0081e5b4        0x0 obj/default/servo.o
 .bss           0x0081e5b4        0x9 obj/default/uart.o
 .bss           0x0081e5bd        0x0 /OPT/altera/12.1/nios2eds/bin/gnu/H-i686-pc-linux-gnu/bin/../lib/gcc/nios2-elf/4.1.2/../../../../nios2-elf/lib/libc.a(lib_a-fflush.o)
 .bss           0x0081e5bd        0x0 /OPT/altera/12.1/nios2eds/bin/gnu/H-i686-pc-linux-gnu/bin/../lib/gcc/nios2-elf/4.1.2/../../../../nios2-elf/lib/libc.a(lib_a-findfp.o)
 .bss           0x0081e5bd        0x0 /OPT/altera/12.1/nios2eds/bin/gnu/H-i686-pc-linux-gnu/bin/../lib/gcc/nios2-elf/4.1.2/../../../../nios2-elf/lib/libc.a(lib_a-fopen.o)
 .bss           0x0081e5bd        0x0 /OPT/altera/12.1/nios2eds/bin/gnu/H-i686-pc-linux-gnu/bin/../lib/gcc/nios2-elf/4.1.2/../../../../nios2-elf/lib/libc.a(lib_a-fseek.o)
 .bss           0x0081e5bd        0x0 /OPT/altera/12.1/nios2eds/bin/gnu/H-i686-pc-linux-gnu/bin/../lib/gcc/nios2-elf/4.1.2/../../../../nios2-elf/lib/libc.a(lib_a-fstatr.o)
 .bss           0x0081e5bd        0x0 /OPT/altera/12.1/nios2eds/bin/gnu/H-i686-pc-linux-gnu/bin/../lib/gcc/nios2-elf/4.1.2/../../../../nios2-elf/lib/libc.a(lib_a-fwalk.o)
 .bss           0x0081e5bd        0x0 /OPT/altera/12.1/nios2eds/bin/gnu/H-i686-pc-linux-gnu/bin/../lib/gcc/nios2-elf/4.1.2/../../../../nios2-elf/lib/libc.a(lib_a-fwrite.o)
 .bss           0x0081e5bd        0x0 /OPT/altera/12.1/nios2eds/bin/gnu/H-i686-pc-linux-gnu/bin/../lib/gcc/nios2-elf/4.1.2/../../../../nios2-elf/lib/libc.a(lib_a-getc.o)
 .bss           0x0081e5bd        0x0 /OPT/altera/12.1/nios2eds/bin/gnu/H-i686-pc-linux-gnu/bin/../lib/gcc/nios2-elf/4.1.2/../../../../nios2-elf/lib/libc.a(lib_a-impure.o)
 .bss           0x0081e5bd        0x0 /OPT/altera/12.1/nios2eds/bin/gnu/H-i686-pc-linux-gnu/bin/../lib/gcc/nios2-elf/4.1.2/../../../../nios2-elf/lib/libc.a(lib_a-int_errno.o)
 .bss           0x0081e5bd        0x0 /OPT/altera/12.1/nios2eds/bin/gnu/H-i686-pc-linux-gnu/bin/../lib/gcc/nios2-elf/4.1.2/../../../../nios2-elf/lib/libc.a(lib_a-makebuf.o)
 .bss           0x0081e5bd        0x0 /OPT/altera/12.1/nios2eds/bin/gnu/H-i686-pc-linux-gnu/bin/../lib/gcc/nios2-elf/4.1.2/../../../../nios2-elf/lib/libc.a(lib_a-malloc.o)
 *fill*         0x0081e5bd        0x3 00
 .bss           0x0081e5c0       0x28 /OPT/altera/12.1/nios2eds/bin/gnu/H-i686-pc-linux-gnu/bin/../lib/gcc/nios2-elf/4.1.2/../../../../nios2-elf/lib/libc.a(lib_a-mallocr.o)
                0x0081e5c0                __malloc_current_mallinfo
 .bss           0x0081e5e8        0x0 /OPT/altera/12.1/nios2eds/bin/gnu/H-i686-pc-linux-gnu/bin/../lib/gcc/nios2-elf/4.1.2/../../../../nios2-elf/lib/libc.a(lib_a-memset.o)
 .bss           0x0081e5e8        0x0 /OPT/altera/12.1/nios2eds/bin/gnu/H-i686-pc-linux-gnu/bin/../lib/gcc/nios2-elf/4.1.2/../../../../nios2-elf/lib/libc.a(lib_a-openr.o)
 .bss           0x0081e5e8        0x0 /OPT/altera/12.1/nios2eds/bin/gnu/H-i686-pc-linux-gnu/bin/../lib/gcc/nios2-elf/4.1.2/../../../../nios2-elf/lib/libc.a(lib_a-printf.o)
 .bss           0x0081e5e8        0x0 /OPT/altera/12.1/nios2eds/bin/gnu/H-i686-pc-linux-gnu/bin/../lib/gcc/nios2-elf/4.1.2/../../../../nios2-elf/lib/libc.a(lib_a-puts.o)
 .bss           0x0081e5e8        0x0 /OPT/altera/12.1/nios2eds/bin/gnu/H-i686-pc-linux-gnu/bin/../lib/gcc/nios2-elf/4.1.2/../../../../nios2-elf/lib/libc.a(lib_a-refill.o)
 .bss           0x0081e5e8        0x0 /OPT/altera/12.1/nios2eds/bin/gnu/H-i686-pc-linux-gnu/bin/../lib/gcc/nios2-elf/4.1.2/../../../../nios2-elf/lib/libc.a(lib_a-rget.o)
 .bss           0x0081e5e8        0x0 /OPT/altera/12.1/nios2eds/bin/gnu/H-i686-pc-linux-gnu/bin/../lib/gcc/nios2-elf/4.1.2/../../../../nios2-elf/lib/libc.a(lib_a-sbrkr.o)
 .bss           0x0081e5e8        0x0 /OPT/altera/12.1/nios2eds/bin/gnu/H-i686-pc-linux-gnu/bin/../lib/gcc/nios2-elf/4.1.2/../../../../nios2-elf/lib/libc.a(lib_a-sprintf.o)
 .bss           0x0081e5e8        0x0 /OPT/altera/12.1/nios2eds/bin/gnu/H-i686-pc-linux-gnu/bin/../lib/gcc/nios2-elf/4.1.2/../../../../nios2-elf/lib/libc.a(lib_a-sscanf.o)
 .bss           0x0081e5e8        0x0 /OPT/altera/12.1/nios2eds/bin/gnu/H-i686-pc-linux-gnu/bin/../lib/gcc/nios2-elf/4.1.2/../../../../nios2-elf/lib/libc.a(lib_a-stdio.o)
 .bss           0x0081e5e8        0x0 /OPT/altera/12.1/nios2eds/bin/gnu/H-i686-pc-linux-gnu/bin/../lib/gcc/nios2-elf/4.1.2/../../../../nios2-elf/lib/libc.a(lib_a-strlen.o)
 .bss           0x0081e5e8        0x0 /OPT/altera/12.1/nios2eds/bin/gnu/H-i686-pc-linux-gnu/bin/../lib/gcc/nios2-elf/4.1.2/../../../../nios2-elf/lib/libc.a(lib_a-strncmp.o)
 .bss           0x0081e5e8        0x0 /OPT/altera/12.1/nios2eds/bin/gnu/H-i686-pc-linux-gnu/bin/../lib/gcc/nios2-elf/4.1.2/../../../../nios2-elf/lib/libc.a(lib_a-vfprintf.o)
 .bss           0x0081e5e8        0x0 /OPT/altera/12.1/nios2eds/bin/gnu/H-i686-pc-linux-gnu/bin/../lib/gcc/nios2-elf/4.1.2/../../../../nios2-elf/lib/libc.a(lib_a-vfscanf.o)
 .bss           0x0081e5e8        0x0 /OPT/altera/12.1/nios2eds/bin/gnu/H-i686-pc-linux-gnu/bin/../lib/gcc/nios2-elf/4.1.2/../../../../nios2-elf/lib/libc.a(lib_a-writer.o)
 .bss           0x0081e5e8        0x0 /OPT/altera/12.1/nios2eds/bin/gnu/H-i686-pc-linux-gnu/bin/../lib/gcc/nios2-elf/4.1.2/../../../../nios2-elf/lib/libc.a(lib_a-wsetup.o)
 .bss           0x0081e5e8        0x0 /OPT/altera/12.1/nios2eds/bin/gnu/H-i686-pc-linux-gnu/bin/../lib/gcc/nios2-elf/4.1.2/../../../../nios2-elf/lib/libc.a(lib_a-closer.o)
 .bss           0x0081e5e8        0x0 /OPT/altera/12.1/nios2eds/bin/gnu/H-i686-pc-linux-gnu/bin/../lib/gcc/nios2-elf/4.1.2/../../../../nios2-elf/lib/libc.a(lib_a-ctype_.o)
 .bss           0x0081e5e8        0x0 /OPT/altera/12.1/nios2eds/bin/gnu/H-i686-pc-linux-gnu/bin/../lib/gcc/nios2-elf/4.1.2/../../../../nios2-elf/lib/libc.a(lib_a-dtoa.o)
 .bss           0x0081e5e8        0x0 /OPT/altera/12.1/nios2eds/bin/gnu/H-i686-pc-linux-gnu/bin/../lib/gcc/nios2-elf/4.1.2/../../../../nios2-elf/lib/libc.a(lib_a-fclose.o)
 .bss           0x0081e5e8        0x0 /OPT/altera/12.1/nios2eds/bin/gnu/H-i686-pc-linux-gnu/bin/../lib/gcc/nios2-elf/4.1.2/../../../../nios2-elf/lib/libc.a(lib_a-flags.o)
 .bss           0x0081e5e8        0x0 /OPT/altera/12.1/nios2eds/bin/gnu/H-i686-pc-linux-gnu/bin/../lib/gcc/nios2-elf/4.1.2/../../../../nios2-elf/lib/libc.a(lib_a-fread.o)
 .bss           0x0081e5e8        0x0 /OPT/altera/12.1/nios2eds/bin/gnu/H-i686-pc-linux-gnu/bin/../lib/gcc/nios2-elf/4.1.2/../../../../nios2-elf/lib/libc.a(lib_a-freer.o)
 .bss           0x0081e5e8        0x0 /OPT/altera/12.1/nios2eds/bin/gnu/H-i686-pc-linux-gnu/bin/../lib/gcc/nios2-elf/4.1.2/../../../../nios2-elf/lib/libc.a(lib_a-fvwrite.o)
 .bss           0x0081e5e8        0x0 /OPT/altera/12.1/nios2eds/bin/gnu/H-i686-pc-linux-gnu/bin/../lib/gcc/nios2-elf/4.1.2/../../../../nios2-elf/lib/libc.a(lib_a-isattyr.o)
 .bss           0x0081e5e8        0x0 /OPT/altera/12.1/nios2eds/bin/gnu/H-i686-pc-linux-gnu/bin/../lib/gcc/nios2-elf/4.1.2/../../../../nios2-elf/lib/libc.a(lib_a-iswspace.o)
 .bss           0x0081e5e8        0x0 /OPT/altera/12.1/nios2eds/bin/gnu/H-i686-pc-linux-gnu/bin/../lib/gcc/nios2-elf/4.1.2/../../../../nios2-elf/lib/libc.a(lib_a-locale.o)
 .bss           0x0081e5e8        0x0 /OPT/altera/12.1/nios2eds/bin/gnu/H-i686-pc-linux-gnu/bin/../lib/gcc/nios2-elf/4.1.2/../../../../nios2-elf/lib/libc.a(lib_a-lseekr.o)
 .bss           0x0081e5e8        0x0 /OPT/altera/12.1/nios2eds/bin/gnu/H-i686-pc-linux-gnu/bin/../lib/gcc/nios2-elf/4.1.2/../../../../nios2-elf/lib/libc.a(lib_a-mbrtowc.o)
 .bss           0x0081e5e8        0x0 /OPT/altera/12.1/nios2eds/bin/gnu/H-i686-pc-linux-gnu/bin/../lib/gcc/nios2-elf/4.1.2/../../../../nios2-elf/lib/libc.a(lib_a-mbtowc_r.o)
 .bss           0x0081e5e8        0x0 /OPT/altera/12.1/nios2eds/bin/gnu/H-i686-pc-linux-gnu/bin/../lib/gcc/nios2-elf/4.1.2/../../../../nios2-elf/lib/libc.a(lib_a-memchr.o)
 .bss           0x0081e5e8        0x0 /OPT/altera/12.1/nios2eds/bin/gnu/H-i686-pc-linux-gnu/bin/../lib/gcc/nios2-elf/4.1.2/../../../../nios2-elf/lib/libc.a(lib_a-memcpy.o)